benchmark mnist(5/2) input=(1, 28, 28) method=ahr seed=0
args: {"alpha_kd": 0.0, "alpha_mem": 0.0, "alpha_x": 1.0, "alpha_z": 0.01, "augment": false, "batch_size": 128, "bf16": false, "class_order": "natural", "cls_dim": 64, "crop_pad": 4, "data_root": "data", "dataset": "mnist", "decoder_in_budget": 0, "decoder_width": 1.0, "distill_norm": "sq", "enc_pool": 4, "epochs": 40, "eval_batch": 1000, "flush_denormal": 1, "hf_sigma": 1.0, "hf_transplant": 0.0, "input_blur": 0.0, "kd_lambda": 1.0, "kd_scale": 0.25, "kd_temperature": 2.0, "lam": 0.3, "lam_recon_new": 0.0, "latent_bits": 32, "latent_dim": 20, "latent_domain": "input", "latent_kind": "vector", "log_every": 10, "lr": 0.001, "lr_schedule": "cosine", "memorize_codes": 0, "memorize_epochs": 0, "memorize_lr": 0.001, "memorize_steps": null, "memory_kind": "latent", "memory_mode": "reencode", "method": "ahr", "momentum": 0.9, "n_exemplars": 7840, "n_tasks": null, "out": "results", "raw_exemplars": 200, "recon_new_source": "current", "replay_sampling": "union", "rfa_damping": 0.0, "rfa_dt": 0.01, "rfa_mass": 1.0, "rfa_softening": 0.001, "rfa_steps": 20000, "rfa_target": 5.0, "rfa_zeta": 1.0, "save_ckpt": 0, "seed": 0, "selection": "herding", "stop_after": null, "tag": "reencode", "threads": 1, "train_fraction": 1.0, "weight_decay": 0.0}
[AHR] encoder params=482,420 decoder params=483,184 memory=latent x 7840 exemplars
  CCE placement (3 RFA steps): |init spread|=0.005 mean shift=3.714 min/mean CCE distance=7.433/7.433 |p| mean=3.719
  task 1 epoch 1/40 (99 it, b_new=128) rec=50.036 lat=13.921 dz=0.000 dx=0.000 mem=0.000 [2s]
  task 1 epoch 10/40 (99 it, b_new=128) rec=11.567 lat=1.467 dz=0.000 dx=0.000 mem=0.000 [11s]
  task 1 epoch 20/40 (99 it, b_new=128) rec=7.480 lat=1.229 dz=0.000 dx=0.000 mem=0.000 [22s]
  task 1 epoch 30/40 (99 it, b_new=128) rec=6.217 lat=1.124 dz=0.000 dx=0.000 mem=0.000 [32s]
  task 1 epoch 40/40 (99 it, b_new=128) rec=5.943 lat=1.109 dz=0.000 dx=0.000 mem=0.000 [43s]
  memory: 7840 exemplars (3920/class), 156,800 scalars, 627,200 bytes
after task 1: acc=99.95 per-task=[100.0] memory-PSNR=22.75dB acc(recon test)=99.9 acc(memory)=99.9 [45s]
  CCE placement (572 RFA steps): |init spread|=1.237 mean shift=4.282 min/mean CCE distance=5.002/6.968 |p| mean=4.955
  task 2 epoch 1/40 (189 it, b_new=64) rec=18.113 lat=10.365 dz=0.907 dx=3.348 mem=0.000 [48s]
  task 2 epoch 10/40 (189 it, b_new=64) rec=11.991 lat=1.952 dz=8.759 dx=4.864 mem=0.000 [73s]
  task 2 epoch 20/40 (189 it, b_new=64) rec=10.573 lat=1.225 dz=9.804 dx=5.139 mem=0.000 [100s]
  task 2 epoch 30/40 (189 it, b_new=64) rec=10.039 lat=0.997 dz=10.132 dx=5.221 mem=0.000 [128s]
  task 2 epoch 40/40 (189 it, b_new=64) rec=9.914 lat=0.952 dz=10.218 dx=5.222 mem=0.000 [155s]
  memory: 7840 exemplars (1960/class), 156,800 scalars, 627,200 bytes
after task 2: acc=98.97 per-task=[99.5, 98.4] memory-PSNR=19.21dB acc(recon test)=95.2 acc(memory)=95.8 [157s]
  CCE placement (1030 RFA steps): |init spread|=2.933 mean shift=5.699 min/mean CCE distance=5.002/7.568 |p| mean=5.566
  task 3 epoch 1/40 (262 it, b_new=43) rec=8.002 lat=8.140 dz=4.442 dx=1.896 mem=0.000 [161s]
  task 3 epoch 10/40 (262 it, b_new=43) rec=5.383 lat=1.333 dz=12.074 dx=2.401 mem=0.000 [195s]
  task 3 epoch 20/40 (262 it, b_new=43) rec=4.945 lat=0.910 dz=12.598 dx=2.424 mem=0.000 [233s]
  task 3 epoch 30/40 (262 it, b_new=43) rec=4.732 lat=0.747 dz=12.795 dx=2.402 mem=0.000 [271s]
  task 3 epoch 40/40 (262 it, b_new=43) rec=4.676 lat=0.713 dz=12.878 dx=2.398 mem=0.000 [308s]
  memory: 7836 exemplars (1306/class), 156,720 scalars, 626,880 bytes
after task 3: acc=96.10 per-task=[97.7, 92.1, 98.7] memory-PSNR=18.30dB acc(recon test)=94.9 acc(memory)=96.4 [310s]
  CCE placement (854 RFA steps): |init spread|=3.048 mean shift=4.960 min/mean CCE distance=5.002/7.905 |p| mean=6.072
  task 4 epoch 1/40 (381 it, b_new=32) rec=4.228 lat=4.476 dz=4.419 dx=1.496 mem=0.000 [316s]
  task 4 epoch 10/40 (381 it, b_new=32) rec=2.940 lat=1.078 dz=8.581 dx=1.522 mem=0.000 [366s]
  task 4 epoch 20/40 (381 it, b_new=32) rec=2.686 lat=0.751 dz=9.013 dx=1.460 mem=0.000 [420s]
  task 4 epoch 30/40 (381 it, b_new=32) rec=2.555 lat=0.603 dz=9.186 dx=1.415 mem=0.000 [476s]
  task 4 epoch 40/40 (381 it, b_new=32) rec=2.510 lat=0.568 dz=9.239 dx=1.397 mem=0.000 [531s]
  memory: 7840 exemplars (980/class), 156,800 scalars, 627,200 bytes
after task 4: acc=90.35 per-task=[95.1, 71.7, 96.8, 98.3] memory-PSNR=18.19dB acc(recon test)=92.3 acc(memory)=99.1 [532s]
  CCE placement (1069 RFA steps): |init spread|=6.386 mean shift=6.442 min/mean CCE distance=5.002/8.879 |p| mean=7.014
  task 5 epoch 1/40 (454 it, b_new=26) rec=3.374 lat=5.169 dz=5.228 dx=0.985 mem=0.000 [539s]
  task 5 epoch 10/40 (454 it, b_new=26) rec=2.499 lat=1.360 dz=9.682 dx=1.027 mem=0.000 [599s]
  task 5 epoch 20/40 (454 it, b_new=26) rec=2.280 lat=0.900 dz=10.213 dx=0.959 mem=0.000 [665s]
  task 5 epoch 30/40 (454 it, b_new=26) rec=2.147 lat=0.710 dz=10.417 dx=0.895 mem=0.000 [731s]
  task 5 epoch 40/40 (454 it, b_new=26) rec=2.110 lat=0.670 dz=10.521 dx=0.878 mem=0.000 [797s]
  memory: 7840 exemplars (784/class), 156,800 scalars, 627,200 bytes
after task 5: acc=77.53 per-task=[93.7, 44.7, 57.3, 94.2, 96.6] memory-PSNR=18.14dB acc(recon test)=86.2 acc(memory)=98.4 [798s]
FINAL mnist ahr seed=0: final acc=77.53 avg inc acc=92.58 time=13.3min
