benchmark mnist(5/2) input=(1, 28, 28) method=ahr seed=1
args: {"alpha_kd": 0.0, "alpha_mem": 0.0, "alpha_x": 1.0, "alpha_z": 0.01, "augment": false, "batch_size": 128, "bf16": false, "class_order": "natural", "crop_pad": 4, "data_root": "data", "dataset": "mnist", "decoder_in_budget": 0, "decoder_width": 1.0, "distill_norm": "sq", "enc_pool": 4, "epochs": 40, "eval_batch": 1000, "flush_denormal": 1, "hf_sigma": 1.0, "hf_transplant": 0.0, "input_blur": 0.0, "kd_lambda": 1.0, "kd_scale": 0.25, "kd_temperature": 2.0, "lam": 0.3, "lam_recon_new": 0.0, "latent_bits": 32, "latent_dim": 20, "latent_domain": "input", "log_every": 10, "lr": 0.001, "lr_schedule": "cosine", "memorize_codes": 0, "memorize_epochs": 0, "memorize_lr": 0.001, "memorize_steps": null, "memory_kind": "latent", "memory_mode": "reencode", "method": "ahr", "momentum": 0.9, "n_exemplars": 7840, "n_tasks": null, "out": "results", "raw_exemplars": 200, "recon_new_source": "current", "replay_sampling": "union", "rfa_damping": 0.0, "rfa_dt": 0.01, "rfa_mass": 1.0, "rfa_softening": 0.001, "rfa_steps": 20000, "rfa_target": 5.0, "rfa_zeta": 1.0, "seed": 1, "selection": "rank", "stop_after": null, "tag": "literal_rank", "threads": 1, "train_fraction": 1.0, "weight_decay": 0.0}
[AHR] encoder params=482,420 decoder params=483,184 memory=latent x 7840 exemplars
  CCE placement (2 RFA steps): |init spread|=0.002 mean shift=7.521 min/mean CCE distance=15.044/15.044 |p| mean=7.524
  task 1 epoch 1/40 (99 it, b_new=128) rec=55.493 lat=20.685 dz=0.000 dx=0.000 mem=0.000 [2s]
  task 1 epoch 10/40 (99 it, b_new=128) rec=11.935 lat=1.590 dz=0.000 dx=0.000 mem=0.000 [12s]
  task 1 epoch 20/40 (99 it, b_new=128) rec=7.699 lat=1.345 dz=0.000 dx=0.000 mem=0.000 [23s]
  task 1 epoch 30/40 (99 it, b_new=128) rec=6.486 lat=1.178 dz=0.000 dx=0.000 mem=0.000 [34s]
  task 1 epoch 40/40 (99 it, b_new=128) rec=6.161 lat=1.164 dz=0.000 dx=0.000 mem=0.000 [45s]
  memory: 7840 exemplars (3920/class), 156,800 scalars, 627,200 bytes
after task 1: acc=99.95 per-task=[100.0] memory-PSNR=23.81dB acc(recon test)=99.9 acc(memory)=100.0 [45s]
  CCE placement (325 RFA steps): |init spread|=1.178 mean shift=1.912 min/mean CCE distance=5.002/8.554 |p| mean=7.409
  task 2 epoch 1/40 (189 it, b_new=64) rec=18.266 lat=5.591 dz=3.830 dx=3.904 mem=0.000 [48s]
  task 2 epoch 10/40 (189 it, b_new=64) rec=12.066 lat=1.579 dz=8.604 dx=5.000 mem=0.000 [76s]
  task 2 epoch 20/40 (189 it, b_new=64) rec=10.749 lat=1.153 dz=9.341 dx=5.290 mem=0.000 [106s]
  task 2 epoch 30/40 (189 it, b_new=64) rec=10.283 lat=0.973 dz=9.604 dx=5.345 mem=0.000 [136s]
  task 2 epoch 40/40 (189 it, b_new=64) rec=10.164 lat=0.935 dz=9.668 dx=5.345 mem=0.000 [166s]
  memory: 7840 exemplars (1960/class), 156,800 scalars, 627,200 bytes
after task 2: acc=96.80 per-task=[95.0, 98.6] memory-PSNR=19.85dB acc(recon test)=95.9 acc(memory)=99.8 [167s]
  CCE placement (791 RFA steps): |init spread|=2.277 mean shift=6.691 min/mean CCE distance=5.002/9.183 |p| mean=9.221
  task 3 epoch 1/40 (262 it, b_new=43) rec=8.287 lat=7.222 dz=7.942 dx=2.090 mem=0.000 [172s]
  task 3 epoch 10/40 (262 it, b_new=43) rec=5.557 lat=1.105 dz=15.504 dx=2.484 mem=0.000 [210s]
  task 3 epoch 20/40 (262 it, b_new=43) rec=5.113 lat=0.780 dz=15.877 dx=2.512 mem=0.000 [252s]
  task 3 epoch 30/40 (262 it, b_new=43) rec=4.911 lat=0.648 dz=16.039 dx=2.501 mem=0.000 [294s]
  task 3 epoch 40/40 (262 it, b_new=43) rec=4.846 lat=0.616 dz=16.083 dx=2.491 mem=0.000 [336s]
  memory: 7836 exemplars (1306/class), 156,720 scalars, 626,880 bytes
after task 3: acc=86.52 per-task=[86.0, 76.0, 98.7] memory-PSNR=18.87dB acc(recon test)=83.2 acc(memory)=93.4 [337s]
  CCE placement (920 RFA steps): |init spread|=3.994 mean shift=3.764 min/mean CCE distance=5.002/8.827 |p| mean=10.085
  task 4 epoch 1/40 (381 it, b_new=32) rec=3.920 lat=3.140 dz=4.934 dx=1.223 mem=0.000 [343s]
  task 4 epoch 10/40 (381 it, b_new=32) rec=2.659 lat=0.781 dz=7.688 dx=1.257 mem=0.000 [398s]
  task 4 epoch 20/40 (381 it, b_new=32) rec=2.442 lat=0.576 dz=7.963 dx=1.233 mem=0.000 [460s]
  task 4 epoch 30/40 (381 it, b_new=32) rec=2.326 lat=0.473 dz=8.099 dx=1.207 mem=0.000 [521s]
  task 4 epoch 40/40 (381 it, b_new=32) rec=2.288 lat=0.444 dz=8.116 dx=1.194 mem=0.000 [583s]
  memory: 7840 exemplars (980/class), 156,800 scalars, 627,200 bytes
after task 4: acc=83.71 per-task=[72.2, 74.1, 90.8, 99.1] memory-PSNR=19.02dB acc(recon test)=84.8 acc(memory)=100.0 [584s]
  CCE placement (1033 RFA steps): |init spread|=4.946 mean shift=5.928 min/mean CCE distance=5.001/9.441 |p| mean=11.090
  task 5 epoch 1/40 (454 it, b_new=26) rec=3.105 lat=3.730 dz=5.233 dx=0.769 mem=0.000 [591s]
  task 5 epoch 10/40 (454 it, b_new=26) rec=2.209 lat=0.919 dz=8.542 dx=0.756 mem=0.000 [656s]
  task 5 epoch 20/40 (454 it, b_new=26) rec=2.006 lat=0.610 dz=8.942 dx=0.717 mem=0.000 [730s]
  task 5 epoch 30/40 (454 it, b_new=26) rec=1.893 lat=0.482 dz=9.075 dx=0.684 mem=0.000 [803s]
  task 5 epoch 40/40 (454 it, b_new=26) rec=1.856 lat=0.449 dz=9.112 dx=0.669 mem=0.000 [876s]
  memory: 7840 exemplars (784/class), 156,800 scalars, 627,200 bytes
after task 5: acc=68.48 per-task=[61.7, 58.0, 39.2, 84.9, 97.6] memory-PSNR=18.95dB acc(recon test)=72.0 acc(memory)=100.0 [877s]
FINAL mnist ahr seed=1: final acc=68.48 avg inc acc=87.09 time=14.6min
