benchmark mnist(5/2) input=(1, 28, 28) method=ahr_lossy_mini seed=0
args: {"ahr_epoch": "new", "alpha_kd": 0.0, "alpha_mem": 1.0, "alpha_x": 1.0, "alpha_z": 1.0, "augment": false, "balanced_ft_epochs": 0, "balanced_ft_lr_scale": 0.1, "batch_size": 128, "bf16": false, "class_order": "natural", "cls_dim": 64, "crop_pad": 4, "data_root": "data", "dataset": "mnist", "decoder_in_budget": 0, "decoder_width": 1.0, "distill_norm": "sq", "enc_pool": 4, "epochs": 40, "eval_batch": 1000, "flush_denormal": 1, "herd_space": "encoder", "hf_sigma": 1.0, "hf_transplant": 0.0, "input_blur": 0.0, "kd_form": "kl", "kd_lambda": 1.0, "kd_scale": 0.25, "kd_temperature": 2.0, "lam": 0.3, "lam_recon_new": 0.0, "lat_real_first": 0, "latent_bits": 32, "latent_dim": 20, "latent_domain": "input", "latent_kind": "vector", "log_every": 10, "lr": 0.001, "lr_schedule": "cosine", "memorize_codes": 0, "memorize_epochs": 20, "memorize_lr": 0.001, "memorize_steps": null, "memory_kind": "latent", "memory_mode": "frozen", "method": "ahr_lossy_mini", "momentum": 0.9, "n_exemplars": 200, "n_tasks": null, "out": "results", "pad_mode": "constant", "raw_exemplars": 200, "recon_latent": "split", "recon_new_source": "current", "replay_sampling": "union", "resume": null, "rfa_damping": 0.0, "rfa_dt": 0.01, "rfa_jitter": 0.0, "rfa_mass": 1.0, "rfa_softening": 0.001, "rfa_steps": 20000, "rfa_target": 5.0, "rfa_zeta": 1.0, "save_ckpt": 0, "seed": 0, "selection": "herding", "stop_after": null, "tag": "az1", "threads": 1, "train_fraction": 1.0, "val_fraction": 0.0, "weight_decay": 0.0}
[AHR] encoder params=482,420 decoder params=483,184 memory=latent x 200 exemplars
  CCE placement (3 RFA steps): |init spread|=0.005 mean shift=3.714 min/mean CCE distance=7.433/7.433 |p| mean=3.719
  task 1 epoch 1/40 (99 it, b_new=128) rec=50.036 lat=13.921 dz=0.000 dx=0.000 mem=0.000 [3s]
  task 1 epoch 10/40 (99 it, b_new=128) rec=11.567 lat=1.467 dz=0.000 dx=0.000 mem=0.000 [12s]
  task 1 epoch 20/40 (99 it, b_new=128) rec=7.480 lat=1.229 dz=0.000 dx=0.000 mem=0.000 [22s]
  task 1 epoch 30/40 (99 it, b_new=128) rec=6.217 lat=1.124 dz=0.000 dx=0.000 mem=0.000 [32s]
  task 1 epoch 40/40 (99 it, b_new=128) rec=5.943 lat=1.109 dz=0.000 dx=0.000 mem=0.000 [42s]
  memory (frozen codes): 200 exemplars (100/class), 4,000 scalars, 16,000 bytes
  memorisation: 20 decoder epochs (40 steps) over 200 exemplars, final loss=6.190
after task 1: acc=99.95 per-task=[100.0] memory-PSNR=22.80dB acc(recon test)=99.9 acc(memory)=100.0 [43s]
  CCE placement (572 RFA steps): |init spread|=1.237 mean shift=4.282 min/mean CCE distance=5.002/6.968 |p| mean=4.955
  task 2 epoch 1/40 (189 it, b_new=64) rec=18.529 lat=10.962 dz=0.226 dx=3.066 mem=0.372 [46s]
  task 2 epoch 10/40 (189 it, b_new=64) rec=12.108 lat=8.438 dz=0.568 dx=4.630 mem=0.093 [75s]
  task 2 epoch 20/40 (189 it, b_new=64) rec=10.836 lat=8.076 dz=0.643 dx=5.017 mem=0.060 [107s]
  task 2 epoch 30/40 (189 it, b_new=64) rec=10.324 lat=7.931 dz=0.664 dx=5.120 mem=0.040 [139s]
  task 2 epoch 40/40 (189 it, b_new=64) rec=10.202 lat=7.897 dz=0.670 dx=5.132 mem=0.034 [171s]
  memory (frozen codes): 200 exemplars (50/class), 4,000 scalars, 16,000 bytes
  memorisation: 20 decoder epochs (40 steps) over 200 exemplars, final loss=6.294
after task 2: acc=64.54 per-task=[100.0, 27.9] memory-PSNR=20.41dB acc(recon test)=61.2 acc(memory)=63.5 [172s]
  CCE placement (750 RFA steps): |init spread|=1.154 mean shift=6.512 min/mean CCE distance=5.001/8.041 |p| mean=5.946
  task 3 epoch 1/40 (262 it, b_new=43) rec=7.478 lat=17.772 dz=0.232 dx=1.339 mem=0.188 [176s]
  task 3 epoch 10/40 (262 it, b_new=43) rec=5.003 lat=13.531 dz=0.903 dx=1.922 mem=0.083 [218s]
  task 3 epoch 20/40 (262 it, b_new=43) rec=4.610 lat=13.017 dz=0.992 dx=1.991 mem=0.053 [264s]
  task 3 epoch 30/40 (262 it, b_new=43) rec=4.428 lat=12.765 dz=1.017 dx=2.007 mem=0.037 [311s]
  task 3 epoch 40/40 (262 it, b_new=43) rec=4.375 lat=12.756 dz=1.026 dx=2.007 mem=0.033 [356s]
  memory (frozen codes): 198 exemplars (33/class), 3,960 scalars, 15,840 bytes
  memorisation: 20 decoder epochs (40 steps) over 198 exemplars, final loss=2.472
after task 3: acc=57.54 per-task=[99.9, 66.5, 0.0] memory-PSNR=20.36dB acc(recon test)=57.7 acc(memory)=55.1 [356s]
  CCE placement (663 RFA steps): |init spread|=2.011 mean shift=4.052 min/mean CCE distance=5.001/7.797 |p| mean=6.044
  task 4 epoch 1/40 (381 it, b_new=32) rec=3.773 lat=10.899 dz=0.314 dx=0.897 mem=0.128 [363s]
  task 4 epoch 10/40 (381 it, b_new=32) rec=2.611 lat=8.982 dz=0.658 dx=1.132 mem=0.047 [425s]
  task 4 epoch 20/40 (381 it, b_new=32) rec=2.404 lat=8.784 dz=0.698 dx=1.142 mem=0.029 [495s]
  task 4 epoch 30/40 (381 it, b_new=32) rec=2.297 lat=8.660 dz=0.709 dx=1.135 mem=0.019 [561s]
  task 4 epoch 40/40 (381 it, b_new=32) rec=2.266 lat=8.649 dz=0.713 dx=1.132 mem=0.016 [628s]
  memory (frozen codes): 200 exemplars (25/class), 4,000 scalars, 16,000 bytes
  memorisation: 20 decoder epochs (40 steps) over 200 exemplars, final loss=1.160
after task 4: acc=62.70 per-task=[99.7, 74.1, 13.2, 58.2] memory-PSNR=20.95dB acc(recon test)=62.0 acc(memory)=72.5 [629s]
  CCE placement (881 RFA steps): |init spread|=1.930 mean shift=6.761 min/mean CCE distance=5.001/8.423 |p| mean=6.560
  task 5 epoch 1/40 (454 it, b_new=26) rec=2.951 lat=12.688 dz=0.398 dx=0.524 mem=0.100 [637s]
  task 5 epoch 10/40 (454 it, b_new=26) rec=2.153 lat=10.641 dz=0.739 dx=0.672 mem=0.046 [712s]
  task 5 epoch 20/40 (454 it, b_new=26) rec=1.960 lat=10.323 dz=0.790 dx=0.666 mem=0.027 [793s]
  task 5 epoch 30/40 (454 it, b_new=26) rec=1.860 lat=10.200 dz=0.810 dx=0.653 mem=0.018 [877s]
  task 5 epoch 40/40 (454 it, b_new=26) rec=1.829 lat=10.174 dz=0.817 dx=0.649 mem=0.014 [962s]
  memory (frozen codes): 200 exemplars (20/class), 4,000 scalars, 16,000 bytes
  memorisation: 20 decoder epochs (40 steps) over 200 exemplars, final loss=1.037
after task 5: acc=61.72 per-task=[99.7, 73.9, 52.0, 78.3, 1.3] memory-PSNR=21.36dB acc(recon test)=63.3 acc(memory)=79.5 [963s]
FINAL mnist ahr_lossy_mini seed=0: final acc=61.72 avg inc acc=69.29 time=16.0min
