benchmark mnist(5/2) input=(1, 28, 28) method=ahr seed=2
args: {"alpha_kd": 0.0, "alpha_mem": 1.0, "alpha_x": 1.0, "alpha_z": 0.01, "augment": false, "batch_size": 128, "bf16": false, "class_order": "natural", "cls_dim": 64, "crop_pad": 4, "data_root": "data", "dataset": "mnist", "decoder_in_budget": 0, "decoder_width": 1.0, "distill_norm": "sq", "enc_pool": 4, "epochs": 40, "eval_batch": 1000, "flush_denormal": 1, "hf_sigma": 1.0, "hf_transplant": 0.0, "input_blur": 0.0, "kd_lambda": 1.0, "kd_scale": 0.25, "kd_temperature": 2.0, "lam": 0.3, "lam_recon_new": 0.0, "latent_bits": 32, "latent_dim": 20, "latent_domain": "input", "latent_kind": "vector", "log_every": 10, "lr": 0.001, "lr_schedule": "cosine", "memorize_codes": 0, "memorize_epochs": 0, "memorize_lr": 0.001, "memorize_steps": null, "memory_kind": "latent", "memory_mode": "frozen", "method": "ahr", "momentum": 0.9, "n_exemplars": 7840, "n_tasks": null, "out": "results", "raw_exemplars": 200, "recon_new_source": "current", "replay_sampling": "union", "rfa_damping": 0.0, "rfa_dt": 0.01, "rfa_mass": 1.0, "rfa_softening": 0.001, "rfa_steps": 20000, "rfa_target": 5.0, "rfa_zeta": 1.0, "save_ckpt": 0, "seed": 2, "selection": "herding", "stop_after": null, "tag": "no_memorize", "threads": 1, "train_fraction": 1.0, "weight_decay": 0.0}
[AHR] encoder params=482,420 decoder params=483,184 memory=latent x 7840 exemplars
  CCE placement (2 RFA steps): |init spread|=0.003 mean shift=4.031 min/mean CCE distance=8.066/8.066 |p| mean=4.035
  task 1 epoch 1/40 (99 it, b_new=128) rec=50.733 lat=14.583 dz=0.000 dx=0.000 mem=0.000 [2s]
  task 1 epoch 10/40 (99 it, b_new=128) rec=11.586 lat=1.441 dz=0.000 dx=0.000 mem=0.000 [12s]
  task 1 epoch 20/40 (99 it, b_new=128) rec=7.384 lat=1.253 dz=0.000 dx=0.000 mem=0.000 [22s]
  task 1 epoch 30/40 (99 it, b_new=128) rec=6.009 lat=1.160 dz=0.000 dx=0.000 mem=0.000 [32s]
  task 1 epoch 40/40 (99 it, b_new=128) rec=5.784 lat=1.136 dz=0.000 dx=0.000 mem=0.000 [42s]
  memory (frozen codes): 7840 exemplars (3920/class), 156,800 scalars, 627,200 bytes
after task 1: acc=99.95 per-task=[100.0] memory-PSNR=22.93dB acc(recon test)=100.0 acc(memory)=100.0 [45s]
  CCE placement (574 RFA steps): |init spread|=1.186 mean shift=4.313 min/mean CCE distance=5.002/7.175 |p| mean=5.159
  task 2 epoch 1/40 (189 it, b_new=64) rec=18.515 lat=10.737 dz=0.565 dx=3.028 mem=0.460 [48s]
  task 2 epoch 10/40 (189 it, b_new=64) rec=12.031 lat=2.663 dz=7.912 dx=4.708 mem=0.219 [77s]
  task 2 epoch 20/40 (189 it, b_new=64) rec=10.747 lat=1.677 dz=9.449 dx=4.965 mem=0.136 [109s]
  task 2 epoch 30/40 (189 it, b_new=64) rec=10.241 lat=1.433 dz=9.900 dx=5.034 mem=0.106 [140s]
  task 2 epoch 40/40 (189 it, b_new=64) rec=10.114 lat=1.389 dz=10.023 dx=5.041 mem=0.098 [172s]
  memory (frozen codes): 7840 exemplars (1960/class), 156,800 scalars, 627,200 bytes
after task 2: acc=99.04 per-task=[99.8, 98.3] memory-PSNR=19.23dB acc(recon test)=95.1 acc(memory)=95.0 [173s]
  CCE placement (1002 RFA steps): |init spread|=2.595 mean shift=5.740 min/mean CCE distance=5.001/7.842 |p| mean=5.818
  task 3 epoch 1/40 (262 it, b_new=43) rec=8.868 lat=9.665 dz=3.696 dx=2.113 mem=0.299 [178s]
  task 3 epoch 10/40 (262 it, b_new=43) rec=5.905 lat=1.867 dz=12.031 dx=2.636 mem=0.176 [219s]
  task 3 epoch 20/40 (262 it, b_new=43) rec=5.444 lat=1.464 dz=12.712 dx=2.654 mem=0.132 [265s]
  task 3 epoch 30/40 (262 it, b_new=43) rec=5.231 lat=1.330 dz=12.995 dx=2.636 mem=0.112 [312s]
  task 3 epoch 40/40 (262 it, b_new=43) rec=5.173 lat=1.299 dz=13.070 dx=2.632 mem=0.104 [358s]
  memory (frozen codes): 7836 exemplars (1306/class), 156,720 scalars, 626,880 bytes
after task 3: acc=95.27 per-task=[98.4, 88.5, 99.1] memory-PSNR=18.65dB acc(recon test)=93.4 acc(memory)=94.8 [359s]
  CCE placement (836 RFA steps): |init spread|=3.424 mean shift=4.482 min/mean CCE distance=5.001/7.989 |p| mean=6.181
  task 4 epoch 1/40 (381 it, b_new=32) rec=4.551 lat=5.117 dz=3.439 dx=1.616 mem=0.175 [366s]
  task 4 epoch 10/40 (381 it, b_new=32) rec=3.250 lat=1.623 dz=7.829 dx=1.700 mem=0.121 [429s]
  task 4 epoch 20/40 (381 it, b_new=32) rec=3.015 lat=1.337 dz=8.308 dx=1.641 mem=0.095 [498s]
  task 4 epoch 30/40 (381 it, b_new=32) rec=2.886 lat=1.231 dz=8.531 dx=1.596 mem=0.079 [567s]
  task 4 epoch 40/40 (381 it, b_new=32) rec=2.844 lat=1.206 dz=8.600 dx=1.579 mem=0.072 [637s]
  memory (frozen codes): 7840 exemplars (980/class), 156,800 scalars, 627,200 bytes
after task 4: acc=90.92 per-task=[97.0, 71.9, 97.3, 97.9] memory-PSNR=18.71dB acc(recon test)=93.0 acc(memory)=98.7 [638s]
  CCE placement (1101 RFA steps): |init spread|=6.205 mean shift=6.627 min/mean CCE distance=5.001/9.019 |p| mean=7.074
  task 5 epoch 1/40 (454 it, b_new=26) rec=3.715 lat=6.913 dz=4.130 dx=1.082 mem=0.201 [646s]
  task 5 epoch 10/40 (454 it, b_new=26) rec=2.823 lat=2.144 dz=9.564 dx=1.159 mem=0.144 [719s]
  task 5 epoch 20/40 (454 it, b_new=26) rec=2.586 lat=1.644 dz=10.228 dx=1.065 mem=0.108 [801s]
  task 5 epoch 30/40 (454 it, b_new=26) rec=2.453 lat=1.468 dz=10.509 dx=1.001 mem=0.088 [883s]
  task 5 epoch 40/40 (454 it, b_new=26) rec=2.408 lat=1.427 dz=10.578 dx=0.978 mem=0.081 [965s]
  memory (frozen codes): 7840 exemplars (784/class), 156,800 scalars, 627,200 bytes
after task 5: acc=81.25 per-task=[95.3, 51.5, 69.2, 94.0, 95.5] memory-PSNR=18.98dB acc(recon test)=88.3 acc(memory)=94.9 [966s]
FINAL mnist ahr seed=2: final acc=81.25 avg inc acc=93.29 time=16.1min
