benchmark mnist(5/2) input=(1, 28, 28) method=ahr seed=0
args: {"ahr_epoch": "new", "alpha_kd": 0.0, "alpha_mem": 1.0, "alpha_x": 1.0, "alpha_z": 0.01, "augment": false, "balanced_ft_epochs": 0, "balanced_ft_lr_scale": 0.1, "batch_size": 128, "bf16": false, "class_order": "natural", "cls_dim": 64, "crop_pad": 4, "data_root": "data", "dataset": "mnist", "decoder_in_budget": 0, "decoder_width": 1.0, "distill_norm": "sq", "enc_pool": 4, "epochs": 40, "eval_batch": 1000, "flush_denormal": 1, "herd_space": "encoder", "hf_sigma": 1.0, "hf_transplant": 0.0, "input_blur": 0.0, "kd_form": "kl", "kd_lambda": 1.0, "kd_scale": 0.25, "kd_temperature": 2.0, "lam": 0.3, "lam_recon_new": 0.0, "lat_real_first": 0, "latent_bits": 32, "latent_dim": 20, "latent_domain": "input", "latent_kind": "vector", "log_every": 10, "lr": 0.001, "lr_schedule": "cosine", "memorize_codes": 0, "memorize_epochs": 20, "memorize_lr": 0.001, "memorize_steps": null, "memory_kind": "latent", "memory_mode": "frozen", "method": "ahr", "momentum": 0.9, "n_exemplars": 40000, "n_tasks": null, "out": "results", "pad_mode": "constant", "raw_exemplars": 200, "recon_latent": "split", "recon_new_source": "current", "replay_sampling": "union", "resume": null, "rfa_damping": 0.0, "rfa_dt": 0.01, "rfa_jitter": 0.0, "rfa_mass": 1.0, "rfa_softening": 0.001, "rfa_steps": 20000, "rfa_target": 5.0, "rfa_zeta": 1.0, "save_ckpt": 0, "seed": 0, "selection": "herding", "stop_after": null, "tag": "m40000", "threads": 1, "train_fraction": 1.0, "val_fraction": 0.0, "weight_decay": 0.0}
[AHR] encoder params=482,420 decoder params=483,184 memory=latent x 40000 exemplars
  CCE placement (3 RFA steps): |init spread|=0.005 mean shift=3.714 min/mean CCE distance=7.433/7.433 |p| mean=3.719
  task 1 epoch 1/40 (99 it, b_new=128) rec=50.036 lat=13.921 dz=0.000 dx=0.000 mem=0.000 [2s]
  task 1 epoch 10/40 (99 it, b_new=128) rec=11.567 lat=1.467 dz=0.000 dx=0.000 mem=0.000 [12s]
  task 1 epoch 20/40 (99 it, b_new=128) rec=7.480 lat=1.229 dz=0.000 dx=0.000 mem=0.000 [22s]
  task 1 epoch 30/40 (99 it, b_new=128) rec=6.217 lat=1.124 dz=0.000 dx=0.000 mem=0.000 [34s]
  task 1 epoch 40/40 (99 it, b_new=128) rec=5.943 lat=1.109 dz=0.000 dx=0.000 mem=0.000 [45s]
  memory (frozen codes): 12665 exemplars (20000/class), 253,300 scalars, 1,013,200 bytes
  memorisation: 20 decoder epochs (1980 steps) over 12665 exemplars, final loss=5.204
after task 1: acc=99.95 per-task=[100.0] memory-PSNR=23.86dB acc(recon test)=99.9 acc(memory)=100.0 [61s]
  CCE placement (572 RFA steps): |init spread|=1.237 mean shift=4.282 min/mean CCE distance=5.002/6.968 |p| mean=4.955
  task 2 epoch 1/40 (189 it, b_new=64) rec=18.031 lat=10.917 dz=0.604 dx=3.271 mem=0.383 [64s]
  task 2 epoch 10/40 (189 it, b_new=64) rec=11.806 lat=2.511 dz=8.097 dx=4.904 mem=0.202 [95s]
  task 2 epoch 20/40 (189 it, b_new=64) rec=10.564 lat=1.654 dz=9.371 dx=5.137 mem=0.137 [127s]
  task 2 epoch 30/40 (189 it, b_new=64) rec=10.071 lat=1.399 dz=9.814 dx=5.189 mem=0.111 [160s]
  task 2 epoch 40/40 (189 it, b_new=64) rec=9.949 lat=1.355 dz=9.911 dx=5.187 mem=0.102 [193s]
  memory (frozen codes): 24754 exemplars (10000/class), 495,080 scalars, 1,980,320 bytes
  memorisation: 20 decoder epochs (3880 steps) over 24754 exemplars, final loss=4.547
after task 2: acc=98.87 per-task=[99.7, 98.0] memory-PSNR=21.83dB acc(recon test)=98.4 acc(memory)=99.2 [221s]
  CCE placement (1037 RFA steps): |init spread|=2.895 mean shift=5.647 min/mean CCE distance=5.002/7.664 |p| mean=5.622
  task 3 epoch 1/40 (262 it, b_new=43) rec=7.380 lat=10.058 dz=1.595 dx=1.631 mem=0.223 [226s]
  task 3 epoch 10/40 (262 it, b_new=43) rec=5.124 lat=2.308 dz=9.384 dx=2.112 mem=0.210 [271s]
  task 3 epoch 20/40 (262 it, b_new=43) rec=4.689 lat=1.719 dz=10.425 dx=2.019 mem=0.143 [317s]
  task 3 epoch 30/40 (262 it, b_new=43) rec=4.488 lat=1.535 dz=10.736 dx=1.947 mem=0.114 [364s]
  task 3 epoch 40/40 (262 it, b_new=43) rec=4.422 lat=1.519 dz=10.811 dx=1.922 mem=0.105 [413s]
  memory (frozen codes): 35941 exemplars (6666/class), 718,820 scalars, 2,875,280 bytes
  memorisation: 20 decoder epochs (5620 steps) over 35941 exemplars, final loss=2.469
after task 3: acc=98.46 per-task=[99.5, 97.9, 97.9] memory-PSNR=21.40dB acc(recon test)=97.9 acc(memory)=99.2 [452s]
  CCE placement (783 RFA steps): |init spread|=2.844 mean shift=4.483 min/mean CCE distance=5.002/7.791 |p| mean=5.984
  task 4 epoch 1/40 (381 it, b_new=32) rec=4.249 lat=5.660 dz=0.823 dx=1.336 mem=0.164 [460s]
  task 4 epoch 10/40 (381 it, b_new=32) rec=3.094 lat=2.164 dz=4.358 dx=1.543 mem=0.169 [524s]
  task 4 epoch 20/40 (381 it, b_new=32) rec=2.836 lat=1.800 dz=4.918 dx=1.419 mem=0.125 [597s]
  task 4 epoch 30/40 (381 it, b_new=32) rec=2.688 lat=1.672 dz=5.131 dx=1.329 mem=0.098 [668s]
  task 4 epoch 40/40 (381 it, b_new=32) rec=2.635 lat=1.628 dz=5.197 dx=1.294 mem=0.089 [739s]
  memory (frozen codes): 40000 exemplars (5000/class), 800,000 scalars, 3,200,000 bytes
  memorisation: 20 decoder epochs (6260 steps) over 40000 exemplars, final loss=1.538
after task 4: acc=97.31 per-task=[99.2, 96.7, 97.9, 95.3] memory-PSNR=21.44dB acc(recon test)=97.5 acc(memory)=99.3 [783s]
  CCE placement (992 RFA steps): |init spread|=4.862 mean shift=4.384 min/mean CCE distance=5.002/7.863 |p| mean=6.231
  task 5 epoch 1/40 (454 it, b_new=26) rec=3.436 lat=5.544 dz=0.277 dx=0.737 mem=0.128 [792s]
  task 5 epoch 10/40 (454 it, b_new=26) rec=2.726 lat=3.689 dz=1.337 dx=0.945 mem=0.182 [867s]
  task 5 epoch 20/40 (454 it, b_new=26) rec=2.495 lat=2.644 dz=2.479 dx=0.869 mem=0.156 [954s]
  task 5 epoch 30/40 (454 it, b_new=26) rec=2.345 lat=2.332 dz=2.920 dx=0.775 mem=0.125 [1039s]
  task 5 epoch 40/40 (454 it, b_new=26) rec=2.289 lat=2.255 dz=3.015 dx=0.737 mem=0.112 [1125s]
  memory (frozen codes): 40000 exemplars (4000/class), 800,000 scalars, 3,200,000 bytes
  memorisation: 20 decoder epochs (6260 steps) over 40000 exemplars, final loss=1.595
after task 5: acc=95.14 per-task=[99.0, 95.6, 96.8, 96.2, 87.9] memory-PSNR=21.14dB acc(recon test)=95.4 acc(memory)=97.5 [1168s]
FINAL mnist ahr seed=0: final acc=95.14 avg inc acc=97.95 time=19.5min
