benchmark mnist(5/2) input=(1, 28, 28) method=ahr_lossless_mini seed=0
args: {"alpha_kd": 0.0, "alpha_mem": 1.0, "alpha_x": 1.0, "alpha_z": 0.01, "augment": false, "batch_size": 128, "bf16": false, "class_order": "natural", "crop_pad": 4, "data_root": "data", "dataset": "mnist", "decoder_in_budget": 0, "decoder_width": 1.0, "distill_norm": "sq", "enc_pool": 4, "epochs": 40, "eval_batch": 1000, "flush_denormal": 1, "hf_sigma": 1.0, "hf_transplant": 0.0, "input_blur": 0.0, "kd_lambda": 1.0, "kd_scale": 0.25, "kd_temperature": 2.0, "lam": 0.3, "lam_recon_new": 0.0, "latent_bits": 32, "latent_dim": 20, "latent_domain": "input", "latent_kind": "vector", "log_every": 10, "lr": 0.001, "lr_schedule": "cosine", "memorize_codes": 0, "memorize_epochs": 20, "memorize_lr": 0.001, "memorize_steps": null, "memory_kind": "raw", "memory_mode": "frozen", "method": "ahr_lossless_mini", "momentum": 0.9, "n_exemplars": 200, "n_tasks": null, "out": "results", "raw_exemplars": 200, "recon_new_source": "current", "replay_sampling": "union", "rfa_damping": 0.0, "rfa_dt": 0.01, "rfa_mass": 1.0, "rfa_softening": 0.001, "rfa_steps": 20000, "rfa_target": 5.0, "rfa_zeta": 1.0, "seed": 0, "selection": "herding", "stop_after": null, "tag": "", "threads": 1, "train_fraction": 1.0, "weight_decay": 0.0}
[AHR] encoder params=482,420 decoder params=483,184 memory=raw x 200 exemplars
  CCE placement (3 RFA steps): |init spread|=0.005 mean shift=3.714 min/mean CCE distance=7.433/7.433 |p| mean=3.719
  task 1 epoch 1/40 (99 it, b_new=128) rec=50.036 lat=13.921 dz=0.000 dx=0.000 mem=0.000 [2s]
  task 1 epoch 10/40 (99 it, b_new=128) rec=11.567 lat=1.467 dz=0.000 dx=0.000 mem=0.000 [11s]
  task 1 epoch 20/40 (99 it, b_new=128) rec=7.480 lat=1.229 dz=0.000 dx=0.000 mem=0.000 [22s]
  task 1 epoch 30/40 (99 it, b_new=128) rec=6.217 lat=1.124 dz=0.000 dx=0.000 mem=0.000 [33s]
  task 1 epoch 40/40 (99 it, b_new=128) rec=5.943 lat=1.109 dz=0.000 dx=0.000 mem=0.000 [44s]
  memory (frozen codes): 200 exemplars (100/class), 156,800 scalars, 156,800 bytes
after task 1: acc=99.95 per-task=[100.0] [44s]
  CCE placement (572 RFA steps): |init spread|=1.237 mean shift=4.282 min/mean CCE distance=5.002/6.968 |p| mean=4.955
  task 2 epoch 1/40 (189 it, b_new=64) rec=21.186 lat=10.301 dz=0.985 dx=3.516 mem=0.000 [47s]
  task 2 epoch 10/40 (189 it, b_new=64) rec=13.541 lat=1.977 dz=8.906 dx=5.426 mem=0.000 [70s]
  task 2 epoch 20/40 (189 it, b_new=64) rec=11.809 lat=1.260 dz=9.898 dx=5.869 mem=0.000 [100s]
  task 2 epoch 30/40 (189 it, b_new=64) rec=11.165 lat=1.030 dz=10.229 dx=5.999 mem=0.000 [127s]
  task 2 epoch 40/40 (189 it, b_new=64) rec=11.015 lat=0.988 dz=10.315 dx=6.012 mem=0.000 [153s]
  memory (frozen codes): 200 exemplars (50/class), 156,800 scalars, 156,800 bytes
after task 2: acc=97.86 per-task=[97.4, 98.4] [154s]
  CCE placement (1060 RFA steps): |init spread|=3.524 mean shift=5.302 min/mean CCE distance=5.000/7.300 |p| mean=5.574
  task 3 epoch 1/40 (262 it, b_new=43) rec=11.703 lat=7.547 dz=2.956 dx=2.777 mem=0.000 [158s]
  task 3 epoch 10/40 (262 it, b_new=43) rec=7.152 lat=1.241 dz=9.911 dx=3.869 mem=0.000 [191s]
  task 3 epoch 20/40 (262 it, b_new=43) rec=6.603 lat=0.853 dz=10.309 dx=3.935 mem=0.000 [228s]
  task 3 epoch 30/40 (262 it, b_new=43) rec=6.361 lat=0.702 dz=10.472 dx=3.937 mem=0.000 [265s]
  task 3 epoch 40/40 (262 it, b_new=43) rec=6.285 lat=0.667 dz=10.525 dx=3.919 mem=0.000 [303s]
  memory (frozen codes): 198 exemplars (33/class), 155,232 scalars, 155,232 bytes
after task 3: acc=92.26 per-task=[96.5, 81.4, 99.3] [303s]
  CCE placement (923 RFA steps): |init spread|=2.962 mean shift=5.285 min/mean CCE distance=5.000/7.910 |p| mean=6.211
  task 4 epoch 1/40 (381 it, b_new=32) rec=5.886 lat=4.393 dz=3.021 dx=2.053 mem=0.000 [308s]
  task 4 epoch 10/40 (381 it, b_new=32) rec=3.841 lat=0.858 dz=7.353 dx=2.307 mem=0.000 [357s]
  task 4 epoch 20/40 (381 it, b_new=32) rec=3.565 lat=0.609 dz=7.592 dx=2.298 mem=0.000 [411s]
  task 4 epoch 30/40 (381 it, b_new=32) rec=3.429 lat=0.492 dz=7.720 dx=2.270 mem=0.000 [464s]
  task 4 epoch 40/40 (381 it, b_new=32) rec=3.383 lat=0.462 dz=7.762 dx=2.257 mem=0.000 [517s]
  memory (frozen codes): 200 exemplars (25/class), 156,800 scalars, 156,800 bytes
after task 4: acc=84.92 per-task=[88.1, 71.6, 80.5, 99.4] [518s]
  CCE placement (997 RFA steps): |init spread|=4.794 mean shift=4.749 min/mean CCE distance=5.000/8.196 |p| mean=6.778
  task 5 epoch 1/40 (454 it, b_new=26) rec=4.346 lat=3.614 dz=1.269 dx=1.248 mem=0.000 [524s]
  task 5 epoch 10/40 (454 it, b_new=26) rec=3.059 lat=0.882 dz=4.380 dx=1.507 mem=0.000 [581s]
  task 5 epoch 20/40 (454 it, b_new=26) rec=2.827 lat=0.614 dz=4.691 dx=1.477 mem=0.000 [645s]
  task 5 epoch 30/40 (454 it, b_new=26) rec=2.703 lat=0.489 dz=4.822 dx=1.445 mem=0.000 [710s]
  task 5 epoch 40/40 (454 it, b_new=26) rec=2.663 lat=0.455 dz=4.865 dx=1.430 mem=0.000 [773s]
  memory (frozen codes): 200 exemplars (20/class), 156,800 scalars, 156,800 bytes
after task 5: acc=68.32 per-task=[70.8, 49.5, 46.5, 75.5, 98.6] [774s]
FINAL mnist ahr_lossless_mini seed=0: final acc=68.32 avg inc acc=88.66 time=12.9min
