benchmark mnist(5/2) input=(1, 28, 28) method=ahr_lossy_mini seed=0
args: {"alpha_kd": 0.0, "alpha_mem": 1.0, "alpha_x": 1.0, "alpha_z": 0.01, "augment": false, "batch_size": 128, "bf16": false, "class_order": "natural", "crop_pad": 4, "data_root": "data", "dataset": "mnist", "decoder_in_budget": 0, "decoder_width": 1.0, "distill_norm": "sq", "enc_pool": 4, "epochs": 40, "eval_batch": 1000, "flush_denormal": 1, "hf_sigma": 1.0, "hf_transplant": 0.0, "input_blur": 0.0, "kd_lambda": 1.0, "kd_scale": 0.25, "kd_temperature": 2.0, "lam": 0.3, "lam_recon_new": 0.0, "latent_bits": 32, "latent_dim": 20, "latent_domain": "input", "latent_kind": "vector", "log_every": 10, "lr": 0.001, "lr_schedule": "cosine", "memorize_codes": 0, "memorize_epochs": 20, "memorize_lr": 0.001, "memorize_steps": null, "memory_kind": "latent", "memory_mode": "frozen", "method": "ahr_lossy_mini", "momentum": 0.9, "n_exemplars": 200, "n_tasks": null, "out": "results", "raw_exemplars": 200, "recon_new_source": "current", "replay_sampling": "union", "rfa_damping": 0.0, "rfa_dt": 0.01, "rfa_mass": 1.0, "rfa_softening": 0.001, "rfa_steps": 20000, "rfa_target": 5.0, "rfa_zeta": 1.0, "seed": 0, "selection": "herding", "stop_after": null, "tag": "", "threads": 1, "train_fraction": 1.0, "weight_decay": 0.0}
[AHR] encoder params=482,420 decoder params=483,184 memory=latent x 200 exemplars
  CCE placement (3 RFA steps): |init spread|=0.005 mean shift=3.714 min/mean CCE distance=7.433/7.433 |p| mean=3.719
  task 1 epoch 1/40 (99 it, b_new=128) rec=50.036 lat=13.921 dz=0.000 dx=0.000 mem=0.000 [2s]
  task 1 epoch 10/40 (99 it, b_new=128) rec=11.567 lat=1.467 dz=0.000 dx=0.000 mem=0.000 [13s]
  task 1 epoch 20/40 (99 it, b_new=128) rec=7.480 lat=1.229 dz=0.000 dx=0.000 mem=0.000 [25s]
  task 1 epoch 30/40 (99 it, b_new=128) rec=6.217 lat=1.124 dz=0.000 dx=0.000 mem=0.000 [37s]
  task 1 epoch 40/40 (99 it, b_new=128) rec=5.943 lat=1.109 dz=0.000 dx=0.000 mem=0.000 [49s]
  memory (frozen codes): 200 exemplars (100/class), 4,000 scalars, 16,000 bytes
  memorisation: 20 decoder epochs (40 steps) over 200 exemplars, final loss=6.190
after task 1: acc=99.95 per-task=[100.0] memory-PSNR=22.80dB acc(recon test)=99.9 acc(memory)=100.0 [49s]
  CCE placement (572 RFA steps): |init spread|=1.237 mean shift=4.282 min/mean CCE distance=5.002/6.968 |p| mean=4.955
  task 2 epoch 1/40 (189 it, b_new=64) rec=18.316 lat=10.466 dz=0.678 dx=3.256 mem=0.381 [53s]
  task 2 epoch 10/40 (189 it, b_new=64) rec=12.024 lat=1.988 dz=8.534 dx=4.912 mem=0.111 [88s]
  task 2 epoch 20/40 (189 it, b_new=64) rec=10.679 lat=1.331 dz=9.655 dx=5.203 mem=0.064 [126s]
  task 2 epoch 30/40 (189 it, b_new=64) rec=10.137 lat=1.147 dz=10.036 dx=5.276 mem=0.042 [165s]
  task 2 epoch 40/40 (189 it, b_new=64) rec=10.015 lat=1.111 dz=10.120 dx=5.281 mem=0.036 [202s]
  memory (frozen codes): 200 exemplars (50/class), 4,000 scalars, 16,000 bytes
  memorisation: 20 decoder epochs (40 steps) over 200 exemplars, final loss=5.756
after task 2: acc=98.00 per-task=[97.8, 98.2] memory-PSNR=20.59dB acc(recon test)=96.5 acc(memory)=100.0 [203s]
  CCE placement (1032 RFA steps): |init spread|=3.916 mean shift=5.236 min/mean CCE distance=5.002/7.260 |p| mean=5.490
  task 3 epoch 1/40 (262 it, b_new=43) rec=7.535 lat=7.905 dz=2.010 dx=1.620 mem=0.187 [209s]
  task 3 epoch 10/40 (262 it, b_new=43) rec=5.018 lat=1.216 dz=9.494 dx=2.141 mem=0.068 [260s]
  task 3 epoch 20/40 (262 it, b_new=43) rec=4.598 lat=0.955 dz=9.895 dx=2.180 mem=0.041 [316s]
  task 3 epoch 30/40 (262 it, b_new=43) rec=4.401 lat=0.866 dz=10.059 dx=2.174 mem=0.027 [372s]
  task 3 epoch 40/40 (262 it, b_new=43) rec=4.346 lat=0.848 dz=10.103 dx=2.168 mem=0.023 [429s]
  memory (frozen codes): 198 exemplars (33/class), 3,960 scalars, 15,840 bytes
  memorisation: 20 decoder epochs (40 steps) over 198 exemplars, final loss=2.537
after task 3: acc=92.27 per-task=[96.7, 81.1, 99.5] memory-PSNR=20.33dB acc(recon test)=90.6 acc(memory)=100.0 [429s]
  CCE placement (878 RFA steps): |init spread|=3.416 mean shift=4.754 min/mean CCE distance=5.002/7.705 |p| mean=6.046
  task 4 epoch 1/40 (381 it, b_new=32) rec=3.906 lat=3.710 dz=2.267 dx=1.317 mem=0.122 [438s]
  task 4 epoch 10/40 (381 it, b_new=32) rec=2.727 lat=0.862 dz=6.023 dx=1.386 mem=0.040 [515s]
  task 4 epoch 20/40 (381 it, b_new=32) rec=2.519 lat=0.716 dz=6.260 dx=1.367 mem=0.025 [602s]
  task 4 epoch 30/40 (381 it, b_new=32) rec=2.408 lat=0.652 dz=6.370 dx=1.339 mem=0.015 [686s]
  task 4 epoch 40/40 (381 it, b_new=32) rec=2.373 lat=0.637 dz=6.406 dx=1.330 mem=0.012 [768s]
  memory (frozen codes): 200 exemplars (25/class), 4,000 scalars, 16,000 bytes
  memorisation: 20 decoder epochs (40 steps) over 200 exemplars, final loss=1.220
after task 4: acc=86.20 per-task=[91.0, 71.5, 82.9, 99.3] memory-PSNR=20.83dB acc(recon test)=82.9 acc(memory)=100.0 [769s]
  CCE placement (906 RFA steps): |init spread|=4.574 mean shift=4.519 min/mean CCE distance=5.002/7.942 |p| mean=6.543
  task 5 epoch 1/40 (454 it, b_new=26) rec=3.213 lat=3.627 dz=1.052 dx=0.755 mem=0.102 [780s]
  task 5 epoch 10/40 (454 it, b_new=26) rec=2.314 lat=0.936 dz=4.076 dx=0.882 mem=0.041 [870s]
  task 5 epoch 20/40 (454 it, b_new=26) rec=2.121 lat=0.730 dz=4.392 dx=0.856 mem=0.025 [975s]
  task 5 epoch 30/40 (454 it, b_new=26) rec=2.011 lat=0.645 dz=4.530 dx=0.827 mem=0.014 [1082s]
  task 5 epoch 40/40 (454 it, b_new=26) rec=1.977 lat=0.623 dz=4.572 dx=0.817 mem=0.011 [1190s]
  memory (frozen codes): 200 exemplars (20/class), 4,000 scalars, 16,000 bytes
  memorisation: 20 decoder epochs (40 steps) over 200 exemplars, final loss=1.230
after task 5: acc=69.58 per-task=[76.5, 54.6, 42.1, 74.9, 98.3] memory-PSNR=21.10dB acc(recon test)=72.5 acc(memory)=100.0 [1191s]
FINAL mnist ahr_lossy_mini seed=0: final acc=69.58 avg inc acc=89.20 time=19.9min
