benchmark mnist(5/2) input=(1, 28, 28) method=ahr_lossless_mini seed=2
args: {"ahr_epoch": "new", "alpha_kd": 0.0, "alpha_mem": 1.0, "alpha_x": 1.0, "alpha_z": 0.1, "augment": false, "balanced_ft_epochs": 0, "balanced_ft_lr_scale": 0.1, "batch_size": 128, "bf16": false, "class_order": "natural", "cls_dim": 64, "crop_pad": 4, "data_root": "data", "dataset": "mnist", "decoder_in_budget": 0, "decoder_width": 1.0, "distill_norm": "sq", "enc_pool": 4, "epochs": 40, "eval_batch": 1000, "flush_denormal": 1, "herd_space": "encoder", "hf_sigma": 1.0, "hf_transplant": 0.0, "input_blur": 0.0, "kd_form": "kl", "kd_lambda": 1.0, "kd_scale": 0.25, "kd_temperature": 2.0, "lam": 0.3, "lam_recon_new": 0.0, "lat_real_first": 0, "latent_bits": 32, "latent_dim": 20, "latent_domain": "input", "latent_kind": "vector", "log_every": 10, "lr": 0.001, "lr_schedule": "cosine", "memorize_codes": 0, "memorize_epochs": 20, "memorize_lr": 0.001, "memorize_steps": null, "memory_kind": "raw", "memory_mode": "frozen", "method": "ahr_lossless_mini", "momentum": 0.9, "n_exemplars": 200, "n_tasks": null, "out": "results", "pad_mode": "constant", "raw_exemplars": 200, "recon_latent": "split", "recon_new_source": "current", "replay_sampling": "union", "resume": null, "rfa_damping": 0.0, "rfa_dt": 0.01, "rfa_jitter": 0.0, "rfa_mass": 1.0, "rfa_softening": 0.001, "rfa_steps": 20000, "rfa_target": 5.0, "rfa_zeta": 1.0, "save_ckpt": 0, "seed": 2, "selection": "herding", "stop_after": null, "tag": "az01", "threads": 1, "train_fraction": 1.0, "val_fraction": 0.0, "weight_decay": 0.0}
[AHR] encoder params=482,420 decoder params=483,184 memory=raw x 200 exemplars
  CCE placement (2 RFA steps): |init spread|=0.003 mean shift=4.031 min/mean CCE distance=8.066/8.066 |p| mean=4.035
  task 1 epoch 1/40 (99 it, b_new=128) rec=50.733 lat=14.583 dz=0.000 dx=0.000 mem=0.000 [2s]
  task 1 epoch 10/40 (99 it, b_new=128) rec=11.586 lat=1.441 dz=0.000 dx=0.000 mem=0.000 [11s]
  task 1 epoch 20/40 (99 it, b_new=128) rec=7.384 lat=1.253 dz=0.000 dx=0.000 mem=0.000 [22s]
  task 1 epoch 30/40 (99 it, b_new=128) rec=6.009 lat=1.160 dz=0.000 dx=0.000 mem=0.000 [32s]
  task 1 epoch 40/40 (99 it, b_new=128) rec=5.784 lat=1.136 dz=0.000 dx=0.000 mem=0.000 [42s]
  memory (frozen codes): 200 exemplars (100/class), 156,800 scalars, 156,800 bytes
after task 1: acc=99.95 per-task=[100.0] [43s]
  CCE placement (574 RFA steps): |init spread|=1.186 mean shift=4.313 min/mean CCE distance=5.002/7.175 |p| mean=5.159
  task 2 epoch 1/40 (189 it, b_new=64) rec=21.064 lat=10.399 dz=0.830 dx=3.562 mem=0.000 [45s]
  task 2 epoch 10/40 (189 it, b_new=64) rec=13.457 lat=2.819 dz=5.548 dx=5.257 mem=0.000 [69s]
  task 2 epoch 20/40 (189 it, b_new=64) rec=11.898 lat=2.078 dz=6.141 dx=5.682 mem=0.000 [95s]
  task 2 epoch 30/40 (189 it, b_new=64) rec=11.255 lat=1.815 dz=6.350 dx=5.804 mem=0.000 [121s]
  task 2 epoch 40/40 (189 it, b_new=64) rec=11.111 lat=1.755 dz=6.412 dx=5.824 mem=0.000 [148s]
  memory (frozen codes): 200 exemplars (50/class), 156,800 scalars, 156,800 bytes
after task 2: acc=97.40 per-task=[97.8, 97.0] [148s]
  CCE placement (1074 RFA steps): |init spread|=2.896 mean shift=5.269 min/mean CCE distance=5.002/7.571 |p| mean=5.742
  task 3 epoch 1/40 (262 it, b_new=43) rec=12.069 lat=7.339 dz=2.139 dx=2.889 mem=0.000 [152s]
  task 3 epoch 10/40 (262 it, b_new=43) rec=7.375 lat=2.008 dz=5.885 dx=4.006 mem=0.000 [187s]
  task 3 epoch 20/40 (262 it, b_new=43) rec=6.815 lat=1.571 dz=6.176 dx=4.098 mem=0.000 [222s]
  task 3 epoch 30/40 (262 it, b_new=43) rec=6.583 lat=1.406 dz=6.281 dx=4.113 mem=0.000 [259s]
  task 3 epoch 40/40 (262 it, b_new=43) rec=6.513 lat=1.367 dz=6.313 dx=4.108 mem=0.000 [295s]
  memory (frozen codes): 198 exemplars (33/class), 155,232 scalars, 155,232 bytes
after task 3: acc=92.32 per-task=[94.3, 84.3, 98.9] [296s]
  CCE placement (881 RFA steps): |init spread|=3.102 mean shift=4.686 min/mean CCE distance=5.000/7.826 |p| mean=6.206
  task 4 epoch 1/40 (381 it, b_new=32) rec=5.987 lat=4.345 dz=1.425 dx=1.973 mem=0.000 [301s]
  task 4 epoch 10/40 (381 it, b_new=32) rec=3.835 lat=1.349 dz=3.647 dx=2.277 mem=0.000 [348s]
  task 4 epoch 20/40 (381 it, b_new=32) rec=3.547 lat=1.075 dz=3.822 dx=2.263 mem=0.000 [400s]
  task 4 epoch 30/40 (381 it, b_new=32) rec=3.407 lat=0.945 dz=3.911 dx=2.240 mem=0.000 [453s]
  task 4 epoch 40/40 (381 it, b_new=32) rec=3.374 lat=0.910 dz=3.942 dx=2.237 mem=0.000 [509s]
  memory (frozen codes): 200 exemplars (25/class), 156,800 scalars, 156,800 bytes
after task 4: acc=88.47 per-task=[90.7, 78.5, 86.0, 98.8] [509s]
  CCE placement (1055 RFA steps): |init spread|=4.808 mean shift=4.353 min/mean CCE distance=5.000/7.814 |p| mean=6.491
  task 5 epoch 1/40 (454 it, b_new=26) rec=4.330 lat=3.861 dz=0.543 dx=1.158 mem=0.000 [516s]
  task 5 epoch 10/40 (454 it, b_new=26) rec=3.016 lat=1.286 dz=2.188 dx=1.440 mem=0.000 [572s]
  task 5 epoch 20/40 (454 it, b_new=26) rec=2.778 lat=0.952 dz=2.432 dx=1.420 mem=0.000 [635s]
  task 5 epoch 30/40 (454 it, b_new=26) rec=2.654 lat=0.811 dz=2.530 dx=1.392 mem=0.000 [697s]
  task 5 epoch 40/40 (454 it, b_new=26) rec=2.620 lat=0.772 dz=2.564 dx=1.387 mem=0.000 [760s]
  memory (frozen codes): 200 exemplars (20/class), 156,800 scalars, 156,800 bytes
after task 5: acc=75.85 per-task=[82.6, 60.6, 55.2, 81.4, 98.3] [760s]
FINAL mnist ahr_lossless_mini seed=2: final acc=75.85 avg inc acc=90.80 time=12.7min
