benchmark mnist(5/2) input=(1, 28, 28) method=ahr seed=2
args: {"alpha_kd": 0.0, "alpha_mem": 0.0, "alpha_x": 1.0, "alpha_z": 0.01, "augment": false, "batch_size": 128, "bf16": false, "class_order": "natural", "crop_pad": 4, "data_root": "data", "dataset": "mnist", "decoder_in_budget": 0, "decoder_width": 1.0, "distill_norm": "sq", "enc_pool": 4, "epochs": 40, "eval_batch": 1000, "flush_denormal": 1, "hf_sigma": 1.0, "hf_transplant": 0.0, "input_blur": 0.0, "kd_lambda": 1.0, "kd_scale": 0.25, "kd_temperature": 2.0, "lam": 0.3, "lam_recon_new": 0.0, "latent_bits": 32, "latent_dim": 20, "latent_domain": "input", "log_every": 10, "lr": 0.001, "lr_schedule": "cosine", "memorize_codes": 0, "memorize_epochs": 0, "memorize_lr": 0.001, "memorize_steps": null, "memory_kind": "latent", "memory_mode": "reencode", "method": "ahr", "momentum": 0.9, "n_exemplars": 7840, "n_tasks": null, "out": "results", "raw_exemplars": 200, "recon_new_source": "current", "replay_sampling": "union", "rfa_damping": 0.0, "rfa_dt": 0.01, "rfa_mass": 1.0, "rfa_softening": 0.001, "rfa_steps": 20000, "rfa_target": 5.0, "rfa_zeta": 1.0, "seed": 2, "selection": "rank", "stop_after": null, "tag": "literal_rank", "threads": 1, "train_fraction": 1.0, "weight_decay": 0.0}
[AHR] encoder params=482,420 decoder params=483,184 memory=latent x 7840 exemplars
  CCE placement (2 RFA steps): |init spread|=0.003 mean shift=4.031 min/mean CCE distance=8.066/8.066 |p| mean=4.035
  task 1 epoch 1/40 (99 it, b_new=128) rec=50.733 lat=14.583 dz=0.000 dx=0.000 mem=0.000 [2s]
  task 1 epoch 10/40 (99 it, b_new=128) rec=11.586 lat=1.441 dz=0.000 dx=0.000 mem=0.000 [12s]
  task 1 epoch 20/40 (99 it, b_new=128) rec=7.384 lat=1.253 dz=0.000 dx=0.000 mem=0.000 [23s]
  task 1 epoch 30/40 (99 it, b_new=128) rec=6.009 lat=1.160 dz=0.000 dx=0.000 mem=0.000 [35s]
  task 1 epoch 40/40 (99 it, b_new=128) rec=5.784 lat=1.136 dz=0.000 dx=0.000 mem=0.000 [46s]
  memory: 7840 exemplars (3920/class), 156,800 scalars, 627,200 bytes
after task 1: acc=99.95 per-task=[100.0] memory-PSNR=23.99dB acc(recon test)=100.0 acc(memory)=100.0 [46s]
  CCE placement (574 RFA steps): |init spread|=1.186 mean shift=4.313 min/mean CCE distance=5.002/7.175 |p| mean=5.159
  task 2 epoch 1/40 (189 it, b_new=64) rec=18.095 lat=10.308 dz=1.008 dx=3.490 mem=0.000 [50s]
  task 2 epoch 10/40 (189 it, b_new=64) rec=11.750 lat=1.817 dz=8.957 dx=4.793 mem=0.000 [77s]
  task 2 epoch 20/40 (189 it, b_new=64) rec=10.436 lat=1.136 dz=9.893 dx=5.067 mem=0.000 [106s]
  task 2 epoch 30/40 (189 it, b_new=64) rec=9.933 lat=0.925 dz=10.209 dx=5.131 mem=0.000 [136s]
  task 2 epoch 40/40 (189 it, b_new=64) rec=9.812 lat=0.881 dz=10.302 dx=5.132 mem=0.000 [165s]
  memory: 7840 exemplars (1960/class), 156,800 scalars, 627,200 bytes
after task 2: acc=97.88 per-task=[97.0, 98.8] memory-PSNR=19.98dB acc(recon test)=95.6 acc(memory)=100.0 [166s]
  CCE placement (1123 RFA steps): |init spread|=3.237 mean shift=6.429 min/mean CCE distance=5.002/7.950 |p| mean=5.981
  task 3 epoch 1/40 (262 it, b_new=43) rec=8.204 lat=9.867 dz=4.993 dx=2.058 mem=0.000 [171s]
  task 3 epoch 10/40 (262 it, b_new=43) rec=5.373 lat=1.005 dz=14.768 dx=2.463 mem=0.000 [209s]
  task 3 epoch 20/40 (262 it, b_new=43) rec=4.934 lat=0.703 dz=15.184 dx=2.502 mem=0.000 [250s]
  task 3 epoch 30/40 (262 it, b_new=43) rec=4.732 lat=0.586 dz=15.348 dx=2.499 mem=0.000 [292s]
  task 3 epoch 40/40 (262 it, b_new=43) rec=4.671 lat=0.559 dz=15.405 dx=2.492 mem=0.000 [334s]
  memory: 7836 exemplars (1306/class), 156,720 scalars, 626,880 bytes
after task 3: acc=93.42 per-task=[92.1, 89.1, 99.6] memory-PSNR=19.15dB acc(recon test)=91.8 acc(memory)=99.9 [335s]
  CCE placement (924 RFA steps): |init spread|=4.151 mean shift=4.459 min/mean CCE distance=5.002/8.110 |p| mean=6.491
  task 4 epoch 1/40 (381 it, b_new=32) rec=3.863 lat=3.396 dz=3.612 dx=1.355 mem=0.000 [341s]
  task 4 epoch 10/40 (381 it, b_new=32) rec=2.680 lat=0.729 dz=7.027 dx=1.359 mem=0.000 [396s]
  task 4 epoch 20/40 (381 it, b_new=32) rec=2.453 lat=0.528 dz=7.289 dx=1.317 mem=0.000 [456s]
  task 4 epoch 30/40 (381 it, b_new=32) rec=2.341 lat=0.432 dz=7.423 dx=1.289 mem=0.000 [517s]
  task 4 epoch 40/40 (381 it, b_new=32) rec=2.302 lat=0.408 dz=7.454 dx=1.274 mem=0.000 [578s]
  memory: 7840 exemplars (980/class), 156,800 scalars, 627,200 bytes
after task 4: acc=88.10 per-task=[82.2, 79.0, 93.3, 98.9] memory-PSNR=19.03dB acc(recon test)=88.9 acc(memory)=100.0 [579s]
  CCE placement (1138 RFA steps): |init spread|=5.444 mean shift=6.313 min/mean CCE distance=5.001/9.076 |p| mean=7.473
  task 5 epoch 1/40 (454 it, b_new=26) rec=3.160 lat=3.608 dz=5.440 dx=0.931 mem=0.000 [586s]
  task 5 epoch 10/40 (454 it, b_new=26) rec=2.310 lat=0.843 dz=8.871 dx=0.947 mem=0.000 [653s]
  task 5 epoch 20/40 (454 it, b_new=26) rec=2.119 lat=0.574 dz=9.219 dx=0.900 mem=0.000 [726s]
  task 5 epoch 30/40 (454 it, b_new=26) rec=2.007 lat=0.457 dz=9.365 dx=0.858 mem=0.000 [800s]
  task 5 epoch 40/40 (454 it, b_new=26) rec=1.970 lat=0.429 dz=9.401 dx=0.843 mem=0.000 [875s]
  memory: 7840 exemplars (784/class), 156,800 scalars, 627,200 bytes
after task 5: acc=69.90 per-task=[67.0, 48.7, 52.0, 83.6, 97.9] memory-PSNR=19.26dB acc(recon test)=78.6 acc(memory)=100.0 [876s]
FINAL mnist ahr seed=2: final acc=69.90 avg inc acc=89.85 time=14.6min
