benchmark mnist(5/2) input=(1, 28, 28) method=ahr_lossless seed=2
args: {"alpha_kd": 0.0, "alpha_mem": 1.0, "alpha_x": 1.0, "alpha_z": 0.01, "augment": false, "batch_size": 128, "bf16": false, "class_order": "natural", "crop_pad": 4, "data_root": "data", "dataset": "mnist", "decoder_in_budget": 0, "decoder_width": 1.0, "distill_norm": "sq", "enc_pool": 4, "epochs": 40, "eval_batch": 1000, "flush_denormal": 1, "hf_sigma": 1.0, "hf_transplant": 0.0, "input_blur": 0.0, "kd_lambda": 1.0, "kd_scale": 0.25, "kd_temperature": 2.0, "lam": 0.3, "lam_recon_new": 0.0, "latent_bits": 32, "latent_dim": 20, "latent_domain": "input", "latent_kind": "vector", "log_every": 10, "lr": 0.001, "lr_schedule": "cosine", "memorize_codes": 0, "memorize_epochs": 20, "memorize_lr": 0.001, "memorize_steps": null, "memory_kind": "raw", "memory_mode": "frozen", "method": "ahr_lossless", "momentum": 0.9, "n_exemplars": 7840, "n_tasks": null, "out": "results", "raw_exemplars": 200, "recon_new_source": "current", "replay_sampling": "union", "rfa_damping": 0.0, "rfa_dt": 0.01, "rfa_mass": 1.0, "rfa_softening": 0.001, "rfa_steps": 20000, "rfa_target": 5.0, "rfa_zeta": 1.0, "seed": 2, "selection": "herding", "stop_after": null, "tag": "", "threads": 1, "train_fraction": 1.0, "weight_decay": 0.0}
[AHR] encoder params=482,420 decoder params=483,184 memory=raw x 7840 exemplars
  CCE placement (2 RFA steps): |init spread|=0.003 mean shift=4.031 min/mean CCE distance=8.066/8.066 |p| mean=4.035
  task 1 epoch 1/40 (99 it, b_new=128) rec=50.733 lat=14.583 dz=0.000 dx=0.000 mem=0.000 [3s]
  task 1 epoch 10/40 (99 it, b_new=128) rec=11.586 lat=1.441 dz=0.000 dx=0.000 mem=0.000 [14s]
  task 1 epoch 20/40 (99 it, b_new=128) rec=7.384 lat=1.253 dz=0.000 dx=0.000 mem=0.000 [27s]
  task 1 epoch 30/40 (99 it, b_new=128) rec=6.009 lat=1.160 dz=0.000 dx=0.000 mem=0.000 [39s]
  task 1 epoch 40/40 (99 it, b_new=128) rec=5.784 lat=1.136 dz=0.000 dx=0.000 mem=0.000 [51s]
  memory (frozen codes): 7840 exemplars (3920/class), 6,146,560 scalars, 6,146,560 bytes
after task 1: acc=99.95 per-task=[100.0] [53s]
  CCE placement (574 RFA steps): |init spread|=1.186 mean shift=4.313 min/mean CCE distance=5.002/7.175 |p| mean=5.159
  task 2 epoch 1/40 (189 it, b_new=64) rec=21.284 lat=10.556 dz=0.959 dx=3.371 mem=0.000 [56s]
  task 2 epoch 10/40 (189 it, b_new=64) rec=14.529 lat=2.295 dz=8.692 dx=4.951 mem=0.000 [86s]
  task 2 epoch 20/40 (189 it, b_new=64) rec=12.931 lat=1.485 dz=9.791 dx=5.283 mem=0.000 [119s]
  task 2 epoch 30/40 (189 it, b_new=64) rec=12.285 lat=1.217 dz=10.128 dx=5.389 mem=0.000 [151s]
  task 2 epoch 40/40 (189 it, b_new=64) rec=12.129 lat=1.171 dz=10.224 dx=5.394 mem=0.000 [184s]
  memory (frozen codes): 7840 exemplars (1960/class), 6,146,560 scalars, 6,146,560 bytes
after task 2: acc=99.06 per-task=[99.8, 98.3] [185s]
  CCE placement (1079 RFA steps): |init spread|=2.987 mean shift=5.895 min/mean CCE distance=5.002/7.748 |p| mean=5.818
  task 3 epoch 1/40 (262 it, b_new=43) rec=13.865 lat=9.181 dz=3.463 dx=2.435 mem=0.000 [190s]
  task 3 epoch 10/40 (262 it, b_new=43) rec=9.995 lat=2.083 dz=11.152 dx=3.259 mem=0.000 [231s]
  task 3 epoch 20/40 (262 it, b_new=43) rec=9.148 lat=1.455 dz=11.840 dx=3.342 mem=0.000 [277s]
  task 3 epoch 30/40 (262 it, b_new=43) rec=8.794 lat=1.222 dz=12.061 dx=3.375 mem=0.000 [323s]
  task 3 epoch 40/40 (262 it, b_new=43) rec=8.731 lat=1.177 dz=12.132 dx=3.368 mem=0.000 [367s]
  memory (frozen codes): 7836 exemplars (1306/class), 6,143,424 scalars, 6,143,424 bytes
after task 3: acc=98.51 per-task=[99.6, 97.6, 98.3] [368s]
  CCE placement (869 RFA steps): |init spread|=3.032 mean shift=4.651 min/mean CCE distance=5.002/7.946 |p| mean=6.303
  task 4 epoch 1/40 (381 it, b_new=32) rec=8.938 lat=4.805 dz=2.303 dx=1.665 mem=0.000 [374s]
  task 4 epoch 10/40 (381 it, b_new=32) rec=6.885 lat=1.973 dz=5.436 dx=1.888 mem=0.000 [432s]
  task 4 epoch 20/40 (381 it, b_new=32) rec=6.328 lat=1.520 dz=5.816 dx=1.891 mem=0.000 [498s]
  task 4 epoch 30/40 (381 it, b_new=32) rec=6.013 lat=1.296 dz=5.987 dx=1.855 mem=0.000 [564s]
  task 4 epoch 40/40 (381 it, b_new=32) rec=5.919 lat=1.241 dz=6.045 dx=1.836 mem=0.000 [629s]
  memory (frozen codes): 7840 exemplars (980/class), 6,146,560 scalars, 6,146,560 bytes
after task 4: acc=97.58 per-task=[99.3, 96.4, 97.7, 96.9] [630s]
  CCE placement (1068 RFA steps): |init spread|=5.044 mean shift=4.441 min/mean CCE distance=5.002/8.012 |p| mean=6.617
  task 5 epoch 1/40 (454 it, b_new=26) rec=7.277 lat=5.064 dz=0.603 dx=1.095 mem=0.000 [638s]
  task 5 epoch 10/40 (454 it, b_new=26) rec=5.863 lat=2.977 dz=2.512 dx=1.244 mem=0.000 [705s]
  task 5 epoch 20/40 (454 it, b_new=26) rec=5.369 lat=2.225 dz=3.198 dx=1.191 mem=0.000 [782s]
  task 5 epoch 30/40 (454 it, b_new=26) rec=5.072 lat=1.887 dz=3.478 dx=1.129 mem=0.000 [858s]
  task 5 epoch 40/40 (454 it, b_new=26) rec=5.013 lat=1.804 dz=3.550 dx=1.105 mem=0.000 [935s]
  memory (frozen codes): 7840 exemplars (784/class), 6,146,560 scalars, 6,146,560 bytes
after task 5: acc=95.41 per-task=[99.0, 94.4, 95.4, 95.8, 92.3] [935s]
FINAL mnist ahr_lossless seed=2: final acc=95.41 avg inc acc=98.10 time=15.6min
