benchmark mnist(5/2) input=(1, 28, 28) method=ahr seed=0
args: {"alpha_mem": 1.0, "alpha_x": 1.0, "alpha_z": 0.01, "augment": false, "batch_size": 128, "bf16": false, "class_order": "natural", "crop_pad": 4, "data_root": "data", "dataset": "mnist", "decoder_in_budget": 0, "decoder_width": 1.0, "distill_norm": "sq", "enc_pool": 4, "epochs": 40, "eval_batch": 1000, "kd_lambda": 1.0, "kd_temperature": 2.0, "lam": 0.3, "lam_recon_new": 1.0, "latent_bits": 32, "latent_dim": 20, "log_every": 10, "lr": 0.001, "lr_schedule": "cosine", "memorize_epochs": 20, "memorize_lr": 0.001, "memory_kind": "latent", "memory_mode": "frozen", "method": "ahr", "momentum": 0.9, "n_exemplars": 7840, "n_tasks": null, "out": "results", "raw_exemplars": 200, "recon_new_source": "current", "rfa_damping": 0.0, "rfa_dt": 0.01, "rfa_mass": 1.0, "rfa_softening": 0.001, "rfa_steps": 20000, "rfa_target": 5.0, "rfa_zeta": 1.0, "seed": 0, "selection": "herding", "stop_after": null, "tag": "", "threads": 1, "train_fraction": 1.0, "weight_decay": 0.0}
[AHR] encoder params=482,420 decoder params=483,184 memory=latent x 7840 exemplars
  CCE placement (3 RFA steps): |init spread|=0.005 mean shift=3.714 min/mean CCE distance=7.433/7.433 |p| mean=3.719
  task 1 epoch 1/40 (99 it, b_new=128) rec=49.683 lat=10.739 dz=0.000 dx=0.000 mem=0.000
  task 1 epoch 10/40 (99 it, b_new=128) rec=11.752 lat=1.074 dz=0.000 dx=0.000 mem=0.000
  task 1 epoch 20/40 (99 it, b_new=128) rec=7.869 lat=0.815 dz=0.000 dx=0.000 mem=0.000
  task 1 epoch 30/40 (99 it, b_new=128) rec=6.444 lat=0.767 dz=0.000 dx=0.000 mem=0.000
  task 1 epoch 40/40 (99 it, b_new=128) rec=6.110 lat=0.759 dz=0.000 dx=0.000 mem=0.000
  memory (frozen codes): 7840 exemplars (3920/class), 156,800 scalars, 627,200 bytes
  memorisation: 20 decoder epochs over 7840 exemplars, final loss=5.827
after task 1: acc=99.95 per-task=[100.0] memory-PSNR=23.30dB acc(recon test)=100.0 acc(memory)=100.0 [92s]
  CCE placement (490 RFA steps): |init spread|=0.892 mean shift=4.475 min/mean CCE distance=5.005/6.967 |p| mean=4.893
  task 2 epoch 1/40 (189 it, b_new=64) rec=18.307 lat=10.002 dz=1.593 dx=3.767 mem=0.507
  task 2 epoch 10/40 (189 it, b_new=64) rec=12.234 lat=1.653 dz=10.508 dx=4.973 mem=0.204
  task 2 epoch 20/40 (189 it, b_new=64) rec=10.900 lat=1.208 dz=11.019 dx=5.141 mem=0.136
  task 2 epoch 30/40 (189 it, b_new=64) rec=10.373 lat=1.064 dz=11.262 dx=5.165 mem=0.109
  task 2 epoch 40/40 (189 it, b_new=64) rec=10.237 lat=1.030 dz=11.325 dx=5.158 mem=0.099
  memory (frozen codes): 7840 exemplars (1960/class), 156,800 scalars, 627,200 bytes
  memorisation: 20 decoder epochs over 7840 exemplars, final loss=5.664
after task 2: acc=98.63 per-task=[99.2, 98.0] memory-PSNR=20.85dB acc(recon test)=98.5 acc(memory)=99.8 [283s]
  CCE placement (1009 RFA steps): |init spread|=3.197 mean shift=5.044 min/mean CCE distance=5.004/7.152 |p| mean=5.362
  task 3 epoch 1/40 (262 it, b_new=43) rec=8.022 lat=5.899 dz=4.034 dx=2.593 mem=0.468
  task 3 epoch 10/40 (262 it, b_new=43) rec=5.477 lat=1.350 dz=10.042 dx=2.508 mem=0.205
  task 3 epoch 20/40 (262 it, b_new=43) rec=5.012 lat=1.095 dz=10.168 dx=2.359 mem=0.134
  task 3 epoch 30/40 (262 it, b_new=43) rec=4.796 lat=1.002 dz=10.236 dx=2.276 mem=0.105
  task 3 epoch 40/40 (262 it, b_new=43) rec=4.733 lat=0.975 dz=10.253 dx=2.241 mem=0.097
  memory (frozen codes): 7836 exemplars (1306/class), 156,720 scalars, 626,880 bytes
  memorisation: 20 decoder epochs over 7836 exemplars, final loss=3.140
after task 3: acc=97.41 per-task=[98.9, 94.7, 98.7] memory-PSNR=20.36dB acc(recon test)=97.0 acc(memory)=99.9 [580s]
  CCE placement (695 RFA steps): |init spread|=1.500 mean shift=5.547 min/mean CCE distance=5.004/7.664 |p| mean=5.908
  task 4 epoch 1/40 (381 it, b_new=32) rec=4.956 lat=3.935 dz=7.711 dx=2.686 mem=0.488
  task 4 epoch 10/40 (381 it, b_new=32) rec=3.333 lat=1.128 dz=11.691 dx=1.958 mem=0.166
  task 4 epoch 20/40 (381 it, b_new=32) rec=3.037 lat=0.939 dz=11.861 dx=1.800 mem=0.111
  task 4 epoch 30/40 (381 it, b_new=32) rec=2.864 lat=0.867 dz=11.975 dx=1.682 mem=0.083
  task 4 epoch 40/40 (381 it, b_new=32) rec=2.813 lat=0.849 dz=12.004 dx=1.641 mem=0.075
  memory (frozen codes): 7840 exemplars (980/class), 156,800 scalars, 627,200 bytes
  memorisation: 20 decoder epochs over 7840 exemplars, final loss=1.859
after task 4: acc=95.73 per-task=[98.1, 92.1, 94.8, 97.8] memory-PSNR=20.57dB acc(recon test)=95.3 acc(memory)=100.0 [1028s]
  CCE placement (1009 RFA steps): |init spread|=5.090 mean shift=4.588 min/mean CCE distance=5.004/7.878 |p| mean=6.248
  task 5 epoch 1/40 (454 it, b_new=26) rec=4.209 lat=3.866 dz=1.807 dx=1.765 mem=0.470
  task 5 epoch 10/40 (454 it, b_new=26) rec=3.065 lat=1.357 dz=4.617 dx=1.504 mem=0.204
  task 5 epoch 20/40 (454 it, b_new=26) rec=2.758 lat=1.092 dz=4.784 dx=1.299 mem=0.129
  task 5 epoch 30/40 (454 it, b_new=26) rec=2.582 lat=0.974 dz=4.849 dx=1.164 mem=0.095
  task 5 epoch 40/40 (454 it, b_new=26) rec=2.527 lat=0.955 dz=4.871 dx=1.117 mem=0.087
  memory (frozen codes): 7840 exemplars (784/class), 156,800 scalars, 627,200 bytes
  memorisation: 20 decoder epochs over 7840 exemplars, final loss=1.900
after task 5: acc=93.65 per-task=[97.0, 89.8, 92.1, 93.1, 96.1] memory-PSNR=20.41dB acc(recon test)=92.3 acc(memory)=99.9 [1604s]
FINAL mnist ahr seed=0: final acc=93.65 avg inc acc=97.08 time=26.7min
