benchmark mnist(5/2) input=(1, 28, 28) method=ahr seed=2
args: {"alpha_kd": 0.0, "alpha_mem": 1.0, "alpha_x": 1.0, "alpha_z": 0.01, "augment": false, "batch_size": 128, "bf16": false, "class_order": "natural", "cls_dim": 64, "crop_pad": 4, "data_root": "data", "dataset": "mnist", "decoder_in_budget": 0, "decoder_width": 1.0, "distill_norm": "sq", "enc_pool": 4, "epochs": 40, "eval_batch": 1000, "flush_denormal": 1, "hf_sigma": 1.0, "hf_transplant": 0.0, "input_blur": 0.0, "kd_lambda": 1.0, "kd_scale": 0.25, "kd_temperature": 2.0, "lam": 0.3, "lam_recon_new": 1.0, "latent_bits": 32, "latent_dim": 20, "latent_domain": "recon", "latent_kind": "vector", "log_every": 10, "lr": 0.001, "lr_schedule": "cosine", "memorize_codes": 0, "memorize_epochs": 20, "memorize_lr": 0.001, "memorize_steps": null, "memory_kind": "latent", "memory_mode": "frozen", "method": "ahr", "momentum": 0.9, "n_exemplars": 7840, "n_tasks": null, "out": "results", "raw_exemplars": 200, "recon_new_source": "current", "replay_sampling": "union", "resume": null, "rfa_damping": 0.0, "rfa_dt": 0.01, "rfa_mass": 1.0, "rfa_softening": 0.001, "rfa_steps": 20000, "rfa_target": 5.0, "rfa_zeta": 1.0, "save_ckpt": 0, "seed": 2, "selection": "herding", "stop_after": null, "tag": "recon_domain", "threads": 1, "train_fraction": 1.0, "weight_decay": 0.0}
[AHR] encoder params=482,420 decoder params=483,184 memory=latent x 7840 exemplars
  CCE placement (23 RFA steps): |init spread|=0.000 mean shift=2.593 min/mean CCE distance=5.186/5.186 |p| mean=2.593
  task 1 epoch 1/40 (99 it, b_new=128) rec=50.087 lat=0.000 dz=0.000 dx=0.000 mem=0.000 [3s]
  task 1 epoch 10/40 (99 it, b_new=128) rec=10.665 lat=0.000 dz=0.000 dx=0.000 mem=0.000 [17s]
  task 1 epoch 20/40 (99 it, b_new=128) rec=6.782 lat=0.000 dz=0.000 dx=0.000 mem=0.000 [32s]
  task 1 epoch 30/40 (99 it, b_new=128) rec=5.698 lat=0.000 dz=0.000 dx=0.000 mem=0.000 [47s]
  task 1 epoch 40/40 (99 it, b_new=128) rec=5.480 lat=0.000 dz=0.000 dx=0.000 mem=0.000 [62s]
  memory (frozen codes): 7840 exemplars (3920/class), 156,800 scalars, 627,200 bytes
  memorisation: 20 decoder epochs (1240 steps) over 7840 exemplars, final loss=5.314
after task 1: acc=100.00 per-task=[100.0] memory-PSNR=23.45dB acc(recon test)=100.0 acc(memory)=100.0 [72s]
  CCE placement (413 RFA steps): |init spread|=0.956 mean shift=4.013 min/mean CCE distance=5.009/5.828 |p| mean=3.777
  task 2 epoch 1/40 (189 it, b_new=64) rec=18.921 lat=0.959 dz=0.246 dx=3.516 mem=0.398 [76s]
  task 2 epoch 10/40 (189 it, b_new=64) rec=12.318 lat=0.843 dz=1.378 dx=5.421 mem=0.178 [111s]
  task 2 epoch 20/40 (189 it, b_new=64) rec=11.067 lat=0.760 dz=1.026 dx=5.636 mem=0.114 [149s]
  task 2 epoch 30/40 (189 it, b_new=64) rec=10.524 lat=0.739 dz=0.964 dx=5.711 mem=0.088 [186s]
  task 2 epoch 40/40 (189 it, b_new=64) rec=10.389 lat=0.738 dz=0.959 dx=5.718 mem=0.081 [223s]
  memory (frozen codes): 7840 exemplars (1960/class), 156,800 scalars, 627,200 bytes
  memorisation: 20 decoder epochs (1240 steps) over 7840 exemplars, final loss=4.936
after task 2: acc=63.36 per-task=[98.6, 26.9] memory-PSNR=21.14dB acc(recon test)=63.4 acc(memory)=59.1 [232s]
  CCE placement (732 RFA steps): |init spread|=1.479 mean shift=6.950 min/mean CCE distance=5.007/7.667 |p| mean=5.196
  task 3 epoch 1/40 (262 it, b_new=43) rec=8.720 lat=5.909 dz=1.975 dx=3.314 mem=0.712 [238s]
  task 3 epoch 10/40 (262 it, b_new=43) rec=5.814 lat=2.355 dz=5.101 dx=3.080 mem=0.337 [285s]
  task 3 epoch 20/40 (262 it, b_new=43) rec=5.369 lat=1.551 dz=5.325 dx=2.823 mem=0.242 [338s]
  task 3 epoch 30/40 (262 it, b_new=43) rec=5.142 lat=1.319 dz=5.425 dx=2.676 mem=0.204 [390s]
  task 3 epoch 40/40 (262 it, b_new=43) rec=5.062 lat=1.239 dz=5.434 dx=2.620 mem=0.190 [443s]
  memory (frozen codes): 7836 exemplars (1306/class), 156,720 scalars, 626,880 bytes
  memorisation: 20 decoder epochs (1240 steps) over 7836 exemplars, final loss=3.010
after task 3: acc=76.19 per-task=[97.9, 96.1, 30.0] memory-PSNR=20.85dB acc(recon test)=76.2 acc(memory)=74.0 [451s]
  CCE placement (828 RFA steps): |init spread|=2.366 mean shift=5.872 min/mean CCE distance=5.007/8.201 |p| mean=5.873
  task 4 epoch 1/40 (381 it, b_new=32) rec=7.460 lat=4.302 dz=5.495 dx=4.697 mem=0.488 [459s]
  task 4 epoch 10/40 (381 it, b_new=32) rec=5.131 lat=1.691 dz=8.536 dx=3.824 mem=0.266 [529s]
  task 4 epoch 20/40 (381 it, b_new=32) rec=4.763 lat=1.294 dz=7.965 dx=3.438 mem=0.203 [605s]
  task 4 epoch 30/40 (381 it, b_new=32) rec=4.572 lat=1.139 dz=7.728 dx=3.196 mem=0.171 [680s]
  task 4 epoch 40/40 (381 it, b_new=32) rec=4.524 lat=1.104 dz=7.681 dx=3.144 mem=0.167 [752s]
  memory (frozen codes): 7840 exemplars (980/class), 156,800 scalars, 627,200 bytes
  memorisation: 20 decoder epochs (1240 steps) over 7840 exemplars, final loss=2.132
after task 4: acc=90.86 per-task=[96.0, 93.6, 93.3, 80.2] memory-PSNR=20.57dB acc(recon test)=90.9 acc(memory)=94.0 [761s]
  CCE placement (590 RFA steps): |init spread|=2.648 mean shift=3.251 min/mean CCE distance=5.006/7.844 |p| mean=5.918
  task 5 epoch 1/40 (454 it, b_new=26) rec=5.340 lat=2.483 dz=2.534 dx=2.354 mem=0.257 [770s]
  task 5 epoch 10/40 (454 it, b_new=26) rec=4.052 lat=1.364 dz=3.305 dx=2.212 mem=0.202 [848s]
  task 5 epoch 20/40 (454 it, b_new=26) rec=3.736 lat=1.091 dz=3.124 dx=1.997 mem=0.157 [935s]
  task 5 epoch 30/40 (454 it, b_new=26) rec=3.544 lat=0.982 dz=3.118 dx=1.839 mem=0.131 [1021s]
  task 5 epoch 40/40 (454 it, b_new=26) rec=3.516 lat=0.946 dz=3.186 dx=1.821 mem=0.125 [1107s]
  memory (frozen codes): 7840 exemplars (784/class), 156,800 scalars, 627,200 bytes
  memorisation: 20 decoder epochs (1240 steps) over 7840 exemplars, final loss=1.904
after task 5: acc=91.73 per-task=[95.9, 90.6, 88.5, 91.9, 91.3] memory-PSNR=20.45dB acc(recon test)=91.7 acc(memory)=98.4 [1116s]
FINAL mnist ahr seed=2: final acc=91.73 avg inc acc=84.43 time=18.6min
