benchmark mnist(5/2) input=(1, 28, 28) method=ahr_lossless seed=2
args: {"alpha_mem": 1.0, "alpha_x": 1.0, "alpha_z": 0.01, "augment": false, "batch_size": 128, "bf16": false, "class_order": "natural", "crop_pad": 4, "data_root": "data", "dataset": "mnist", "decoder_in_budget": 0, "decoder_width": 1.0, "distill_norm": "sq", "enc_pool": 4, "epochs": 40, "eval_batch": 1000, "flush_denormal": 1, "kd_lambda": 1.0, "kd_temperature": 2.0, "lam": 0.3, "lam_recon_new": 1.0, "latent_bits": 32, "latent_dim": 20, "log_every": 10, "lr": 0.001, "lr_schedule": "cosine", "memorize_epochs": 20, "memorize_lr": 0.001, "memorize_steps": null, "memory_kind": "raw", "memory_mode": "frozen", "method": "ahr_lossless", "momentum": 0.9, "n_exemplars": 7840, "n_tasks": null, "out": "results", "raw_exemplars": 200, "recon_new_source": "current", "replay_sampling": "union", "rfa_damping": 0.0, "rfa_dt": 0.01, "rfa_mass": 1.0, "rfa_softening": 0.001, "rfa_steps": 20000, "rfa_target": 5.0, "rfa_zeta": 1.0, "seed": 2, "selection": "herding", "stop_after": null, "tag": "", "threads": 1, "train_fraction": 1.0, "weight_decay": 0.0}
[AHR] encoder params=482,420 decoder params=483,184 memory=raw x 7840 exemplars
  CCE placement (2 RFA steps): |init spread|=0.003 mean shift=4.031 min/mean CCE distance=8.066/8.066 |p| mean=4.035
  task 1 epoch 1/40 (99 it, b_new=128) rec=49.567 lat=11.216 dz=0.000 dx=0.000 mem=0.000 [3s]
  task 1 epoch 10/40 (99 it, b_new=128) rec=11.845 lat=0.990 dz=0.000 dx=0.000 mem=0.000 [15s]
  task 1 epoch 20/40 (99 it, b_new=128) rec=7.800 lat=0.768 dz=0.000 dx=0.000 mem=0.000 [29s]
  task 1 epoch 30/40 (99 it, b_new=128) rec=6.605 lat=0.720 dz=0.000 dx=0.000 mem=0.000 [43s]
  task 1 epoch 40/40 (99 it, b_new=128) rec=6.346 lat=0.712 dz=0.000 dx=0.000 mem=0.000 [57s]
  memory (frozen codes): 7840 exemplars (3920/class), 6,146,560 scalars, 6,146,560 bytes
after task 1: acc=99.91 per-task=[99.9] [59s]
  CCE placement (430 RFA steps): |init spread|=0.859 mean shift=3.888 min/mean CCE distance=5.004/6.711 |p| mean=4.856
  task 2 epoch 1/40 (189 it, b_new=64) rec=22.585 lat=8.171 dz=2.548 dx=4.279 mem=0.000 [62s]
  task 2 epoch 10/40 (189 it, b_new=64) rec=15.397 lat=1.575 dz=9.674 dx=5.400 mem=0.000 [92s]
  task 2 epoch 20/40 (189 it, b_new=64) rec=13.795 lat=1.094 dz=9.891 dx=5.738 mem=0.000 [124s]
  task 2 epoch 30/40 (189 it, b_new=64) rec=13.136 lat=0.904 dz=10.030 dx=5.824 mem=0.000 [157s]
  task 2 epoch 40/40 (189 it, b_new=64) rec=12.941 lat=0.868 dz=10.074 dx=5.828 mem=0.000 [190s]
  memory (frozen codes): 7840 exemplars (1960/class), 6,146,560 scalars, 6,146,560 bytes
after task 2: acc=99.16 per-task=[99.4, 98.9] [190s]
  CCE placement (1072 RFA steps): |init spread|=3.504 mean shift=7.053 min/mean CCE distance=5.004/7.954 |p| mean=6.263
  task 3 epoch 1/40 (262 it, b_new=43) rec=15.122 lat=9.575 dz=11.909 dx=3.283 mem=0.000 [195s]
  task 3 epoch 10/40 (262 it, b_new=43) rec=10.877 lat=1.582 dz=18.098 dx=3.536 mem=0.000 [236s]
  task 3 epoch 20/40 (262 it, b_new=43) rec=9.918 lat=1.085 dz=18.389 dx=3.602 mem=0.000 [280s]
  task 3 epoch 30/40 (262 it, b_new=43) rec=9.472 lat=0.902 dz=18.542 dx=3.615 mem=0.000 [324s]
  task 3 epoch 40/40 (262 it, b_new=43) rec=9.384 lat=0.856 dz=18.613 dx=3.606 mem=0.000 [369s]
  memory (frozen codes): 7836 exemplars (1306/class), 6,143,424 scalars, 6,143,424 bytes
after task 3: acc=98.04 per-task=[99.0, 96.3, 98.8] [369s]
  CCE placement (1084 RFA steps): |init spread|=2.959 mean shift=6.696 min/mean CCE distance=5.000/8.999 |p| mean=7.526
  task 4 epoch 1/40 (381 it, b_new=32) rec=10.394 lat=4.943 dz=14.378 dx=2.658 mem=0.000 [376s]
  task 4 epoch 10/40 (381 it, b_new=32) rec=7.753 lat=1.496 dz=17.793 dx=2.447 mem=0.000 [433s]
  task 4 epoch 20/40 (381 it, b_new=32) rec=7.077 lat=1.100 dz=17.944 dx=2.412 mem=0.000 [495s]
  task 4 epoch 30/40 (381 it, b_new=32) rec=6.747 lat=0.924 dz=18.057 dx=2.365 mem=0.000 [558s]
  task 4 epoch 40/40 (381 it, b_new=32) rec=6.658 lat=0.878 dz=18.099 dx=2.341 mem=0.000 [620s]
  memory (frozen codes): 7840 exemplars (980/class), 6,146,560 scalars, 6,146,560 bytes
after task 4: acc=96.79 per-task=[98.7, 95.4, 95.0, 97.8] [621s]
  CCE placement (1102 RFA steps): |init spread|=5.673 mean shift=4.972 min/mean CCE distance=5.000/9.227 |p| mean=7.948
  task 5 epoch 1/40 (454 it, b_new=26) rec=8.100 lat=4.436 dz=4.416 dx=1.795 mem=0.000 [629s]
  task 5 epoch 10/40 (454 it, b_new=26) rec=6.386 lat=1.865 dz=5.972 dx=1.616 mem=0.000 [695s]
  task 5 epoch 20/40 (454 it, b_new=26) rec=5.790 lat=1.349 dz=6.077 dx=1.498 mem=0.000 [769s]
  task 5 epoch 30/40 (454 it, b_new=26) rec=5.466 lat=1.124 dz=6.144 dx=1.402 mem=0.000 [843s]
  task 5 epoch 40/40 (454 it, b_new=26) rec=5.373 lat=1.058 dz=6.166 dx=1.368 mem=0.000 [918s]
  memory (frozen codes): 7840 exemplars (784/class), 6,146,560 scalars, 6,146,560 bytes
after task 5: acc=94.09 per-task=[97.7, 94.2, 89.6, 92.5, 95.9] [918s]
FINAL mnist ahr_lossless seed=2: final acc=94.09 avg inc acc=97.60 time=15.3min
