benchmark mnist(5/2) input=(1, 28, 28) method=ahr seed=0
args: {"alpha_kd": 0.0, "alpha_mem": 1.0, "alpha_x": 1.0, "alpha_z": 0.01, "augment": false, "batch_size": 128, "bf16": false, "class_order": "natural", "cls_dim": 64, "crop_pad": 4, "data_root": "data", "dataset": "mnist", "decoder_in_budget": 0, "decoder_width": 1.0, "distill_norm": "sq", "enc_pool": 4, "epochs": 40, "eval_batch": 1000, "flush_denormal": 1, "hf_sigma": 1.0, "hf_transplant": 0.0, "input_blur": 0.0, "kd_lambda": 1.0, "kd_scale": 0.25, "kd_temperature": 2.0, "lam": 0.3, "lam_recon_new": 1.0, "latent_bits": 32, "latent_dim": 20, "latent_domain": "recon", "latent_kind": "vector", "log_every": 10, "lr": 0.001, "lr_schedule": "cosine", "memorize_codes": 0, "memorize_epochs": 20, "memorize_lr": 0.001, "memorize_steps": null, "memory_kind": "latent", "memory_mode": "frozen", "method": "ahr", "momentum": 0.9, "n_exemplars": 7840, "n_tasks": null, "out": "results", "raw_exemplars": 200, "recon_new_source": "current", "replay_sampling": "union", "resume": null, "rfa_damping": 0.0, "rfa_dt": 0.01, "rfa_mass": 1.0, "rfa_softening": 0.001, "rfa_steps": 20000, "rfa_target": 5.0, "rfa_zeta": 1.0, "save_ckpt": 0, "seed": 0, "selection": "herding", "stop_after": null, "tag": "recon_domain", "threads": 1, "train_fraction": 1.0, "weight_decay": 0.0}
[AHR] encoder params=482,420 decoder params=483,184 memory=latent x 7840 exemplars
  CCE placement (40 RFA steps): |init spread|=0.000 mean shift=2.525 min/mean CCE distance=5.049/5.049 |p| mean=2.525
  task 1 epoch 1/40 (99 it, b_new=128) rec=51.868 lat=0.000 dz=0.000 dx=0.000 mem=0.000 [3s]
  task 1 epoch 10/40 (99 it, b_new=128) rec=10.794 lat=0.000 dz=0.000 dx=0.000 mem=0.000 [16s]
  task 1 epoch 20/40 (99 it, b_new=128) rec=7.083 lat=0.000 dz=0.000 dx=0.000 mem=0.000 [31s]
  task 1 epoch 30/40 (99 it, b_new=128) rec=5.685 lat=0.000 dz=0.000 dx=0.000 mem=0.000 [46s]
  task 1 epoch 40/40 (99 it, b_new=128) rec=5.457 lat=0.000 dz=0.000 dx=0.000 mem=0.000 [61s]
  memory (frozen codes): 7840 exemplars (3920/class), 156,800 scalars, 627,200 bytes
  memorisation: 20 decoder epochs (1240 steps) over 7840 exemplars, final loss=5.301
after task 1: acc=99.95 per-task=[100.0] memory-PSNR=23.31dB acc(recon test)=100.0 acc(memory)=100.0 [71s]
  CCE placement (443 RFA steps): |init spread|=0.993 mean shift=4.149 min/mean CCE distance=5.000/5.937 |p| mean=3.647
  task 2 epoch 1/40 (189 it, b_new=64) rec=19.194 lat=0.962 dz=0.301 dx=3.785 mem=0.377 [75s]
  task 2 epoch 10/40 (189 it, b_new=64) rec=12.280 lat=0.828 dz=0.828 dx=5.595 mem=0.155 [109s]
  task 2 epoch 20/40 (189 it, b_new=64) rec=10.873 lat=0.768 dz=0.808 dx=5.876 mem=0.103 [147s]
  task 2 epoch 30/40 (189 it, b_new=64) rec=10.343 lat=0.761 dz=0.814 dx=5.945 mem=0.082 [186s]
  task 2 epoch 40/40 (189 it, b_new=64) rec=10.221 lat=0.757 dz=0.816 dx=5.947 mem=0.074 [224s]
  memory (frozen codes): 7840 exemplars (1960/class), 156,800 scalars, 627,200 bytes
  memorisation: 20 decoder epochs (1240 steps) over 7840 exemplars, final loss=4.539
after task 2: acc=55.71 per-task=[99.0, 10.9] memory-PSNR=21.51dB acc(recon test)=55.7 acc(memory)=54.0 [233s]
  CCE placement (872 RFA steps): |init spread|=2.127 mean shift=6.720 min/mean CCE distance=5.000/7.791 |p| mean=5.023
  task 3 epoch 1/40 (262 it, b_new=43) rec=8.360 lat=7.179 dz=5.255 dx=3.339 mem=0.688 [239s]
  task 3 epoch 10/40 (262 it, b_new=43) rec=5.768 lat=2.640 dz=7.178 dx=3.102 mem=0.343 [286s]
  task 3 epoch 20/40 (262 it, b_new=43) rec=5.334 lat=1.658 dz=6.811 dx=2.874 mem=0.262 [339s]
  task 3 epoch 30/40 (262 it, b_new=43) rec=5.105 lat=1.386 dz=6.703 dx=2.728 mem=0.228 [392s]
  task 3 epoch 40/40 (262 it, b_new=43) rec=5.040 lat=1.334 dz=6.750 dx=2.683 mem=0.218 [446s]
  memory (frozen codes): 7836 exemplars (1306/class), 156,720 scalars, 626,880 bytes
  memorisation: 20 decoder epochs (1240 steps) over 7836 exemplars, final loss=2.872
after task 3: acc=87.08 per-task=[98.3, 95.8, 64.9] memory-PSNR=20.91dB acc(recon test)=87.1 acc(memory)=85.9 [455s]
  CCE placement (864 RFA steps): |init spread|=1.859 mean shift=7.340 min/mean CCE distance=5.000/8.878 |p| mean=6.064
  task 4 epoch 1/40 (381 it, b_new=32) rec=7.797 lat=3.313 dz=5.092 dx=4.843 mem=0.581 [463s]
  task 4 epoch 10/40 (381 it, b_new=32) rec=5.231 lat=1.621 dz=6.025 dx=3.801 mem=0.253 [531s]
  task 4 epoch 20/40 (381 it, b_new=32) rec=4.872 lat=1.277 dz=5.190 dx=3.464 mem=0.190 [608s]
  task 4 epoch 30/40 (381 it, b_new=32) rec=4.701 lat=1.133 dz=4.813 dx=3.279 mem=0.160 [685s]
  task 4 epoch 40/40 (381 it, b_new=32) rec=4.630 lat=1.099 dz=4.720 dx=3.215 mem=0.149 [760s]
  memory (frozen codes): 7840 exemplars (980/class), 156,800 scalars, 627,200 bytes
  memorisation: 20 decoder epochs (1240 steps) over 7840 exemplars, final loss=2.051
after task 4: acc=87.02 per-task=[97.1, 93.2, 94.1, 63.2] memory-PSNR=20.88dB acc(recon test)=87.0 acc(memory)=89.7 [769s]
  CCE placement (1266 RFA steps): |init spread|=6.028 mean shift=7.059 min/mean CCE distance=5.000/9.349 |p| mean=6.754
  task 5 epoch 1/40 (454 it, b_new=26) rec=5.792 lat=3.772 dz=5.884 dx=3.191 mem=0.537 [779s]
  task 5 epoch 10/40 (454 it, b_new=26) rec=4.070 lat=1.705 dz=5.679 dx=2.396 mem=0.253 [861s]
  task 5 epoch 20/40 (454 it, b_new=26) rec=3.692 lat=1.280 dz=5.154 dx=2.079 mem=0.183 [954s]
  task 5 epoch 30/40 (454 it, b_new=26) rec=3.508 lat=1.103 dz=5.114 dx=1.910 mem=0.153 [1046s]
  task 5 epoch 40/40 (454 it, b_new=26) rec=3.439 lat=1.086 dz=5.021 dx=1.850 mem=0.143 [1136s]
  memory (frozen codes): 7840 exemplars (784/class), 156,800 scalars, 627,200 bytes
  memorisation: 20 decoder epochs (1240 steps) over 7840 exemplars, final loss=1.844
after task 5: acc=90.41 per-task=[95.6, 88.8, 89.1, 91.6, 86.6] memory-PSNR=20.64dB acc(recon test)=90.4 acc(memory)=97.5 [1144s]
FINAL mnist ahr seed=0: final acc=90.41 avg inc acc=84.03 time=19.1min
