benchmark mnist(5/2) input=(1, 28, 28) method=ahr_lossy_mini seed=1
args: {"alpha_kd": 0.0, "alpha_mem": 1.0, "alpha_x": 1.0, "alpha_z": 0.01, "augment": false, "batch_size": 128, "bf16": false, "class_order": "natural", "crop_pad": 4, "data_root": "data", "dataset": "mnist", "decoder_in_budget": 0, "decoder_width": 1.0, "distill_norm": "sq", "enc_pool": 4, "epochs": 40, "eval_batch": 1000, "flush_denormal": 1, "hf_sigma": 1.0, "hf_transplant": 0.0, "input_blur": 0.0, "kd_lambda": 1.0, "kd_scale": 0.25, "kd_temperature": 2.0, "lam": 0.3, "lam_recon_new": 0.0, "latent_bits": 32, "latent_dim": 20, "latent_domain": "input", "latent_kind": "vector", "log_every": 10, "lr": 0.001, "lr_schedule": "cosine", "memorize_codes": 0, "memorize_epochs": 20, "memorize_lr": 0.001, "memorize_steps": null, "memory_kind": "latent", "memory_mode": "frozen", "method": "ahr_lossy_mini", "momentum": 0.9, "n_exemplars": 200, "n_tasks": null, "out": "results", "raw_exemplars": 200, "recon_new_source": "current", "replay_sampling": "union", "rfa_damping": 0.0, "rfa_dt": 0.01, "rfa_mass": 1.0, "rfa_softening": 0.001, "rfa_steps": 20000, "rfa_target": 5.0, "rfa_zeta": 1.0, "seed": 1, "selection": "herding", "stop_after": null, "tag": "", "threads": 1, "train_fraction": 1.0, "weight_decay": 0.0}
[AHR] encoder params=482,420 decoder params=483,184 memory=latent x 200 exemplars
  CCE placement (2 RFA steps): |init spread|=0.002 mean shift=7.521 min/mean CCE distance=15.044/15.044 |p| mean=7.524
  task 1 epoch 1/40 (99 it, b_new=128) rec=55.493 lat=20.685 dz=0.000 dx=0.000 mem=0.000 [3s]
  task 1 epoch 10/40 (99 it, b_new=128) rec=11.935 lat=1.590 dz=0.000 dx=0.000 mem=0.000 [15s]
  task 1 epoch 20/40 (99 it, b_new=128) rec=7.699 lat=1.345 dz=0.000 dx=0.000 mem=0.000 [30s]
  task 1 epoch 30/40 (99 it, b_new=128) rec=6.486 lat=1.178 dz=0.000 dx=0.000 mem=0.000 [43s]
  task 1 epoch 40/40 (99 it, b_new=128) rec=6.161 lat=1.164 dz=0.000 dx=0.000 mem=0.000 [58s]
  memory (frozen codes): 200 exemplars (100/class), 4,000 scalars, 16,000 bytes
  memorisation: 20 decoder epochs (40 steps) over 200 exemplars, final loss=5.397
after task 1: acc=99.95 per-task=[100.0] memory-PSNR=23.37dB acc(recon test)=99.9 acc(memory)=100.0 [58s]
  CCE placement (325 RFA steps): |init spread|=1.178 mean shift=1.912 min/mean CCE distance=5.002/8.554 |p| mean=7.409
  task 2 epoch 1/40 (189 it, b_new=64) rec=18.800 lat=5.300 dz=3.615 dx=3.877 mem=0.373 [63s]
  task 2 epoch 10/40 (189 it, b_new=64) rec=12.329 lat=1.616 dz=8.434 dx=5.203 mem=0.077 [104s]
  task 2 epoch 20/40 (189 it, b_new=64) rec=11.048 lat=1.264 dz=9.128 dx=5.499 mem=0.049 [144s]
  task 2 epoch 30/40 (189 it, b_new=64) rec=10.596 lat=1.129 dz=9.398 dx=5.569 mem=0.034 [187s]
  task 2 epoch 40/40 (189 it, b_new=64) rec=10.481 lat=1.095 dz=9.454 dx=5.575 mem=0.028 [232s]
  memory (frozen codes): 200 exemplars (50/class), 4,000 scalars, 16,000 bytes
  memorisation: 20 decoder epochs (40 steps) over 200 exemplars, final loss=6.155
after task 2: acc=92.93 per-task=[87.1, 99.0] memory-PSNR=20.71dB acc(recon test)=92.9 acc(memory)=100.0 [233s]
  CCE placement (676 RFA steps): |init spread|=2.177 mean shift=5.913 min/mean CCE distance=5.002/8.626 |p| mean=8.334
  task 3 epoch 1/40 (262 it, b_new=43) rec=8.142 lat=10.488 dz=1.769 dx=1.697 mem=0.230 [239s]
  task 3 epoch 10/40 (262 it, b_new=43) rec=5.355 lat=1.216 dz=11.966 dx=2.291 mem=0.074 [292s]
  task 3 epoch 20/40 (262 it, b_new=43) rec=4.872 lat=0.948 dz=12.375 dx=2.333 mem=0.042 [351s]
  task 3 epoch 30/40 (262 it, b_new=43) rec=4.669 lat=0.854 dz=12.536 dx=2.332 mem=0.028 [409s]
  task 3 epoch 40/40 (262 it, b_new=43) rec=4.609 lat=0.830 dz=12.580 dx=2.326 mem=0.023 [472s]
  memory (frozen codes): 198 exemplars (33/class), 3,960 scalars, 15,840 bytes
  memorisation: 20 decoder epochs (40 steps) over 198 exemplars, final loss=2.790
after task 3: acc=87.37 per-task=[85.4, 78.5, 99.3] memory-PSNR=20.32dB acc(recon test)=88.8 acc(memory)=100.0 [472s]
  CCE placement (1038 RFA steps): |init spread|=3.418 mean shift=6.411 min/mean CCE distance=5.002/9.338 |p| mean=9.388
  task 4 epoch 1/40 (381 it, b_new=32) rec=3.932 lat=5.162 dz=6.116 dx=1.317 mem=0.159 [482s]
  task 4 epoch 10/40 (381 it, b_new=32) rec=2.687 lat=0.904 dz=11.631 dx=1.323 mem=0.043 [565s]
  task 4 epoch 20/40 (381 it, b_new=32) rec=2.460 lat=0.748 dz=11.923 dx=1.296 mem=0.025 [650s]
  task 4 epoch 30/40 (381 it, b_new=32) rec=2.346 lat=0.676 dz=12.038 dx=1.269 mem=0.016 [738s]
  task 4 epoch 40/40 (381 it, b_new=32) rec=2.311 lat=0.658 dz=12.089 dx=1.261 mem=0.012 [827s]
  memory (frozen codes): 200 exemplars (25/class), 4,000 scalars, 16,000 bytes
  memorisation: 20 decoder epochs (40 steps) over 200 exemplars, final loss=1.248
after task 4: acc=82.06 per-task=[72.7, 77.6, 79.4, 99.1] memory-PSNR=20.91dB acc(recon test)=80.9 acc(memory)=100.0 [827s]
  CCE placement (1178 RFA steps): |init spread|=5.246 mean shift=6.076 min/mean CCE distance=5.002/9.665 |p| mean=10.059
  task 5 epoch 1/40 (454 it, b_new=26) rec=3.249 lat=5.369 dz=2.418 dx=0.812 mem=0.138 [839s]
  task 5 epoch 10/40 (454 it, b_new=26) rec=2.293 lat=0.949 dz=7.881 dx=0.872 mem=0.043 [939s]
  task 5 epoch 20/40 (454 it, b_new=26) rec=2.080 lat=0.726 dz=8.251 dx=0.832 mem=0.024 [1055s]
  task 5 epoch 30/40 (454 it, b_new=26) rec=1.974 lat=0.640 dz=8.398 dx=0.807 mem=0.015 [1162s]
  task 5 epoch 40/40 (454 it, b_new=26) rec=1.938 lat=0.617 dz=8.449 dx=0.795 mem=0.011 [1266s]
  memory (frozen codes): 200 exemplars (20/class), 4,000 scalars, 16,000 bytes
  memorisation: 20 decoder epochs (40 steps) over 200 exemplars, final loss=1.178
after task 5: acc=67.71 per-task=[62.0, 53.3, 50.1, 74.4, 98.6] memory-PSNR=21.09dB acc(recon test)=71.7 acc(memory)=100.0 [1266s]
FINAL mnist ahr_lossy_mini seed=1: final acc=67.71 avg inc acc=86.00 time=21.1min
