benchmark mnist(5/2) input=(1, 28, 28) method=ahr seed=0
args: {"ahr_epoch": "new", "alpha_kd": 0.0, "alpha_mem": 1.0, "alpha_x": 1.0, "alpha_z": 0.01, "augment": false, "balanced_ft_epochs": 0, "balanced_ft_lr_scale": 0.1, "batch_size": 128, "bf16": false, "class_order": "natural", "cls_dim": 64, "crop_pad": 4, "data_root": "data", "dataset": "mnist", "decoder_in_budget": 0, "decoder_width": 1.0, "distill_norm": "sq", "enc_pool": 4, "epochs": 40, "eval_batch": 1000, "flush_denormal": 1, "herd_space": "encoder", "hf_sigma": 1.0, "hf_transplant": 0.0, "input_blur": 0.0, "kd_form": "kl", "kd_lambda": 1.0, "kd_scale": 0.25, "kd_temperature": 2.0, "lam": 0.3, "lam_recon_new": 0.0, "lat_real_first": 0, "latent_bits": 32, "latent_dim": 20, "latent_domain": "input", "latent_kind": "vector", "log_every": 10, "lr": 0.001, "lr_schedule": "cosine", "memorize_codes": 0, "memorize_epochs": 20, "memorize_lr": 0.001, "memorize_steps": null, "memory_kind": "latent", "memory_mode": "frozen", "method": "ahr", "momentum": 0.9, "n_exemplars": 20000, "n_tasks": null, "out": "results", "pad_mode": "constant", "raw_exemplars": 200, "recon_latent": "split", "recon_new_source": "current", "replay_sampling": "union", "resume": null, "rfa_damping": 0.0, "rfa_dt": 0.01, "rfa_jitter": 0.0, "rfa_mass": 1.0, "rfa_softening": 0.001, "rfa_steps": 20000, "rfa_target": 5.0, "rfa_zeta": 1.0, "save_ckpt": 0, "seed": 0, "selection": "herding", "stop_after": null, "tag": "m20000", "threads": 1, "train_fraction": 1.0, "val_fraction": 0.0, "weight_decay": 0.0}
[AHR] encoder params=482,420 decoder params=483,184 memory=latent x 20000 exemplars
  CCE placement (3 RFA steps): |init spread|=0.005 mean shift=3.714 min/mean CCE distance=7.433/7.433 |p| mean=3.719
  task 1 epoch 1/40 (99 it, b_new=128) rec=50.036 lat=13.921 dz=0.000 dx=0.000 mem=0.000 [2s]
  task 1 epoch 10/40 (99 it, b_new=128) rec=11.567 lat=1.467 dz=0.000 dx=0.000 mem=0.000 [12s]
  task 1 epoch 20/40 (99 it, b_new=128) rec=7.480 lat=1.229 dz=0.000 dx=0.000 mem=0.000 [23s]
  task 1 epoch 30/40 (99 it, b_new=128) rec=6.217 lat=1.124 dz=0.000 dx=0.000 mem=0.000 [34s]
  task 1 epoch 40/40 (99 it, b_new=128) rec=5.943 lat=1.109 dz=0.000 dx=0.000 mem=0.000 [45s]
  memory (frozen codes): 12665 exemplars (10000/class), 253,300 scalars, 1,013,200 bytes
  memorisation: 20 decoder epochs (1980 steps) over 12665 exemplars, final loss=5.204
after task 1: acc=99.95 per-task=[100.0] memory-PSNR=23.86dB acc(recon test)=99.9 acc(memory)=100.0 [60s]
  CCE placement (572 RFA steps): |init spread|=1.237 mean shift=4.282 min/mean CCE distance=5.002/6.968 |p| mean=4.955
  task 2 epoch 1/40 (189 it, b_new=64) rec=18.031 lat=10.917 dz=0.604 dx=3.271 mem=0.383 [64s]
  task 2 epoch 10/40 (189 it, b_new=64) rec=11.806 lat=2.511 dz=8.097 dx=4.904 mem=0.202 [94s]
  task 2 epoch 20/40 (189 it, b_new=64) rec=10.564 lat=1.654 dz=9.371 dx=5.137 mem=0.137 [128s]
  task 2 epoch 30/40 (189 it, b_new=64) rec=10.071 lat=1.399 dz=9.814 dx=5.189 mem=0.111 [161s]
  task 2 epoch 40/40 (189 it, b_new=64) rec=9.949 lat=1.355 dz=9.911 dx=5.187 mem=0.102 [195s]
  memory (frozen codes): 20000 exemplars (5000/class), 400,000 scalars, 1,600,000 bytes
  memorisation: 20 decoder epochs (3140 steps) over 20000 exemplars, final loss=4.805
after task 2: acc=98.87 per-task=[99.7, 98.0] memory-PSNR=21.50dB acc(recon test)=98.3 acc(memory)=99.2 [219s]
  CCE placement (1037 RFA steps): |init spread|=2.895 mean shift=5.647 min/mean CCE distance=5.002/7.664 |p| mean=5.622
  task 3 epoch 1/40 (262 it, b_new=43) rec=7.470 lat=10.189 dz=1.507 dx=1.658 mem=0.234 [224s]
  task 3 epoch 10/40 (262 it, b_new=43) rec=5.153 lat=2.311 dz=9.419 dx=2.109 mem=0.206 [268s]
  task 3 epoch 20/40 (262 it, b_new=43) rec=4.708 lat=1.731 dz=10.431 dx=2.004 mem=0.142 [316s]
  task 3 epoch 30/40 (262 it, b_new=43) rec=4.504 lat=1.550 dz=10.748 dx=1.942 mem=0.115 [364s]
