benchmark mnist(5/2) input=(1, 28, 28) method=ahr seed=1
args: {"ahr_epoch": "union", "alpha_kd": 0.0, "alpha_mem": 1.0, "alpha_x": 1.0, "alpha_z": 0.01, "augment": false, "balanced_ft_epochs": 0, "balanced_ft_lr_scale": 0.1, "batch_size": 128, "bf16": false, "class_order": "natural", "cls_dim": 64, "crop_pad": 4, "data_root": "data", "dataset": "mnist", "decoder_in_budget": 0, "decoder_width": 1.0, "distill_norm": "sq", "enc_pool": 4, "epochs": 40, "eval_batch": 1000, "flush_denormal": 1, "herd_space": "encoder", "hf_sigma": 1.0, "hf_transplant": 0.0, "input_blur": 0.0, "kd_form": "kl", "kd_lambda": 1.0, "kd_scale": 0.25, "kd_temperature": 2.0, "lam": 0.3, "lam_recon_new": 0.0, "lat_real_first": 0, "latent_bits": 32, "latent_dim": 20, "latent_domain": "input", "latent_kind": "vector", "log_every": 10, "lr": 0.001, "lr_schedule": "cosine", "memorize_codes": 0, "memorize_epochs": 20, "memorize_lr": 0.001, "memorize_steps": null, "memory_kind": "latent", "memory_mode": "frozen", "method": "ahr", "momentum": 0.9, "n_exemplars": 7840, "n_tasks": null, "out": "results", "pad_mode": "constant", "raw_exemplars": 200, "recon_latent": "split", "recon_new_source": "current", "replay_sampling": "union", "resume": null, "rfa_damping": 0.0, "rfa_dt": 0.01, "rfa_jitter": 0.0, "rfa_mass": 1.0, "rfa_softening": 0.001, "rfa_steps": 20000, "rfa_target": 5.0, "rfa_zeta": 1.0, "save_ckpt": 0, "seed": 1, "selection": "herding", "stop_after": null, "tag": "union", "threads": 1, "train_fraction": 1.0, "val_fraction": 0.0, "weight_decay": 0.0}
[AHR] encoder params=482,420 decoder params=483,184 memory=latent x 7840 exemplars
  CCE placement (2 RFA steps): |init spread|=0.002 mean shift=7.521 min/mean CCE distance=15.044/15.044 |p| mean=7.524
  task 1 epoch 1/40 (99 it, b_new=128) rec=55.493 lat=20.685 dz=0.000 dx=0.000 mem=0.000 [2s]
  task 1 epoch 10/40 (99 it, b_new=128) rec=11.935 lat=1.590 dz=0.000 dx=0.000 mem=0.000 [12s]
  task 1 epoch 20/40 (99 it, b_new=128) rec=7.699 lat=1.345 dz=0.000 dx=0.000 mem=0.000 [23s]
  task 1 epoch 30/40 (99 it, b_new=128) rec=6.486 lat=1.178 dz=0.000 dx=0.000 mem=0.000 [33s]
  task 1 epoch 40/40 (99 it, b_new=128) rec=6.161 lat=1.164 dz=0.000 dx=0.000 mem=0.000 [44s]
  memory (frozen codes): 7840 exemplars (3920/class), 156,800 scalars, 627,200 bytes
  memorisation: 20 decoder epochs (1240 steps) over 7840 exemplars, final loss=5.837
after task 1: acc=99.95 per-task=[100.0] memory-PSNR=23.35dB acc(recon test)=99.9 acc(memory)=100.0 [54s]
  CCE placement (325 RFA steps): |init spread|=1.178 mean shift=1.912 min/mean CCE distance=5.002/8.554 |p| mean=7.409
  task 2 epoch 1/40 (156 it, b_new=64) rec=19.062 lat=6.530 dz=2.998 dx=3.769 mem=0.484 [56s]
  task 2 epoch 10/40 (156 it, b_new=64) rec=12.766 lat=2.409 dz=7.573 dx=4.922 mem=0.158 [80s]
  task 2 epoch 20/40 (156 it, b_new=64) rec=11.444 lat=1.913 dz=8.560 dx=5.184 mem=0.121 [107s]
  task 2 epoch 30/40 (156 it, b_new=64) rec=10.917 lat=1.745 dz=8.872 dx=5.243 mem=0.096 [133s]
  task 2 epoch 40/40 (156 it, b_new=64) rec=10.798 lat=1.681 dz=8.864 dx=5.260 mem=0.090 [160s]
  memory (frozen codes): 7840 exemplars (1960/class), 156,800 scalars, 627,200 bytes
  memorisation: 20 decoder epochs (1240 steps) over 7840 exemplars, final loss=5.974
after task 2: acc=98.17 per-task=[98.2, 98.1] memory-PSNR=20.82dB acc(recon test)=98.4 acc(memory)=99.2 [169s]
  CCE placement (591 RFA steps): |init spread|=1.514 mean shift=5.460 min/mean CCE distance=5.002/8.450 |p| mean=8.522
  task 3 epoch 1/40 (150 it, b_new=43) rec=8.585 lat=10.563 dz=1.342 dx=1.503 mem=0.269 [171s]
  task 3 epoch 10/40 (150 it, b_new=43) rec=5.783 lat=4.109 dz=6.993 dx=1.960 mem=0.286 [195s]
  task 3 epoch 20/40 (150 it, b_new=43) rec=5.329 lat=2.552 dz=9.177 dx=1.974 mem=0.227 [222s]
  task 3 epoch 30/40 (150 it, b_new=43) rec=5.106 lat=2.206 dz=9.746 dx=1.927 mem=0.183 [248s]
  task 3 epoch 40/40 (150 it, b_new=43) rec=5.050 lat=2.125 dz=9.827 dx=1.912 mem=0.169 [274s]
  memory (frozen codes): 7836 exemplars (1306/class), 156,720 scalars, 626,880 bytes
  memorisation: 20 decoder epochs (1240 steps) over 7836 exemplars, final loss=3.323
after task 3: acc=97.35 per-task=[97.7, 97.5, 96.8] memory-PSNR=20.26dB acc(recon test)=97.2 acc(memory)=99.1 [283s]
  CCE placement (970 RFA steps): |init spread|=3.481 mean shift=6.122 min/mean CCE distance=5.002/9.074 |p| mean=9.333
  task 4 epoch 1/40 (157 it, b_new=32) rec=4.924 lat=9.896 dz=1.651 dx=1.352 mem=0.249 [286s]
  task 4 epoch 10/40 (157 it, b_new=32) rec=3.335 lat=3.132 dz=7.962 dx=1.371 mem=0.208 [311s]
  task 4 epoch 20/40 (157 it, b_new=32) rec=3.010 lat=2.527 dz=8.968 dx=1.259 mem=0.156 [339s]
  task 4 epoch 30/40 (157 it, b_new=32) rec=2.844 lat=2.297 dz=9.364 dx=1.203 mem=0.128 [366s]
  task 4 epoch 40/40 (157 it, b_new=32) rec=2.803 lat=2.226 dz=9.420 dx=1.175 mem=0.121 [394s]
  memory (frozen codes): 7840 exemplars (980/class), 156,800 scalars, 627,200 bytes
  memorisation: 20 decoder epochs (1240 steps) over 7840 exemplars, final loss=1.877
after task 4: acc=95.73 per-task=[97.0, 95.8, 96.7, 93.4] memory-PSNR=20.32dB acc(recon test)=96.0 acc(memory)=99.5 [403s]
  CCE placement (1106 RFA steps): |init spread|=5.163 mean shift=7.115 min/mean CCE distance=5.002/9.899 |p| mean=10.105
  task 5 epoch 1/40 (154 it, b_new=26) rec=4.458 lat=9.730 dz=1.698 dx=1.311 mem=0.331 [406s]
  task 5 epoch 10/40 (154 it, b_new=26) rec=2.990 lat=4.631 dz=6.655 dx=0.923 mem=0.191 [431s]
  task 5 epoch 20/40 (154 it, b_new=26) rec=2.714 lat=3.628 dz=8.034 dx=0.826 mem=0.159 [458s]
  task 5 epoch 30/40 (154 it, b_new=26) rec=2.599 lat=3.226 dz=8.475 dx=0.752 mem=0.137 [486s]
  task 5 epoch 40/40 (154 it, b_new=26) rec=2.548 lat=3.151 dz=8.672 dx=0.721 mem=0.126 [513s]
  memory (frozen codes): 7840 exemplars (784/class), 156,800 scalars, 627,200 bytes
  memorisation: 20 decoder epochs (1240 steps) over 7840 exemplars, final loss=1.946
after task 5: acc=92.77 per-task=[95.6, 93.9, 92.8, 93.7, 87.6] memory-PSNR=20.25dB acc(recon test)=92.9 acc(memory)=96.1 [522s]
FINAL mnist ahr seed=1: final acc=92.77 avg inc acc=96.80 time=8.7min
