benchmark mnist(5/2) input=(1, 28, 28) method=ahr_lossless_mini seed=1
args: {"alpha_kd": 0.0, "alpha_mem": 1.0, "alpha_x": 1.0, "alpha_z": 0.01, "augment": false, "batch_size": 128, "bf16": false, "class_order": "natural", "crop_pad": 4, "data_root": "data", "dataset": "mnist", "decoder_in_budget": 0, "decoder_width": 1.0, "distill_norm": "sq", "enc_pool": 4, "epochs": 40, "eval_batch": 1000, "flush_denormal": 1, "hf_sigma": 1.0, "hf_transplant": 0.0, "input_blur": 0.0, "kd_lambda": 1.0, "kd_scale": 0.25, "kd_temperature": 2.0, "lam": 0.3, "lam_recon_new": 0.0, "latent_bits": 32, "latent_dim": 20, "latent_domain": "input", "latent_kind": "vector", "log_every": 10, "lr": 0.001, "lr_schedule": "cosine", "memorize_codes": 0, "memorize_epochs": 20, "memorize_lr": 0.001, "memorize_steps": null, "memory_kind": "raw", "memory_mode": "frozen", "method": "ahr_lossless_mini", "momentum": 0.9, "n_exemplars": 200, "n_tasks": null, "out": "results", "raw_exemplars": 200, "recon_new_source": "current", "replay_sampling": "union", "rfa_damping": 0.0, "rfa_dt": 0.01, "rfa_mass": 1.0, "rfa_softening": 0.001, "rfa_steps": 20000, "rfa_target": 5.0, "rfa_zeta": 1.0, "seed": 1, "selection": "herding", "stop_after": null, "tag": "", "threads": 1, "train_fraction": 1.0, "weight_decay": 0.0}
[AHR] encoder params=482,420 decoder params=483,184 memory=raw x 200 exemplars
  CCE placement (2 RFA steps): |init spread|=0.002 mean shift=7.521 min/mean CCE distance=15.044/15.044 |p| mean=7.524
  task 1 epoch 1/40 (99 it, b_new=128) rec=55.493 lat=20.685 dz=0.000 dx=0.000 mem=0.000 [2s]
  task 1 epoch 10/40 (99 it, b_new=128) rec=11.935 lat=1.590 dz=0.000 dx=0.000 mem=0.000 [12s]
  task 1 epoch 20/40 (99 it, b_new=128) rec=7.699 lat=1.345 dz=0.000 dx=0.000 mem=0.000 [23s]
  task 1 epoch 30/40 (99 it, b_new=128) rec=6.486 lat=1.178 dz=0.000 dx=0.000 mem=0.000 [33s]
  task 1 epoch 40/40 (99 it, b_new=128) rec=6.161 lat=1.164 dz=0.000 dx=0.000 mem=0.000 [43s]
  memory (frozen codes): 200 exemplars (100/class), 156,800 scalars, 156,800 bytes
after task 1: acc=99.95 per-task=[100.0] [43s]
  CCE placement (325 RFA steps): |init spread|=1.178 mean shift=1.912 min/mean CCE distance=5.002/8.554 |p| mean=7.409
  task 2 epoch 1/40 (189 it, b_new=64) rec=21.084 lat=5.491 dz=3.967 dx=3.953 mem=0.000 [46s]
  task 2 epoch 10/40 (189 it, b_new=64) rec=13.614 lat=1.633 dz=8.711 dx=5.508 mem=0.000 [70s]
  task 2 epoch 20/40 (189 it, b_new=64) rec=11.992 lat=1.228 dz=9.357 dx=5.899 mem=0.000 [96s]
  task 2 epoch 30/40 (189 it, b_new=64) rec=11.445 lat=1.050 dz=9.590 dx=6.002 mem=0.000 [123s]
  task 2 epoch 40/40 (189 it, b_new=64) rec=11.294 lat=1.012 dz=9.642 dx=6.008 mem=0.000 [149s]
  memory (frozen codes): 200 exemplars (50/class), 156,800 scalars, 156,800 bytes
after task 2: acc=92.47 per-task=[86.2, 98.9] [149s]
  CCE placement (702 RFA steps): |init spread|=2.504 mean shift=6.259 min/mean CCE distance=5.001/8.793 |p| mean=8.471
  task 3 epoch 1/40 (262 it, b_new=43) rec=11.818 lat=10.604 dz=3.322 dx=2.780 mem=0.000 [153s]
  task 3 epoch 10/40 (262 it, b_new=43) rec=7.408 lat=1.236 dz=13.827 dx=3.950 mem=0.000 [186s]
  task 3 epoch 20/40 (262 it, b_new=43) rec=6.833 lat=0.857 dz=14.194 dx=4.028 mem=0.000 [223s]
  task 3 epoch 30/40 (262 it, b_new=43) rec=6.564 lat=0.705 dz=14.348 dx=4.020 mem=0.000 [259s]
  task 3 epoch 40/40 (262 it, b_new=43) rec=6.501 lat=0.671 dz=14.405 dx=4.019 mem=0.000 [296s]
  memory (frozen codes): 198 exemplars (33/class), 155,232 scalars, 155,232 bytes
after task 3: acc=88.13 per-task=[83.0, 82.8, 99.7] [296s]
  CCE placement (1117 RFA steps): |init spread|=3.431 mean shift=6.712 min/mean CCE distance=5.001/9.594 |p| mean=9.667
  task 4 epoch 1/40 (381 it, b_new=32) rec=6.032 lat=5.568 dz=6.576 dx=2.011 mem=0.000 [301s]
  task 4 epoch 10/40 (381 it, b_new=32) rec=3.864 lat=0.933 dz=12.308 dx=2.263 mem=0.000 [350s]
  task 4 epoch 20/40 (381 it, b_new=32) rec=3.576 lat=0.649 dz=12.574 dx=2.244 mem=0.000 [403s]
  task 4 epoch 30/40 (381 it, b_new=32) rec=3.425 lat=0.519 dz=12.703 dx=2.208 mem=0.000 [457s]
  task 4 epoch 40/40 (381 it, b_new=32) rec=3.394 lat=0.485 dz=12.745 dx=2.207 mem=0.000 [510s]
  memory (frozen codes): 200 exemplars (25/class), 156,800 scalars, 156,800 bytes
after task 4: acc=80.04 per-task=[68.6, 76.8, 76.0, 99.4] [510s]
  CCE placement (1224 RFA steps): |init spread|=4.863 mean shift=5.641 min/mean CCE distance=5.000/9.806 |p| mean=10.137
  task 5 epoch 1/40 (454 it, b_new=26) rec=4.605 lat=4.826 dz=2.081 dx=1.300 mem=0.000 [517s]
  task 5 epoch 10/40 (454 it, b_new=26) rec=3.108 lat=0.957 dz=6.757 dx=1.503 mem=0.000 [575s]
  task 5 epoch 20/40 (454 it, b_new=26) rec=2.853 lat=0.649 dz=7.128 dx=1.458 mem=0.000 [640s]
  task 5 epoch 30/40 (454 it, b_new=26) rec=2.733 lat=0.511 dz=7.273 dx=1.435 mem=0.000 [703s]
  task 5 epoch 40/40 (454 it, b_new=26) rec=2.684 lat=0.472 dz=7.319 dx=1.413 mem=0.000 [767s]
  memory (frozen codes): 200 exemplars (20/class), 156,800 scalars, 156,800 bytes
after task 5: acc=63.38 per-task=[56.3, 51.3, 39.4, 70.5, 98.9] [767s]
FINAL mnist ahr_lossless_mini seed=1: final acc=63.38 avg inc acc=84.79 time=12.8min
