benchmark mnist(5/2) input=(1, 28, 28) method=ft_e seed=0
args: {"alpha_kd": 0.0, "alpha_mem": 1.0, "alpha_x": 1.0, "alpha_z": 0.01, "augment": false, "batch_size": 128, "bf16": false, "class_order": "natural", "crop_pad": 4, "data_root": "data", "dataset": "mnist", "decoder_in_budget": 0, "decoder_width": 1.0, "distill_norm": "sq", "enc_pool": 4, "epochs": 40, "eval_batch": 1000, "flush_denormal": 1, "kd_lambda": 1.0, "kd_scale": 0.25, "kd_temperature": 2.0, "lam": 0.3, "lam_recon_new": 1.0, "latent_bits": 32, "latent_dim": 20, "log_every": 10, "lr": 0.001, "lr_schedule": "cosine", "memorize_epochs": 20, "memorize_lr": 0.001, "memorize_steps": null, "memory_kind": "latent", "memory_mode": "frozen", "method": "ft_e", "momentum": 0.9, "n_exemplars": 200, "n_tasks": null, "out": "results", "raw_exemplars": 200, "recon_new_source": "current", "replay_sampling": "union", "rfa_damping": 0.0, "rfa_dt": 0.01, "rfa_mass": 1.0, "rfa_softening": 0.001, "rfa_steps": 20000, "rfa_target": 5.0, "rfa_zeta": 1.0, "seed": 0, "selection": "herding", "stop_after": null, "tag": "", "threads": 1, "train_fraction": 1.0, "weight_decay": 0.0}
[ft_e] backbone params=474,400 memory=raw x 200
  task 1 epoch 1/40 (99 it) ce=0.036 kd=0.000 [2s]
  task 1 epoch 10/40 (99 it) ce=0.003 kd=0.000 [6s]
  task 1 epoch 20/40 (99 it) ce=0.000 kd=0.000 [11s]
  task 1 epoch 30/40 (99 it) ce=0.000 kd=0.000 [16s]
  task 1 epoch 40/40 (99 it) ce=0.000 kd=0.000 [21s]
after task 1: acc=99.95 per-task=[100.0] [21s]
  task 2 epoch 1/40 (97 it) ce=0.391 kd=0.000 [22s]
  task 2 epoch 10/40 (97 it) ce=0.001 kd=0.000 [27s]
  task 2 epoch 20/40 (97 it) ce=0.000 kd=0.000 [32s]
  task 2 epoch 30/40 (97 it) ce=0.000 kd=0.000 [37s]
  task 2 epoch 40/40 (97 it) ce=0.000 kd=0.000 [43s]
after task 2: acc=97.88 per-task=[96.2, 99.6] [43s]
  task 3 epoch 1/40 (90 it) ce=0.498 kd=0.000 [43s]
  task 3 epoch 10/40 (90 it) ce=0.000 kd=0.000 [48s]
  task 3 epoch 20/40 (90 it) ce=0.000 kd=0.000 [53s]
  task 3 epoch 30/40 (90 it) ce=0.000 kd=0.000 [58s]
  task 3 epoch 40/40 (90 it) ce=0.000 kd=0.000 [63s]
after task 3: acc=89.19 per-task=[91.5, 77.0, 99.8] [63s]
  task 4 epoch 1/40 (97 it) ce=0.433 kd=0.000 [63s]
  task 4 epoch 10/40 (97 it) ce=0.000 kd=0.000 [68s]
  task 4 epoch 20/40 (97 it) ce=0.000 kd=0.000 [74s]
  task 4 epoch 30/40 (97 it) ce=0.000 kd=0.000 [79s]
  task 4 epoch 40/40 (97 it) ce=0.000 kd=0.000 [85s]
after task 4: acc=82.94 per-task=[84.2, 72.0, 75.5, 99.8] [85s]
  task 5 epoch 1/40 (94 it) ce=0.427 kd=0.000 [85s]
  task 5 epoch 10/40 (94 it) ce=0.001 kd=0.000 [90s]
  task 5 epoch 20/40 (94 it) ce=0.000 kd=0.000 [95s]
  task 5 epoch 30/40 (94 it) ce=0.000 kd=0.000 [101s]
  task 5 epoch 40/40 (94 it) ce=0.000 kd=0.000 [106s]
after task 5: acc=71.04 per-task=[77.0, 54.3, 56.1, 67.5, 99.6] [106s]
FINAL mnist ft_e seed=0: final acc=71.04 avg inc acc=88.20 time=1.8min
