benchmark mnist(5/2) input=(1, 28, 28) method=ft_e seed=1
args: {"alpha_mem": 1.0, "alpha_x": 1.0, "alpha_z": 0.01, "augment": false, "batch_size": 128, "bf16": false, "class_order": "natural", "crop_pad": 4, "data_root": "data", "dataset": "mnist", "decoder_in_budget": 0, "decoder_width": 1.0, "distill_norm": "sq", "enc_pool": 4, "epochs": 40, "eval_batch": 1000, "flush_denormal": 1, "kd_lambda": 1.0, "kd_temperature": 2.0, "lam": 0.3, "lam_recon_new": 1.0, "latent_bits": 32, "latent_dim": 20, "log_every": 10, "lr": 0.001, "lr_schedule": "cosine", "memorize_epochs": 20, "memorize_lr": 0.001, "memorize_steps": null, "memory_kind": "latent", "memory_mode": "frozen", "method": "ft_e", "momentum": 0.9, "n_exemplars": 200, "n_tasks": null, "out": "results", "raw_exemplars": 200, "recon_new_source": "current", "rfa_damping": 0.0, "rfa_dt": 0.01, "rfa_mass": 1.0, "rfa_softening": 0.001, "rfa_steps": 20000, "rfa_target": 5.0, "rfa_zeta": 1.0, "seed": 1, "selection": "herding", "stop_after": null, "tag": "", "threads": 1, "train_fraction": 1.0, "weight_decay": 0.0}
[ft_e] backbone params=474,400 memory=raw x 200
  task 1 epoch 1/40 (99 it) ce=0.035 kd=0.000 [2s]
  task 1 epoch 10/40 (99 it) ce=0.000 kd=0.000 [6s]
  task 1 epoch 20/40 (99 it) ce=0.000 kd=0.000 [11s]
  task 1 epoch 30/40 (99 it) ce=0.000 kd=0.000 [16s]
  task 1 epoch 40/40 (99 it) ce=0.000 kd=0.000 [21s]
after task 1: acc=99.95 per-task=[100.0] [21s]
  task 2 epoch 1/40 (189 it) ce=0.162 kd=0.000 [22s]
  task 2 epoch 10/40 (189 it) ce=0.000 kd=0.000 [32s]
  task 2 epoch 20/40 (189 it) ce=0.000 kd=0.000 [42s]
  task 2 epoch 30/40 (189 it) ce=0.000 kd=0.000 [52s]
  task 2 epoch 40/40 (189 it) ce=0.000 kd=0.000 [62s]
after task 2: acc=98.15 per-task=[96.7, 99.6] [62s]
  task 3 epoch 1/40 (262 it) ce=0.101 kd=0.000 [64s]
  task 3 epoch 10/40 (262 it) ce=0.000 kd=0.000 [77s]
  task 3 epoch 20/40 (262 it) ce=0.000 kd=0.000 [91s]
  task 3 epoch 30/40 (262 it) ce=0.000 kd=0.000 [106s]
  task 3 epoch 40/40 (262 it) ce=0.000 kd=0.000 [120s]
after task 3: acc=92.47 per-task=[94.4, 83.8, 99.7] [120s]
  task 4 epoch 1/40 (381 it) ce=0.041 kd=0.000 [122s]
  task 4 epoch 10/40 (381 it) ce=0.000 kd=0.000 [141s]
  task 4 epoch 20/40 (381 it) ce=0.000 kd=0.000 [162s]
  task 4 epoch 30/40 (381 it) ce=0.000 kd=0.000 [183s]
  task 4 epoch 40/40 (381 it) ce=0.000 kd=0.000 [204s]
after task 4: acc=87.59 per-task=[87.8, 79.4, 83.5, 99.6] [204s]
  task 5 epoch 1/40 (454 it) ce=0.039 kd=0.000 [207s]
  task 5 epoch 10/40 (454 it) ce=0.000 kd=0.000 [229s]
  task 5 epoch 20/40 (454 it) ce=0.000 kd=0.000 [254s]
  task 5 epoch 30/40 (454 it) ce=0.000 kd=0.000 [279s]
  task 5 epoch 40/40 (454 it) ce=0.000 kd=0.000 [304s]
after task 5: acc=76.09 per-task=[80.3, 63.4, 64.0, 72.4, 99.8] [304s]
FINAL mnist ft_e seed=1: final acc=76.09 avg inc acc=90.85 time=5.1min
