benchmark mnist(5/2) input=(1, 28, 28) method=ft_e seed=1
args: {"alpha_kd": 0.0, "alpha_mem": 1.0, "alpha_x": 1.0, "alpha_z": 0.01, "augment": false, "balanced_ft_epochs": 30, "balanced_ft_lr_scale": 0.1, "batch_size": 128, "bf16": false, "class_order": "natural", "cls_dim": 64, "crop_pad": 4, "data_root": "data", "dataset": "mnist", "decoder_in_budget": 0, "decoder_width": 1.0, "distill_norm": "sq", "enc_pool": 4, "epochs": 40, "eval_batch": 1000, "flush_denormal": 1, "hf_sigma": 1.0, "hf_transplant": 0.0, "input_blur": 0.0, "kd_lambda": 1.0, "kd_scale": 0.25, "kd_temperature": 2.0, "lam": 0.3, "lam_recon_new": 0.0, "lat_real_first": 0, "latent_bits": 32, "latent_dim": 20, "latent_domain": "input", "latent_kind": "vector", "log_every": 10, "lr": 0.001, "lr_schedule": "cosine", "memorize_codes": 0, "memorize_epochs": 20, "memorize_lr": 0.001, "memorize_steps": null, "memory_kind": "latent", "memory_mode": "frozen", "method": "ft_e", "momentum": 0.9, "n_exemplars": 200, "n_tasks": null, "out": "results", "raw_exemplars": 200, "recon_new_source": "current", "replay_sampling": "union", "resume": null, "rfa_damping": 0.0, "rfa_dt": 0.01, "rfa_jitter": 0.0, "rfa_mass": 1.0, "rfa_softening": 0.001, "rfa_steps": 20000, "rfa_target": 5.0, "rfa_zeta": 1.0, "save_ckpt": 0, "seed": 1, "selection": "herding", "stop_after": null, "tag": "bft30", "threads": 1, "train_fraction": 1.0, "val_fraction": 0.0, "weight_decay": 0.0}
[ft_e] backbone params=474,400 memory=raw x 200
  task 1 epoch 1/40 (99 it) ce=0.035 kd=0.000 [7s]
  task 1 epoch 10/40 (99 it) ce=0.000 kd=0.000 [27s]
  task 1 epoch 20/40 (99 it) ce=0.000 kd=0.000 [59s]
  task 1 epoch 30/40 (99 it) ce=0.000 kd=0.000 [94s]
  task 1 epoch 40/40 (99 it) ce=0.000 kd=0.000 [129s]
after task 1: acc=99.95 per-task=[100.0] [129s]
  task 2 epoch 1/40 (97 it) ce=0.435 kd=0.000 [134s]
  task 2 epoch 10/40 (97 it) ce=0.001 kd=0.000 [166s]
  task 2 epoch 20/40 (97 it) ce=0.000 kd=0.000 [197s]
  task 2 epoch 30/40 (97 it) ce=0.000 kd=0.000 [228s]
  task 2 epoch 40/40 (97 it) ce=0.000 kd=0.000 [260s]
  task 2 balanced fine-tuning: 30 epochs on 200 exemplars, ce=0.000 [261s]
after task 2: acc=98.80 per-task=[98.1, 99.6] [262s]
  task 3 epoch 1/40 (90 it) ce=0.434 kd=0.000 [264s]
  task 3 epoch 10/40 (90 it) ce=0.000 kd=0.000 [286s]
  task 3 epoch 20/40 (90 it) ce=0.000 kd=0.000 [312s]
  task 3 epoch 30/40 (90 it) ce=0.000 kd=0.000 [335s]
  task 3 epoch 40/40 (90 it) ce=0.000 kd=0.000 [354s]
  task 3 balanced fine-tuning: 30 epochs on 198 exemplars, ce=0.000 [356s]
after task 3: acc=94.68 per-task=[96.7, 88.0, 99.7] [356s]
  task 4 epoch 1/40 (97 it) ce=0.359 kd=0.000 [358s]
