benchmark mnist(5/2) input=(1, 28, 28) method=ft_e seed=0
args: {"ahr_epoch": "new", "alpha_kd": 0.0, "alpha_mem": 1.0, "alpha_x": 1.0, "alpha_z": 0.01, "augment": false, "balanced_ft_epochs": 0, "balanced_ft_lr_scale": 0.1, "batch_size": 128, "bf16": false, "class_order": "natural", "cls_dim": 64, "crop_pad": 4, "data_root": "data", "dataset": "mnist", "decoder_in_budget": 0, "decoder_width": 1.0, "distill_norm": "sq", "enc_pool": 4, "epochs": 40, "eval_batch": 1000, "flush_denormal": 1, "herd_space": "encoder", "hf_sigma": 1.0, "hf_transplant": 0.0, "input_blur": 0.0, "kd_form": "kl", "kd_lambda": 1.0, "kd_scale": 0.25, "kd_temperature": 2.0, "lam": 0.3, "lam_recon_new": 0.0, "lat_real_first": 0, "latent_bits": 32, "latent_dim": 20, "latent_domain": "input", "latent_kind": "vector", "log_every": 10, "lr": 0.001, "lr_schedule": "cosine", "memorize_codes": 0, "memorize_epochs": 20, "memorize_lr": 0.001, "memorize_steps": null, "memory_kind": "latent", "memory_mode": "frozen", "method": "ft_e", "momentum": 0.9, "n_exemplars": 7840, "n_tasks": null, "out": "results", "pad_mode": "constant", "raw_exemplars": 200, "recon_latent": "split", "recon_new_source": "current", "replay_sampling": "union", "resume": null, "rfa_damping": 0.0, "rfa_dt": 0.01, "rfa_jitter": 0.0, "rfa_mass": 1.0, "rfa_softening": 0.001, "rfa_steps": 20000, "rfa_target": 5.0, "rfa_zeta": 1.0, "save_ckpt": 0, "seed": 0, "selection": "herding", "stop_after": null, "tag": "n7840", "threads": 1, "train_fraction": 1.0, "val_fraction": 0.0, "weight_decay": 0.0}
[ft_e] backbone params=474,400 memory=raw x 7840
  task 1 epoch 1/40 (99 it) ce=0.036 kd=0.000 [2s]
  task 1 epoch 10/40 (99 it) ce=0.003 kd=0.000 [6s]
  task 1 epoch 20/40 (99 it) ce=0.000 kd=0.000 [11s]
  task 1 epoch 30/40 (99 it) ce=0.000 kd=0.000 [16s]
  task 1 epoch 40/40 (99 it) ce=0.000 kd=0.000 [22s]
after task 1: acc=99.95 per-task=[100.0] [22s]
  task 2 epoch 1/40 (156 it) ce=0.204 kd=0.000 [23s]
  task 2 epoch 10/40 (156 it) ce=0.000 kd=0.000 [30s]
  task 2 epoch 20/40 (156 it) ce=0.000 kd=0.000 [39s]
  task 2 epoch 30/40 (156 it) ce=0.000 kd=0.000 [47s]
  task 2 epoch 40/40 (156 it) ce=0.000 kd=0.000 [56s]
after task 2: acc=99.52 per-task=[99.6, 99.4] [56s]
  task 3 epoch 1/40 (150 it) ce=0.240 kd=0.000 [57s]
  task 3 epoch 10/40 (150 it) ce=0.000 kd=0.000 [64s]
  task 3 epoch 20/40 (150 it) ce=0.000 kd=0.000 [72s]
  task 3 epoch 30/40 (150 it) ce=0.000 kd=0.000 [80s]
  task 3 epoch 40/40 (150 it) ce=0.000 kd=0.000 [89s]
after task 3: acc=98.89 per-task=[99.1, 98.2, 99.4] [89s]
  task 4 epoch 1/40 (157 it) ce=0.183 kd=0.000 [90s]
  task 4 epoch 10/40 (157 it) ce=0.000 kd=0.000 [97s]
  task 4 epoch 20/40 (157 it) ce=0.000 kd=0.000 [106s]
  task 4 epoch 30/40 (157 it) ce=0.000 kd=0.000 [115s]
  task 4 epoch 40/40 (157 it) ce=0.000 kd=0.000 [123s]
after task 4: acc=98.32 per-task=[98.5, 97.5, 97.9, 99.3] [123s]
  task 5 epoch 1/40 (154 it) ce=0.217 kd=0.000 [124s]
  task 5 epoch 10/40 (154 it) ce=0.001 kd=0.000 [132s]
  task 5 epoch 20/40 (154 it) ce=0.000 kd=0.000 [140s]
  task 5 epoch 30/40 (154 it) ce=0.000 kd=0.000 [149s]
  task 5 epoch 40/40 (154 it) ce=0.000 kd=0.000 [157s]
after task 5: acc=96.70 per-task=[97.9, 94.7, 95.3, 96.6, 98.9] [157s]
FINAL mnist ft_e seed=0: final acc=96.70 avg inc acc=98.68 time=2.6min
