benchmark mnist(5/2) input=(1, 28, 28) method=ft_e seed=0
args: {"ahr_epoch": "new", "alpha_kd": 0.0, "alpha_mem": 1.0, "alpha_x": 1.0, "alpha_z": 0.01, "augment": false, "balanced_ft_epochs": 0, "balanced_ft_lr_scale": 0.1, "batch_size": 128, "bf16": false, "class_order": "natural", "cls_dim": 64, "crop_pad": 4, "data_root": "data", "dataset": "mnist", "decoder_in_budget": 0, "decoder_width": 1.0, "distill_norm": "sq", "enc_pool": 4, "epochs": 40, "eval_batch": 1000, "flush_denormal": 1, "herd_space": "encoder", "hf_sigma": 1.0, "hf_transplant": 0.0, "input_blur": 0.0, "kd_form": "kl", "kd_lambda": 1.0, "kd_scale": 0.25, "kd_temperature": 2.0, "lam": 0.3, "lam_recon_new": 0.0, "lat_real_first": 0, "latent_bits": 32, "latent_dim": 20, "latent_domain": "input", "latent_kind": "vector", "log_every": 10, "lr": 0.001, "lr_schedule": "cosine", "memorize_codes": 0, "memorize_epochs": 20, "memorize_lr": 0.001, "memorize_steps": null, "memory_kind": "latent", "memory_mode": "frozen", "method": "ft_e", "momentum": 0.9, "n_exemplars": 1000, "n_tasks": null, "out": "results", "pad_mode": "constant", "raw_exemplars": 200, "recon_latent": "split", "recon_new_source": "current", "replay_sampling": "union", "resume": null, "rfa_damping": 0.0, "rfa_dt": 0.01, "rfa_jitter": 0.0, "rfa_mass": 1.0, "rfa_softening": 0.001, "rfa_steps": 20000, "rfa_target": 5.0, "rfa_zeta": 1.0, "save_ckpt": 0, "seed": 0, "selection": "herding", "stop_after": null, "tag": "n1000", "threads": 1, "train_fraction": 1.0, "val_fraction": 0.0, "weight_decay": 0.0}
[ft_e] backbone params=474,400 memory=raw x 1000
  task 1 epoch 1/40 (99 it) ce=0.036 kd=0.000 [2s]
  task 1 epoch 10/40 (99 it) ce=0.003 kd=0.000 [7s]
  task 1 epoch 20/40 (99 it) ce=0.000 kd=0.000 [13s]
  task 1 epoch 30/40 (99 it) ce=0.000 kd=0.000 [19s]
  task 1 epoch 40/40 (99 it) ce=0.000 kd=0.000 [25s]
after task 1: acc=99.95 per-task=[100.0] [25s]
  task 2 epoch 1/40 (103 it) ce=0.381 kd=0.000 [26s]
  task 2 epoch 10/40 (103 it) ce=0.002 kd=0.000 [36s]
  task 2 epoch 20/40 (103 it) ce=0.000 kd=0.000 [45s]
  task 2 epoch 30/40 (103 it) ce=0.000 kd=0.000 [52s]
  task 2 epoch 40/40 (103 it) ce=0.000 kd=0.000 [58s]
after task 2: acc=99.13 per-task=[98.6, 99.7] [58s]
  task 3 epoch 1/40 (96 it) ce=0.502 kd=0.000 [59s]
  task 3 epoch 10/40 (96 it) ce=0.000 kd=0.000 [64s]
  task 3 epoch 20/40 (96 it) ce=0.000 kd=0.000 [70s]
  task 3 epoch 30/40 (96 it) ce=0.000 kd=0.000 [77s]
  task 3 epoch 40/40 (96 it) ce=0.000 kd=0.000 [83s]
after task 3: acc=96.95 per-task=[97.5, 93.8, 99.8] [84s]
  task 4 epoch 1/40 (103 it) ce=0.311 kd=0.000 [84s]
  task 4 epoch 10/40 (103 it) ce=0.000 kd=0.000 [90s]
  task 4 epoch 20/40 (103 it) ce=0.000 kd=0.000 [97s]
  task 4 epoch 30/40 (103 it) ce=0.000 kd=0.000 [103s]
  task 4 epoch 40/40 (103 it) ce=0.000 kd=0.000 [110s]
after task 4: acc=94.42 per-task=[95.4, 89.9, 93.1, 99.4] [110s]
  task 5 epoch 1/40 (100 it) ce=0.393 kd=0.000 [111s]
  task 5 epoch 10/40 (100 it) ce=0.001 kd=0.000 [116s]
  task 5 epoch 20/40 (100 it) ce=0.000 kd=0.000 [122s]
  task 5 epoch 30/40 (100 it) ce=0.000 kd=0.000 [128s]
  task 5 epoch 40/40 (100 it) ce=0.000 kd=0.000 [133s]
after task 5: acc=89.84 per-task=[93.5, 84.5, 82.6, 88.8, 99.3] [133s]
FINAL mnist ft_e seed=0: final acc=89.84 avg inc acc=96.06 time=2.2min
