benchmark mnist(5/2) input=(1, 28, 28) method=ft_e seed=0
args: {"alpha_mem": 1.0, "alpha_x": 1.0, "alpha_z": 0.01, "augment": false, "batch_size": 128, "bf16": false, "class_order": "natural", "crop_pad": 4, "data_root": "data", "dataset": "mnist", "decoder_in_budget": 0, "decoder_width": 1.0, "distill_norm": "sq", "enc_pool": 4, "epochs": 40, "eval_batch": 1000, "flush_denormal": 1, "kd_lambda": 1.0, "kd_temperature": 2.0, "lam": 0.3, "lam_recon_new": 1.0, "latent_bits": 32, "latent_dim": 20, "log_every": 10, "lr": 0.001, "lr_schedule": "cosine", "memorize_epochs": 20, "memorize_lr": 0.001, "memorize_steps": null, "memory_kind": "latent", "memory_mode": "frozen", "method": "ft_e", "momentum": 0.9, "n_exemplars": 200, "n_tasks": null, "out": "results", "raw_exemplars": 200, "recon_new_source": "current", "rfa_damping": 0.0, "rfa_dt": 0.01, "rfa_mass": 1.0, "rfa_softening": 0.001, "rfa_steps": 20000, "rfa_target": 5.0, "rfa_zeta": 1.0, "seed": 0, "selection": "herding", "stop_after": null, "tag": "", "threads": 1, "train_fraction": 1.0, "weight_decay": 0.0}
[ft_e] backbone params=474,400 memory=raw x 200
  task 1 epoch 1/40 (99 it) ce=0.036 kd=0.000 [2s]
  task 1 epoch 10/40 (99 it) ce=0.003 kd=0.000 [6s]
  task 1 epoch 20/40 (99 it) ce=0.000 kd=0.000 [11s]
  task 1 epoch 30/40 (99 it) ce=0.000 kd=0.000 [16s]
  task 1 epoch 40/40 (99 it) ce=0.000 kd=0.000 [21s]
after task 1: acc=99.95 per-task=[100.0] [21s]
  task 2 epoch 1/40 (189 it) ce=0.152 kd=0.000 [22s]
  task 2 epoch 10/40 (189 it) ce=0.000 kd=0.000 [31s]
  task 2 epoch 20/40 (189 it) ce=0.000 kd=0.000 [42s]
  task 2 epoch 30/40 (189 it) ce=0.000 kd=0.000 [52s]
  task 2 epoch 40/40 (189 it) ce=0.000 kd=0.000 [63s]
after task 2: acc=98.46 per-task=[97.4, 99.5] [63s]
  task 3 epoch 1/40 (262 it) ce=0.094 kd=0.000 [64s]
  task 3 epoch 10/40 (262 it) ce=0.000 kd=0.000 [77s]
  task 3 epoch 20/40 (262 it) ce=0.000 kd=0.000 [92s]
  task 3 epoch 30/40 (262 it) ce=0.000 kd=0.000 [107s]
  task 3 epoch 40/40 (262 it) ce=0.000 kd=0.000 [122s]
after task 3: acc=92.65 per-task=[93.9, 84.8, 99.9] [122s]
  task 4 epoch 1/40 (381 it) ce=0.045 kd=0.000 [124s]
  task 4 epoch 10/40 (381 it) ce=0.000 kd=0.000 [143s]
  task 4 epoch 20/40 (381 it) ce=0.000 kd=0.000 [163s]
  task 4 epoch 30/40 (381 it) ce=0.000 kd=0.000 [184s]
  task 4 epoch 40/40 (381 it) ce=0.000 kd=0.000 [205s]
after task 4: acc=87.60 per-task=[88.4, 79.8, 82.4, 99.6] [205s]
  task 5 epoch 1/40 (454 it) ce=0.045 kd=0.000 [207s]
  task 5 epoch 10/40 (454 it) ce=0.001 kd=0.000 [229s]
  task 5 epoch 20/40 (454 it) ce=0.000 kd=0.000 [254s]
  task 5 epoch 30/40 (454 it) ce=0.000 kd=0.000 [279s]
  task 5 epoch 40/40 (454 it) ce=0.000 kd=0.000 [304s]
after task 5: acc=74.11 per-task=[79.2, 63.1, 52.2, 75.2, 99.6] [304s]
FINAL mnist ft_e seed=0: final acc=74.11 avg inc acc=90.56 time=5.1min
