benchmark mnist(5/2) input=(1, 28, 28) method=ft_e seed=0
args: {"alpha_kd": 0.0, "alpha_mem": 1.0, "alpha_x": 1.0, "alpha_z": 0.01, "augment": false, "balanced_ft_epochs": 30, "balanced_ft_lr_scale": 0.1, "batch_size": 128, "bf16": false, "class_order": "natural", "cls_dim": 64, "crop_pad": 4, "data_root": "data", "dataset": "mnist", "decoder_in_budget": 0, "decoder_width": 1.0, "distill_norm": "sq", "enc_pool": 4, "epochs": 40, "eval_batch": 1000, "flush_denormal": 1, "hf_sigma": 1.0, "hf_transplant": 0.0, "input_blur": 0.0, "kd_lambda": 1.0, "kd_scale": 0.25, "kd_temperature": 2.0, "lam": 0.3, "lam_recon_new": 0.0, "lat_real_first": 0, "latent_bits": 32, "latent_dim": 20, "latent_domain": "input", "latent_kind": "vector", "log_every": 10, "lr": 0.001, "lr_schedule": "cosine", "memorize_codes": 0, "memorize_epochs": 20, "memorize_lr": 0.001, "memorize_steps": null, "memory_kind": "latent", "memory_mode": "frozen", "method": "ft_e", "momentum": 0.9, "n_exemplars": 200, "n_tasks": null, "out": "results", "raw_exemplars": 200, "recon_new_source": "current", "replay_sampling": "union", "resume": null, "rfa_damping": 0.0, "rfa_dt": 0.01, "rfa_jitter": 0.0, "rfa_mass": 1.0, "rfa_softening": 0.001, "rfa_steps": 20000, "rfa_target": 5.0, "rfa_zeta": 1.0, "save_ckpt": 0, "seed": 0, "selection": "herding", "stop_after": null, "tag": "bft30", "threads": 1, "train_fraction": 1.0, "val_fraction": 0.0, "weight_decay": 0.0}
[ft_e] backbone params=474,400 memory=raw x 200
  task 1 epoch 1/40 (99 it) ce=0.036 kd=0.000 [5s]
  task 1 epoch 10/40 (99 it) ce=0.003 kd=0.000 [27s]
  task 1 epoch 20/40 (99 it) ce=0.000 kd=0.000 [59s]
  task 1 epoch 30/40 (99 it) ce=0.000 kd=0.000 [94s]
  task 1 epoch 40/40 (99 it) ce=0.000 kd=0.000 [128s]
after task 1: acc=99.95 per-task=[100.0] [128s]
  task 2 epoch 1/40 (97 it) ce=0.391 kd=0.000 [132s]
  task 2 epoch 10/40 (97 it) ce=0.001 kd=0.000 [163s]
  task 2 epoch 20/40 (97 it) ce=0.000 kd=0.000 [190s]
  task 2 epoch 30/40 (97 it) ce=0.000 kd=0.000 [216s]
  task 2 epoch 40/40 (97 it) ce=0.000 kd=0.000 [244s]
  task 2 balanced fine-tuning: 30 epochs on 200 exemplars, ce=0.000 [246s]
after task 2: acc=99.11 per-task=[99.0, 99.2] [246s]
  task 3 epoch 1/40 (90 it) ce=0.516 kd=0.000 [249s]
  task 3 epoch 10/40 (90 it) ce=0.000 kd=0.000 [274s]
  task 3 epoch 20/40 (90 it) ce=0.000 kd=0.000 [302s]
  task 3 epoch 30/40 (90 it) ce=0.000 kd=0.000 [324s]
  task 3 epoch 40/40 (90 it) ce=0.000 kd=0.000 [346s]
  task 3 balanced fine-tuning: 30 epochs on 198 exemplars, ce=0.000 [348s]
after task 3: acc=94.78 per-task=[96.9, 88.1, 99.7] [348s]
  task 4 epoch 1/40 (97 it) ce=0.244 kd=0.000 [351s]
  task 4 epoch 10/40 (97 it) ce=0.000 kd=0.000 [375s]
  task 4 epoch 20/40 (97 it) ce=0.000 kd=0.000 [396s]
  task 4 epoch 30/40 (97 it) ce=0.000 kd=0.000 [418s]
  task 4 epoch 40/40 (97 it) ce=0.000 kd=0.000 [441s]
  task 4 balanced fine-tuning: 30 epochs on 200 exemplars, ce=0.000 [443s]
after task 4: acc=91.19 per-task=[92.2, 82.5, 90.8, 99.3] [443s]
  task 5 epoch 1/40 (94 it) ce=0.430 kd=0.000 [445s]
  task 5 epoch 10/40 (94 it) ce=0.001 kd=0.000 [466s]
  task 5 epoch 20/40 (94 it) ce=0.000 kd=0.000 [490s]
  task 5 epoch 30/40 (94 it) ce=0.000 kd=0.000 [518s]
  task 5 epoch 40/40 (94 it) ce=0.000 kd=0.000 [543s]
  task 5 balanced fine-tuning: 30 epochs on 200 exemplars, ce=0.000 [545s]
after task 5: acc=84.21 per-task=[86.7, 73.5, 74.4, 87.1, 99.0] [545s]
FINAL mnist ft_e seed=0: final acc=84.21 avg inc acc=93.85 time=9.1min
