benchmark mnist(5/2) input=(1, 28, 28) method=ft_e seed=1
args: {"alpha_kd": 0.0, "alpha_mem": 1.0, "alpha_x": 1.0, "alpha_z": 0.01, "augment": false, "batch_size": 128, "bf16": false, "class_order": "natural", "crop_pad": 4, "data_root": "data", "dataset": "mnist", "decoder_in_budget": 0, "decoder_width": 1.0, "distill_norm": "sq", "enc_pool": 4, "epochs": 40, "eval_batch": 1000, "flush_denormal": 1, "kd_lambda": 1.0, "kd_scale": 0.25, "kd_temperature": 2.0, "lam": 0.3, "lam_recon_new": 1.0, "latent_bits": 32, "latent_dim": 20, "log_every": 10, "lr": 0.001, "lr_schedule": "cosine", "memorize_epochs": 20, "memorize_lr": 0.001, "memorize_steps": null, "memory_kind": "latent", "memory_mode": "frozen", "method": "ft_e", "momentum": 0.9, "n_exemplars": 200, "n_tasks": null, "out": "results", "raw_exemplars": 200, "recon_new_source": "current", "replay_sampling": "union", "rfa_damping": 0.0, "rfa_dt": 0.01, "rfa_mass": 1.0, "rfa_softening": 0.001, "rfa_steps": 20000, "rfa_target": 5.0, "rfa_zeta": 1.0, "seed": 1, "selection": "herding", "stop_after": null, "tag": "", "threads": 1, "train_fraction": 1.0, "weight_decay": 0.0}
[ft_e] backbone params=474,400 memory=raw x 200
  task 1 epoch 1/40 (99 it) ce=0.035 kd=0.000 [2s]
  task 1 epoch 10/40 (99 it) ce=0.000 kd=0.000 [6s]
  task 1 epoch 20/40 (99 it) ce=0.000 kd=0.000 [11s]
  task 1 epoch 30/40 (99 it) ce=0.000 kd=0.000 [17s]
  task 1 epoch 40/40 (99 it) ce=0.000 kd=0.000 [22s]
after task 1: acc=99.95 per-task=[100.0] [22s]
  task 2 epoch 1/40 (97 it) ce=0.435 kd=0.000 [23s]
  task 2 epoch 10/40 (97 it) ce=0.001 kd=0.000 [28s]
  task 2 epoch 20/40 (97 it) ce=0.000 kd=0.000 [33s]
  task 2 epoch 30/40 (97 it) ce=0.000 kd=0.000 [38s]
  task 2 epoch 40/40 (97 it) ce=0.000 kd=0.000 [43s]
after task 2: acc=97.04 per-task=[94.5, 99.7] [43s]
  task 3 epoch 1/40 (90 it) ce=0.459 kd=0.000 [44s]
  task 3 epoch 10/40 (90 it) ce=0.000 kd=0.000 [48s]
  task 3 epoch 20/40 (90 it) ce=0.000 kd=0.000 [53s]
  task 3 epoch 30/40 (90 it) ce=0.000 kd=0.000 [59s]
  task 3 epoch 40/40 (90 it) ce=0.000 kd=0.000 [64s]
after task 3: acc=89.92 per-task=[92.0, 78.7, 99.8] [64s]
  task 4 epoch 1/40 (97 it) ce=0.394 kd=0.000 [64s]
  task 4 epoch 10/40 (97 it) ce=0.000 kd=0.000 [69s]
  task 4 epoch 20/40 (97 it) ce=0.000 kd=0.000 [75s]
  task 4 epoch 30/40 (97 it) ce=0.000 kd=0.000 [80s]
  task 4 epoch 40/40 (97 it) ce=0.000 kd=0.000 [85s]
after task 4: acc=85.39 per-task=[89.3, 77.5, 74.3, 99.8] [85s]
  task 5 epoch 1/40 (94 it) ce=0.393 kd=0.000 [86s]
  task 5 epoch 10/40 (94 it) ce=0.001 kd=0.000 [91s]
  task 5 epoch 20/40 (94 it) ce=0.000 kd=0.000 [96s]
  task 5 epoch 30/40 (94 it) ce=0.000 kd=0.000 [101s]
  task 5 epoch 40/40 (94 it) ce=0.000 kd=0.000 [106s]
after task 5: acc=71.75 per-task=[82.6, 59.2, 45.5, 70.0, 99.6] [106s]
FINAL mnist ft_e seed=1: final acc=71.75 avg inc acc=88.81 time=1.8min
