benchmark mnist(5/2) input=(1, 28, 28) method=ft seed=1
args: {"alpha_mem": 1.0, "alpha_x": 1.0, "alpha_z": 0.01, "augment": false, "batch_size": 128, "bf16": false, "class_order": "natural", "crop_pad": 4, "data_root": "data", "dataset": "mnist", "decoder_in_budget": 0, "decoder_width": 1.0, "distill_norm": "sq", "enc_pool": 4, "epochs": 40, "eval_batch": 1000, "flush_denormal": 1, "kd_lambda": 1.0, "kd_temperature": 2.0, "lam": 0.3, "lam_recon_new": 1.0, "latent_bits": 32, "latent_dim": 20, "log_every": 10, "lr": 0.001, "lr_schedule": "cosine", "memorize_epochs": 20, "memorize_lr": 0.001, "memorize_steps": null, "memory_kind": "latent", "memory_mode": "frozen", "method": "ft", "momentum": 0.9, "n_exemplars": 0, "n_tasks": null, "out": "results", "raw_exemplars": 200, "recon_new_source": "current", "rfa_damping": 0.0, "rfa_dt": 0.01, "rfa_mass": 1.0, "rfa_softening": 0.001, "rfa_steps": 20000, "rfa_target": 5.0, "rfa_zeta": 1.0, "seed": 1, "selection": "herding", "stop_after": null, "tag": "", "threads": 1, "train_fraction": 1.0, "weight_decay": 0.0}
[ft] backbone params=474,400
  task 1 epoch 1/40 (99 it) ce=0.035 kd=0.000 [2s]
  task 1 epoch 10/40 (99 it) ce=0.000 kd=0.000 [7s]
  task 1 epoch 20/40 (99 it) ce=0.000 kd=0.000 [12s]
  task 1 epoch 30/40 (99 it) ce=0.000 kd=0.000 [17s]
  task 1 epoch 40/40 (99 it) ce=0.000 kd=0.000 [22s]
after task 1: acc=99.95 per-task=[100.0] [22s]
  task 2 epoch 1/40 (95 it) ce=0.410 kd=0.000 [23s]
  task 2 epoch 10/40 (95 it) ce=0.003 kd=0.000 [27s]
  task 2 epoch 20/40 (95 it) ce=0.000 kd=0.000 [32s]
  task 2 epoch 30/40 (95 it) ce=0.000 kd=0.000 [37s]
  task 2 epoch 40/40 (95 it) ce=0.000 kd=0.000 [43s]
after task 2: acc=48.91 per-task=[0.0, 99.6] [43s]
  task 3 epoch 1/40 (88 it) ce=0.724 kd=0.000 [43s]
  task 3 epoch 10/40 (88 it) ce=0.000 kd=0.000 [48s]
  task 3 epoch 20/40 (88 it) ce=0.000 kd=0.000 [53s]
  task 3 epoch 30/40 (88 it) ce=0.000 kd=0.000 [58s]
  task 3 epoch 40/40 (88 it) ce=0.000 kd=0.000 [63s]
after task 3: acc=31.01 per-task=[0.0, 0.0, 99.8] [63s]
  task 4 epoch 1/40 (96 it) ce=0.803 kd=0.000 [64s]
  task 4 epoch 10/40 (96 it) ce=0.000 kd=0.000 [69s]
  task 4 epoch 20/40 (96 it) ce=0.000 kd=0.000 [75s]
  task 4 epoch 30/40 (96 it) ce=0.000 kd=0.000 [80s]
  task 4 epoch 40/40 (96 it) ce=0.000 kd=0.000 [86s]
after task 4: acc=24.75 per-task=[0.0, 0.0, 0.0, 99.9] [86s]
  task 5 epoch 1/40 (93 it) ce=1.307 kd=0.000 [87s]
  task 5 epoch 10/40 (93 it) ce=0.001 kd=0.000 [92s]
  task 5 epoch 20/40 (93 it) ce=0.000 kd=0.000 [97s]
  task 5 epoch 30/40 (93 it) ce=0.000 kd=0.000 [103s]
  task 5 epoch 40/40 (93 it) ce=0.000 kd=0.000 [109s]
after task 5: acc=19.75 per-task=[0.0, 0.0, 0.0, 0.0, 99.6] [109s]
FINAL mnist ft seed=1: final acc=19.75 avg inc acc=44.87 time=1.8min
