benchmark mnist(5/2) input=(1, 28, 28) method=icarl seed=2
args: {"ahr_epoch": "new", "alpha_kd": 0.0, "alpha_mem": 1.0, "alpha_x": 1.0, "alpha_z": 0.01, "augment": false, "balanced_ft_epochs": 0, "balanced_ft_lr_scale": 0.1, "batch_size": 128, "bf16": false, "class_order": "natural", "cls_dim": 64, "crop_pad": 4, "data_root": "data", "dataset": "mnist", "decoder_in_budget": 0, "decoder_width": 1.0, "distill_norm": "sq", "enc_pool": 4, "epochs": 40, "eval_batch": 1000, "flush_denormal": 1, "herd_space": "encoder", "hf_sigma": 1.0, "hf_transplant": 0.0, "input_blur": 0.0, "kd_form": "bce", "kd_lambda": 1.0, "kd_scale": 0.25, "kd_temperature": 2.0, "lam": 0.3, "lam_recon_new": 0.0, "lat_real_first": 0, "latent_bits": 32, "latent_dim": 20, "latent_domain": "input", "latent_kind": "vector", "log_every": 10, "lr": 0.001, "lr_schedule": "cosine", "memorize_codes": 0, "memorize_epochs": 20, "memorize_lr": 0.001, "memorize_steps": null, "memory_kind": "latent", "memory_mode": "frozen", "method": "icarl", "momentum": 0.9, "n_exemplars": 200, "n_tasks": null, "out": "results", "pad_mode": "constant", "raw_exemplars": 200, "recon_latent": "split", "recon_new_source": "current", "replay_sampling": "union", "resume": null, "rfa_damping": 0.0, "rfa_dt": 0.01, "rfa_jitter": 0.0, "rfa_mass": 1.0, "rfa_softening": 0.001, "rfa_steps": 20000, "rfa_target": 5.0, "rfa_zeta": 1.0, "save_ckpt": 0, "seed": 2, "selection": "herding", "stop_after": null, "tag": "bce", "threads": 1, "train_fraction": 1.0, "val_fraction": 0.0, "weight_decay": 0.0}
[icarl] backbone params=474,400 memory=raw x 200
  task 1 epoch 1/40 (99 it) ce=0.040 kd=0.000 [2s]
  task 1 epoch 10/40 (99 it) ce=0.000 kd=0.000 [6s]
  task 1 epoch 20/40 (99 it) ce=0.000 kd=0.000 [11s]
  task 1 epoch 30/40 (99 it) ce=0.000 kd=0.000 [16s]
  task 1 epoch 40/40 (99 it) ce=0.000 kd=0.000 [21s]
after task 1: acc=99.95 per-task=[100.0] [22s]
  task 2 epoch 1/40 (97 it) ce=0.390 kd=0.430 [23s]
  task 2 epoch 10/40 (97 it) ce=0.003 kd=0.279 [29s]
  task 2 epoch 20/40 (97 it) ce=0.000 kd=0.292 [35s]
  task 2 epoch 30/40 (97 it) ce=0.000 kd=0.292 [41s]
  task 2 epoch 40/40 (97 it) ce=0.000 kd=0.278 [48s]
after task 2: acc=95.72 per-task=[99.2, 92.1] [48s]
  task 3 epoch 1/40 (90 it) ce=0.967 kd=0.653 [49s]
  task 3 epoch 10/40 (90 it) ce=0.001 kd=0.385 [55s]
  task 3 epoch 20/40 (90 it) ce=0.000 kd=0.384 [61s]
  task 3 epoch 30/40 (90 it) ce=0.000 kd=0.383 [67s]
  task 3 epoch 40/40 (90 it) ce=0.000 kd=0.383 [73s]
after task 3: acc=92.95 per-task=[99.0, 83.1, 96.9] [73s]
  task 4 epoch 1/40 (97 it) ce=1.056 kd=0.570 [74s]
  task 4 epoch 10/40 (97 it) ce=0.001 kd=0.336 [80s]
  task 4 epoch 20/40 (97 it) ce=0.000 kd=0.335 [86s]
  task 4 epoch 30/40 (97 it) ce=0.000 kd=0.334 [93s]
  task 4 epoch 40/40 (97 it) ce=0.000 kd=0.334 [100s]
after task 4: acc=92.09 per-task=[98.0, 86.0, 88.8, 95.1] [100s]
  task 5 epoch 1/40 (94 it) ce=1.191 kd=0.524 [101s]
  task 5 epoch 10/40 (94 it) ce=0.004 kd=0.324 [107s]
  task 5 epoch 20/40 (94 it) ce=0.001 kd=0.322 [113s]
  task 5 epoch 30/40 (94 it) ce=0.000 kd=0.322 [120s]
  task 5 epoch 40/40 (94 it) ce=0.000 kd=0.322 [126s]
after task 5: acc=88.68 per-task=[96.7, 86.3, 80.7, 86.1, 92.6] [126s]
FINAL mnist icarl seed=2: final acc=88.68 avg inc acc=93.88 time=2.1min
