benchmark mnist(5/2) input=(1, 28, 28) method=icarl seed=0
args: {"ahr_epoch": "new", "alpha_kd": 0.0, "alpha_mem": 1.0, "alpha_x": 1.0, "alpha_z": 0.01, "augment": false, "balanced_ft_epochs": 0, "balanced_ft_lr_scale": 0.1, "batch_size": 128, "bf16": false, "class_order": "natural", "cls_dim": 64, "crop_pad": 4, "data_root": "data", "dataset": "mnist", "decoder_in_budget": 0, "decoder_width": 1.0, "distill_norm": "sq", "enc_pool": 4, "epochs": 40, "eval_batch": 1000, "flush_denormal": 1, "herd_space": "encoder", "hf_sigma": 1.0, "hf_transplant": 0.0, "input_blur": 0.0, "kd_form": "kl", "kd_lambda": 1.0, "kd_scale": 0.25, "kd_temperature": 2.0, "lam": 0.3, "lam_recon_new": 0.0, "lat_real_first": 0, "latent_bits": 32, "latent_dim": 20, "latent_domain": "input", "latent_kind": "vector", "log_every": 10, "lr": 0.001, "lr_schedule": "cosine", "memorize_codes": 0, "memorize_epochs": 20, "memorize_lr": 0.001, "memorize_steps": null, "memory_kind": "latent", "memory_mode": "frozen", "method": "icarl", "momentum": 0.9, "n_exemplars": 7840, "n_tasks": null, "out": "results", "pad_mode": "constant", "raw_exemplars": 200, "recon_latent": "split", "recon_new_source": "current", "replay_sampling": "union", "resume": null, "rfa_damping": 0.0, "rfa_dt": 0.01, "rfa_jitter": 0.0, "rfa_mass": 1.0, "rfa_softening": 0.001, "rfa_steps": 20000, "rfa_target": 5.0, "rfa_zeta": 1.0, "save_ckpt": 0, "seed": 0, "selection": "herding", "stop_after": null, "tag": "n7840", "threads": 1, "train_fraction": 1.0, "val_fraction": 0.0, "weight_decay": 0.0}
[icarl] backbone params=474,400 memory=raw x 7840
  task 1 epoch 1/40 (99 it) ce=0.036 kd=0.000 [1s]
  task 1 epoch 10/40 (99 it) ce=0.003 kd=0.000 [6s]
  task 1 epoch 20/40 (99 it) ce=0.000 kd=0.000 [11s]
  task 1 epoch 30/40 (99 it) ce=0.000 kd=0.000 [16s]
  task 1 epoch 40/40 (99 it) ce=0.000 kd=0.000 [21s]
after task 1: acc=99.95 per-task=[100.0] [71s]
  task 2 epoch 1/40 (156 it) ce=0.238 kd=0.043 [72s]
  task 2 epoch 10/40 (156 it) ce=0.001 kd=0.002 [82s]
  task 2 epoch 20/40 (156 it) ce=0.000 kd=0.001 [92s]
  task 2 epoch 30/40 (156 it) ce=0.000 kd=0.000 [103s]
  task 2 epoch 40/40 (156 it) ce=0.000 kd=0.000 [113s]
after task 2: acc=98.77 per-task=[99.9, 97.6] [133s]
  task 3 epoch 1/40 (150 it) ce=0.304 kd=0.089 [134s]
  task 3 epoch 10/40 (150 it) ce=0.002 kd=0.010 [143s]
  task 3 epoch 20/40 (150 it) ce=0.000 kd=0.002 [153s]
  task 3 epoch 30/40 (150 it) ce=0.000 kd=0.000 [164s]
  task 3 epoch 40/40 (150 it) ce=0.000 kd=0.000 [174s]
after task 3: acc=97.84 per-task=[99.7, 97.7, 95.9] [187s]
  task 4 epoch 1/40 (157 it) ce=0.252 kd=0.096 [188s]
  task 4 epoch 10/40 (157 it) ce=0.003 kd=0.015 [198s]
  task 4 epoch 20/40 (157 it) ce=0.001 kd=0.005 [209s]
  task 4 epoch 30/40 (157 it) ce=0.000 kd=0.001 [219s]
  task 4 epoch 40/40 (157 it) ce=0.000 kd=0.001 [230s]
after task 4: acc=97.11 per-task=[99.5, 97.6, 96.4, 94.7] [240s]
  task 5 epoch 1/40 (154 it) ce=0.277 kd=0.093 [241s]
  task 5 epoch 10/40 (154 it) ce=0.007 kd=0.019 [251s]
  task 5 epoch 20/40 (154 it) ce=0.001 kd=0.005 [261s]
  task 5 epoch 30/40 (154 it) ce=0.001 kd=0.001 [272s]
  task 5 epoch 40/40 (154 it) ce=0.001 kd=0.001 [282s]
after task 5: acc=95.39 per-task=[99.3, 97.2, 93.2, 95.1, 91.8] [291s]
FINAL mnist icarl seed=0: final acc=95.39 avg inc acc=97.81 time=4.8min
