benchmark mnist(5/2) input=(1, 28, 28) method=icarl seed=1
args: {"alpha_mem": 1.0, "alpha_x": 1.0, "alpha_z": 0.01, "augment": false, "batch_size": 128, "bf16": false, "class_order": "natural", "crop_pad": 4, "data_root": "data", "dataset": "mnist", "decoder_in_budget": 0, "decoder_width": 1.0, "distill_norm": "sq", "enc_pool": 4, "epochs": 40, "eval_batch": 1000, "flush_denormal": 1, "kd_lambda": 1.0, "kd_temperature": 2.0, "lam": 0.3, "lam_recon_new": 1.0, "latent_bits": 32, "latent_dim": 20, "log_every": 10, "lr": 0.001, "lr_schedule": "cosine", "memorize_epochs": 20, "memorize_lr": 0.001, "memorize_steps": null, "memory_kind": "latent", "memory_mode": "frozen", "method": "icarl", "momentum": 0.9, "n_exemplars": 200, "n_tasks": null, "out": "results", "raw_exemplars": 200, "recon_new_source": "current", "replay_sampling": "union", "rfa_damping": 0.0, "rfa_dt": 0.01, "rfa_mass": 1.0, "rfa_softening": 0.001, "rfa_steps": 20000, "rfa_target": 5.0, "rfa_zeta": 1.0, "seed": 1, "selection": "herding", "stop_after": null, "tag": "", "threads": 1, "train_fraction": 1.0, "weight_decay": 0.0}
[icarl] backbone params=474,400 memory=raw x 200
  task 1 epoch 1/40 (99 it) ce=0.035 kd=0.000 [2s]
  task 1 epoch 10/40 (99 it) ce=0.000 kd=0.000 [6s]
  task 1 epoch 20/40 (99 it) ce=0.000 kd=0.000 [11s]
  task 1 epoch 30/40 (99 it) ce=0.000 kd=0.000 [16s]
  task 1 epoch 40/40 (99 it) ce=0.000 kd=0.000 [22s]
after task 1: acc=99.95 per-task=[100.0] [23s]
  task 2 epoch 1/40 (97 it) ce=0.442 kd=0.123 [24s]
  task 2 epoch 10/40 (97 it) ce=0.003 kd=0.002 [30s]
  task 2 epoch 20/40 (97 it) ce=0.000 kd=0.001 [37s]
  task 2 epoch 30/40 (97 it) ce=0.000 kd=0.000 [43s]
  task 2 epoch 40/40 (97 it) ce=0.000 kd=0.000 [50s]
after task 2: acc=96.03 per-task=[99.6, 92.4] [50s]
  task 3 epoch 1/40 (90 it) ce=0.742 kd=0.252 [51s]
  task 3 epoch 10/40 (90 it) ce=0.001 kd=0.004 [57s]
  task 3 epoch 20/40 (90 it) ce=0.000 kd=0.001 [63s]
  task 3 epoch 30/40 (90 it) ce=0.000 kd=0.000 [69s]
  task 3 epoch 40/40 (90 it) ce=0.000 kd=0.000 [75s]
after task 3: acc=95.90 per-task=[98.7, 91.1, 98.0] [76s]
  task 4 epoch 1/40 (97 it) ce=0.472 kd=0.175 [77s]
  task 4 epoch 10/40 (97 it) ce=0.001 kd=0.009 [83s]
  task 4 epoch 20/40 (97 it) ce=0.000 kd=0.002 [90s]
  task 4 epoch 30/40 (97 it) ce=0.000 kd=0.000 [97s]
  task 4 epoch 40/40 (97 it) ce=0.000 kd=0.000 [104s]
after task 4: acc=93.40 per-task=[96.8, 88.0, 92.8, 95.9] [104s]
  task 5 epoch 1/40 (94 it) ce=0.667 kd=0.269 [105s]
  task 5 epoch 10/40 (94 it) ce=0.005 kd=0.007 [111s]
  task 5 epoch 20/40 (94 it) ce=0.001 kd=0.003 [118s]
  task 5 epoch 30/40 (94 it) ce=0.000 kd=0.001 [125s]
  task 5 epoch 40/40 (94 it) ce=0.000 kd=0.001 [131s]
after task 5: acc=88.80 per-task=[95.0, 85.0, 81.3, 89.0, 92.9] [132s]
FINAL mnist icarl seed=1: final acc=88.80 avg inc acc=94.82 time=2.2min
