benchmark mnist(5/2) input=(1, 28, 28) method=icarl seed=0
args: {"ahr_epoch": "new", "alpha_kd": 0.0, "alpha_mem": 1.0, "alpha_x": 1.0, "alpha_z": 0.01, "augment": false, "balanced_ft_epochs": 0, "balanced_ft_lr_scale": 0.1, "batch_size": 128, "bf16": false, "class_order": "natural", "cls_dim": 64, "crop_pad": 4, "data_root": "data", "dataset": "mnist", "decoder_in_budget": 0, "decoder_width": 1.0, "distill_norm": "sq", "enc_pool": 4, "epochs": 40, "eval_batch": 1000, "flush_denormal": 1, "herd_space": "encoder", "hf_sigma": 1.0, "hf_transplant": 0.0, "input_blur": 0.0, "kd_form": "kl", "kd_lambda": 1.0, "kd_scale": 0.25, "kd_temperature": 2.0, "lam": 0.3, "lam_recon_new": 0.0, "lat_real_first": 0, "latent_bits": 32, "latent_dim": 20, "latent_domain": "input", "latent_kind": "vector", "log_every": 10, "lr": 0.001, "lr_schedule": "cosine", "memorize_codes": 0, "memorize_epochs": 20, "memorize_lr": 0.001, "memorize_steps": null, "memory_kind": "latent", "memory_mode": "frozen", "method": "icarl", "momentum": 0.9, "n_exemplars": 1000, "n_tasks": null, "out": "results", "pad_mode": "constant", "raw_exemplars": 200, "recon_latent": "split", "recon_new_source": "current", "replay_sampling": "union", "resume": null, "rfa_damping": 0.0, "rfa_dt": 0.01, "rfa_jitter": 0.0, "rfa_mass": 1.0, "rfa_softening": 0.001, "rfa_steps": 20000, "rfa_target": 5.0, "rfa_zeta": 1.0, "save_ckpt": 0, "seed": 0, "selection": "herding", "stop_after": null, "tag": "n1000", "threads": 1, "train_fraction": 1.0, "val_fraction": 0.0, "weight_decay": 0.0}
[icarl] backbone params=474,400 memory=raw x 1000
  task 1 epoch 1/40 (99 it) ce=0.036 kd=0.000 [2s]
  task 1 epoch 10/40 (99 it) ce=0.003 kd=0.000 [7s]
  task 1 epoch 20/40 (99 it) ce=0.000 kd=0.000 [14s]
  task 1 epoch 30/40 (99 it) ce=0.000 kd=0.000 [20s]
  task 1 epoch 40/40 (99 it) ce=0.000 kd=0.000 [29s]
after task 1: acc=99.95 per-task=[100.0] [42s]
  task 2 epoch 1/40 (103 it) ce=0.407 kd=0.094 [43s]
  task 2 epoch 10/40 (103 it) ce=0.002 kd=0.002 [50s]
  task 2 epoch 20/40 (103 it) ce=0.000 kd=0.001 [57s]
  task 2 epoch 30/40 (103 it) ce=0.000 kd=0.000 [66s]
  task 2 epoch 40/40 (103 it) ce=0.000 kd=0.000 [74s]
after task 2: acc=98.44 per-task=[99.6, 97.3] [76s]
  task 3 epoch 1/40 (96 it) ce=0.553 kd=0.161 [77s]
  task 3 epoch 10/40 (96 it) ce=0.003 kd=0.008 [84s]
  task 3 epoch 20/40 (96 it) ce=0.000 kd=0.001 [92s]
  task 3 epoch 30/40 (96 it) ce=0.000 kd=0.000 [100s]
  task 3 epoch 40/40 (96 it) ce=0.000 kd=0.000 [107s]
after task 3: acc=97.20 per-task=[99.4, 94.6, 97.6] [108s]
  task 4 epoch 1/40 (103 it) ce=0.390 kd=0.153 [109s]
  task 4 epoch 10/40 (103 it) ce=0.002 kd=0.007 [116s]
  task 4 epoch 20/40 (103 it) ce=0.001 kd=0.002 [123s]
  task 4 epoch 30/40 (103 it) ce=0.000 kd=0.001 [130s]
  task 4 epoch 40/40 (103 it) ce=0.000 kd=0.000 [138s]
after task 4: acc=96.26 per-task=[99.0, 94.0, 96.6, 95.4] [139s]
  task 5 epoch 1/40 (100 it) ce=0.381 kd=0.128 [140s]
  task 5 epoch 10/40 (100 it) ce=0.008 kd=0.012 [146s]
  task 5 epoch 20/40 (100 it) ce=0.002 kd=0.003 [153s]
  task 5 epoch 30/40 (100 it) ce=0.001 kd=0.001 [160s]
  task 5 epoch 40/40 (100 it) ce=0.001 kd=0.001 [168s]
after task 5: acc=93.95 per-task=[98.3, 92.1, 90.4, 94.4, 94.0] [169s]
FINAL mnist icarl seed=0: final acc=93.95 avg inc acc=97.16 time=2.8min
