benchmark mnist(5/2) input=(1, 28, 28) method=icarl seed=0
args: {"ahr_epoch": "new", "alpha_kd": 0.0, "alpha_mem": 1.0, "alpha_x": 1.0, "alpha_z": 0.01, "augment": false, "balanced_ft_epochs": 0, "balanced_ft_lr_scale": 0.1, "batch_size": 128, "bf16": false, "class_order": "natural", "cls_dim": 64, "crop_pad": 4, "data_root": "data", "dataset": "mnist", "decoder_in_budget": 0, "decoder_width": 1.0, "distill_norm": "sq", "enc_pool": 4, "epochs": 40, "eval_batch": 1000, "flush_denormal": 1, "herd_space": "encoder", "hf_sigma": 1.0, "hf_transplant": 0.0, "input_blur": 0.0, "kd_form": "kl", "kd_lambda": 1.0, "kd_scale": 0.25, "kd_temperature": 2.0, "lam": 0.3, "lam_recon_new": 0.0, "lat_real_first": 0, "latent_bits": 32, "latent_dim": 20, "latent_domain": "input", "latent_kind": "vector", "log_every": 10, "lr": 0.001, "lr_schedule": "cosine", "memorize_codes": 0, "memorize_epochs": 20, "memorize_lr": 0.001, "memorize_steps": null, "memory_kind": "latent", "memory_mode": "frozen", "method": "icarl", "momentum": 0.9, "n_exemplars": 2000, "n_tasks": null, "out": "results", "pad_mode": "constant", "raw_exemplars": 200, "recon_latent": "split", "recon_new_source": "current", "replay_sampling": "union", "resume": null, "rfa_damping": 0.0, "rfa_dt": 0.01, "rfa_jitter": 0.0, "rfa_mass": 1.0, "rfa_softening": 0.001, "rfa_steps": 20000, "rfa_target": 5.0, "rfa_zeta": 1.0, "save_ckpt": 0, "seed": 0, "selection": "herding", "stop_after": null, "tag": "n2000", "threads": 1, "train_fraction": 1.0, "val_fraction": 0.0, "weight_decay": 0.0}
[icarl] backbone params=474,400 memory=raw x 2000
  task 1 epoch 1/40 (99 it) ce=0.036 kd=0.000 [2s]
  task 1 epoch 10/40 (99 it) ce=0.003 kd=0.000 [7s]
  task 1 epoch 20/40 (99 it) ce=0.000 kd=0.000 [15s]
  task 1 epoch 30/40 (99 it) ce=0.000 kd=0.000 [25s]
  task 1 epoch 40/40 (99 it) ce=0.000 kd=0.000 [31s]
after task 1: acc=99.95 per-task=[100.0] [47s]
  task 2 epoch 1/40 (111 it) ce=0.366 kd=0.070 [48s]
  task 2 epoch 10/40 (111 it) ce=0.003 kd=0.003 [55s]
  task 2 epoch 20/40 (111 it) ce=0.000 kd=0.001 [64s]
  task 2 epoch 30/40 (111 it) ce=0.000 kd=0.000 [73s]
  task 2 epoch 40/40 (111 it) ce=0.000 kd=0.000 [81s]
after task 2: acc=98.77 per-task=[99.8, 97.7] [86s]
  task 3 epoch 1/40 (104 it) ce=0.455 kd=0.122 [86s]
  task 3 epoch 10/40 (104 it) ce=0.002 kd=0.008 [94s]
  task 3 epoch 20/40 (104 it) ce=0.000 kd=0.002 [101s]
  task 3 epoch 30/40 (104 it) ce=0.000 kd=0.000 [109s]
  task 3 epoch 40/40 (104 it) ce=0.000 kd=0.000 [116s]
after task 3: acc=97.89 per-task=[99.7, 96.5, 97.3] [119s]
  task 4 epoch 1/40 (111 it) ce=0.356 kd=0.137 [120s]
  task 4 epoch 10/40 (111 it) ce=0.003 kd=0.014 [127s]
  task 4 epoch 20/40 (111 it) ce=0.001 kd=0.003 [135s]
  task 4 epoch 30/40 (111 it) ce=0.000 kd=0.001 [142s]
  task 4 epoch 40/40 (111 it) ce=0.000 kd=0.001 [150s]
after task 4: acc=97.12 per-task=[99.2, 95.9, 97.8, 95.5] [152s]
  task 5 epoch 1/40 (108 it) ce=0.380 kd=0.124 [153s]
  task 5 epoch 10/40 (108 it) ce=0.008 kd=0.013 [160s]
  task 5 epoch 20/40 (108 it) ce=0.002 kd=0.005 [167s]
  task 5 epoch 30/40 (108 it) ce=0.001 kd=0.001 [175s]
  task 5 epoch 40/40 (108 it) ce=0.001 kd=0.001 [183s]
after task 5: acc=95.04 per-task=[98.9, 94.6, 93.4, 94.5, 93.5] [185s]
FINAL mnist icarl seed=0: final acc=95.04 avg inc acc=97.76 time=3.1min
