benchmark mnist(5/2) input=(1, 28, 28) method=icarl seed=1
args: {"ahr_epoch": "new", "alpha_kd": 0.0, "alpha_mem": 1.0, "alpha_x": 1.0, "alpha_z": 0.01, "augment": false, "balanced_ft_epochs": 0, "balanced_ft_lr_scale": 0.1, "batch_size": 128, "bf16": false, "class_order": "natural", "cls_dim": 64, "crop_pad": 4, "data_root": "data", "dataset": "mnist", "decoder_in_budget": 0, "decoder_width": 1.0, "distill_norm": "sq", "enc_pool": 4, "epochs": 40, "eval_batch": 1000, "flush_denormal": 1, "herd_space": "encoder", "hf_sigma": 1.0, "hf_transplant": 0.0, "input_blur": 0.0, "kd_form": "bce", "kd_lambda": 1.0, "kd_scale": 0.25, "kd_temperature": 2.0, "lam": 0.3, "lam_recon_new": 0.0, "lat_real_first": 0, "latent_bits": 32, "latent_dim": 20, "latent_domain": "input", "latent_kind": "vector", "log_every": 10, "lr": 0.001, "lr_schedule": "cosine", "memorize_codes": 0, "memorize_epochs": 20, "memorize_lr": 0.001, "memorize_steps": null, "memory_kind": "latent", "memory_mode": "frozen", "method": "icarl", "momentum": 0.9, "n_exemplars": 200, "n_tasks": null, "out": "results", "pad_mode": "constant", "raw_exemplars": 200, "recon_latent": "split", "recon_new_source": "current", "replay_sampling": "union", "resume": null, "rfa_damping": 0.0, "rfa_dt": 0.01, "rfa_jitter": 0.0, "rfa_mass": 1.0, "rfa_softening": 0.001, "rfa_steps": 20000, "rfa_target": 5.0, "rfa_zeta": 1.0, "save_ckpt": 0, "seed": 1, "selection": "herding", "stop_after": null, "tag": "bce", "threads": 1, "train_fraction": 1.0, "val_fraction": 0.0, "weight_decay": 0.0}
[icarl] backbone params=474,400 memory=raw x 200
  task 1 epoch 1/40 (99 it) ce=0.035 kd=0.000 [2s]
  task 1 epoch 10/40 (99 it) ce=0.000 kd=0.000 [6s]
  task 1 epoch 20/40 (99 it) ce=0.000 kd=0.000 [11s]
  task 1 epoch 30/40 (99 it) ce=0.000 kd=0.000 [16s]
  task 1 epoch 40/40 (99 it) ce=0.000 kd=0.000 [21s]
after task 1: acc=99.95 per-task=[100.0] [23s]
  task 2 epoch 1/40 (97 it) ce=0.446 kd=0.425 [24s]
  task 2 epoch 10/40 (97 it) ce=0.003 kd=0.260 [29s]
  task 2 epoch 20/40 (97 it) ce=0.000 kd=0.258 [36s]
  task 2 epoch 30/40 (97 it) ce=0.000 kd=0.257 [42s]
  task 2 epoch 40/40 (97 it) ce=0.000 kd=0.262 [48s]
after task 2: acc=97.91 per-task=[99.3, 96.5] [49s]
  task 3 epoch 1/40 (90 it) ce=1.094 kd=0.613 [49s]
  task 3 epoch 10/40 (90 it) ce=0.001 kd=0.293 [55s]
  task 3 epoch 20/40 (90 it) ce=0.000 kd=0.292 [61s]
  task 3 epoch 30/40 (90 it) ce=0.000 kd=0.291 [67s]
  task 3 epoch 40/40 (90 it) ce=0.000 kd=0.291 [73s]
after task 3: acc=95.22 per-task=[99.0, 89.7, 97.0] [74s]
  task 4 epoch 1/40 (97 it) ce=1.163 kd=0.536 [74s]
  task 4 epoch 10/40 (97 it) ce=0.001 kd=0.281 [80s]
  task 4 epoch 20/40 (97 it) ce=0.000 kd=0.280 [87s]
  task 4 epoch 30/40 (97 it) ce=0.000 kd=0.280 [94s]
  task 4 epoch 40/40 (97 it) ce=0.000 kd=0.280 [100s]
after task 4: acc=92.68 per-task=[98.4, 88.7, 87.5, 95.6] [101s]
  task 5 epoch 1/40 (94 it) ce=1.396 kd=0.556 [102s]
  task 5 epoch 10/40 (94 it) ce=0.003 kd=0.306 [108s]
  task 5 epoch 20/40 (94 it) ce=0.001 kd=0.304 [114s]
  task 5 epoch 30/40 (94 it) ce=0.000 kd=0.303 [121s]
  task 5 epoch 40/40 (94 it) ce=0.000 kd=0.303 [127s]
after task 5: acc=88.46 per-task=[97.6, 85.4, 80.1, 85.8, 92.5] [127s]
FINAL mnist icarl seed=1: final acc=88.46 avg inc acc=94.84 time=2.1min
