benchmark cifar100(10/10) input=(3, 32, 32) method=ahr seed=0
args: {"ahr_epoch": "new", "alpha_kd": 0.0, "alpha_mem": 1.0, "alpha_x": 1.0, "alpha_z": 0.1, "augment": true, "balanced_ft_epochs": 0, "balanced_ft_lr_scale": 0.1, "batch_size": 256, "bf16": true, "class_order": "natural", "cls_dim": 64, "crop_pad": 4, "data_root": "data", "dataset": "cifar100", "decoder_in_budget": 0, "decoder_width": 1.0, "distill_norm": "sq", "enc_pool": 4, "epochs": 50, "eval_batch": 1000, "flush_denormal": 1, "herd_space": "class", "hf_sigma": 1.0, "hf_transplant": 0.0, "input_blur": 0.0, "kd_form": "kl", "kd_lambda": 1.0, "kd_scale": 0.25, "kd_temperature": 2.0, "lam": 1.0, "lam_recon_new": 1.0, "lat_real_first": 0, "latent_bits": 32, "latent_dim": 320, "latent_domain": "recon", "latent_kind": "split", "log_every": 10, "lr": 0.001, "lr_schedule": "cosine", "memorize_codes": 0, "memorize_epochs": 20, "memorize_lr": 0.001, "memorize_steps": 1500, "memory_kind": "latent", "memory_mode": "frozen", "method": "ahr", "momentum": 0.9, "n_exemplars": 19200, "n_tasks": null, "out": "results", "pad_mode": "reflect", "raw_exemplars": 2000, "recon_latent": "roundtrip", "recon_new_source": "current", "replay_sampling": "union", "resume": null, "rfa_damping": 0.0, "rfa_dt": 0.01, "rfa_jitter": 0.25, "rfa_mass": 1.0, "rfa_softening": 0.001, "rfa_steps": 20000, "rfa_target": 20.0, "rfa_zeta": 1.0, "save_ckpt": 1, "seed": 0, "selection": "herding", "stop_after": null, "tag": "rt", "threads": 4, "train_fraction": 1.0, "val_fraction": 0.0, "weight_decay": 0.0}
[AHR] encoder params=470,676 decoder params=1,210,883 memory=latent x 19200 exemplars
  CCE placement (1511 RFA steps): |init spread|=6.683 mean shift=10.233 min/mean CCE distance=20.001/21.898 |p| mean=14.810
  task 1 epoch 1/50 (20 it, b_new=256) rec=155.122 lat=0.000 dz=0.000 dx=0.000 mem=0.000 rn=215.892 [105s]
  task 1 epoch 10/50 (20 it, b_new=256) rec=38.211 lat=0.000 dz=0.000 dx=0.000 mem=0.000 rn=182.347 [807s]
  task 1 epoch 20/50 (20 it, b_new=256) rec=28.277 lat=0.000 dz=0.000 dx=0.000 mem=0.000 rn=139.518 [1594s]
  task 1 epoch 30/50 (20 it, b_new=256) rec=24.998 lat=0.000 dz=0.000 dx=0.000 mem=0.000 rn=117.441 [2377s]
  task 1 epoch 40/50 (20 it, b_new=256) rec=22.343 lat=0.000 dz=0.000 dx=0.000 mem=0.000 rn=102.437 [3157s]
  task 1 epoch 50/50 (20 it, b_new=256) rec=22.119 lat=0.000 dz=0.000 dx=0.000 mem=0.000 rn=98.439 [3929s]
  memory (frozen codes): 5000 exemplars (1920/class), 1,600,000 scalars, 6,400,000 bytes
  memorisation: 75 decoder epochs (1500 steps) over 5000 exemplars, final loss=18.113
after task 1: acc=69.60 per-task=[69.6] memory-PSNR=22.82dB acc(recon test)=69.6 acc(memory)=76.4 [5578s]
  CCE placement (2582 RFA steps): |init spread|=8.362 mean shift=21.179 min/mean CCE distance=20.000/30.664 |p| mean=20.881
  task 2 epoch 1/50 (40 it, b_new=128) rec=19.345 lat=0.000 dz=36.764 dx=7.479 mem=3.867 rn=387.388 [5816s]
  task 2 epoch 10/50 (40 it, b_new=128) rec=16.885 lat=0.000 dz=88.261 dx=6.705 mem=1.967 rn=318.423 [7805s]
  task 2 epoch 20/50 (40 it, b_new=128) rec=15.617 lat=0.000 dz=119.037 dx=6.254 mem=1.099 rn=271.271 [10013s]
  task 2 epoch 30/50 (40 it, b_new=128) rec=14.862 lat=0.000 dz=101.171 dx=5.950 mem=0.801 rn=231.770 [12215s]
  task 2 epoch 40/50 (40 it, b_new=128) rec=14.390 lat=0.000 dz=82.186 dx=5.649 mem=0.613 rn=208.076 [14417s]
  task 2 epoch 50/50 (40 it, b_new=128) rec=14.135 lat=0.000 dz=78.666 dx=5.491 mem=0.542 rn=203.122 [16608s]
  memory (frozen codes): 10000 exemplars (960/class), 3,200,000 scalars, 12,800,000 bytes
  memorisation: 38 decoder epochs (1520 steps) over 10000 exemplars, final loss=9.901
after task 2: acc=52.00 per-task=[62.1, 41.9] memory-PSNR=22.67dB acc(recon test)=52.0 acc(memory)=63.7 [18298s]
  CCE placement (2638 RFA steps): |init spread|=9.841 mean shift=20.402 min/mean CCE distance=20.000/33.308 |p| mean=22.996
  task 3 epoch 1/50 (59 it, b_new=85) rec=13.534 lat=0.000 dz=48.202 dx=4.954 mem=1.897 rn=397.568 [18653s]
  task 3 epoch 10/50 (59 it, b_new=85) rec=11.814 lat=0.000 dz=83.405 dx=4.491 mem=1.003 rn=321.907 [21715s]
  task 3 epoch 20/50 (59 it, b_new=85) rec=11.432 lat=0.000 dz=86.649 dx=4.724 mem=0.920 rn=284.616 [25129s]
  task 3 epoch 30/50 (59 it, b_new=85) rec=10.795 lat=0.000 dz=81.090 dx=4.432 mem=0.565 rn=252.233 [28577s]
  task 3 epoch 40/50 (59 it, b_new=85) rec=10.518 lat=0.000 dz=77.330 dx=4.365 mem=0.430 rn=227.207 [32023s]
  task 3 epoch 50/50 (59 it, b_new=85) rec=10.323 lat=0.000 dz=75.848 dx=4.222 mem=0.370 rn=220.264 [35510s]
  memory (frozen codes): 15000 exemplars (640/class), 4,800,000 scalars, 19,200,000 bytes
  memorisation: 26 decoder epochs (1534 steps) over 15000 exemplars, final loss=5.328
after task 3: acc=43.93 per-task=[47.8, 29.1, 54.9] memory-PSNR=22.90dB acc(recon test)=43.9 acc(memory)=64.0 [37320s]
  CCE placement (2224 RFA steps): |init spread|=10.372 mean shift=15.489 min/mean CCE distance=20.000/33.032 |p| mean=23.124
  task 4 epoch 1/50 (79 it, b_new=64) rec=11.383 lat=0.000 dz=40.772 dx=3.404 mem=1.330 rn=334.068 [37813s]
  task 4 epoch 10/50 (79 it, b_new=64) rec=10.823 lat=0.000 dz=50.363 dx=3.927 mem=1.168 rn=300.274 [42076s]
benchmark cifar100(10/10) input=(3, 32, 32) method=ahr seed=0
args: {"ahr_epoch": "new", "alpha_kd": 0.0, "alpha_mem": 1.0, "alpha_x": 1.0, "alpha_z": 0.1, "augment": true, "balanced_ft_epochs": 0, "balanced_ft_lr_scale": 0.1, "batch_size": 256, "bf16": true, "class_order": "natural", "cls_dim": 64, "crop_pad": 4, "data_root": "data", "dataset": "cifar100", "decoder_in_budget": 0, "decoder_width": 1.0, "distill_norm": "sq", "enc_pool": 4, "epochs": 50, "eval_batch": 1000, "flush_denormal": 1, "herd_space": "class", "hf_sigma": 1.0, "hf_transplant": 0.0, "input_blur": 0.0, "kd_form": "kl", "kd_lambda": 1.0, "kd_scale": 0.25, "kd_temperature": 2.0, "lam": 1.0, "lam_recon_new": 1.0, "lat_real_first": 0, "latent_bits": 32, "latent_dim": 320, "latent_domain": "recon", "latent_kind": "split", "log_every": 10, "lr": 0.001, "lr_schedule": "cosine", "memorize_codes": 0, "memorize_epochs": 20, "memorize_lr": 0.001, "memorize_steps": 1500, "memory_kind": "latent", "memory_mode": "frozen", "method": "ahr", "momentum": 0.9, "n_exemplars": 19200, "n_tasks": null, "out": "results", "pad_mode": "reflect", "raw_exemplars": 2000, "recon_latent": "roundtrip", "recon_new_source": "current", "replay_sampling": "union", "resume": "results/cifar100/ahr_s0_rt_ckpt_t3.pt", "rfa_damping": 0.0, "rfa_dt": 0.01, "rfa_jitter": 0.25, "rfa_mass": 1.0, "rfa_softening": 0.001, "rfa_steps": 20000, "rfa_target": 20.0, "rfa_zeta": 1.0, "save_ckpt": 1, "seed": 0, "selection": "herding", "stop_after": null, "tag": "rt", "threads": 4, "train_fraction": 1.0, "val_fraction": 0.0, "weight_decay": 0.0}
[AHR] encoder params=470,676 decoder params=1,210,883 memory=latent x 19200 exemplars
resumed from results/cifar100/ahr_s0_rt_ckpt_t3.pt after task 3: accs so far [69.6, 52.0, 43.93]
  CCE placement (2805 RFA steps): |init spread|=9.844 mean shift=23.321 min/mean CCE distance=20.000/35.782 |p| mean=25.033
  task 4 epoch 1/50 (79 it, b_new=64) rec=13.047 lat=0.000 dz=52.726 dx=5.119 mem=2.379 rn=414.415 [509s]
  task 4 epoch 10/50 (79 it, b_new=64) rec=10.837 lat=0.000 dz=66.221 dx=4.110 mem=0.961 rn=348.866 [4859s]
  task 4 epoch 20/50 (79 it, b_new=64) rec=10.393 lat=0.000 dz=70.329 dx=4.418 mem=0.955 rn=309.409 [9759s]
  task 4 epoch 30/50 (79 it, b_new=64) rec=9.783 lat=0.000 dz=71.328 dx=4.041 mem=0.574 rn=273.888 [14647s]
  task 4 epoch 40/50 (79 it, b_new=64) rec=9.351 lat=0.000 dz=72.188 dx=3.753 mem=0.359 rn=251.541 [19528s]
  task 4 epoch 50/50 (79 it, b_new=64) rec=9.293 lat=0.000 dz=71.798 dx=3.707 mem=0.326 rn=245.578 [24376s]
  memory (frozen codes): 19200 exemplars (480/class), 6,144,000 scalars, 24,576,000 bytes
  memorisation: 20 decoder epochs (1500 steps) over 19200 exemplars, final loss=4.098
after task 4: acc=32.65 per-task=[28.2, 8.9, 39.9, 53.6] memory-PSNR=23.01dB acc(recon test)=32.6 acc(memory)=60.1 [26173s]
  CCE placement (3367 RFA steps): |init spread|=12.889 mean shift=28.108 min/mean CCE distance=20.000/39.483 |p| mean=27.887
  task 5 epoch 1/50 (99 it, b_new=51) rec=10.692 lat=0.000 dz=60.362 dx=3.018 mem=0.962 rn=484.043 [26809s]
  task 5 epoch 10/50 (99 it, b_new=51) rec=10.319 lat=0.000 dz=88.116 dx=3.830 mem=0.848 rn=401.151 [32352s]
  task 5 epoch 20/50 (99 it, b_new=51) rec=9.865 lat=0.000 dz=94.739 dx=3.871 mem=0.704 rn=359.891 [38556s]
  task 5 epoch 30/50 (99 it, b_new=51) rec=9.229 lat=0.000 dz=90.843 dx=3.476 mem=0.476 rn=320.261 [44633s]
benchmark cifar100(10/10) input=(3, 32, 32) method=ahr seed=0
args: {"ahr_epoch": "new", "alpha_kd": 0.0, "alpha_mem": 1.0, "alpha_x": 1.0, "alpha_z": 0.1, "augment": true, "balanced_ft_epochs": 0, "balanced_ft_lr_scale": 0.1, "batch_size": 256, "bf16": true, "class_order": "natural", "cls_dim": 64, "crop_pad": 4, "data_root": "data", "dataset": "cifar100", "decoder_in_budget": 0, "decoder_width": 1.0, "distill_norm": "sq", "enc_pool": 4, "epochs": 50, "eval_batch": 1000, "flush_denormal": 1, "herd_space": "class", "hf_sigma": 1.0, "hf_transplant": 0.0, "input_blur": 0.0, "kd_form": "kl", "kd_lambda": 1.0, "kd_scale": 0.25, "kd_temperature": 2.0, "lam": 1.0, "lam_recon_new": 1.0, "lat_real_first": 0, "latent_bits": 32, "latent_dim": 320, "latent_domain": "recon", "latent_kind": "split", "log_every": 10, "lr": 0.001, "lr_schedule": "cosine", "memorize_codes": 0, "memorize_epochs": 20, "memorize_lr": 0.001, "memorize_steps": 1500, "memory_kind": "latent", "memory_mode": "frozen", "method": "ahr", "momentum": 0.9, "n_exemplars": 19200, "n_tasks": null, "out": "results", "pad_mode": "reflect", "raw_exemplars": 2000, "recon_latent": "roundtrip", "recon_new_source": "current", "replay_sampling": "union", "resume": "results/cifar100/ahr_s0_rt_ckpt_t4.pt", "rfa_damping": 0.0, "rfa_dt": 0.01, "rfa_jitter": 0.25, "rfa_mass": 1.0, "rfa_softening": 0.001, "rfa_steps": 20000, "rfa_target": 20.0, "rfa_zeta": 1.0, "save_ckpt": 1, "seed": 0, "selection": "herding", "stop_after": null, "tag": "rt", "threads": 4, "train_fraction": 1.0, "val_fraction": 0.0, "weight_decay": 0.0}
[AHR] encoder params=470,676 decoder params=1,210,883 memory=latent x 19200 exemplars
resumed from results/cifar100/ahr_s0_rt_ckpt_t4.pt after task 4: accs so far [69.6, 52.0, 43.93, 32.65]
  CCE placement (3343 RFA steps): |init spread|=12.681 mean shift=27.553 min/mean CCE distance=20.000/39.351 |p| mean=27.908
  task 5 epoch 1/50 (99 it, b_new=51) rec=10.822 lat=0.000 dz=68.342 dx=3.069 mem=0.995 rn=470.957 [634s]
