benchmark cifar100(10/10) input=(3, 32, 32) method=ahr seed=2
args: {"ahr_epoch": "new", "alpha_kd": 0.0, "alpha_mem": 1.0, "alpha_x": 1.0, "alpha_z": 0.1, "augment": true, "balanced_ft_epochs": 0, "balanced_ft_lr_scale": 0.1, "batch_size": 256, "bf16": true, "class_order": "natural", "cls_dim": 64, "crop_pad": 4, "data_root": "data", "dataset": "cifar100", "decoder_in_budget": 0, "decoder_width": 1.0, "distill_norm": "sq", "enc_pool": 4, "epochs": 50, "eval_batch": 1000, "flush_denormal": 1, "herd_space": "encoder", "hf_sigma": 1.0, "hf_transplant": 0.0, "input_blur": 0.0, "kd_form": "kl", "kd_lambda": 1.0, "kd_scale": 0.25, "kd_temperature": 2.0, "lam": 1.0, "lam_recon_new": 1.0, "lat_real_first": 0, "latent_bits": 32, "latent_dim": 320, "latent_domain": "recon", "latent_kind": "split", "log_every": 10, "lr": 0.001, "lr_schedule": "cosine", "memorize_codes": 0, "memorize_epochs": 20, "memorize_lr": 0.001, "memorize_steps": 1500, "memory_kind": "latent", "memory_mode": "frozen", "method": "ahr", "momentum": 0.9, "n_exemplars": 19200, "n_tasks": null, "out": "results", "pad_mode": "constant", "raw_exemplars": 2000, "recon_latent": "split", "recon_new_source": "current", "replay_sampling": "union", "resume": null, "rfa_damping": 0.0, "rfa_dt": 0.01, "rfa_jitter": 0.25, "rfa_mass": 1.0, "rfa_softening": 0.001, "rfa_steps": 20000, "rfa_target": 20.0, "rfa_zeta": 1.0, "save_ckpt": 1, "seed": 2, "selection": "herding", "stop_after": null, "tag": "", "threads": 2, "train_fraction": 1.0, "val_fraction": 0.0, "weight_decay": 0.0}
[AHR] encoder params=470,676 decoder params=1,210,883 memory=latent x 19200 exemplars
  CCE placement (1561 RFA steps): |init spread|=7.261 mean shift=9.711 min/mean CCE distance=20.007/21.697 |p| mean=14.658
  task 1 epoch 1/50 (20 it, b_new=256) rec=211.290 lat=0.000 dz=0.000 dx=0.000 mem=0.000 rn=211.804 [65s]
  task 1 epoch 10/50 (20 it, b_new=256) rec=37.484 lat=0.000 dz=0.000 dx=0.000 mem=0.000 rn=171.644 [356s]
  task 1 epoch 20/50 (20 it, b_new=256) rec=29.459 lat=0.000 dz=0.000 dx=0.000 mem=0.000 rn=137.033 [677s]
  task 1 epoch 30/50 (20 it, b_new=256) rec=24.435 lat=0.000 dz=0.000 dx=0.000 mem=0.000 rn=113.615 [1003s]
  task 1 epoch 40/50 (20 it, b_new=256) rec=22.990 lat=0.000 dz=0.000 dx=0.000 mem=0.000 rn=97.568 [1323s]
  task 1 epoch 50/50 (20 it, b_new=256) rec=22.592 lat=0.000 dz=0.000 dx=0.000 mem=0.000 rn=93.339 [1639s]
  memory (frozen codes): 5000 exemplars (1920/class), 1,600,000 scalars, 6,400,000 bytes
  memorisation: 75 decoder epochs (1500 steps) over 5000 exemplars, final loss=19.231
after task 1: acc=64.80 per-task=[64.8] memory-PSNR=22.49dB acc(recon test)=64.8 acc(memory)=74.0 [2143s]
  CCE placement (2435 RFA steps): |init spread|=8.277 mean shift=19.685 min/mean CCE distance=20.000/29.350 |p| mean=20.050
  task 2 epoch 1/50 (40 it, b_new=128) rec=25.106 lat=124.819 dz=34.422 dx=9.834 mem=3.305 rn=581.383 [2239s]
  task 2 epoch 10/50 (40 it, b_new=128) rec=18.569 lat=142.651 dz=75.436 dx=8.810 mem=1.297 rn=448.842 [2849s]
  task 2 epoch 20/50 (40 it, b_new=128) rec=17.784 lat=141.628 dz=91.280 dx=9.440 mem=1.124 rn=358.758 [3532s]
  task 2 epoch 30/50 (40 it, b_new=128) rec=17.091 lat=117.414 dz=64.802 dx=9.368 mem=0.822 rn=300.599 [4219s]
  task 2 epoch 40/50 (40 it, b_new=128) rec=16.638 lat=105.096 dz=52.154 dx=8.990 mem=0.630 rn=252.658 [4892s]
  task 2 epoch 50/50 (40 it, b_new=128) rec=16.566 lat=104.785 dz=50.725 dx=9.043 mem=0.569 rn=248.391 [5572s]
  memory (frozen codes): 10000 exemplars (960/class), 3,200,000 scalars, 12,800,000 bytes
  memorisation: 38 decoder epochs (1520 steps) over 10000 exemplars, final loss=10.659
after task 2: acc=50.05 per-task=[47.3, 52.8] memory-PSNR=22.30dB acc(recon test)=50.1 acc(memory)=61.2 [6119s]
  CCE placement (2642 RFA steps): |init spread|=10.725 mean shift=19.300 min/mean CCE distance=20.000/32.223 |p| mean=22.345
  task 3 epoch 1/50 (59 it, b_new=85) rec=19.582 lat=265.193 dz=64.505 dx=8.887 mem=1.951 rn=553.376 [6247s]
  task 3 epoch 10/50 (59 it, b_new=85) rec=15.637 lat=259.024 dz=85.409 dx=8.972 mem=1.130 rn=307.665 [7133s]
  task 3 epoch 20/50 (59 it, b_new=85) rec=14.206 lat=228.854 dz=78.063 dx=8.455 mem=0.881 rn=234.701 [8121s]
  task 3 epoch 30/50 (59 it, b_new=85) rec=13.742 lat=210.122 dz=76.881 dx=8.234 mem=0.719 rn=187.573 [9126s]
  task 3 epoch 40/50 (59 it, b_new=85) rec=13.225 lat=193.761 dz=75.572 dx=7.940 mem=0.552 rn=153.319 [10132s]
  task 3 epoch 50/50 (59 it, b_new=85) rec=13.095 lat=189.434 dz=75.351 dx=7.795 mem=0.487 rn=137.379 [11159s]
  memory (frozen codes): 15000 exemplars (640/class), 4,800,000 scalars, 19,200,000 bytes
  memorisation: 26 decoder epochs (1534 steps) over 15000 exemplars, final loss=6.093
after task 3: acc=41.17 per-task=[33.9, 26.9, 62.7] memory-PSNR=22.50dB acc(recon test)=41.2 acc(memory)=55.7 [11800s]
  CCE placement (2687 RFA steps): |init spread|=12.021 mean shift=19.239 min/mean CCE distance=20.000/34.041 |p| mean=23.919
  task 4 epoch 1/50 (79 it, b_new=64) rec=16.845 lat=299.967 dz=75.712 dx=7.355 mem=1.569 rn=566.718 [11966s]
  task 4 epoch 10/50 (79 it, b_new=64) rec=13.495 lat=278.110 dz=90.888 dx=7.270 mem=0.946 rn=331.083 [13203s]
  task 4 epoch 20/50 (79 it, b_new=64) rec=12.957 lat=257.020 dz=92.974 dx=7.466 mem=0.929 rn=268.611 [14605s]
  task 4 epoch 30/50 (79 it, b_new=64) rec=11.864 lat=235.653 dz=92.277 dx=6.605 mem=0.612 rn=212.374 [16071s]
  task 4 epoch 40/50 (79 it, b_new=64) rec=11.488 lat=223.241 dz=90.591 dx=6.338 mem=0.482 rn=165.628 [17489s]
  task 4 epoch 50/50 (79 it, b_new=64) rec=11.308 lat=220.760 dz=90.946 dx=6.190 mem=0.421 rn=157.113 [18908s]
  memory (frozen codes): 19200 exemplars (480/class), 6,144,000 scalars, 24,576,000 bytes
  memorisation: 20 decoder epochs (1500 steps) over 19200 exemplars, final loss=4.782
after task 4: acc=35.40 per-task=[25.6, 16.7, 36.7, 62.6] memory-PSNR=22.49dB acc(recon test)=35.4 acc(memory)=52.5 [19626s]
