benchmark cifar100(10/10) input=(3, 32, 32) method=ahr seed=0
args: {"ahr_epoch": "new", "alpha_kd": 0.0, "alpha_mem": 1.0, "alpha_x": 1.0, "alpha_z": 0.1, "augment": true, "balanced_ft_epochs": 0, "balanced_ft_lr_scale": 0.1, "batch_size": 256, "bf16": true, "class_order": "natural", "cls_dim": 64, "crop_pad": 4, "data_root": "data", "dataset": "cifar100", "decoder_in_budget": 0, "decoder_width": 1.0, "distill_norm": "sq", "enc_pool": 4, "epochs": 50, "eval_batch": 1000, "flush_denormal": 1, "herd_space": "class", "hf_sigma": 1.0, "hf_transplant": 0.0, "input_blur": 0.0, "kd_form": "kl", "kd_lambda": 1.0, "kd_scale": 0.25, "kd_temperature": 2.0, "lam": 1.0, "lam_recon_new": 1.0, "lat_real_first": 1, "latent_bits": 32, "latent_dim": 320, "latent_domain": "recon", "latent_kind": "split", "log_every": 10, "lr": 0.001, "lr_schedule": "cosine", "memorize_codes": 0, "memorize_epochs": 20, "memorize_lr": 0.001, "memorize_steps": 1500, "memory_kind": "latent", "memory_mode": "frozen", "method": "ahr", "momentum": 0.9, "n_exemplars": 19200, "n_tasks": null, "out": "results", "pad_mode": "reflect", "raw_exemplars": 2000, "recon_latent": "roundtrip", "recon_new_source": "current", "replay_sampling": "union", "resume": null, "rfa_damping": 0.0, "rfa_dt": 0.01, "rfa_jitter": 0.25, "rfa_mass": 1.0, "rfa_softening": 0.001, "rfa_steps": 20000, "rfa_target": 20.0, "rfa_zeta": 1.0, "save_ckpt": 1, "seed": 0, "selection": "herding", "stop_after": null, "tag": "lrf_rt", "threads": 4, "train_fraction": 1.0, "val_fraction": 0.0, "weight_decay": 0.0}
[AHR] encoder params=470,676 decoder params=1,210,883 memory=latent x 19200 exemplars
  CCE placement (1511 RFA steps): |init spread|=6.683 mean shift=10.233 min/mean CCE distance=20.001/21.898 |p| mean=14.810
  task 1 epoch 1/50 (20 it, b_new=256) rec=164.140 lat=215.342 dz=0.000 dx=0.000 mem=0.000 rn=215.424 [37s]
  task 1 epoch 10/50 (20 it, b_new=256) rec=39.972 lat=152.128 dz=0.000 dx=0.000 mem=0.000 rn=156.177 [184s]
  task 1 epoch 20/50 (20 it, b_new=256) rec=32.438 lat=112.657 dz=0.000 dx=0.000 mem=0.000 rn=121.177 [347s]
  task 1 epoch 30/50 (20 it, b_new=256) rec=29.386 lat=88.639 dz=0.000 dx=0.000 mem=0.000 rn=101.322 [513s]
  task 1 epoch 40/50 (20 it, b_new=256) rec=27.572 lat=75.493 dz=0.000 dx=0.000 mem=0.000 rn=85.467 [671s]
  task 1 epoch 50/50 (20 it, b_new=256) rec=27.319 lat=71.507 dz=0.000 dx=0.000 mem=0.000 rn=80.949 [828s]
  memory (frozen codes): 5000 exemplars (1920/class), 1,600,000 scalars, 6,400,000 bytes
  memorisation: 75 decoder epochs (1500 steps) over 5000 exemplars, final loss=22.185
after task 1: acc=70.20 per-task=[70.2] memory-PSNR=21.86dB acc(recon test)=70.2 acc(memory)=82.1 [1089s]
  CCE placement (2599 RFA steps): |init spread|=8.567 mean shift=20.977 min/mean CCE distance=20.001/30.607 |p| mean=20.858
  task 2 epoch 1/50 (40 it, b_new=128) rec=22.205 lat=0.000 dz=50.268 dx=8.362 mem=3.148 rn=385.058 [1143s]
  task 2 epoch 10/50 (40 it, b_new=128) rec=19.747 lat=0.000 dz=96.327 dx=9.334 mem=3.226 rn=317.848 [1514s]
  task 2 epoch 20/50 (40 it, b_new=128) rec=17.408 lat=0.000 dz=119.972 dx=7.931 mem=1.396 rn=261.381 [1919s]
  task 2 epoch 30/50 (40 it, b_new=128) rec=16.437 lat=0.000 dz=117.820 dx=7.480 mem=0.927 rn=227.836 [2326s]
  task 2 epoch 40/50 (40 it, b_new=128) rec=15.897 lat=0.000 dz=103.033 dx=7.231 mem=0.736 rn=202.188 [2736s]
  task 2 epoch 50/50 (40 it, b_new=128) rec=15.675 lat=0.000 dz=98.741 dx=7.054 mem=0.659 rn=196.322 [3135s]
  memory (frozen codes): 10000 exemplars (960/class), 3,200,000 scalars, 12,800,000 bytes
  memorisation: 38 decoder epochs (1520 steps) over 10000 exemplars, final loss=11.046
after task 2: acc=51.05 per-task=[58.6, 43.5] memory-PSNR=21.88dB acc(recon test)=51.1 acc(memory)=66.4 [3408s]
  CCE placement (2732 RFA steps): |init spread|=10.006 mean shift=21.351 min/mean CCE distance=20.001/33.817 |p| mean=23.343
  task 3 epoch 1/50 (59 it, b_new=85) rec=15.788 lat=0.000 dz=52.004 dx=6.173 mem=2.670 rn=413.536 [3482s]
  task 3 epoch 10/50 (59 it, b_new=85) rec=13.164 lat=0.000 dz=89.772 dx=5.125 mem=1.296 rn=337.458 [4048s]
  task 3 epoch 20/50 (59 it, b_new=85) rec=12.371 lat=0.000 dz=97.330 dx=5.128 mem=1.056 rn=296.017 [4666s]
  task 3 epoch 30/50 (59 it, b_new=85) rec=11.643 lat=0.000 dz=87.561 dx=4.795 mem=0.613 rn=257.143 [5267s]
  task 3 epoch 40/50 (59 it, b_new=85) rec=11.378 lat=0.000 dz=80.477 dx=4.782 mem=0.493 rn=231.019 [5861s]
  task 3 epoch 50/50 (59 it, b_new=85) rec=11.273 lat=0.000 dz=79.426 dx=4.684 mem=0.421 rn=227.786 [6463s]
  memory (frozen codes): 15000 exemplars (640/class), 4,800,000 scalars, 19,200,000 bytes
  memorisation: 26 decoder epochs (1534 steps) over 15000 exemplars, final loss=5.880
after task 3: acc=45.07 per-task=[45.2, 33.2, 56.8] memory-PSNR=22.24dB acc(recon test)=45.1 acc(memory)=66.5 [6746s]
  CCE placement (2685 RFA steps): |init spread|=11.087 mean shift=20.068 min/mean CCE distance=20.001/35.216 |p| mean=24.615
  task 4 epoch 1/50 (79 it, b_new=64) rec=12.738 lat=0.000 dz=51.230 dx=4.199 mem=1.801 rn=397.213 [6835s]
