benchmark cifar100(10/10) input=(3, 32, 32) method=ahr seed=1
args: {"ahr_epoch": "new", "alpha_kd": 0.0, "alpha_mem": 1.0, "alpha_x": 1.0, "alpha_z": 0.1, "augment": true, "balanced_ft_epochs": 0, "balanced_ft_lr_scale": 0.1, "batch_size": 256, "bf16": true, "class_order": "natural", "cls_dim": 64, "crop_pad": 4, "data_root": "data", "dataset": "cifar100", "decoder_in_budget": 0, "decoder_width": 1.0, "distill_norm": "sq", "enc_pool": 4, "epochs": 50, "eval_batch": 1000, "flush_denormal": 1, "herd_space": "encoder", "hf_sigma": 1.0, "hf_transplant": 0.0, "input_blur": 0.0, "kd_form": "kl", "kd_lambda": 1.0, "kd_scale": 0.25, "kd_temperature": 2.0, "lam": 1.0, "lam_recon_new": 1.0, "lat_real_first": 0, "latent_bits": 32, "latent_dim": 320, "latent_domain": "recon", "latent_kind": "split", "log_every": 10, "lr": 0.001, "lr_schedule": "cosine", "memorize_codes": 0, "memorize_epochs": 20, "memorize_lr": 0.001, "memorize_steps": 1500, "memory_kind": "latent", "memory_mode": "frozen", "method": "ahr", "momentum": 0.9, "n_exemplars": 19200, "n_tasks": null, "out": "results", "pad_mode": "constant", "raw_exemplars": 2000, "recon_latent": "split", "recon_new_source": "current", "replay_sampling": "union", "resume": null, "rfa_damping": 0.0, "rfa_dt": 0.01, "rfa_jitter": 0.25, "rfa_mass": 1.0, "rfa_softening": 0.001, "rfa_steps": 20000, "rfa_target": 20.0, "rfa_zeta": 1.0, "save_ckpt": 1, "seed": 1, "selection": "herding", "stop_after": null, "tag": "", "threads": 2, "train_fraction": 1.0, "val_fraction": 0.0, "weight_decay": 0.0}
[AHR] encoder params=470,676 decoder params=1,210,883 memory=latent x 19200 exemplars
  CCE placement (1537 RFA steps): |init spread|=6.863 mean shift=10.114 min/mean CCE distance=20.003/21.916 |p| mean=14.781
  task 1 epoch 1/50 (20 it, b_new=256) rec=213.573 lat=0.000 dz=0.000 dx=0.000 mem=0.000 rn=217.403 [57s]
  task 1 epoch 10/50 (20 it, b_new=256) rec=30.610 lat=0.000 dz=0.000 dx=0.000 mem=0.000 rn=182.207 [329s]
  task 1 epoch 20/50 (20 it, b_new=256) rec=27.131 lat=0.000 dz=0.000 dx=0.000 mem=0.000 rn=139.122 [626s]
  task 1 epoch 30/50 (20 it, b_new=256) rec=21.568 lat=0.000 dz=0.000 dx=0.000 mem=0.000 rn=113.200 [3620s]
  task 1 epoch 40/50 (20 it, b_new=256) rec=20.505 lat=0.000 dz=0.000 dx=0.000 mem=0.000 rn=99.418 [6553s]
  task 1 epoch 50/50 (20 it, b_new=256) rec=20.263 lat=0.000 dz=0.000 dx=0.000 mem=0.000 rn=95.259 [6840s]
  memory (frozen codes): 5000 exemplars (1920/class), 1,600,000 scalars, 6,400,000 bytes
  memorisation: 75 decoder epochs (1500 steps) over 5000 exemplars, final loss=17.286
after task 1: acc=65.30 per-task=[65.3] memory-PSNR=23.00dB acc(recon test)=65.3 acc(memory)=73.9 [7315s]
  CCE placement (2433 RFA steps): |init spread|=8.189 mean shift=19.732 min/mean CCE distance=20.002/29.440 |p| mean=20.106
  task 2 epoch 1/50 (40 it, b_new=128) rec=21.618 lat=125.745 dz=32.851 dx=7.824 mem=2.745 rn=587.102 [7395s]
  task 2 epoch 10/50 (40 it, b_new=128) rec=17.130 lat=148.756 dz=84.937 dx=8.173 mem=1.420 rn=428.471 [7958s]
  task 2 epoch 20/50 (40 it, b_new=128) rec=16.813 lat=138.592 dz=80.226 dx=9.242 mem=1.107 rn=366.162 [8585s]
  task 2 epoch 30/50 (40 it, b_new=128) rec=15.926 lat=119.352 dz=59.051 dx=8.931 mem=0.857 rn=294.712 [9211s]
  task 2 epoch 40/50 (40 it, b_new=128) rec=15.298 lat=102.474 dz=52.056 dx=8.469 mem=0.697 rn=245.581 [9838s]
  task 2 epoch 50/50 (40 it, b_new=128) rec=15.123 lat=105.293 dz=50.990 dx=8.303 mem=0.590 rn=236.525 [10451s]
  memory (frozen codes): 10000 exemplars (960/class), 3,200,000 scalars, 12,800,000 bytes
  memorisation: 38 decoder epochs (1520 steps) over 10000 exemplars, final loss=9.768
after task 2: acc=49.50 per-task=[47.2, 51.8] memory-PSNR=22.76dB acc(recon test)=49.5 acc(memory)=61.7 [10966s]
  CCE placement (2629 RFA steps): |init spread|=11.273 mean shift=18.311 min/mean CCE distance=20.001/31.961 |p| mean=22.184
  task 3 epoch 1/50 (59 it, b_new=85) rec=17.344 lat=261.681 dz=67.859 dx=7.479 mem=1.668 rn=531.026 [11074s]
  task 3 epoch 10/50 (59 it, b_new=85) rec=14.831 lat=260.904 dz=87.464 dx=8.026 mem=1.087 rn=288.837 [11939s]
  task 3 epoch 20/50 (59 it, b_new=85) rec=14.331 lat=227.948 dz=84.866 dx=8.321 mem=1.094 rn=219.572 [12919s]
  task 3 epoch 30/50 (59 it, b_new=85) rec=13.298 lat=206.386 dz=87.580 dx=7.791 mem=0.764 rn=172.153 [13923s]
benchmark cifar100(10/10) input=(3, 32, 32) method=ahr seed=1
args: {"ahr_epoch": "new", "alpha_kd": 0.0, "alpha_mem": 1.0, "alpha_x": 1.0, "alpha_z": 0.1, "augment": true, "balanced_ft_epochs": 0, "balanced_ft_lr_scale": 0.1, "batch_size": 256, "bf16": true, "class_order": "natural", "cls_dim": 64, "crop_pad": 4, "data_root": "data", "dataset": "cifar100", "decoder_in_budget": 0, "decoder_width": 1.0, "distill_norm": "sq", "enc_pool": 4, "epochs": 50, "eval_batch": 1000, "flush_denormal": 1, "herd_space": "encoder", "hf_sigma": 1.0, "hf_transplant": 0.0, "input_blur": 0.0, "kd_form": "kl", "kd_lambda": 1.0, "kd_scale": 0.25, "kd_temperature": 2.0, "lam": 1.0, "lam_recon_new": 1.0, "lat_real_first": 0, "latent_bits": 32, "latent_dim": 320, "latent_domain": "recon", "latent_kind": "split", "log_every": 10, "lr": 0.001, "lr_schedule": "cosine", "memorize_codes": 0, "memorize_epochs": 20, "memorize_lr": 0.001, "memorize_steps": 1500, "memory_kind": "latent", "memory_mode": "frozen", "method": "ahr", "momentum": 0.9, "n_exemplars": 19200, "n_tasks": null, "out": "results", "pad_mode": "constant", "raw_exemplars": 2000, "recon_latent": "split", "recon_new_source": "current", "replay_sampling": "union", "resume": "results/cifar100/ahr_s1_ckpt_t2.pt", "rfa_damping": 0.0, "rfa_dt": 0.01, "rfa_jitter": 0.25, "rfa_mass": 1.0, "rfa_softening": 0.001, "rfa_steps": 20000, "rfa_target": 20.0, "rfa_zeta": 1.0, "save_ckpt": 1, "seed": 1, "selection": "herding", "stop_after": null, "tag": "", "threads": 2, "train_fraction": 1.0, "val_fraction": 0.0, "weight_decay": 0.0}
[AHR] encoder params=470,676 decoder params=1,210,883 memory=latent x 19200 exemplars
resumed from results/cifar100/ahr_s1_ckpt_t2.pt after task 2: accs so far [65.3, 49.5]
  CCE placement (3236 RFA steps): |init spread|=11.057 mean shift=25.606 min/mean CCE distance=20.002/35.629 |p| mean=24.609
  task 3 epoch 1/50 (59 it, b_new=85) rec=18.592 lat=287.644 dz=84.835 dx=8.412 mem=2.029 rn=759.417 [730s]
benchmark cifar100(10/10) input=(3, 32, 32) method=ahr seed=1
args: {"ahr_epoch": "new", "alpha_kd": 0.0, "alpha_mem": 1.0, "alpha_x": 1.0, "alpha_z": 0.1, "augment": true, "balanced_ft_epochs": 0, "balanced_ft_lr_scale": 0.1, "batch_size": 256, "bf16": true, "class_order": "natural", "cls_dim": 64, "crop_pad": 4, "data_root": "data", "dataset": "cifar100", "decoder_in_budget": 0, "decoder_width": 1.0, "distill_norm": "sq", "enc_pool": 4, "epochs": 50, "eval_batch": 1000, "flush_denormal": 1, "herd_space": "encoder", "hf_sigma": 1.0, "hf_transplant": 0.0, "input_blur": 0.0, "kd_form": "kl", "kd_lambda": 1.0, "kd_scale": 0.25, "kd_temperature": 2.0, "lam": 1.0, "lam_recon_new": 1.0, "lat_real_first": 0, "latent_bits": 32, "latent_dim": 320, "latent_domain": "recon", "latent_kind": "split", "log_every": 10, "lr": 0.001, "lr_schedule": "cosine", "memorize_codes": 0, "memorize_epochs": 20, "memorize_lr": 0.001, "memorize_steps": 1500, "memory_kind": "latent", "memory_mode": "frozen", "method": "ahr", "momentum": 0.9, "n_exemplars": 19200, "n_tasks": null, "out": "results", "pad_mode": "constant", "raw_exemplars": 2000, "recon_latent": "split", "recon_new_source": "current", "replay_sampling": "union", "resume": "results/cifar100/ahr_s1_ckpt_t2.pt", "rfa_damping": 0.0, "rfa_dt": 0.01, "rfa_jitter": 0.25, "rfa_mass": 1.0, "rfa_softening": 0.001, "rfa_steps": 20000, "rfa_target": 20.0, "rfa_zeta": 1.0, "save_ckpt": 1, "seed": 1, "selection": "herding", "stop_after": null, "tag": "", "threads": 2, "train_fraction": 1.0, "val_fraction": 0.0, "weight_decay": 0.0}
[AHR] encoder params=470,676 decoder params=1,210,883 memory=latent x 19200 exemplars
resumed from results/cifar100/ahr_s1_ckpt_t2.pt after task 2: accs so far [65.3, 49.5]
  CCE placement (3236 RFA steps): |init spread|=11.057 mean shift=25.606 min/mean CCE distance=20.002/35.629 |p| mean=24.609
  task 3 epoch 1/50 (59 it, b_new=85) rec=18.532 lat=288.000 dz=85.550 dx=8.344 mem=2.003 rn=759.352 [142s]
  task 3 epoch 10/50 (59 it, b_new=85) rec=15.968 lat=280.817 dz=95.390 dx=9.210 mem=1.333 rn=435.963 [1074s]
  task 3 epoch 20/50 (59 it, b_new=85) rec=14.853 lat=248.737 dz=85.796 dx=8.888 mem=1.011 rn=325.320 [2109s]
  task 3 epoch 30/50 (59 it, b_new=85) rec=14.276 lat=225.587 dz=84.430 dx=8.786 mem=1.020 rn=257.309 [3160s]
  task 3 epoch 40/50 (59 it, b_new=85) rec=13.509 lat=212.014 dz=84.647 dx=8.107 mem=0.677 rn=209.366 [4216s]
  task 3 epoch 50/50 (59 it, b_new=85) rec=13.308 lat=212.149 dz=83.392 dx=7.953 mem=0.607 rn=192.318 [5260s]
  memory (frozen codes): 15000 exemplars (640/class), 4,800,000 scalars, 19,200,000 bytes
  memorisation: 26 decoder epochs (1534 steps) over 15000 exemplars, final loss=6.070
after task 3: acc=39.07 per-task=[27.9, 28.5, 60.8] memory-PSNR=22.75dB acc(recon test)=39.1 acc(memory)=51.8 [5879s]
  CCE placement (2385 RFA steps): |init spread|=13.260 mean shift=14.140 min/mean CCE distance=20.001/34.919 |p| mean=24.661
  task 4 epoch 1/50 (79 it, b_new=64) rec=16.416 lat=362.815 dz=94.273 dx=6.619 mem=1.305 rn=409.143 [6043s]
  task 4 epoch 10/50 (79 it, b_new=64) rec=14.495 lat=299.476 dz=120.192 dx=7.818 mem=1.296 rn=245.377 [7257s]
benchmark cifar100(10/10) input=(3, 32, 32) method=ahr seed=1
args: {"ahr_epoch": "new", "alpha_kd": 0.0, "alpha_mem": 1.0, "alpha_x": 1.0, "alpha_z": 0.1, "augment": true, "balanced_ft_epochs": 0, "balanced_ft_lr_scale": 0.1, "batch_size": 256, "bf16": true, "class_order": "natural", "cls_dim": 64, "crop_pad": 4, "data_root": "data", "dataset": "cifar100", "decoder_in_budget": 0, "decoder_width": 1.0, "distill_norm": "sq", "enc_pool": 4, "epochs": 50, "eval_batch": 1000, "flush_denormal": 1, "herd_space": "encoder", "hf_sigma": 1.0, "hf_transplant": 0.0, "input_blur": 0.0, "kd_form": "kl", "kd_lambda": 1.0, "kd_scale": 0.25, "kd_temperature": 2.0, "lam": 1.0, "lam_recon_new": 1.0, "lat_real_first": 0, "latent_bits": 32, "latent_dim": 320, "latent_domain": "recon", "latent_kind": "split", "log_every": 10, "lr": 0.001, "lr_schedule": "cosine", "memorize_codes": 0, "memorize_epochs": 20, "memorize_lr": 0.001, "memorize_steps": 1500, "memory_kind": "latent", "memory_mode": "frozen", "method": "ahr", "momentum": 0.9, "n_exemplars": 19200, "n_tasks": null, "out": "results", "pad_mode": "constant", "raw_exemplars": 2000, "recon_latent": "split", "recon_new_source": "current", "replay_sampling": "union", "resume": "results/cifar100/ahr_s1_ckpt_t3.pt", "rfa_damping": 0.0, "rfa_dt": 0.01, "rfa_jitter": 0.25, "rfa_mass": 1.0, "rfa_softening": 0.001, "rfa_steps": 20000, "rfa_target": 20.0, "rfa_zeta": 1.0, "save_ckpt": 1, "seed": 1, "selection": "herding", "stop_after": null, "tag": "", "threads": 4, "train_fraction": 1.0, "val_fraction": 0.0, "weight_decay": 0.0}
[AHR] encoder params=470,676 decoder params=1,210,883 memory=latent x 19200 exemplars
resumed from results/cifar100/ahr_s1_ckpt_t3.pt after task 3: accs so far [65.3, 49.5, 39.07]
  CCE placement (3214 RFA steps): |init spread|=13.359 mean shift=23.247 min/mean CCE distance=20.002/38.280 |p| mean=26.992
  task 4 epoch 1/50 (79 it, b_new=64) rec=16.673 lat=388.721 dz=110.468 dx=6.909 mem=1.399 rn=712.194 [105s]
  task 4 epoch 10/50 (79 it, b_new=64) rec=14.621 lat=335.916 dz=122.320 dx=8.122 mem=1.144 rn=430.209 [860s]
  task 4 epoch 20/50 (79 it, b_new=64) rec=13.632 lat=305.218 dz=126.993 dx=7.783 mem=0.913 rn=347.269 [1693s]
  task 4 epoch 30/50 (79 it, b_new=64) rec=12.844 lat=285.586 dz=129.048 dx=7.402 mem=0.708 rn=266.736 [2496s]
  task 4 epoch 40/50 (79 it, b_new=64) rec=12.391 lat=269.578 dz=130.939 dx=7.142 mem=0.557 rn=227.637 [3264s]
  task 4 epoch 50/50 (79 it, b_new=64) rec=12.335 lat=261.733 dz=131.880 dx=7.038 mem=0.521 rn=206.442 [4053s]
  memory (frozen codes): 19200 exemplars (480/class), 6,144,000 scalars, 24,576,000 bytes
  memorisation: 20 decoder epochs (1500 steps) over 19200 exemplars, final loss=4.933
after task 4: acc=33.20 per-task=[19.5, 16.5, 37.0, 59.8] memory-PSNR=22.62dB acc(recon test)=33.2 acc(memory)=49.7 [4409s]
  CCE placement (4071 RFA steps): |init spread|=15.959 mean shift=32.300 min/mean CCE distance=20.002/43.492 |p| mean=31.027
  task 5 epoch 1/50 (99 it, b_new=51) rec=16.018 lat=446.169 dz=111.013 dx=6.472 mem=1.247 rn=1185.347 [4525s]
  task 5 epoch 10/50 (99 it, b_new=51) rec=14.109 lat=431.036 dz=141.496 dx=8.054 mem=1.072 rn=646.548 [5434s]
  task 5 epoch 20/50 (99 it, b_new=51) rec=13.266 lat=404.907 dz=131.144 dx=7.877 mem=0.951 rn=492.782 [6419s]
  task 5 epoch 30/50 (99 it, b_new=51) rec=12.847 lat=386.581 dz=129.579 dx=7.621 mem=0.738 rn=382.082 [7401s]
  task 5 epoch 40/50 (99 it, b_new=51) rec=12.516 lat=364.318 dz=126.901 dx=7.226 mem=0.584 rn=317.816 [8388s]
  task 5 epoch 50/50 (99 it, b_new=51) rec=12.308 lat=365.339 dz=124.122 dx=7.045 mem=0.520 rn=276.008 [9372s]
  memory (frozen codes): 19200 exemplars (384/class), 6,144,000 scalars, 24,576,000 bytes
  memorisation: 20 decoder epochs (1500 steps) over 19200 exemplars, final loss=4.197
after task 5: acc=26.60 per-task=[12.8, 9.5, 27.5, 25.3, 57.9] memory-PSNR=22.49dB acc(recon test)=26.6 acc(memory)=42.4 [9761s]
  CCE placement (4466 RFA steps): |init spread|=20.810 mean shift=31.810 min/mean CCE distance=20.002/48.075 |p| mean=35.044
  task 6 epoch 1/50 (117 it, b_new=43) rec=15.752 lat=604.797 dz=124.999 dx=6.378 mem=1.074 rn=1009.916 [9898s]
  task 6 epoch 10/50 (117 it, b_new=43) rec=13.969 lat=549.504 dz=154.295 dx=7.736 mem=1.056 rn=536.500 [10934s]
  task 6 epoch 20/50 (117 it, b_new=43) rec=13.125 lat=505.434 dz=154.488 dx=7.468 mem=0.810 rn=390.217 [12048s]
  task 6 epoch 30/50 (117 it, b_new=43) rec=12.586 lat=469.794 dz=163.186 dx=7.170 mem=0.647 rn=298.466 [13183s]
  task 6 epoch 40/50 (117 it, b_new=43) rec=12.072 lat=452.868 dz=163.014 dx=6.747 mem=0.517 rn=239.468 [14343s]
  task 6 epoch 50/50 (117 it, b_new=43) rec=11.963 lat=445.270 dz=161.929 dx=6.681 mem=0.470 rn=210.076 [15488s]
  memory (frozen codes): 19200 exemplars (320/class), 6,144,000 scalars, 24,576,000 bytes
  memorisation: 20 decoder epochs (1500 steps) over 19200 exemplars, final loss=3.641
after task 6: acc=22.32 per-task=[10.9, 6.4, 19.4, 18.5, 20.4, 58.3] memory-PSNR=22.44dB acc(recon test)=22.3 acc(memory)=40.5 [15865s]
  CCE placement (4334 RFA steps): |init spread|=23.259 mean shift=27.975 min/mean CCE distance=20.002/51.036 |p| mean=38.284
  task 7 epoch 1/50 (136 it, b_new=37) rec=14.332 lat=683.146 dz=150.181 dx=5.463 mem=0.885 rn=813.085 [16009s]
  task 7 epoch 10/50 (136 it, b_new=37) rec=13.058 lat=578.571 dz=207.944 dx=6.913 mem=0.867 rn=436.387 [17147s]
  task 7 epoch 20/50 (136 it, b_new=37) rec=12.207 lat=525.674 dz=221.829 dx=6.855 mem=0.774 rn=342.241 [18413s]
  task 7 epoch 30/50 (136 it, b_new=37) rec=11.480 lat=484.005 dz=233.351 dx=6.558 mem=0.597 rn=253.383 [19732s]
  task 7 epoch 40/50 (136 it, b_new=37) rec=11.234 lat=454.746 dz=236.809 dx=6.379 mem=0.483 rn=206.797 [21055s]
benchmark cifar100(10/10) input=(3, 32, 32) method=ahr seed=1
args: {"ahr_epoch": "new", "alpha_kd": 0.0, "alpha_mem": 1.0, "alpha_x": 1.0, "alpha_z": 0.1, "augment": true, "balanced_ft_epochs": 0, "balanced_ft_lr_scale": 0.1, "batch_size": 256, "bf16": true, "class_order": "natural", "cls_dim": 64, "crop_pad": 4, "data_root": "data", "dataset": "cifar100", "decoder_in_budget": 0, "decoder_width": 1.0, "distill_norm": "sq", "enc_pool": 4, "epochs": 50, "eval_batch": 1000, "flush_denormal": 1, "herd_space": "encoder", "hf_sigma": 1.0, "hf_transplant": 0.0, "input_blur": 0.0, "kd_form": "kl", "kd_lambda": 1.0, "kd_scale": 0.25, "kd_temperature": 2.0, "lam": 1.0, "lam_recon_new": 1.0, "lat_real_first": 0, "latent_bits": 32, "latent_dim": 320, "latent_domain": "recon", "latent_kind": "split", "log_every": 10, "lr": 0.001, "lr_schedule": "cosine", "memorize_codes": 0, "memorize_epochs": 20, "memorize_lr": 0.001, "memorize_steps": 1500, "memory_kind": "latent", "memory_mode": "frozen", "method": "ahr", "momentum": 0.9, "n_exemplars": 19200, "n_tasks": null, "out": "results", "pad_mode": "constant", "raw_exemplars": 2000, "recon_latent": "split", "recon_new_source": "current", "replay_sampling": "union", "resume": "results/cifar100/ahr_s1_ckpt_t6.pt", "rfa_damping": 0.0, "rfa_dt": 0.01, "rfa_jitter": 0.25, "rfa_mass": 1.0, "rfa_softening": 0.001, "rfa_steps": 20000, "rfa_target": 20.0, "rfa_zeta": 1.0, "save_ckpt": 1, "seed": 1, "selection": "herding", "stop_after": null, "tag": "", "threads": 4, "train_fraction": 1.0, "val_fraction": 0.0, "weight_decay": 0.0}
[AHR] encoder params=470,676 decoder params=1,210,883 memory=latent x 19200 exemplars
resumed from results/cifar100/ahr_s1_ckpt_t6.pt after task 6: accs so far [65.3, 49.5, 39.07, 33.2, 26.6, 22.32]
  CCE placement (3822 RFA steps): |init spread|=23.778 mean shift=21.898 min/mean CCE distance=20.002/49.835 |p| mean=37.581
  task 7 epoch 1/50 (136 it, b_new=37) rec=14.190 lat=673.121 dz=148.535 dx=5.239 mem=0.886 rn=577.206 [154s]
  task 7 epoch 10/50 (136 it, b_new=37) rec=12.627 lat=553.437 dz=206.053 dx=6.585 mem=0.794 rn=320.627 [1254s]
  task 7 epoch 20/50 (136 it, b_new=37) rec=11.871 lat=491.202 dz=225.306 dx=6.520 mem=0.653 rn=246.638 [2462s]
  task 7 epoch 30/50 (136 it, b_new=37) rec=11.350 lat=453.880 dz=236.298 dx=6.340 mem=0.557 rn=202.441 [3686s]
  task 7 epoch 40/50 (136 it, b_new=37) rec=10.914 lat=421.088 dz=241.706 dx=6.123 mem=0.444 rn=157.520 [4916s]
  task 7 epoch 50/50 (136 it, b_new=37) rec=10.850 lat=408.154 dz=243.606 dx=6.066 mem=0.405 rn=147.469 [6154s]
  memory (frozen codes): 19180 exemplars (274/class), 6,137,600 scalars, 24,550,400 bytes
  memorisation: 20 decoder epochs (1500 steps) over 19180 exemplars, final loss=2.602
after task 7: acc=21.76 per-task=[4.4, 3.3, 17.2, 10.0, 20.0, 27.7, 69.7] memory-PSNR=22.41dB acc(recon test)=21.8 acc(memory)=47.0 [6506s]
  CCE placement (4671 RFA steps): |init spread|=25.990 mean shift=30.559 min/mean CCE distance=20.002/53.524 |p| mean=41.354
  task 8 epoch 1/50 (157 it, b_new=32) rec=13.389 lat=586.256 dz=145.064 dx=4.821 mem=0.899 rn=1014.789 [6669s]
  task 8 epoch 10/50 (157 it, b_new=32) rec=12.250 lat=563.693 dz=194.039 dx=6.230 mem=0.937 rn=574.642 [7955s]
  task 8 epoch 20/50 (157 it, b_new=32) rec=11.384 lat=515.195 dz=188.173 dx=5.814 mem=0.680 rn=438.487 [9372s]
  task 8 epoch 30/50 (157 it, b_new=32) rec=11.026 lat=476.921 dz=184.734 dx=5.611 mem=0.562 rn=347.815 [10781s]
  task 8 epoch 40/50 (157 it, b_new=32) rec=10.575 lat=452.901 dz=182.098 dx=5.276 mem=0.438 rn=275.937 [12221s]
  task 8 epoch 50/50 (157 it, b_new=32) rec=10.490 lat=439.032 dz=178.212 dx=5.226 mem=0.395 rn=239.849 [13661s]
  memory (frozen codes): 19200 exemplars (240/class), 6,144,000 scalars, 24,576,000 bytes
  memorisation: 20 decoder epochs (1500 steps) over 19200 exemplars, final loss=2.320
after task 8: acc=16.75 per-task=[3.7, 3.2, 11.6, 4.8, 13.9, 18.4, 19.7, 58.7] memory-PSNR=22.47dB acc(recon test)=16.8 acc(memory)=42.0 [14036s]
  CCE placement (2682 RFA steps): |init spread|=20.328 mean shift=11.791 min/mean CCE distance=20.002/53.271 |p| mean=42.921
  task 9 epoch 1/50 (179 it, b_new=28) rec=12.919 lat=657.142 dz=130.433 dx=3.892 mem=0.623 rn=388.695 [14221s]
  task 9 epoch 10/50 (179 it, b_new=28) rec=11.680 lat=516.037 dz=186.435 dx=5.023 mem=0.643 rn=228.151 [15733s]
  task 9 epoch 20/50 (179 it, b_new=28) rec=11.082 lat=442.613 dz=211.787 dx=5.064 mem=0.560 rn=179.249 [17403s]
  task 9 epoch 30/50 (179 it, b_new=28) rec=10.695 lat=394.978 dz=226.787 dx=4.993 mem=0.450 rn=143.959 [19098s]
  task 9 epoch 40/50 (179 it, b_new=28) rec=10.314 lat=368.259 dz=233.297 dx=4.741 mem=0.344 rn=125.333 [20847s]
  task 9 epoch 50/50 (179 it, b_new=28) rec=10.176 lat=358.848 dz=234.082 dx=4.619 mem=0.316 rn=119.271 [22633s]
  memory (frozen codes): 19170 exemplars (213/class), 6,134,400 scalars, 24,537,600 bytes
  memorisation: 20 decoder epochs (1500 steps) over 19170 exemplars, final loss=2.577
after task 9: acc=16.70 per-task=[2.8, 2.3, 10.0, 6.7, 12.9, 14.6, 21.0, 24.3, 55.7] memory-PSNR=22.39dB acc(recon test)=16.7 acc(memory)=49.8 [23045s]
  CCE placement (3680 RFA steps): |init spread|=21.642 mean shift=22.921 min/mean CCE distance=20.001/54.162 |p| mean=44.964
  task 10 epoch 1/50 (193 it, b_new=26) rec=11.832 lat=542.921 dz=162.500 dx=3.970 mem=0.745 rn=695.752 [23272s]
  task 10 epoch 10/50 (193 it, b_new=26) rec=11.038 lat=512.430 dz=201.544 dx=4.986 mem=0.798 rn=314.720 [24986s]
  task 10 epoch 20/50 (193 it, b_new=26) rec=10.491 lat=461.864 dz=197.496 dx=4.706 mem=0.629 rn=232.605 [26868s]
  task 10 epoch 30/50 (193 it, b_new=26) rec=9.997 lat=412.423 dz=180.794 dx=4.316 mem=0.460 rn=167.267 [28723s]
  task 10 epoch 40/50 (193 it, b_new=26) rec=9.663 lat=384.718 dz=177.248 dx=4.017 mem=0.373 rn=131.216 [30553s]
  task 10 epoch 50/50 (193 it, b_new=26) rec=9.577 lat=372.898 dz=172.531 dx=3.942 mem=0.336 rn=115.169 [32384s]
  memory (frozen codes): 19200 exemplars (192/class), 6,144,000 scalars, 24,576,000 bytes
  memorisation: 20 decoder epochs (1500 steps) over 19200 exemplars, final loss=1.977
after task 10: acc=13.80 per-task=[2.0, 1.5, 6.3, 2.0, 8.3, 6.4, 12.0, 14.9, 18.1, 66.5] memory-PSNR=22.44dB acc(recon test)=13.8 acc(memory)=44.9 [32773s]
FINAL cifar100 ahr seed=1: final acc=13.80 avg inc acc=30.50 time=546.2min
