benchmark cifar100(10/10) input=(3, 32, 32) method=ft_e seed=0
args: {"ahr_epoch": "new", "alpha_kd": 0.0, "alpha_mem": 1.0, "alpha_x": 1.0, "alpha_z": 0.1, "augment": true, "balanced_ft_epochs": 0, "balanced_ft_lr_scale": 0.1, "batch_size": 256, "bf16": true, "class_order": "natural", "cls_dim": 64, "crop_pad": 4, "data_root": "data", "dataset": "cifar100", "decoder_in_budget": 0, "decoder_width": 1.0, "distill_norm": "sq", "enc_pool": 4, "epochs": 50, "eval_batch": 1000, "flush_denormal": 1, "herd_space": "encoder", "hf_sigma": 1.0, "hf_transplant": 0.0, "input_blur": 0.0, "kd_form": "kl", "kd_lambda": 1.0, "kd_scale": 0.25, "kd_temperature": 2.0, "lam": 1.0, "lam_recon_new": 1.0, "lat_real_first": 0, "latent_bits": 32, "latent_dim": 307, "latent_domain": "recon", "latent_kind": "split", "log_every": 10, "lr": 0.001, "lr_schedule": "cosine", "memorize_codes": 0, "memorize_epochs": 20, "memorize_lr": 0.001, "memorize_steps": 1500, "memory_kind": "latent", "memory_mode": "frozen", "method": "ft_e", "momentum": 0.9, "n_exemplars": 50000, "n_tasks": null, "out": "results", "pad_mode": "constant", "raw_exemplars": 2000, "recon_latent": "split", "recon_new_source": "current", "replay_sampling": "union", "resume": null, "rfa_damping": 0.0, "rfa_dt": 0.01, "rfa_jitter": 0.25, "rfa_mass": 1.0, "rfa_softening": 0.001, "rfa_steps": 20000, "rfa_target": 20.0, "rfa_zeta": 1.0, "save_ckpt": 0, "seed": 0, "selection": "herding", "stop_after": null, "tag": "incjoint", "threads": 4, "train_fraction": 1.0, "val_fraction": 0.0, "weight_decay": 0.0}
[ft_e] backbone params=466,256 memory=raw x 50000
  task 1 epoch 1/50 (20 it) ce=2.084 kd=0.000 [8s]
  task 1 epoch 10/50 (20 it) ce=0.993 kd=0.000 [67s]
  task 1 epoch 20/50 (20 it) ce=0.628 kd=0.000 [130s]
  task 1 epoch 30/50 (20 it) ce=0.426 kd=0.000 [196s]
  task 1 epoch 40/50 (20 it) ce=0.307 kd=0.000 [265s]
  task 1 epoch 50/50 (20 it) ce=0.271 kd=0.000 [337s]
after task 1: acc=78.40 per-task=[78.4] [339s]
  task 2 epoch 1/50 (40 it) ce=1.890 kd=0.000 [352s]
  task 2 epoch 10/50 (40 it) ce=1.184 kd=0.000 [473s]
  task 2 epoch 20/50 (40 it) ce=0.806 kd=0.000 [606s]
  task 2 epoch 30/50 (40 it) ce=0.599 kd=0.000 [727s]
  task 2 epoch 40/50 (40 it) ce=0.459 kd=0.000 [857s]
  task 2 epoch 50/50 (40 it) ce=0.411 kd=0.000 [977s]
after task 2: acc=70.50 per-task=[74.4, 66.6] [979s]
  task 3 epoch 1/50 (59 it) ce=1.533 kd=0.000 [996s]
  task 3 epoch 10/50 (59 it) ce=0.895 kd=0.000 [1162s]
  task 3 epoch 20/50 (59 it) ce=0.614 kd=0.000 [1348s]
  task 3 epoch 30/50 (59 it) ce=0.406 kd=0.000 [1530s]
  task 3 epoch 40/50 (59 it) ce=0.282 kd=0.000 [1707s]
  task 3 epoch 50/50 (59 it) ce=0.250 kd=0.000 [1886s]
after task 3: acc=69.53 per-task=[69.5, 68.3, 70.8] [1890s]
  task 4 epoch 1/50 (79 it) ce=1.322 kd=0.000 [1913s]
  task 4 epoch 10/50 (79 it) ce=0.818 kd=0.000 [2128s]
  task 4 epoch 20/50 (79 it) ce=0.605 kd=0.000 [2366s]
  task 4 epoch 30/50 (79 it) ce=0.392 kd=0.000 [2602s]
  task 4 epoch 40/50 (79 it) ce=0.282 kd=0.000 [2849s]
  task 4 epoch 50/50 (79 it) ce=0.241 kd=0.000 [3094s]
after task 4: acc=65.57 per-task=[67.7, 62.7, 66.7, 65.2] [3098s]
  task 5 epoch 1/50 (98 it) ce=1.192 kd=0.000 [3127s]
  task 5 epoch 10/50 (98 it) ce=0.732 kd=0.000 [3386s]
  task 5 epoch 20/50 (98 it) ce=0.532 kd=0.000 [3679s]
  task 5 epoch 30/50 (98 it) ce=0.352 kd=0.000 [3956s]
  task 5 epoch 40/50 (98 it) ce=0.246 kd=0.000 [4244s]
  task 5 epoch 50/50 (98 it) ce=0.220 kd=0.000 [4544s]
after task 5: acc=63.96 per-task=[66.1, 61.4, 64.4, 63.6, 64.3] [4550s]
  task 6 epoch 1/50 (118 it) ce=1.097 kd=0.000 [4585s]
  task 6 epoch 10/50 (118 it) ce=0.700 kd=0.000 [4906s]
  task 6 epoch 20/50 (118 it) ce=0.507 kd=0.000 [5297s]
  task 6 epoch 30/50 (118 it) ce=0.348 kd=0.000 [5652s]
  task 6 epoch 40/50 (118 it) ce=0.252 kd=0.000 [5984s]
  task 6 epoch 50/50 (118 it) ce=0.222 kd=0.000 [6330s]
after task 6: acc=63.20 per-task=[63.9, 59.1, 64.8, 62.9, 62.8, 65.7] [6337s]
  task 7 epoch 1/50 (137 it) ce=1.018 kd=0.000 [6376s]
  task 7 epoch 10/50 (137 it) ce=0.680 kd=0.000 [6757s]
  task 7 epoch 20/50 (137 it) ce=0.503 kd=0.000 [7179s]
