benchmark cifar100(10/10) input=(3, 32, 32) method=ft_e seed=0
args: {"alpha_kd": 0.0, "alpha_mem": 1.0, "alpha_x": 1.0, "alpha_z": 0.1, "augment": true, "balanced_ft_epochs": 30, "balanced_ft_lr_scale": 0.1, "batch_size": 256, "bf16": true, "class_order": "natural", "cls_dim": 64, "crop_pad": 4, "data_root": "data", "dataset": "cifar100", "decoder_in_budget": 0, "decoder_width": 1.0, "distill_norm": "sq", "enc_pool": 4, "epochs": 50, "eval_batch": 1000, "flush_denormal": 1, "hf_sigma": 1.0, "hf_transplant": 0.0, "input_blur": 0.0, "kd_lambda": 1.0, "kd_scale": 0.25, "kd_temperature": 2.0, "lam": 1.0, "lam_recon_new": 1.0, "lat_real_first": 0, "latent_bits": 32, "latent_dim": 307, "latent_domain": "recon", "latent_kind": "split", "log_every": 10, "lr": 0.001, "lr_schedule": "cosine", "memorize_codes": 0, "memorize_epochs": 20, "memorize_lr": 0.001, "memorize_steps": 1500, "memory_kind": "latent", "memory_mode": "frozen", "method": "ft_e", "momentum": 0.9, "n_exemplars": 2000, "n_tasks": null, "out": "results", "raw_exemplars": 2000, "recon_new_source": "current", "replay_sampling": "union", "resume": null, "rfa_damping": 0.0, "rfa_dt": 0.01, "rfa_jitter": 0.25, "rfa_mass": 1.0, "rfa_softening": 0.001, "rfa_steps": 20000, "rfa_target": 20.0, "rfa_zeta": 1.0, "save_ckpt": 0, "seed": 0, "selection": "herding", "stop_after": null, "tag": "bft30", "threads": 4, "train_fraction": 1.0, "val_fraction": 0.0, "weight_decay": 0.0}
[ft_e] backbone params=466,256 memory=raw x 2000
  task 1 epoch 1/50 (20 it) ce=2.084 kd=0.000 [7s]
  task 1 epoch 10/50 (20 it) ce=0.993 kd=0.000 [57s]
  task 1 epoch 20/50 (20 it) ce=0.628 kd=0.000 [112s]
  task 1 epoch 30/50 (20 it) ce=0.426 kd=0.000 [172s]
  task 1 epoch 40/50 (20 it) ce=0.307 kd=0.000 [226s]
  task 1 epoch 50/50 (20 it) ce=0.271 kd=0.000 [281s]
after task 1: acc=78.40 per-task=[78.4] [283s]
  task 2 epoch 1/50 (28 it) ce=2.272 kd=0.000 [291s]
  task 2 epoch 10/50 (28 it) ce=1.114 kd=0.000 [362s]
  task 2 epoch 20/50 (28 it) ce=0.736 kd=0.000 [442s]
  task 2 epoch 30/50 (28 it) ce=0.509 kd=0.000 [520s]
  task 2 epoch 40/50 (28 it) ce=0.365 kd=0.000 [598s]
  task 2 epoch 50/50 (28 it) ce=0.317 kd=0.000 [678s]
  task 2 balanced fine-tuning: 30 epochs on 2000 exemplars, ce=0.169 [747s]
after task 2: acc=65.60 per-task=[65.3, 65.9] [749s]
  task 3 epoch 1/50 (28 it) ce=2.203 kd=0.000 [757s]
  task 3 epoch 10/50 (28 it) ce=0.803 kd=0.000 [833s]
  task 3 epoch 20/50 (28 it) ce=0.528 kd=0.000 [919s]
  task 3 epoch 30/50 (28 it) ce=0.308 kd=0.000 [1005s]
  task 3 epoch 40/50 (28 it) ce=0.204 kd=0.000 [1088s]
  task 3 epoch 50/50 (28 it) ce=0.175 kd=0.000 [1175s]
  task 3 balanced fine-tuning: 30 epochs on 1980 exemplars, ce=0.099 [1246s]
after task 3: acc=58.00 per-task=[52.9, 50.9, 70.2] [1250s]
  task 4 epoch 1/50 (28 it) ce=2.221 kd=0.000 [1258s]
  task 4 epoch 10/50 (28 it) ce=0.824 kd=0.000 [1335s]
  task 4 epoch 20/50 (28 it) ce=0.501 kd=0.000 [1423s]
  task 4 epoch 30/50 (28 it) ce=0.287 kd=0.000 [1508s]
  task 4 epoch 40/50 (28 it) ce=0.191 kd=0.000 [1593s]
  task 4 epoch 50/50 (28 it) ce=0.174 kd=0.000 [1677s]
  task 4 balanced fine-tuning: 30 epochs on 2000 exemplars, ce=0.062 [1746s]
after task 4: acc=52.32 per-task=[44.8, 39.1, 55.7, 69.7] [1751s]
  task 5 epoch 1/50 (28 it) ce=2.091 kd=0.000 [1758s]
  task 5 epoch 10/50 (28 it) ce=0.679 kd=0.000 [1822s]
  task 5 epoch 20/50 (28 it) ce=0.405 kd=0.000 [1896s]
  task 5 epoch 30/50 (28 it) ce=0.212 kd=0.000 [1968s]
  task 5 epoch 40/50 (28 it) ce=0.140 kd=0.000 [2039s]
  task 5 epoch 50/50 (28 it) ce=0.118 kd=0.000 [2112s]
  task 5 balanced fine-tuning: 30 epochs on 2000 exemplars, ce=0.044 [2175s]
after task 5: acc=48.98 per-task=[42.7, 35.5, 44.3, 50.2, 72.2] [2180s]
  task 6 epoch 1/50 (28 it) ce=2.057 kd=0.000 [2187s]
  task 6 epoch 10/50 (28 it) ce=0.626 kd=0.000 [2253s]
  task 6 epoch 20/50 (28 it) ce=0.357 kd=0.000 [2325s]
  task 6 epoch 30/50 (28 it) ce=0.185 kd=0.000 [2400s]
  task 6 epoch 40/50 (28 it) ce=0.122 kd=0.000 [2473s]
  task 6 epoch 50/50 (28 it) ce=0.102 kd=0.000 [2544s]
  task 6 balanced fine-tuning: 30 epochs on 1980 exemplars, ce=0.038 [2607s]
after task 6: acc=44.73 per-task=[37.9, 31.4, 40.9, 37.6, 49.5, 71.1] [2612s]
  task 7 epoch 1/50 (28 it) ce=2.022 kd=0.000 [2619s]
  task 7 epoch 10/50 (28 it) ce=0.579 kd=0.000 [2684s]
  task 7 epoch 20/50 (28 it) ce=0.341 kd=0.000 [2756s]
  task 7 epoch 30/50 (28 it) ce=0.176 kd=0.000 [2832s]
  task 7 epoch 40/50 (28 it) ce=0.102 kd=0.000 [2905s]
  task 7 epoch 50/50 (28 it) ce=0.088 kd=0.000 [2979s]
  task 7 balanced fine-tuning: 30 epochs on 1960 exemplars, ce=0.030 [3042s]
after task 7: acc=42.33 per-task=[35.2, 27.5, 34.4, 35.7, 40.4, 50.5, 72.6] [3048s]
  task 8 epoch 1/50 (28 it) ce=1.785 kd=0.000 [3056s]
  task 8 epoch 10/50 (28 it) ce=0.615 kd=0.000 [3124s]
  task 8 epoch 20/50 (28 it) ce=0.344 kd=0.000 [3200s]
  task 8 epoch 30/50 (28 it) ce=0.204 kd=0.000 [3273s]
  task 8 epoch 40/50 (28 it) ce=0.126 kd=0.000 [3346s]
  task 8 epoch 50/50 (28 it) ce=0.114 kd=0.000 [3423s]
  task 8 balanced fine-tuning: 30 epochs on 2000 exemplars, ce=0.031 [3488s]
after task 8: acc=38.06 per-task=[30.9, 25.7, 31.5, 30.8, 33.1, 41.6, 41.2, 69.7] [3495s]
  task 9 epoch 1/50 (28 it) ce=1.936 kd=0.000 [3503s]
  task 9 epoch 10/50 (28 it) ce=0.547 kd=0.000 [3572s]
  task 9 epoch 20/50 (28 it) ce=0.257 kd=0.000 [3647s]
  task 9 epoch 30/50 (28 it) ce=0.135 kd=0.000 [3720s]
  task 9 epoch 40/50 (28 it) ce=0.085 kd=0.000 [3793s]
  task 9 epoch 50/50 (28 it) ce=0.073 kd=0.000 [3867s]
  task 9 balanced fine-tuning: 30 epochs on 1980 exemplars, ce=0.022 [3930s]
after task 9: acc=37.12 per-task=[29.9, 21.1, 28.1, 28.9, 30.2, 36.5, 38.2, 47.7, 73.5] [3938s]
  task 10 epoch 1/50 (28 it) ce=1.939 kd=0.000 [3946s]
  task 10 epoch 10/50 (28 it) ce=0.478 kd=0.000 [4016s]
  task 10 epoch 20/50 (28 it) ce=0.233 kd=0.000 [4095s]
  task 10 epoch 30/50 (28 it) ce=0.134 kd=0.000 [4172s]
  task 10 epoch 40/50 (28 it) ce=0.072 kd=0.000 [4245s]
  task 10 epoch 50/50 (28 it) ce=0.066 kd=0.000 [4322s]
  task 10 balanced fine-tuning: 30 epochs on 2000 exemplars, ce=0.024 [4387s]
after task 10: acc=33.37 per-task=[27.2, 21.5, 26.6, 21.1, 27.4, 31.2, 30.7, 32.6, 40.7, 74.7] [4397s]
FINAL cifar100 ft_e seed=0: final acc=33.37 avg inc acc=49.89 time=73.3min
