benchmark cifar100(10/10) input=(3, 32, 32) method=ft_e seed=1
args: {"ahr_epoch": "new", "alpha_kd": 0.0, "alpha_mem": 1.0, "alpha_x": 1.0, "alpha_z": 0.1, "augment": true, "balanced_ft_epochs": 0, "balanced_ft_lr_scale": 0.1, "batch_size": 256, "bf16": true, "class_order": "natural", "cls_dim": 64, "crop_pad": 4, "data_root": "data", "dataset": "cifar100", "decoder_in_budget": 0, "decoder_width": 1.0, "distill_norm": "sq", "enc_pool": 4, "epochs": 50, "eval_batch": 1000, "flush_denormal": 1, "herd_space": "encoder", "hf_sigma": 1.0, "hf_transplant": 0.0, "input_blur": 0.0, "kd_form": "kl", "kd_lambda": 1.0, "kd_scale": 0.25, "kd_temperature": 2.0, "lam": 1.0, "lam_recon_new": 1.0, "lat_real_first": 0, "latent_bits": 32, "latent_dim": 307, "latent_domain": "recon", "latent_kind": "split", "log_every": 10, "lr": 0.001, "lr_schedule": "cosine", "memorize_codes": 0, "memorize_epochs": 20, "memorize_lr": 0.001, "memorize_steps": 1500, "memory_kind": "latent", "memory_mode": "frozen", "method": "ft_e", "momentum": 0.9, "n_exemplars": 2000, "n_tasks": null, "out": "results", "pad_mode": "constant", "raw_exemplars": 2000, "recon_latent": "split", "recon_new_source": "current", "replay_sampling": "union", "resume": null, "rfa_damping": 0.0, "rfa_dt": 0.01, "rfa_jitter": 0.25, "rfa_mass": 1.0, "rfa_softening": 0.001, "rfa_steps": 20000, "rfa_target": 20.0, "rfa_zeta": 1.0, "save_ckpt": 0, "seed": 1, "selection": "herding", "stop_after": null, "tag": "", "threads": 1, "train_fraction": 1.0, "val_fraction": 0.0, "weight_decay": 0.0}
[ft_e] backbone params=466,256 memory=raw x 2000
  task 1 epoch 1/50 (20 it) ce=2.170 kd=0.000 [17s]
  task 1 epoch 10/50 (20 it) ce=1.002 kd=0.000 [167s]
  task 1 epoch 20/50 (20 it) ce=0.684 kd=0.000 [335s]
  task 1 epoch 30/50 (20 it) ce=0.462 kd=0.000 [504s]
  task 1 epoch 40/50 (20 it) ce=0.342 kd=0.000 [674s]
  task 1 epoch 50/50 (20 it) ce=0.305 kd=0.000 [843s]
after task 1: acc=76.90 per-task=[76.9] [846s]
  task 2 epoch 1/50 (28 it) ce=2.345 kd=0.000 [871s]
  task 2 epoch 10/50 (28 it) ce=1.129 kd=0.000 [1087s]
  task 2 epoch 20/50 (28 it) ce=0.772 kd=0.000 [1326s]
  task 2 epoch 30/50 (28 it) ce=0.503 kd=0.000 [1563s]
  task 2 epoch 40/50 (28 it) ce=0.378 kd=0.000 [1799s]
  task 2 epoch 50/50 (28 it) ce=0.328 kd=0.000 [2062s]
after task 2: acc=66.25 per-task=[62.5, 70.0] [2069s]
  task 3 epoch 1/50 (28 it) ce=2.235 kd=0.000 [2095s]
  task 3 epoch 10/50 (28 it) ce=0.855 kd=0.000 [2334s]
  task 3 epoch 20/50 (28 it) ce=0.536 kd=0.000 [2599s]
  task 3 epoch 30/50 (28 it) ce=0.334 kd=0.000 [2863s]
  task 3 epoch 40/50 (28 it) ce=0.205 kd=0.000 [3123s]
  task 3 epoch 50/50 (28 it) ce=0.174 kd=0.000 [3379s]
after task 3: acc=57.43 per-task=[47.5, 47.3, 77.5] [3390s]
  task 4 epoch 1/50 (28 it) ce=2.436 kd=0.000 [3417s]
  task 4 epoch 10/50 (28 it) ce=0.815 kd=0.000 [3640s]
  task 4 epoch 20/50 (28 it) ce=0.500 kd=0.000 [3894s]
  task 4 epoch 30/50 (28 it) ce=0.292 kd=0.000 [4141s]
  task 4 epoch 40/50 (28 it) ce=0.190 kd=0.000 [4384s]
  task 4 epoch 50/50 (28 it) ce=0.164 kd=0.000 [4624s]
after task 4: acc=51.25 per-task=[41.8, 35.9, 49.9, 77.4] [4636s]
  task 5 epoch 1/50 (28 it) ce=2.209 kd=0.000 [4660s]
  task 5 epoch 10/50 (28 it) ce=0.707 kd=0.000 [4876s]
  task 5 epoch 20/50 (28 it) ce=0.410 kd=0.000 [5125s]
  task 5 epoch 30/50 (28 it) ce=0.229 kd=0.000 [5382s]
  task 5 epoch 40/50 (28 it) ce=0.143 kd=0.000 [5630s]
  task 5 epoch 50/50 (28 it) ce=0.124 kd=0.000 [5878s]
after task 5: acc=44.00 per-task=[35.3, 31.6, 38.5, 36.3, 78.3] [5895s]
  task 6 epoch 1/50 (28 it) ce=2.123 kd=0.000 [5919s]
  task 6 epoch 10/50 (28 it) ce=0.605 kd=0.000 [6153s]
  task 6 epoch 20/50 (28 it) ce=0.354 kd=0.000 [6404s]
  task 6 epoch 30/50 (28 it) ce=0.183 kd=0.000 [6663s]
  task 6 epoch 40/50 (28 it) ce=0.115 kd=0.000 [6932s]
  task 6 epoch 50/50 (28 it) ce=0.110 kd=0.000 [7193s]
after task 6: acc=41.38 per-task=[29.6, 29.8, 38.7, 31.1, 38.5, 80.6] [7213s]
  task 7 epoch 1/50 (28 it) ce=1.968 kd=0.000 [7239s]
  task 7 epoch 10/50 (28 it) ce=0.583 kd=0.000 [7469s]
  task 7 epoch 20/50 (28 it) ce=0.314 kd=0.000 [7736s]
  task 7 epoch 30/50 (28 it) ce=0.174 kd=0.000 [7995s]
  task 7 epoch 40/50 (28 it) ce=0.100 kd=0.000 [8259s]
  task 7 epoch 50/50 (28 it) ce=0.088 kd=0.000 [8527s]
after task 7: acc=38.81 per-task=[27.8, 27.0, 32.5, 27.6, 35.2, 41.4, 80.2] [8552s]
  task 8 epoch 1/50 (28 it) ce=2.401 kd=0.000 [8580s]
  task 8 epoch 10/50 (28 it) ce=0.662 kd=0.000 [8823s]
  task 8 epoch 20/50 (28 it) ce=0.364 kd=0.000 [9088s]
  task 8 epoch 30/50 (28 it) ce=0.208 kd=0.000 [9356s]
  task 8 epoch 40/50 (28 it) ce=0.138 kd=0.000 [9608s]
  task 8 epoch 50/50 (28 it) ce=0.112 kd=0.000 [9868s]
after task 8: acc=33.75 per-task=[25.6, 26.7, 27.2, 22.5, 29.4, 35.1, 26.0, 77.5] [9895s]
  task 9 epoch 1/50 (28 it) ce=2.167 kd=0.000 [9921s]
  task 9 epoch 10/50 (28 it) ce=0.523 kd=0.000 [10149s]
  task 9 epoch 20/50 (28 it) ce=0.270 kd=0.000 [10405s]
  task 9 epoch 30/50 (28 it) ce=0.140 kd=0.000 [10671s]
  task 9 epoch 40/50 (28 it) ce=0.088 kd=0.000 [10931s]
  task 9 epoch 50/50 (28 it) ce=0.073 kd=0.000 [11189s]
after task 9: acc=32.29 per-task=[20.4, 17.3, 24.9, 22.5, 26.7, 30.7, 31.6, 34.8, 81.7] [11219s]
  task 10 epoch 1/50 (28 it) ce=2.148 kd=0.000 [11244s]
  task 10 epoch 10/50 (28 it) ce=0.493 kd=0.000 [11473s]
  task 10 epoch 20/50 (28 it) ce=0.236 kd=0.000 [11720s]
  task 10 epoch 30/50 (28 it) ce=0.121 kd=0.000 [11974s]
  task 10 epoch 40/50 (28 it) ce=0.072 kd=0.000 [12234s]
  task 10 epoch 50/50 (28 it) ce=0.070 kd=0.000 [12489s]
after task 10: acc=27.37 per-task=[21.1, 15.8, 23.7, 13.6, 19.7, 21.4, 23.1, 21.4, 30.1, 83.8] [12522s]
FINAL cifar100 ft_e seed=1: final acc=27.37 avg inc acc=46.94 time=208.7min
