benchmark cifar100(10/10) input=(3, 32, 32) method=ft_e seed=2
args: {"ahr_epoch": "new", "alpha_kd": 0.0, "alpha_mem": 1.0, "alpha_x": 1.0, "alpha_z": 0.1, "augment": true, "balanced_ft_epochs": 0, "balanced_ft_lr_scale": 0.1, "batch_size": 256, "bf16": true, "class_order": "natural", "cls_dim": 64, "crop_pad": 4, "data_root": "data", "dataset": "cifar100", "decoder_in_budget": 0, "decoder_width": 1.0, "distill_norm": "sq", "enc_pool": 4, "epochs": 50, "eval_batch": 1000, "flush_denormal": 1, "herd_space": "encoder", "hf_sigma": 1.0, "hf_transplant": 0.0, "input_blur": 0.0, "kd_form": "kl", "kd_lambda": 1.0, "kd_scale": 0.25, "kd_temperature": 2.0, "lam": 1.0, "lam_recon_new": 1.0, "lat_real_first": 0, "latent_bits": 32, "latent_dim": 307, "latent_domain": "recon", "latent_kind": "split", "log_every": 10, "lr": 0.001, "lr_schedule": "cosine", "memorize_codes": 0, "memorize_epochs": 20, "memorize_lr": 0.001, "memorize_steps": 1500, "memory_kind": "latent", "memory_mode": "frozen", "method": "ft_e", "momentum": 0.9, "n_exemplars": 2000, "n_tasks": null, "out": "results", "pad_mode": "constant", "raw_exemplars": 2000, "recon_latent": "split", "recon_new_source": "current", "replay_sampling": "union", "resume": null, "rfa_damping": 0.0, "rfa_dt": 0.01, "rfa_jitter": 0.25, "rfa_mass": 1.0, "rfa_softening": 0.001, "rfa_steps": 20000, "rfa_target": 20.0, "rfa_zeta": 1.0, "save_ckpt": 0, "seed": 2, "selection": "herding", "stop_after": null, "tag": "", "threads": 1, "train_fraction": 1.0, "val_fraction": 0.0, "weight_decay": 0.0}
[ft_e] backbone params=466,256 memory=raw x 2000
  task 1 epoch 1/50 (20 it) ce=2.117 kd=0.000 [19s]
  task 1 epoch 10/50 (20 it) ce=0.980 kd=0.000 [182s]
  task 1 epoch 20/50 (20 it) ce=0.641 kd=0.000 [370s]
  task 1 epoch 30/50 (20 it) ce=0.438 kd=0.000 [557s]
  task 1 epoch 40/50 (20 it) ce=0.321 kd=0.000 [738s]
  task 1 epoch 50/50 (20 it) ce=0.299 kd=0.000 [915s]
after task 1: acc=76.10 per-task=[76.1] [918s]
  task 2 epoch 1/50 (28 it) ce=2.438 kd=0.000 [942s]
  task 2 epoch 10/50 (28 it) ce=1.109 kd=0.000 [1161s]
  task 2 epoch 20/50 (28 it) ce=0.763 kd=0.000 [1400s]
  task 2 epoch 30/50 (28 it) ce=0.527 kd=0.000 [1643s]
  task 2 epoch 40/50 (28 it) ce=0.378 kd=0.000 [1896s]
  task 2 epoch 50/50 (28 it) ce=0.337 kd=0.000 [2162s]
after task 2: acc=64.60 per-task=[59.5, 69.7] [2169s]
  task 3 epoch 1/50 (28 it) ce=2.072 kd=0.000 [2194s]
  task 3 epoch 10/50 (28 it) ce=0.859 kd=0.000 [2421s]
  task 3 epoch 20/50 (28 it) ce=0.537 kd=0.000 [2673s]
  task 3 epoch 30/50 (28 it) ce=0.329 kd=0.000 [2924s]
  task 3 epoch 40/50 (28 it) ce=0.217 kd=0.000 [3173s]
  task 3 epoch 50/50 (28 it) ce=0.191 kd=0.000 [3427s]
after task 3: acc=57.20 per-task=[47.4, 47.4, 76.8] [3437s]
  task 4 epoch 1/50 (28 it) ce=2.365 kd=0.000 [3464s]
  task 4 epoch 10/50 (28 it) ce=0.850 kd=0.000 [3697s]
  task 4 epoch 20/50 (28 it) ce=0.526 kd=0.000 [3956s]
  task 4 epoch 30/50 (28 it) ce=0.317 kd=0.000 [4209s]
  task 4 epoch 40/50 (28 it) ce=0.202 kd=0.000 [4456s]
  task 4 epoch 50/50 (28 it) ce=0.183 kd=0.000 [4706s]
after task 4: acc=50.00 per-task=[38.9, 35.2, 50.1, 75.8] [4720s]
  task 5 epoch 1/50 (28 it) ce=2.249 kd=0.000 [4746s]
  task 5 epoch 10/50 (28 it) ce=0.673 kd=0.000 [4968s]
  task 5 epoch 20/50 (28 it) ce=0.410 kd=0.000 [5215s]
  task 5 epoch 30/50 (28 it) ce=0.230 kd=0.000 [5463s]
  task 5 epoch 40/50 (28 it) ce=0.147 kd=0.000 [5709s]
  task 5 epoch 50/50 (28 it) ce=0.125 kd=0.000 [5956s]
after task 5: acc=43.80 per-task=[34.3, 29.7, 37.1, 39.2, 78.7] [5975s]
  task 6 epoch 1/50 (28 it) ce=2.086 kd=0.000 [6004s]
  task 6 epoch 10/50 (28 it) ce=0.651 kd=0.000 [6253s]
  task 6 epoch 20/50 (28 it) ce=0.376 kd=0.000 [6544s]
  task 6 epoch 30/50 (28 it) ce=0.208 kd=0.000 [6810s]
  task 6 epoch 40/50 (28 it) ce=0.128 kd=0.000 [7061s]
  task 6 epoch 50/50 (28 it) ce=0.112 kd=0.000 [7316s]
after task 6: acc=41.18 per-task=[31.0, 27.1, 38.1, 31.9, 38.7, 80.3] [7338s]
  task 7 epoch 1/50 (28 it) ce=2.042 kd=0.000 [7364s]
  task 7 epoch 10/50 (28 it) ce=0.582 kd=0.000 [7593s]
  task 7 epoch 20/50 (28 it) ce=0.319 kd=0.000 [7842s]
  task 7 epoch 30/50 (28 it) ce=0.166 kd=0.000 [8088s]
  task 7 epoch 40/50 (28 it) ce=0.099 kd=0.000 [8335s]
  task 7 epoch 50/50 (28 it) ce=0.092 kd=0.000 [8586s]
after task 7: acc=38.17 per-task=[28.6, 24.8, 31.9, 28.7, 35.7, 38.7, 78.8] [8611s]
  task 8 epoch 1/50 (28 it) ce=2.246 kd=0.000 [8636s]
  task 8 epoch 10/50 (28 it) ce=0.667 kd=0.000 [8860s]
  task 8 epoch 20/50 (28 it) ce=0.412 kd=0.000 [9105s]
  task 8 epoch 30/50 (28 it) ce=0.229 kd=0.000 [9346s]
  task 8 epoch 40/50 (28 it) ce=0.141 kd=0.000 [9592s]
  task 8 epoch 50/50 (28 it) ce=0.125 kd=0.000 [9835s]
after task 8: acc=34.35 per-task=[26.5, 23.1, 28.4, 24.2, 30.0, 34.6, 31.0, 77.0] [9863s]
  task 9 epoch 1/50 (28 it) ce=1.980 kd=0.000 [9886s]
  task 9 epoch 10/50 (28 it) ce=0.541 kd=0.000 [10104s]
  task 9 epoch 20/50 (28 it) ce=0.287 kd=0.000 [10351s]
  task 9 epoch 30/50 (28 it) ce=0.140 kd=0.000 [10603s]
  task 9 epoch 40/50 (28 it) ce=0.085 kd=0.000 [10850s]
  task 9 epoch 50/50 (28 it) ce=0.076 kd=0.000 [11093s]
after task 9: acc=31.93 per-task=[19.2, 17.7, 24.9, 21.7, 26.3, 29.6, 30.4, 34.1, 83.5] [11123s]
  task 10 epoch 1/50 (28 it) ce=1.960 kd=0.000 [11148s]
  task 10 epoch 10/50 (28 it) ce=0.474 kd=0.000 [11371s]
  task 10 epoch 20/50 (28 it) ce=0.246 kd=0.000 [11615s]
  task 10 epoch 30/50 (28 it) ce=0.121 kd=0.000 [11861s]
  task 10 epoch 40/50 (28 it) ce=0.076 kd=0.000 [12114s]
  task 10 epoch 50/50 (28 it) ce=0.062 kd=0.000 [12358s]
after task 10: acc=27.58 per-task=[20.7, 16.7, 20.7, 15.0, 23.3, 23.7, 23.8, 21.4, 25.6, 84.9] [12395s]
FINAL cifar100 ft_e seed=2: final acc=27.58 avg inc acc=46.49 time=206.6min
