benchmark cifar100(10/10) input=(3, 32, 32) method=ft_e seed=0
args: {"ahr_epoch": "new", "alpha_kd": 0.0, "alpha_mem": 1.0, "alpha_x": 1.0, "alpha_z": 0.1, "augment": true, "balanced_ft_epochs": 0, "balanced_ft_lr_scale": 0.1, "batch_size": 256, "bf16": true, "class_order": "natural", "cls_dim": 64, "crop_pad": 4, "data_root": "data", "dataset": "cifar100", "decoder_in_budget": 0, "decoder_width": 1.0, "distill_norm": "sq", "enc_pool": 4, "epochs": 50, "eval_batch": 1000, "flush_denormal": 1, "herd_space": "encoder", "hf_sigma": 1.0, "hf_transplant": 0.0, "input_blur": 0.0, "kd_form": "kl", "kd_lambda": 1.0, "kd_scale": 0.25, "kd_temperature": 2.0, "lam": 1.0, "lam_recon_new": 1.0, "lat_real_first": 0, "latent_bits": 32, "latent_dim": 307, "latent_domain": "recon", "latent_kind": "split", "log_every": 10, "lr": 0.001, "lr_schedule": "cosine", "memorize_codes": 0, "memorize_epochs": 20, "memorize_lr": 0.001, "memorize_steps": 1500, "memory_kind": "latent", "memory_mode": "frozen", "method": "ft_e", "momentum": 0.9, "n_exemplars": 10000, "n_tasks": null, "out": "results", "pad_mode": "constant", "raw_exemplars": 2000, "recon_latent": "split", "recon_new_source": "current", "replay_sampling": "union", "resume": null, "rfa_damping": 0.0, "rfa_dt": 0.01, "rfa_jitter": 0.25, "rfa_mass": 1.0, "rfa_softening": 0.001, "rfa_steps": 20000, "rfa_target": 20.0, "rfa_zeta": 1.0, "save_ckpt": 0, "seed": 0, "selection": "herding", "stop_after": null, "tag": "n10000", "threads": 2, "train_fraction": 1.0, "val_fraction": 0.0, "weight_decay": 0.0}
[ft_e] backbone params=466,256 memory=raw x 10000
  task 1 epoch 1/50 (20 it) ce=2.082 kd=0.000 [13s]
  task 1 epoch 10/50 (20 it) ce=0.981 kd=0.000 [120s]
  task 1 epoch 20/50 (20 it) ce=0.638 kd=0.000 [235s]
  task 1 epoch 30/50 (20 it) ce=0.427 kd=0.000 [349s]
  task 1 epoch 40/50 (20 it) ce=0.311 kd=0.000 [464s]
  task 1 epoch 50/50 (20 it) ce=0.275 kd=0.000 [578s]
after task 1: acc=77.90 per-task=[77.9] [581s]
  task 2 epoch 1/50 (40 it) ce=1.870 kd=0.000 [604s]
  task 2 epoch 10/50 (40 it) ce=1.178 kd=0.000 [817s]
  task 2 epoch 20/50 (40 it) ce=0.836 kd=0.000 [1046s]
  task 2 epoch 30/50 (40 it) ce=0.620 kd=0.000 [1274s]
  task 2 epoch 40/50 (40 it) ce=0.462 kd=0.000 [1505s]
  task 2 epoch 50/50 (40 it) ce=0.433 kd=0.000 [1737s]
after task 2: acc=69.55 per-task=[72.4, 66.7] [1742s]
  task 3 epoch 1/50 (59 it) ce=1.538 kd=0.000 [1780s]
  task 3 epoch 10/50 (59 it) ce=0.898 kd=0.000 [2111s]
  task 3 epoch 20/50 (59 it) ce=0.623 kd=0.000 [2472s]
  task 3 epoch 30/50 (59 it) ce=0.410 kd=0.000 [2835s]
  task 3 epoch 40/50 (59 it) ce=0.283 kd=0.000 [3193s]
  task 3 epoch 50/50 (59 it) ce=0.250 kd=0.000 [3552s]
after task 3: acc=68.13 per-task=[67.3, 66.4, 70.7] [3560s]
  task 4 epoch 1/50 (59 it) ce=1.541 kd=0.000 [3598s]
  task 4 epoch 10/50 (59 it) ce=0.786 kd=0.000 [3942s]
  task 4 epoch 20/50 (59 it) ce=0.544 kd=0.000 [4313s]
  task 4 epoch 30/50 (59 it) ce=0.354 kd=0.000 [4683s]
  task 4 epoch 40/50 (59 it) ce=0.233 kd=0.000 [5057s]
  task 4 epoch 50/50 (59 it) ce=0.206 kd=0.000 [5429s]
after task 4: acc=64.75 per-task=[65.2, 57.5, 66.5, 69.8] [5439s]
  task 5 epoch 1/50 (59 it) ce=1.486 kd=0.000 [5476s]
  task 5 epoch 10/50 (59 it) ce=0.721 kd=0.000 [5808s]
  task 5 epoch 20/50 (59 it) ce=0.493 kd=0.000 [6178s]
  task 5 epoch 30/50 (59 it) ce=0.305 kd=0.000 [6547s]
  task 5 epoch 40/50 (59 it) ce=0.200 kd=0.000 [6905s]
  task 5 epoch 50/50 (59 it) ce=0.179 kd=0.000 [7261s]
after task 5: acc=60.66 per-task=[59.2, 52.7, 60.5, 58.0, 72.9] [7273s]
  task 6 epoch 1/50 (59 it) ce=1.408 kd=0.000 [7309s]
  task 6 epoch 10/50 (59 it) ce=0.651 kd=0.000 [7630s]
  task 6 epoch 20/50 (59 it) ce=0.428 kd=0.000 [7982s]
  task 6 epoch 30/50 (59 it) ce=0.268 kd=0.000 [8331s]
  task 6 epoch 40/50 (59 it) ce=0.175 kd=0.000 [8677s]
  task 6 epoch 50/50 (59 it) ce=0.154 kd=0.000 [9027s]
after task 6: acc=58.60 per-task=[56.3, 52.0, 59.3, 53.1, 58.1, 72.8] [9040s]
