benchmark cifar100(10/10) input=(3, 32, 32) method=ft_e seed=0
args: {"alpha_kd": 0.0, "alpha_mem": 1.0, "alpha_x": 1.0, "alpha_z": 0.01, "augment": true, "batch_size": 256, "bf16": true, "class_order": "natural", "cls_dim": 64, "crop_pad": 4, "data_root": "data", "dataset": "cifar100", "decoder_in_budget": 0, "decoder_width": 1.0, "distill_norm": "sq", "enc_pool": 4, "epochs": 50, "eval_batch": 1000, "flush_denormal": 1, "hf_sigma": 1.0, "hf_transplant": 0.0, "input_blur": 0.0, "kd_lambda": 1.0, "kd_scale": 0.25, "kd_temperature": 2.0, "lam": 0.3, "lam_recon_new": 0.0, "latent_bits": 32, "latent_dim": 307, "latent_domain": "input", "latent_kind": "spatial", "log_every": 10, "lr": 0.001, "lr_schedule": "cosine", "memorize_codes": 0, "memorize_epochs": 20, "memorize_lr": 0.001, "memorize_steps": 1500, "memory_kind": "latent", "memory_mode": "frozen", "method": "ft_e", "momentum": 0.9, "n_exemplars": 2000, "n_tasks": null, "out": "results", "raw_exemplars": 2000, "recon_new_source": "current", "replay_sampling": "union", "rfa_damping": 0.0, "rfa_dt": 0.01, "rfa_mass": 1.0, "rfa_softening": 0.001, "rfa_steps": 20000, "rfa_target": 20.0, "rfa_zeta": 1.0, "save_ckpt": 0, "seed": 0, "selection": "herding", "stop_after": null, "tag": "", "threads": 1, "train_fraction": 1.0, "weight_decay": 0.0}
[ft_e] backbone params=466,256 memory=raw x 2000
  task 1 epoch 1/50 (20 it) ce=2.086 kd=0.000 [16s]
  task 1 epoch 10/50 (20 it) ce=0.978 kd=0.000 [149s]
  task 1 epoch 20/50 (20 it) ce=0.631 kd=0.000 [297s]
  task 1 epoch 30/50 (20 it) ce=0.412 kd=0.000 [444s]
  task 1 epoch 40/50 (20 it) ce=0.296 kd=0.000 [591s]
  task 1 epoch 50/50 (20 it) ce=0.272 kd=0.000 [739s]
after task 1: acc=78.60 per-task=[78.6] [743s]
  task 2 epoch 1/50 (28 it) ce=2.222 kd=0.000 [765s]
  task 2 epoch 10/50 (28 it) ce=1.099 kd=0.000 [962s]
  task 2 epoch 20/50 (28 it) ce=0.754 kd=0.000 [1179s]
  task 2 epoch 30/50 (28 it) ce=0.512 kd=0.000 [1398s]
  task 2 epoch 40/50 (28 it) ce=0.367 kd=0.000 [1615s]
  task 2 epoch 50/50 (28 it) ce=0.319 kd=0.000 [1836s]
after task 2: acc=63.75 per-task=[58.7, 68.8] [1842s]
  task 3 epoch 1/50 (28 it) ce=2.223 kd=0.000 [1864s]
  task 3 epoch 10/50 (28 it) ce=0.842 kd=0.000 [2064s]
  task 3 epoch 20/50 (28 it) ce=0.541 kd=0.000 [2284s]
  task 3 epoch 30/50 (28 it) ce=0.308 kd=0.000 [2503s]
  task 3 epoch 40/50 (28 it) ce=0.216 kd=0.000 [2723s]
  task 3 epoch 50/50 (28 it) ce=0.183 kd=0.000 [2942s]
after task 3: acc=56.73 per-task=[46.6, 46.0, 77.6] [2951s]
  task 4 epoch 1/50 (28 it) ce=2.264 kd=0.000 [2973s]
  task 4 epoch 10/50 (28 it) ce=0.820 kd=0.000 [3170s]
  task 4 epoch 20/50 (28 it) ce=0.498 kd=0.000 [3389s]
  task 4 epoch 30/50 (28 it) ce=0.304 kd=0.000 [3608s]
  task 4 epoch 40/50 (28 it) ce=0.193 kd=0.000 [3826s]
  task 4 epoch 50/50 (28 it) ce=0.164 kd=0.000 [4044s]
after task 4: acc=49.08 per-task=[37.7, 32.3, 49.1, 77.2] [4057s]
  task 5 epoch 1/50 (28 it) ce=2.262 kd=0.000 [4079s]
  task 5 epoch 10/50 (28 it) ce=0.704 kd=0.000 [4272s]
  task 5 epoch 20/50 (28 it) ce=0.411 kd=0.000 [4488s]
  task 5 epoch 30/50 (28 it) ce=0.231 kd=0.000 [4713s]
  task 5 epoch 40/50 (28 it) ce=0.140 kd=0.000 [4943s]
  task 5 epoch 50/50 (28 it) ce=0.124 kd=0.000 [5180s]
after task 5: acc=42.78 per-task=[33.3, 30.2, 34.6, 37.5, 78.3] [5196s]
  task 6 epoch 1/50 (28 it) ce=2.159 kd=0.000 [5220s]
  task 6 epoch 10/50 (28 it) ce=0.628 kd=0.000 [5427s]
  task 6 epoch 20/50 (28 it) ce=0.360 kd=0.000 [5665s]
  task 6 epoch 30/50 (28 it) ce=0.188 kd=0.000 [5900s]
  task 6 epoch 40/50 (28 it) ce=0.122 kd=0.000 [6132s]
  task 6 epoch 50/50 (28 it) ce=0.112 kd=0.000 [6360s]
after task 6: acc=40.13 per-task=[29.3, 27.1, 36.8, 33.4, 36.4, 77.8] [6377s]
  task 7 epoch 1/50 (28 it) ce=1.946 kd=0.000 [6400s]
  task 7 epoch 10/50 (28 it) ce=0.590 kd=0.000 [6605s]
  task 7 epoch 20/50 (28 it) ce=0.334 kd=0.000 [6836s]
  task 7 epoch 30/50 (28 it) ce=0.174 kd=0.000 [7069s]
  task 7 epoch 40/50 (28 it) ce=0.094 kd=0.000 [7306s]
  task 7 epoch 50/50 (28 it) ce=0.086 kd=0.000 [7536s]
after task 7: acc=38.29 per-task=[25.8, 26.1, 30.4, 28.4, 33.3, 42.9, 81.1] [7558s]
  task 8 epoch 1/50 (28 it) ce=2.025 kd=0.000 [7580s]
  task 8 epoch 10/50 (28 it) ce=0.644 kd=0.000 [7787s]
  task 8 epoch 20/50 (28 it) ce=0.373 kd=0.000 [8014s]
  task 8 epoch 30/50 (28 it) ce=0.214 kd=0.000 [8245s]
  task 8 epoch 40/50 (28 it) ce=0.131 kd=0.000 [8471s]
  task 8 epoch 50/50 (28 it) ce=0.115 kd=0.000 [8701s]
after task 8: acc=32.41 per-task=[23.3, 22.8, 25.3, 25.5, 28.4, 31.9, 26.5, 75.6] [8724s]
  task 9 epoch 1/50 (28 it) ce=2.090 kd=0.000 [8747s]
  task 9 epoch 10/50 (28 it) ce=0.514 kd=0.000 [8955s]
  task 9 epoch 20/50 (28 it) ce=0.255 kd=0.000 [9185s]
  task 9 epoch 30/50 (28 it) ce=0.138 kd=0.000 [9412s]
  task 9 epoch 40/50 (28 it) ce=0.080 kd=0.000 [9636s]
  task 9 epoch 50/50 (28 it) ce=0.075 kd=0.000 [9864s]
after task 9: acc=31.59 per-task=[19.4, 17.0, 25.4, 22.1, 25.1, 29.2, 30.4, 34.3, 81.4] [9892s]
  task 10 epoch 1/50 (28 it) ce=2.015 kd=0.000 [9915s]
  task 10 epoch 10/50 (28 it) ce=0.497 kd=0.000 [10119s]
  task 10 epoch 20/50 (28 it) ce=0.241 kd=0.000 [10343s]
  task 10 epoch 30/50 (28 it) ce=0.119 kd=0.000 [10571s]
  task 10 epoch 40/50 (28 it) ce=0.072 kd=0.000 [10796s]
  task 10 epoch 50/50 (28 it) ce=0.069 kd=0.000 [11022s]
after task 10: acc=27.10 per-task=[19.8, 17.3, 23.1, 13.1, 19.9, 21.9, 22.4, 20.9, 27.2, 85.4] [11051s]
FINAL cifar100 ft_e seed=0: final acc=27.10 avg inc acc=46.05 time=184.2min
