benchmark cifar100(10/10) input=(3, 32, 32) method=ft seed=0
args: {"alpha_kd": 0.0, "alpha_mem": 1.0, "alpha_x": 1.0, "alpha_z": 0.1, "augment": true, "batch_size": 256, "bf16": true, "class_order": "natural", "cls_dim": 64, "crop_pad": 4, "data_root": "data", "dataset": "cifar100", "decoder_in_budget": 0, "decoder_width": 1.0, "distill_norm": "sq", "enc_pool": 4, "epochs": 50, "eval_batch": 1000, "flush_denormal": 1, "hf_sigma": 1.0, "hf_transplant": 0.0, "input_blur": 0.0, "kd_lambda": 1.0, "kd_scale": 0.25, "kd_temperature": 2.0, "lam": 0.3, "lam_recon_new": 1.0, "latent_bits": 32, "latent_dim": 307, "latent_domain": "recon", "latent_kind": "spatial", "log_every": 10, "lr": 0.001, "lr_schedule": "cosine", "memorize_codes": 0, "memorize_epochs": 20, "memorize_lr": 0.001, "memorize_steps": 1500, "memory_kind": "latent", "memory_mode": "frozen", "method": "ft", "momentum": 0.9, "n_exemplars": 0, "n_tasks": null, "out": "results", "raw_exemplars": 2000, "recon_new_source": "current", "replay_sampling": "union", "resume": null, "rfa_damping": 0.0, "rfa_dt": 0.01, "rfa_mass": 1.0, "rfa_softening": 0.001, "rfa_steps": 20000, "rfa_target": 20.0, "rfa_zeta": 1.0, "save_ckpt": 0, "seed": 0, "selection": "herding", "stop_after": null, "tag": "", "threads": 1, "train_fraction": 1.0, "weight_decay": 0.0}
[ft] backbone params=466,256
  task 1 epoch 1/50 (20 it) ce=2.086 kd=0.000 [16s]
  task 1 epoch 10/50 (20 it) ce=0.978 kd=0.000 [154s]
  task 1 epoch 20/50 (20 it) ce=0.631 kd=0.000 [306s]
  task 1 epoch 30/50 (20 it) ce=0.412 kd=0.000 [458s]
  task 1 epoch 40/50 (20 it) ce=0.296 kd=0.000 [612s]
  task 1 epoch 50/50 (20 it) ce=0.272 kd=0.000 [767s]
after task 1: acc=78.60 per-task=[78.6] [770s]
  task 2 epoch 1/50 (20 it) ce=2.419 kd=0.000 [786s]
  task 2 epoch 10/50 (20 it) ce=0.784 kd=0.000 [927s]
  task 2 epoch 20/50 (20 it) ce=0.474 kd=0.000 [1085s]
  task 2 epoch 30/50 (20 it) ce=0.293 kd=0.000 [1243s]
  task 2 epoch 40/50 (20 it) ce=0.189 kd=0.000 [1399s]
  task 2 epoch 50/50 (20 it) ce=0.161 kd=0.000 [1556s]
after task 2: acc=38.40 per-task=[0.0, 76.8] [1562s]
  task 3 epoch 1/50 (20 it) ce=2.939 kd=0.000 [1578s]
  task 3 epoch 10/50 (20 it) ce=0.555 kd=0.000 [1718s]
  task 3 epoch 20/50 (20 it) ce=0.314 kd=0.000 [1874s]
  task 3 epoch 30/50 (20 it) ce=0.184 kd=0.000 [2031s]
  task 3 epoch 40/50 (20 it) ce=0.114 kd=0.000 [2185s]
  task 3 epoch 50/50 (20 it) ce=0.088 kd=0.000 [2341s]
after task 3: acc=27.50 per-task=[0.0, 0.0, 82.5] [2351s]
  task 4 epoch 1/50 (20 it) ce=3.959 kd=0.000 [2366s]
  task 4 epoch 10/50 (20 it) ce=0.601 kd=0.000 [2508s]
  task 4 epoch 20/50 (20 it) ce=0.332 kd=0.000 [2664s]
  task 4 epoch 30/50 (20 it) ce=0.169 kd=0.000 [2820s]
  task 4 epoch 40/50 (20 it) ce=0.103 kd=0.000 [2976s]
  task 4 epoch 50/50 (20 it) ce=0.088 kd=0.000 [3132s]
after task 4: acc=20.27 per-task=[0.0, 0.0, 0.0, 81.1] [3145s]
  task 5 epoch 1/50 (20 it) ce=4.153 kd=0.000 [3160s]
  task 5 epoch 10/50 (20 it) ce=0.512 kd=0.000 [3304s]
  task 5 epoch 20/50 (20 it) ce=0.268 kd=0.000 [3461s]
  task 5 epoch 30/50 (20 it) ce=0.150 kd=0.000 [3620s]
  task 5 epoch 40/50 (20 it) ce=0.084 kd=0.000 [3778s]
  task 5 epoch 50/50 (20 it) ce=0.071 kd=0.000 [3936s]
after task 5: acc=16.82 per-task=[0.0, 0.0, 0.0, 0.0, 84.1] [3952s]
  task 6 epoch 1/50 (20 it) ce=4.356 kd=0.000 [3968s]
  task 6 epoch 10/50 (20 it) ce=0.498 kd=0.000 [4109s]
  task 6 epoch 20/50 (20 it) ce=0.288 kd=0.000 [4266s]
  task 6 epoch 30/50 (20 it) ce=0.179 kd=0.000 [4424s]
  task 6 epoch 40/50 (20 it) ce=0.109 kd=0.000 [4581s]
  task 6 epoch 50/50 (20 it) ce=0.090 kd=0.000 [4739s]
after task 6: acc=13.55 per-task=[0.0, 0.0, 0.0, 0.0, 0.0, 81.3] [4758s]
  task 7 epoch 1/50 (20 it) ce=4.310 kd=0.000 [4775s]
  task 7 epoch 10/50 (20 it) ce=0.469 kd=0.000 [4919s]
  task 7 epoch 20/50 (20 it) ce=0.246 kd=0.000 [5077s]
  task 7 epoch 30/50 (20 it) ce=0.119 kd=0.000 [5236s]
  task 7 epoch 40/50 (20 it) ce=0.068 kd=0.000 [5396s]
  task 7 epoch 50/50 (20 it) ce=0.055 kd=0.000 [5555s]
after task 7: acc=11.86 per-task=[0.0, 0.0, 0.0, 0.0, 0.0, 0.0, 83.0] [5578s]
  task 8 epoch 1/50 (20 it) ce=3.677 kd=0.000 [5594s]
  task 8 epoch 10/50 (20 it) ce=0.553 kd=0.000 [5735s]
  task 8 epoch 20/50 (20 it) ce=0.297 kd=0.000 [5892s]
  task 8 epoch 30/50 (20 it) ce=0.167 kd=0.000 [6049s]
  task 8 epoch 40/50 (20 it) ce=0.096 kd=0.000 [6206s]
  task 8 epoch 50/50 (20 it) ce=0.088 kd=0.000 [6363s]
after task 8: acc=10.23 per-task=[0.0, 0.0, 0.0, 0.0, 0.0, 0.0, 0.0, 81.8] [6389s]
  task 9 epoch 1/50 (20 it) ce=4.768 kd=0.000 [6405s]
  task 9 epoch 10/50 (20 it) ce=0.463 kd=0.000 [6552s]
  task 9 epoch 20/50 (20 it) ce=0.222 kd=0.000 [6713s]
  task 9 epoch 30/50 (20 it) ce=0.103 kd=0.000 [6874s]
  task 9 epoch 40/50 (20 it) ce=0.067 kd=0.000 [7035s]
  task 9 epoch 50/50 (20 it) ce=0.054 kd=0.000 [7196s]
after task 9: acc=9.51 per-task=[0.0, 0.0, 0.0, 0.0, 0.0, 0.0, 0.0, 0.0, 85.6] [7225s]
  task 10 epoch 1/50 (20 it) ce=4.498 kd=0.000 [7241s]
  task 10 epoch 10/50 (20 it) ce=0.354 kd=0.000 [7387s]
  task 10 epoch 20/50 (20 it) ce=0.178 kd=0.000 [7542s]
  task 10 epoch 30/50 (20 it) ce=0.071 kd=0.000 [7697s]
  task 10 epoch 40/50 (20 it) ce=0.041 kd=0.000 [7853s]
  task 10 epoch 50/50 (20 it) ce=0.036 kd=0.000 [8007s]
after task 10: acc=8.85 per-task=[0.0, 0.0, 0.0, 0.0, 0.0, 0.0, 0.0, 0.0, 0.0, 88.5] [8039s]
FINAL cifar100 ft seed=0: final acc=8.85 avg inc acc=23.56 time=134.0min
