benchmark cifar100(10/10) input=(3, 32, 32) method=icarl seed=1
args: {"ahr_epoch": "new", "alpha_kd": 0.0, "alpha_mem": 1.0, "alpha_x": 1.0, "alpha_z": 0.1, "augment": true, "balanced_ft_epochs": 0, "balanced_ft_lr_scale": 0.1, "batch_size": 256, "bf16": true, "class_order": "natural", "cls_dim": 64, "crop_pad": 4, "data_root": "data", "dataset": "cifar100", "decoder_in_budget": 0, "decoder_width": 1.0, "distill_norm": "sq", "enc_pool": 4, "epochs": 50, "eval_batch": 1000, "flush_denormal": 1, "herd_space": "encoder", "hf_sigma": 1.0, "hf_transplant": 0.0, "input_blur": 0.0, "kd_form": "kl", "kd_lambda": 1.0, "kd_scale": 0.25, "kd_temperature": 2.0, "lam": 1.0, "lam_recon_new": 1.0, "lat_real_first": 0, "latent_bits": 32, "latent_dim": 307, "latent_domain": "recon", "latent_kind": "split", "log_every": 10, "lr": 0.001, "lr_schedule": "cosine", "memorize_codes": 0, "memorize_epochs": 20, "memorize_lr": 0.001, "memorize_steps": 1500, "memory_kind": "latent", "memory_mode": "frozen", "method": "icarl", "momentum": 0.9, "n_exemplars": 2000, "n_tasks": null, "out": "results", "pad_mode": "constant", "raw_exemplars": 2000, "recon_latent": "split", "recon_new_source": "current", "replay_sampling": "union", "resume": null, "rfa_damping": 0.0, "rfa_dt": 0.01, "rfa_jitter": 0.25, "rfa_mass": 1.0, "rfa_softening": 0.001, "rfa_steps": 20000, "rfa_target": 20.0, "rfa_zeta": 1.0, "save_ckpt": 0, "seed": 1, "selection": "herding", "stop_after": null, "tag": "", "threads": 1, "train_fraction": 1.0, "val_fraction": 0.0, "weight_decay": 0.0}
[icarl] backbone params=466,256 memory=raw x 2000
  task 1 epoch 1/50 (20 it) ce=2.170 kd=0.000 [20s]
  task 1 epoch 10/50 (20 it) ce=1.002 kd=0.000 [179s]
  task 1 epoch 20/50 (20 it) ce=0.684 kd=0.000 [346s]
  task 1 epoch 30/50 (20 it) ce=0.462 kd=0.000 [512s]
  task 1 epoch 40/50 (20 it) ce=0.342 kd=0.000 [680s]
  task 1 epoch 50/50 (20 it) ce=0.305 kd=0.000 [849s]
after task 1: acc=76.70 per-task=[76.7] [883s]
  task 2 epoch 1/50 (28 it) ce=2.475 kd=0.542 [914s]
  task 2 epoch 10/50 (28 it) ce=1.269 kd=0.267 [1193s]
  task 2 epoch 20/50 (28 it) ce=0.992 kd=0.242 [1505s]
  task 2 epoch 30/50 (28 it) ce=0.798 kd=0.216 [1816s]
  task 2 epoch 40/50 (28 it) ce=0.686 kd=0.186 [2121s]
  task 2 epoch 50/50 (28 it) ce=0.645 kd=0.182 [2460s]
after task 2: acc=61.45 per-task=[70.0, 52.9] [2506s]
  task 3 epoch 1/50 (28 it) ce=2.232 kd=0.535 [2538s]
  task 3 epoch 10/50 (28 it) ce=1.088 kd=0.298 [2848s]
  task 3 epoch 20/50 (28 it) ce=0.832 kd=0.283 [3193s]
  task 3 epoch 30/50 (28 it) ce=0.668 kd=0.248 [3529s]
  task 3 epoch 40/50 (28 it) ce=0.574 kd=0.222 [3863s]
  task 3 epoch 50/50 (28 it) ce=0.538 kd=0.216 [4191s]
after task 3: acc=57.93 per-task=[61.6, 50.9, 61.3] [4239s]
  task 4 epoch 1/50 (28 it) ce=2.428 kd=0.550 [4272s]
  task 4 epoch 10/50 (28 it) ce=1.134 kd=0.325 [4561s]
  task 4 epoch 20/50 (28 it) ce=0.858 kd=0.294 [4876s]
  task 4 epoch 30/50 (28 it) ce=0.706 kd=0.270 [5191s]
  task 4 epoch 40/50 (28 it) ce=0.607 kd=0.245 [5516s]
  task 4 epoch 50/50 (28 it) ce=0.592 kd=0.242 [5848s]
after task 4: acc=54.03 per-task=[55.5, 47.5, 57.3, 55.8] [5898s]
  task 5 epoch 1/50 (28 it) ce=2.304 kd=0.559 [5931s]
  task 5 epoch 10/50 (28 it) ce=0.978 kd=0.325 [6230s]
  task 5 epoch 20/50 (28 it) ce=0.736 kd=0.293 [6567s]
  task 5 epoch 30/50 (28 it) ce=0.581 kd=0.261 [6902s]
  task 5 epoch 40/50 (28 it) ce=0.496 kd=0.247 [7249s]
  task 5 epoch 50/50 (28 it) ce=0.484 kd=0.233 [7595s]
after task 5: acc=50.34 per-task=[51.7, 41.8, 52.0, 47.9, 58.3] [7650s]
  task 6 epoch 1/50 (28 it) ce=2.164 kd=0.631 [7685s]
  task 6 epoch 10/50 (28 it) ce=0.890 kd=0.339 [7993s]
  task 6 epoch 20/50 (28 it) ce=0.679 kd=0.309 [8332s]
  task 6 epoch 30/50 (28 it) ce=0.536 kd=0.267 [8685s]
  task 6 epoch 40/50 (28 it) ce=0.444 kd=0.250 [9043s]
  task 6 epoch 50/50 (28 it) ce=0.424 kd=0.237 [9396s]
after task 6: acc=48.13 per-task=[47.2, 38.3, 50.2, 43.0, 49.7, 60.4] [9457s]
  task 7 epoch 1/50 (28 it) ce=1.983 kd=0.599 [9493s]
  task 7 epoch 10/50 (28 it) ce=0.852 kd=0.347 [9811s]
  task 7 epoch 20/50 (28 it) ce=0.644 kd=0.310 [10156s]
  task 7 epoch 30/50 (28 it) ce=0.512 kd=0.273 [10494s]
  task 7 epoch 40/50 (28 it) ce=0.430 kd=0.243 [10833s]
  task 7 epoch 50/50 (28 it) ce=0.419 kd=0.238 [11180s]
after task 7: acc=45.77 per-task=[43.0, 33.8, 46.2, 38.5, 44.8, 55.2, 58.9] [11247s]
  task 8 epoch 1/50 (28 it) ce=2.260 kd=0.682 [11280s]
  task 8 epoch 10/50 (28 it) ce=0.932 kd=0.369 [11581s]
  task 8 epoch 20/50 (28 it) ce=0.699 kd=0.322 [11913s]
  task 8 epoch 30/50 (28 it) ce=0.557 kd=0.289 [12240s]
  task 8 epoch 40/50 (28 it) ce=0.482 kd=0.257 [12577s]
  task 8 epoch 50/50 (28 it) ce=0.457 kd=0.252 [12908s]
after task 8: acc=41.82 per-task=[38.9, 30.0, 40.6, 33.3, 40.6, 50.3, 47.3, 53.6] [12979s]
  task 9 epoch 1/50 (28 it) ce=1.949 kd=0.631 [13011s]
  task 9 epoch 10/50 (28 it) ce=0.817 kd=0.362 [13294s]
  task 9 epoch 20/50 (28 it) ce=0.602 kd=0.335 [13626s]
