benchmark cifar100(10/10) input=(3, 32, 32) method=icarl seed=0
args: {"alpha_kd": 0.0, "alpha_mem": 1.0, "alpha_x": 1.0, "alpha_z": 0.1, "augment": true, "batch_size": 256, "bf16": true, "class_order": "natural", "cls_dim": 64, "crop_pad": 4, "data_root": "data", "dataset": "cifar100", "decoder_in_budget": 0, "decoder_width": 1.0, "distill_norm": "sq", "enc_pool": 4, "epochs": 50, "eval_batch": 1000, "flush_denormal": 1, "hf_sigma": 1.0, "hf_transplant": 0.0, "input_blur": 0.0, "kd_lambda": 1.0, "kd_scale": 0.25, "kd_temperature": 2.0, "lam": 0.3, "lam_recon_new": 0.0, "latent_bits": 32, "latent_dim": 307, "latent_domain": "input", "latent_kind": "spatial", "log_every": 10, "lr": 0.001, "lr_schedule": "cosine", "memorize_codes": 0, "memorize_epochs": 20, "memorize_lr": 0.001, "memorize_steps": 1500, "memory_kind": "latent", "memory_mode": "frozen", "method": "icarl", "momentum": 0.9, "n_exemplars": 2000, "n_tasks": null, "out": "results", "raw_exemplars": 2000, "recon_new_source": "current", "replay_sampling": "union", "rfa_damping": 0.0, "rfa_dt": 0.01, "rfa_mass": 1.0, "rfa_softening": 0.001, "rfa_steps": 20000, "rfa_target": 20.0, "rfa_zeta": 1.0, "save_ckpt": 0, "seed": 0, "selection": "herding", "stop_after": null, "tag": "", "threads": 1, "train_fraction": 1.0, "weight_decay": 0.0}
[icarl] backbone params=466,256 memory=raw x 2000
  task 1 epoch 1/50 (20 it) ce=2.086 kd=0.000 [17s]
  task 1 epoch 10/50 (20 it) ce=0.978 kd=0.000 [170s]
  task 1 epoch 20/50 (20 it) ce=0.631 kd=0.000 [338s]
  task 1 epoch 30/50 (20 it) ce=0.412 kd=0.000 [505s]
  task 1 epoch 40/50 (20 it) ce=0.296 kd=0.000 [671s]
  task 1 epoch 50/50 (20 it) ce=0.272 kd=0.000 [840s]
after task 1: acc=77.20 per-task=[77.2] [872s]
  task 2 epoch 1/50 (28 it) ce=2.241 kd=0.516 [904s]
  task 2 epoch 10/50 (28 it) ce=1.210 kd=0.291 [1179s]
  task 2 epoch 20/50 (28 it) ce=0.938 kd=0.244 [1487s]
  task 2 epoch 30/50 (28 it) ce=0.761 kd=0.221 [1789s]
  task 2 epoch 40/50 (28 it) ce=0.631 kd=0.187 [2102s]
  task 2 epoch 50/50 (28 it) ce=0.611 kd=0.178 [2408s]
after task 2: acc=62.40 per-task=[72.0, 52.8] [2451s]
  task 3 epoch 1/50 (28 it) ce=2.236 kd=0.537 [2483s]
  task 3 epoch 10/50 (28 it) ce=1.055 kd=0.310 [2765s]
  task 3 epoch 20/50 (28 it) ce=0.815 kd=0.281 [3081s]
  task 3 epoch 30/50 (28 it) ce=0.651 kd=0.251 [3391s]
  task 3 epoch 40/50 (28 it) ce=0.559 kd=0.227 [3703s]
  task 3 epoch 50/50 (28 it) ce=0.521 kd=0.217 [4006s]
after task 3: acc=58.80 per-task=[63.9, 50.0, 62.5] [4051s]
  task 4 epoch 1/50 (28 it) ce=2.159 kd=0.503 [4081s]
  task 4 epoch 10/50 (28 it) ce=1.062 kd=0.328 [4354s]
  task 4 epoch 20/50 (28 it) ce=0.828 kd=0.307 [4657s]
  task 4 epoch 30/50 (28 it) ce=0.663 kd=0.265 [4961s]
  task 4 epoch 40/50 (28 it) ce=0.554 kd=0.249 [5268s]
  task 4 epoch 50/50 (28 it) ce=0.527 kd=0.236 [5573s]
after task 4: acc=53.97 per-task=[55.3, 46.1, 57.7, 56.8] [5623s]
  task 5 epoch 1/50 (28 it) ce=2.234 kd=0.599 [5653s]
  task 5 epoch 10/50 (28 it) ce=0.950 kd=0.322 [5928s]
  task 5 epoch 20/50 (28 it) ce=0.715 kd=0.293 [6238s]
  task 5 epoch 30/50 (28 it) ce=0.565 kd=0.269 [6549s]
  task 5 epoch 40/50 (28 it) ce=0.482 kd=0.241 [6853s]
