benchmark cifar100(10/10) input=(3, 32, 32) method=icarl seed=2
args: {"ahr_epoch": "new", "alpha_kd": 0.0, "alpha_mem": 1.0, "alpha_x": 1.0, "alpha_z": 0.1, "augment": true, "balanced_ft_epochs": 0, "balanced_ft_lr_scale": 0.1, "batch_size": 256, "bf16": true, "class_order": "natural", "cls_dim": 64, "crop_pad": 4, "data_root": "data", "dataset": "cifar100", "decoder_in_budget": 0, "decoder_width": 1.0, "distill_norm": "sq", "enc_pool": 4, "epochs": 50, "eval_batch": 1000, "flush_denormal": 1, "herd_space": "encoder", "hf_sigma": 1.0, "hf_transplant": 0.0, "input_blur": 0.0, "kd_form": "kl", "kd_lambda": 1.0, "kd_scale": 0.25, "kd_temperature": 2.0, "lam": 1.0, "lam_recon_new": 1.0, "lat_real_first": 0, "latent_bits": 32, "latent_dim": 307, "latent_domain": "recon", "latent_kind": "split", "log_every": 10, "lr": 0.001, "lr_schedule": "cosine", "memorize_codes": 0, "memorize_epochs": 20, "memorize_lr": 0.001, "memorize_steps": 1500, "memory_kind": "latent", "memory_mode": "frozen", "method": "icarl", "momentum": 0.9, "n_exemplars": 2000, "n_tasks": null, "out": "results", "pad_mode": "constant", "raw_exemplars": 2000, "recon_latent": "split", "recon_new_source": "current", "replay_sampling": "union", "resume": null, "rfa_damping": 0.0, "rfa_dt": 0.01, "rfa_jitter": 0.25, "rfa_mass": 1.0, "rfa_softening": 0.001, "rfa_steps": 20000, "rfa_target": 20.0, "rfa_zeta": 1.0, "save_ckpt": 0, "seed": 2, "selection": "herding", "stop_after": null, "tag": "", "threads": 1, "train_fraction": 1.0, "val_fraction": 0.0, "weight_decay": 0.0}
[icarl] backbone params=466,256 memory=raw x 2000
  task 1 epoch 1/50 (20 it) ce=2.117 kd=0.000 [18s]
  task 1 epoch 10/50 (20 it) ce=0.980 kd=0.000 [178s]
  task 1 epoch 20/50 (20 it) ce=0.641 kd=0.000 [352s]
  task 1 epoch 30/50 (20 it) ce=0.438 kd=0.000 [534s]
  task 1 epoch 40/50 (20 it) ce=0.321 kd=0.000 [719s]
  task 1 epoch 50/50 (20 it) ce=0.299 kd=0.000 [897s]
after task 1: acc=75.60 per-task=[75.6] [931s]
  task 2 epoch 1/50 (28 it) ce=2.350 kd=0.582 [964s]
  task 2 epoch 10/50 (28 it) ce=1.210 kd=0.286 [1249s]
  task 2 epoch 20/50 (28 it) ce=0.942 kd=0.255 [1558s]
  task 2 epoch 30/50 (28 it) ce=0.752 kd=0.222 [1872s]
  task 2 epoch 40/50 (28 it) ce=0.645 kd=0.196 [2204s]
  task 2 epoch 50/50 (28 it) ce=0.604 kd=0.185 [2536s]
after task 2: acc=62.40 per-task=[69.0, 55.8] [2581s]
  task 3 epoch 1/50 (28 it) ce=2.210 kd=0.532 [2615s]
  task 3 epoch 10/50 (28 it) ce=1.056 kd=0.298 [2914s]
  task 3 epoch 20/50 (28 it) ce=0.821 kd=0.284 [3244s]
  task 3 epoch 30/50 (28 it) ce=0.659 kd=0.257 [3573s]
  task 3 epoch 40/50 (28 it) ce=0.572 kd=0.223 [3896s]
  task 3 epoch 50/50 (28 it) ce=0.532 kd=0.215 [4223s]
after task 3: acc=58.70 per-task=[61.5, 52.6, 62.0] [4271s]
  task 4 epoch 1/50 (28 it) ce=2.215 kd=0.485 [4303s]
  task 4 epoch 10/50 (28 it) ce=1.100 kd=0.312 [4585s]
  task 4 epoch 20/50 (28 it) ce=0.862 kd=0.299 [4895s]
  task 4 epoch 30/50 (28 it) ce=0.682 kd=0.269 [5205s]
  task 4 epoch 40/50 (28 it) ce=0.593 kd=0.247 [5516s]
  task 4 epoch 50/50 (28 it) ce=0.574 kd=0.235 [5829s]
after task 4: acc=52.42 per-task=[53.7, 45.8, 57.2, 53.0] [5879s]
  task 5 epoch 1/50 (28 it) ce=2.251 kd=0.511 [5910s]
  task 5 epoch 10/50 (28 it) ce=0.961 kd=0.310 [6192s]
  task 5 epoch 20/50 (28 it) ce=0.733 kd=0.293 [6542s]
  task 5 epoch 30/50 (28 it) ce=0.588 kd=0.262 [6901s]
  task 5 epoch 40/50 (28 it) ce=0.504 kd=0.240 [7225s]
  task 5 epoch 50/50 (28 it) ce=0.478 kd=0.233 [7544s]
after task 5: acc=49.30 per-task=[48.7, 40.7, 52.8, 46.4, 57.9] [7598s]
  task 6 epoch 1/50 (28 it) ce=2.175 kd=0.590 [7631s]
  task 6 epoch 10/50 (28 it) ce=0.911 kd=0.326 [7923s]
  task 6 epoch 20/50 (28 it) ce=0.692 kd=0.300 [8234s]
  task 6 epoch 30/50 (28 it) ce=0.529 kd=0.273 [8549s]
  task 6 epoch 40/50 (28 it) ce=0.458 kd=0.246 [8864s]
  task 6 epoch 50/50 (28 it) ce=0.436 kd=0.235 [9180s]
after task 6: acc=47.00 per-task=[43.2, 37.3, 51.1, 41.3, 49.2, 59.9] [9236s]
  task 7 epoch 1/50 (28 it) ce=1.933 kd=0.572 [9267s]
  task 7 epoch 10/50 (28 it) ce=0.851 kd=0.334 [9542s]
  task 7 epoch 20/50 (28 it) ce=0.631 kd=0.315 [9851s]
  task 7 epoch 30/50 (28 it) ce=0.485 kd=0.268 [10157s]
  task 7 epoch 40/50 (28 it) ce=0.414 kd=0.249 [10459s]
  task 7 epoch 50/50 (28 it) ce=0.388 kd=0.239 [10771s]
after task 7: acc=44.64 per-task=[37.5, 34.2, 45.3, 38.2, 45.0, 53.6, 58.7] [10833s]
  task 8 epoch 1/50 (28 it) ce=2.226 kd=0.659 [10864s]
  task 8 epoch 10/50 (28 it) ce=0.908 kd=0.368 [11138s]
  task 8 epoch 20/50 (28 it) ce=0.692 kd=0.328 [11437s]
  task 8 epoch 30/50 (28 it) ce=0.567 kd=0.292 [11740s]
  task 8 epoch 40/50 (28 it) ce=0.493 kd=0.254 [12040s]
  task 8 epoch 50/50 (28 it) ce=0.460 kd=0.248 [12349s]
after task 8: acc=41.84 per-task=[34.9, 31.6, 41.2, 34.8, 42.7, 46.7, 49.4, 53.4] [12410s]
  task 9 epoch 1/50 (28 it) ce=2.113 kd=0.612 [12440s]
  task 9 epoch 10/50 (28 it) ce=0.849 kd=0.356 [12720s]
  task 9 epoch 20/50 (28 it) ce=0.616 kd=0.318 [13024s]
  task 9 epoch 30/50 (28 it) ce=0.480 kd=0.290 [13336s]
  task 9 epoch 40/50 (28 it) ce=0.421 kd=0.261 [13649s]
  task 9 epoch 50/50 (28 it) ce=0.402 kd=0.256 [13965s]
after task 9: acc=39.82 per-task=[31.3, 28.1, 39.4, 30.8, 37.0, 42.1, 45.6, 49.8, 54.3] [14037s]
  task 10 epoch 1/50 (28 it) ce=1.974 kd=0.672 [14070s]
  task 10 epoch 10/50 (28 it) ce=0.746 kd=0.339 [14370s]
  task 10 epoch 20/50 (28 it) ce=0.558 kd=0.307 [14688s]
  task 10 epoch 30/50 (28 it) ce=0.441 kd=0.267 [15000s]
  task 10 epoch 40/50 (28 it) ce=0.373 kd=0.240 [15323s]
  task 10 epoch 50/50 (28 it) ce=0.360 kd=0.232 [15654s]
after task 10: acc=37.19 per-task=[29.8, 27.9, 36.3, 26.2, 33.0, 38.0, 39.0, 44.8, 47.4, 49.5] [15733s]
FINAL cifar100 icarl seed=2: final acc=37.19 avg inc acc=50.89 time=262.2min
