benchmark cifar100(10/10) input=(3, 32, 32) method=icarl seed=0
args: {"ahr_epoch": "new", "alpha_kd": 0.0, "alpha_mem": 1.0, "alpha_x": 1.0, "alpha_z": 0.1, "augment": true, "balanced_ft_epochs": 0, "balanced_ft_lr_scale": 0.1, "batch_size": 256, "bf16": true, "class_order": "natural", "cls_dim": 64, "crop_pad": 4, "data_root": "data", "dataset": "cifar100", "decoder_in_budget": 0, "decoder_width": 1.0, "distill_norm": "sq", "enc_pool": 4, "epochs": 50, "eval_batch": 1000, "flush_denormal": 1, "herd_space": "encoder", "hf_sigma": 1.0, "hf_transplant": 0.0, "input_blur": 0.0, "kd_form": "bce", "kd_lambda": 1.0, "kd_scale": 0.25, "kd_temperature": 2.0, "lam": 1.0, "lam_recon_new": 1.0, "lat_real_first": 0, "latent_bits": 32, "latent_dim": 307, "latent_domain": "recon", "latent_kind": "split", "log_every": 10, "lr": 0.001, "lr_schedule": "cosine", "memorize_codes": 0, "memorize_epochs": 20, "memorize_lr": 0.001, "memorize_steps": 1500, "memory_kind": "latent", "memory_mode": "frozen", "method": "icarl", "momentum": 0.9, "n_exemplars": 2000, "n_tasks": null, "out": "results", "pad_mode": "constant", "raw_exemplars": 2000, "recon_latent": "split", "recon_new_source": "current", "replay_sampling": "union", "resume": null, "rfa_damping": 0.0, "rfa_dt": 0.01, "rfa_jitter": 0.25, "rfa_mass": 1.0, "rfa_softening": 0.001, "rfa_steps": 20000, "rfa_target": 20.0, "rfa_zeta": 1.0, "save_ckpt": 0, "seed": 0, "selection": "herding", "stop_after": null, "tag": "bce", "threads": 4, "train_fraction": 1.0, "val_fraction": 0.0, "weight_decay": 0.0}
[icarl] backbone params=466,256 memory=raw x 2000
  task 1 epoch 1/50 (20 it) ce=2.088 kd=0.000 [23s]
  task 1 epoch 10/50 (20 it) ce=0.974 kd=0.000 [215s]
  task 1 epoch 20/50 (20 it) ce=0.620 kd=0.000 [422s]
  task 1 epoch 30/50 (20 it) ce=0.423 kd=0.000 [636s]
  task 1 epoch 40/50 (20 it) ce=0.314 kd=0.000 [848s]
  task 1 epoch 50/50 (20 it) ce=0.276 kd=0.000 [1061s]
after task 1: acc=78.90 per-task=[78.9] [1076s]
  task 2 epoch 1/50 (28 it) ce=2.217 kd=4.256 [1115s]
  task 2 epoch 10/50 (28 it) ce=1.198 kd=4.018 [1472s]
  task 2 epoch 20/50 (28 it) ce=0.915 kd=4.019 [1871s]
  task 2 epoch 30/50 (28 it) ce=0.735 kd=3.994 [2262s]
  task 2 epoch 40/50 (28 it) ce=0.623 kd=3.949 [2652s]
  task 2 epoch 50/50 (28 it) ce=0.592 kd=3.951 [3043s]
after task 2: acc=63.25 per-task=[69.9, 56.6] [3061s]
  task 3 epoch 1/50 (28 it) ce=2.690 kd=9.280 [3100s]
  task 3 epoch 10/50 (28 it) ce=1.176 kd=8.783 [3454s]
  task 3 epoch 20/50 (28 it) ce=0.926 kd=8.745 [3844s]
  task 3 epoch 30/50 (28 it) ce=0.789 kd=8.678 [4228s]
  task 3 epoch 40/50 (28 it) ce=0.705 kd=8.657 [4617s]
  task 3 epoch 50/50 (28 it) ce=0.668 kd=8.629 [5000s]
after task 3: acc=56.70 per-task=[63.4, 52.3, 54.4] [5020s]
  task 4 epoch 1/50 (28 it) ce=2.897 kd=13.239 [5058s]
  task 4 epoch 10/50 (28 it) ce=1.262 kd=12.750 [5406s]
  task 4 epoch 20/50 (28 it) ce=1.049 kd=12.728 [5791s]
  task 4 epoch 30/50 (28 it) ce=0.935 kd=12.656 [6177s]
  task 4 epoch 40/50 (28 it) ce=0.851 kd=12.585 [6569s]
  task 4 epoch 50/50 (28 it) ce=0.836 kd=12.576 [6955s]
after task 4: acc=50.40 per-task=[59.6, 45.8, 52.5, 43.7] [6975s]
  task 5 epoch 1/50 (28 it) ce=3.699 kd=15.848 [7013s]
  task 5 epoch 10/50 (28 it) ce=1.184 kd=15.313 [7362s]
  task 5 epoch 20/50 (28 it) ce=0.993 kd=15.265 [7747s]
  task 5 epoch 30/50 (28 it) ce=0.876 kd=15.213 [8127s]
  task 5 epoch 40/50 (28 it) ce=0.820 kd=15.155 [8513s]
  task 5 epoch 50/50 (28 it) ce=0.802 kd=15.123 [8901s]
after task 5: acc=46.82 per-task=[54.2, 45.7, 49.6, 37.7, 46.9] [8923s]
  task 6 epoch 1/50 (28 it) ce=3.852 kd=17.540 [8963s]
  task 6 epoch 10/50 (28 it) ce=1.164 kd=17.022 [9319s]
  task 6 epoch 20/50 (28 it) ce=0.985 kd=16.974 [9714s]
  task 6 epoch 30/50 (28 it) ce=0.875 kd=16.876 [10107s]
  task 6 epoch 40/50 (28 it) ce=0.810 kd=16.854 [10498s]
  task 6 epoch 50/50 (28 it) ce=0.797 kd=16.825 [10889s]
after task 6: acc=43.45 per-task=[50.5, 42.3, 47.1, 38.1, 39.5, 43.2] [10912s]
  task 7 epoch 1/50 (28 it) ce=3.647 kd=18.942 [10950s]
  task 7 epoch 10/50 (28 it) ce=1.159 kd=18.324 [11296s]
  task 7 epoch 20/50 (28 it) ce=0.978 kd=18.273 [11672s]
  task 7 epoch 30/50 (28 it) ce=0.899 kd=18.194 [12050s]
  task 7 epoch 40/50 (28 it) ce=0.843 kd=18.124 [12430s]
  task 7 epoch 50/50 (28 it) ce=0.814 kd=18.103 [12813s]
after task 7: acc=41.01 per-task=[47.8, 38.1, 44.6, 38.0, 37.4, 39.6, 41.6] [12834s]
  task 8 epoch 1/50 (28 it) ce=4.748 kd=20.126 [12873s]
  task 8 epoch 10/50 (28 it) ce=1.244 kd=19.479 [13219s]
  task 8 epoch 20/50 (28 it) ce=1.061 kd=19.403 [13598s]
  task 8 epoch 30/50 (28 it) ce=0.973 kd=19.336 [13972s]
  task 8 epoch 40/50 (28 it) ce=0.918 kd=19.305 [14353s]
  task 8 epoch 50/50 (28 it) ce=0.899 kd=19.249 [14729s]
after task 8: acc=38.35 per-task=[44.7, 36.9, 41.8, 35.2, 36.2, 39.6, 36.2, 36.2] [14751s]
  task 9 epoch 1/50 (28 it) ce=4.828 kd=20.588 [14788s]
  task 9 epoch 10/50 (28 it) ce=1.147 kd=19.799 [15127s]
  task 9 epoch 20/50 (28 it) ce=0.986 kd=19.813 [15506s]
  task 9 epoch 30/50 (28 it) ce=0.868 kd=19.705 [15887s]
  task 9 epoch 40/50 (28 it) ce=0.821 kd=19.657 [16263s]
  task 9 epoch 50/50 (28 it) ce=0.796 kd=19.651 [16641s]
after task 9: acc=36.87 per-task=[42.2, 33.5, 39.4, 32.5, 35.7, 36.6, 36.6, 34.8, 40.5] [16664s]
  task 10 epoch 1/50 (28 it) ce=5.084 kd=20.946 [16703s]
  task 10 epoch 10/50 (28 it) ce=1.078 kd=20.270 [17043s]
  task 10 epoch 20/50 (28 it) ce=0.899 kd=20.185 [17420s]
  task 10 epoch 30/50 (28 it) ce=0.804 kd=20.116 [17801s]
  task 10 epoch 40/50 (28 it) ce=0.759 kd=20.073 [18178s]
  task 10 epoch 50/50 (28 it) ce=0.739 kd=20.031 [18561s]
after task 10: acc=34.62 per-task=[40.9, 30.8, 38.0, 28.8, 33.3, 35.0, 34.7, 33.0, 37.6, 34.1] [18587s]
FINAL cifar100 icarl seed=0: final acc=34.62 avg inc acc=49.04 time=309.8min
