benchmark svhn(5/2) input=(3, 32, 32) method=ahr seed=1
args: {"alpha_kd": 0.0, "alpha_mem": 1.0, "alpha_x": 1.0, "alpha_z": 0.1, "augment": true, "batch_size": 128, "bf16": true, "class_order": "natural", "cls_dim": 64, "crop_pad": 4, "data_root": "data", "dataset": "svhn", "decoder_in_budget": 0, "decoder_width": 1.0, "distill_norm": "sq", "enc_pool": 4, "epochs": 50, "eval_batch": 1000, "flush_denormal": 1, "hf_sigma": 1.0, "hf_transplant": 0.0, "input_blur": 0.0, "kd_lambda": 1.0, "kd_scale": 0.25, "kd_temperature": 2.0, "lam": 1.0, "lam_recon_new": 1.0, "lat_real_first": 0, "latent_bits": 32, "latent_dim": 320, "latent_domain": "recon", "latent_kind": "split", "log_every": 10, "lr": 0.001, "lr_schedule": "cosine", "memorize_codes": 0, "memorize_epochs": 20, "memorize_lr": 0.001, "memorize_steps": 1500, "memory_kind": "latent", "memory_mode": "frozen", "method": "ahr", "momentum": 0.9, "n_exemplars": 1920, "n_tasks": null, "out": "results", "raw_exemplars": 200, "recon_new_source": "current", "replay_sampling": "union", "resume": null, "rfa_damping": 0.0, "rfa_dt": 0.01, "rfa_jitter": 0.25, "rfa_mass": 1.0, "rfa_softening": 0.001, "rfa_steps": 20000, "rfa_target": 20.0, "rfa_zeta": 1.0, "save_ckpt": 1, "seed": 1, "selection": "herding", "stop_after": null, "tag": "split", "threads": 4, "train_fraction": 1.0, "weight_decay": 0.0}
[AHR] encoder params=470,676 decoder params=1,210,883 memory=latent x 1920 exemplars
  CCE placement (3064 RFA steps): |init spread|=6.525 mean shift=6.739 min/mean CCE distance=20.002/20.002 |p| mean=10.555
  task 1 epoch 1/50 (73 it, b_new=128) rec=72.459 lat=0.000 dz=0.000 dx=0.000 mem=0.000 rn=100.873 [78s]
  task 1 epoch 10/50 (73 it, b_new=128) rec=9.307 lat=0.000 dz=0.000 dx=0.000 mem=0.000 rn=10.399 [414s]
  task 1 epoch 20/50 (73 it, b_new=128) rec=5.656 lat=0.000 dz=0.000 dx=0.000 mem=0.000 rn=5.870 [818s]
  task 1 epoch 30/50 (73 it, b_new=128) rec=4.674 lat=0.000 dz=0.000 dx=0.000 mem=0.000 rn=2.394 [1190s]
  task 1 epoch 40/50 (73 it, b_new=128) rec=3.870 lat=0.000 dz=0.000 dx=0.000 mem=0.000 rn=1.195 [1573s]
  task 1 epoch 50/50 (73 it, b_new=128) rec=3.833 lat=0.000 dz=0.000 dx=0.000 mem=0.000 rn=0.864 [1942s]
  memory (frozen codes): 1920 exemplars (960/class), 614,400 scalars, 2,457,600 bytes
  memorisation: 100 decoder epochs (1500 steps) over 1920 exemplars, final loss=2.254
after task 1: acc=98.28 per-task=[98.3] memory-PSNR=32.24dB acc(recon test)=98.3 acc(memory)=99.9 [2132s]
  CCE placement (4446 RFA steps): |init spread|=6.720 mean shift=17.556 min/mean CCE distance=20.002/25.578 |p| mean=15.912
  task 2 epoch 1/50 (146 it, b_new=64) rec=10.829 lat=45.170 dz=133.713 dx=8.940 mem=1.619 rn=195.666 [2240s]
  task 2 epoch 10/50 (146 it, b_new=64) rec=7.269 lat=4.942 dz=60.581 dx=6.613 mem=0.768 rn=31.252 [2924s]
  task 2 epoch 20/50 (146 it, b_new=64) rec=6.068 lat=1.723 dz=36.869 dx=5.492 mem=0.599 rn=17.127 [3679s]
  task 2 epoch 30/50 (146 it, b_new=64) rec=5.656 lat=0.915 dz=30.213 dx=5.087 mem=0.470 rn=7.415 [4517s]
  task 2 epoch 40/50 (146 it, b_new=64) rec=5.156 lat=0.437 dz=25.049 dx=4.550 mem=0.274 rn=3.526 [5297s]
  task 2 epoch 50/50 (146 it, b_new=64) rec=5.237 lat=0.373 dz=23.355 dx=4.596 mem=0.239 rn=2.536 [6030s]
  memory (frozen codes): 1920 exemplars (480/class), 614,400 scalars, 2,457,600 bytes
  memorisation: 100 decoder epochs (1500 steps) over 1920 exemplars, final loss=1.172
after task 2: acc=92.01 per-task=[87.9, 96.1] memory-PSNR=32.04dB acc(recon test)=92.0 acc(memory)=98.2 [6226s]
  CCE placement (4886 RFA steps): |init spread|=17.912 mean shift=15.588 min/mean CCE distance=20.000/28.220 |p| mean=19.353
  task 3 epoch 1/50 (217 it, b_new=43) rec=7.239 lat=55.477 dz=188.394 dx=5.002 mem=0.879 rn=94.777 [6358s]
  task 3 epoch 10/50 (217 it, b_new=43) rec=5.648 lat=4.815 dz=170.108 dx=4.495 mem=0.495 rn=10.586 [7373s]
