benchmark svhn(5/2) input=(3, 32, 32) method=ahr seed=0
args: {"alpha_kd": 0.0, "alpha_mem": 1.0, "alpha_x": 1.0, "alpha_z": 0.1, "augment": true, "batch_size": 128, "bf16": true, "class_order": "natural", "cls_dim": 64, "crop_pad": 4, "data_root": "data", "dataset": "svhn", "decoder_in_budget": 0, "decoder_width": 1.0, "distill_norm": "sq", "enc_pool": 4, "epochs": 50, "eval_batch": 1000, "flush_denormal": 1, "hf_sigma": 1.0, "hf_transplant": 0.0, "input_blur": 0.0, "kd_lambda": 1.0, "kd_scale": 0.25, "kd_temperature": 2.0, "lam": 1.0, "lam_recon_new": 1.0, "lat_real_first": 0, "latent_bits": 32, "latent_dim": 320, "latent_domain": "recon", "latent_kind": "split", "log_every": 10, "lr": 0.001, "lr_schedule": "cosine", "memorize_codes": 0, "memorize_epochs": 20, "memorize_lr": 0.001, "memorize_steps": 1500, "memory_kind": "latent", "memory_mode": "frozen", "method": "ahr", "momentum": 0.9, "n_exemplars": 1920, "n_tasks": null, "out": "results", "raw_exemplars": 200, "recon_new_source": "current", "replay_sampling": "union", "resume": null, "rfa_damping": 0.0, "rfa_dt": 0.01, "rfa_jitter": 0.25, "rfa_mass": 1.0, "rfa_softening": 0.001, "rfa_steps": 20000, "rfa_target": 20.0, "rfa_zeta": 1.0, "save_ckpt": 1, "seed": 0, "selection": "herding", "stop_after": null, "tag": "split", "threads": 1, "train_fraction": 1.0, "weight_decay": 0.0}
[AHR] encoder params=470,676 decoder params=1,210,883 memory=latent x 1920 exemplars
  CCE placement (3264 RFA steps): |init spread|=7.479 mean shift=6.262 min/mean CCE distance=20.002/20.002 |p| mean=10.542
  task 1 epoch 1/50 (73 it, b_new=128) rec=64.329 lat=0.000 dz=0.000 dx=0.000 mem=0.000 rn=99.043 [172s]
  task 1 epoch 10/50 (73 it, b_new=128) rec=10.561 lat=0.000 dz=0.000 dx=0.000 mem=0.000 rn=10.260 [1015s]
  task 1 epoch 20/50 (73 it, b_new=128) rec=8.493 lat=0.000 dz=0.000 dx=0.000 mem=0.000 rn=6.224 [1964s]
  task 1 epoch 30/50 (73 it, b_new=128) rec=5.771 lat=0.000 dz=0.000 dx=0.000 mem=0.000 rn=3.599 [2913s]
  task 1 epoch 40/50 (73 it, b_new=128) rec=4.734 lat=0.000 dz=0.000 dx=0.000 mem=0.000 rn=1.238 [3873s]
  task 1 epoch 50/50 (73 it, b_new=128) rec=4.518 lat=0.000 dz=0.000 dx=0.000 mem=0.000 rn=1.180 [4829s]
  memory (frozen codes): 1920 exemplars (960/class), 614,400 scalars, 2,457,600 bytes
  memorisation: 100 decoder epochs (1500 steps) over 1920 exemplars, final loss=2.952
after task 1: acc=98.43 per-task=[98.4] memory-PSNR=31.22dB acc(recon test)=98.4 acc(memory)=99.8 [5361s]
  CCE placement (4334 RFA steps): |init spread|=6.739 mean shift=16.140 min/mean CCE distance=20.002/24.505 |p| mean=15.417
  task 2 epoch 1/50 (146 it, b_new=64) rec=12.543 lat=49.324 dz=122.709 dx=9.813 mem=1.301 rn=173.510 [5647s]
  task 2 epoch 10/50 (146 it, b_new=64) rec=8.971 lat=3.154 dz=42.357 dx=7.850 mem=0.795 rn=30.717 [7489s]
  task 2 epoch 20/50 (146 it, b_new=64) rec=8.110 lat=1.375 dz=31.198 dx=7.091 mem=0.609 rn=16.892 [9526s]
  task 2 epoch 30/50 (146 it, b_new=64) rec=7.465 lat=0.775 dz=25.847 dx=6.446 mem=0.385 rn=6.925 [11733s]
  task 2 epoch 40/50 (146 it, b_new=64) rec=7.119 lat=0.355 dz=21.112 dx=6.091 mem=0.260 rn=3.405 [13817s]
  task 2 epoch 50/50 (146 it, b_new=64) rec=6.964 lat=0.327 dz=19.592 dx=5.929 mem=0.223 rn=2.583 [15841s]
  memory (frozen codes): 1920 exemplars (480/class), 614,400 scalars, 2,457,600 bytes
  memorisation: 100 decoder epochs (1500 steps) over 1920 exemplars, final loss=1.412
after task 2: acc=93.01 per-task=[91.4, 94.6] memory-PSNR=31.21dB acc(recon test)=93.0 acc(memory)=96.7 [16441s]
  CCE placement (4836 RFA steps): |init spread|=15.059 mean shift=14.336 min/mean CCE distance=20.002/26.043 |p| mean=17.930
  task 3 epoch 1/50 (217 it, b_new=43) rec=8.770 lat=49.732 dz=173.472 dx=6.278 mem=0.833 rn=84.285 [16817s]
  task 3 epoch 10/50 (217 it, b_new=43) rec=7.272 lat=5.344 dz=159.915 dx=5.995 mem=0.700 rn=13.102 [19503s]
  task 3 epoch 20/50 (217 it, b_new=43) rec=6.524 lat=2.642 dz=149.033 dx=5.402 mem=0.409 rn=6.441 [22376s]
  task 3 epoch 30/50 (217 it, b_new=43) rec=6.177 lat=1.670 dz=145.884 dx=5.108 mem=0.291 rn=2.322 [25343s]
  task 3 epoch 40/50 (217 it, b_new=43) rec=5.907 lat=1.265 dz=140.062 dx=4.832 mem=0.204 rn=1.482 [28617s]
  task 3 epoch 50/50 (217 it, b_new=43) rec=5.796 lat=1.196 dz=140.912 dx=4.702 mem=0.169 rn=1.240 [31616s]
  memory (frozen codes): 1920 exemplars (320/class), 614,400 scalars, 2,457,600 bytes
  memorisation: 100 decoder epochs (1500 steps) over 1920 exemplars, final loss=0.978
after task 3: acc=87.83 per-task=[86.1, 81.6, 95.8] memory-PSNR=31.12dB acc(recon test)=87.8 acc(memory)=98.3 [32263s]
  CCE placement (5661 RFA steps): |init spread|=21.949 mean shift=14.768 min/mean CCE distance=20.001/28.037 |p| mean=20.137
  task 4 epoch 1/50 (292 it, b_new=32) rec=5.976 lat=54.258 dz=171.337 dx=4.090 mem=0.663 rn=71.131 [32779s]
  task 4 epoch 10/50 (292 it, b_new=32) rec=5.457 lat=6.293 dz=155.864 dx=4.300 mem=0.602 rn=12.639 [36409s]
  task 4 epoch 20/50 (292 it, b_new=32) rec=4.800 lat=2.971 dz=149.528 dx=3.756 mem=0.439 rn=6.011 [40235s]
  task 4 epoch 30/50 (292 it, b_new=32) rec=4.463 lat=1.921 dz=144.483 dx=3.420 mem=0.277 rn=2.570 [44026s]
  task 4 epoch 40/50 (292 it, b_new=32) rec=4.212 lat=1.553 dz=141.802 dx=3.173 mem=0.199 rn=1.336 [47747s]
  task 4 epoch 50/50 (292 it, b_new=32) rec=4.059 lat=1.368 dz=138.387 dx=3.000 mem=0.155 rn=1.003 [51469s]
  memory (frozen codes): 1920 exemplars (240/class), 614,400 scalars, 2,457,600 bytes
  memorisation: 100 decoder epochs (1500 steps) over 1920 exemplars, final loss=0.628
after task 4: acc=83.97 per-task=[78.8, 75.9, 83.9, 97.3] memory-PSNR=31.29dB acc(recon test)=84.0 acc(memory)=98.4 [52150s]
  CCE placement (4640 RFA steps): |init spread|=14.943 mean shift=12.066 min/mean CCE distance=20.001/28.549 |p| mean=21.318
  task 5 epoch 1/50 (359 it, b_new=26) rec=4.975 lat=34.694 dz=132.169 dx=3.266 mem=0.478 rn=83.663 [52688s]
  task 5 epoch 10/50 (359 it, b_new=26) rec=4.574 lat=4.418 dz=131.435 dx=3.500 mem=0.497 rn=13.717 [56811s]
  task 5 epoch 20/50 (359 it, b_new=26) rec=4.191 lat=2.680 dz=128.394 dx=3.225 mem=0.393 rn=6.583 [61363s]
