benchmark svhn(5/2) input=(3, 32, 32) method=ahr seed=0
args: {"ahr_epoch": "new", "alpha_kd": 0.0, "alpha_mem": 1.0, "alpha_x": 1.0, "alpha_z": 0.1, "augment": true, "balanced_ft_epochs": 0, "balanced_ft_lr_scale": 0.1, "batch_size": 128, "bf16": true, "class_order": "natural", "cls_dim": 64, "crop_pad": 4, "data_root": "data", "dataset": "svhn", "decoder_in_budget": 0, "decoder_width": 1.0, "distill_norm": "sq", "enc_pool": 4, "epochs": 50, "eval_batch": 1000, "flush_denormal": 1, "herd_space": "class", "hf_sigma": 1.0, "hf_transplant": 0.0, "input_blur": 0.0, "kd_form": "kl", "kd_lambda": 1.0, "kd_scale": 0.25, "kd_temperature": 2.0, "lam": 1.0, "lam_recon_new": 1.0, "lat_real_first": 0, "latent_bits": 32, "latent_dim": 320, "latent_domain": "recon", "latent_kind": "split", "log_every": 10, "lr": 0.001, "lr_schedule": "cosine", "memorize_codes": 0, "memorize_epochs": 20, "memorize_lr": 0.001, "memorize_steps": 1500, "memory_kind": "latent", "memory_mode": "frozen", "method": "ahr", "momentum": 0.9, "n_exemplars": 1920, "n_tasks": null, "out": "results", "pad_mode": "reflect", "raw_exemplars": 200, "recon_latent": "roundtrip", "recon_new_source": "current", "replay_sampling": "union", "resume": null, "rfa_damping": 0.0, "rfa_dt": 0.01, "rfa_jitter": 0.25, "rfa_mass": 1.0, "rfa_softening": 0.001, "rfa_steps": 20000, "rfa_target": 20.0, "rfa_zeta": 1.0, "save_ckpt": 1, "seed": 0, "selection": "herding", "stop_after": null, "tag": "split_rt", "threads": 4, "train_fraction": 1.0, "val_fraction": 0.0, "weight_decay": 0.0}
[AHR] encoder params=470,676 decoder params=1,210,883 memory=latent x 1920 exemplars
  CCE placement (3264 RFA steps): |init spread|=7.479 mean shift=6.262 min/mean CCE distance=20.002/20.002 |p| mean=10.542
  task 1 epoch 1/50 (73 it, b_new=128) rec=45.626 lat=0.000 dz=0.000 dx=0.000 mem=0.000 rn=98.869 [68s]
  task 1 epoch 10/50 (73 it, b_new=128) rec=11.280 lat=0.000 dz=0.000 dx=0.000 mem=0.000 rn=12.753 [389s]
  task 1 epoch 20/50 (73 it, b_new=128) rec=6.682 lat=0.000 dz=0.000 dx=0.000 mem=0.000 rn=6.683 [748s]
  task 1 epoch 30/50 (73 it, b_new=128) rec=4.876 lat=0.000 dz=0.000 dx=0.000 mem=0.000 rn=4.197 [1109s]
  task 1 epoch 40/50 (73 it, b_new=128) rec=4.293 lat=0.000 dz=0.000 dx=0.000 mem=0.000 rn=1.799 [1462s]
  task 1 epoch 50/50 (73 it, b_new=128) rec=4.054 lat=0.000 dz=0.000 dx=0.000 mem=0.000 rn=1.484 [1809s]
  memory (frozen codes): 1920 exemplars (960/class), 614,400 scalars, 2,457,600 bytes
  memorisation: 100 decoder epochs (1500 steps) over 1920 exemplars, final loss=2.135
after task 1: acc=98.31 per-task=[98.3] memory-PSNR=32.48dB acc(recon test)=98.3 acc(memory)=99.9 [2004s]
  CCE placement (4622 RFA steps): |init spread|=7.274 mean shift=18.305 min/mean CCE distance=20.001/26.309 |p| mean=16.472
  task 2 epoch 1/50 (146 it, b_new=64) rec=8.141 lat=0.000 dz=146.648 dx=6.146 mem=1.998 rn=142.493 [2124s]
  task 2 epoch 10/50 (146 it, b_new=64) rec=5.508 lat=0.000 dz=239.622 dx=3.959 mem=1.118 rn=25.344 [2906s]
  task 2 epoch 20/50 (146 it, b_new=64) rec=4.320 lat=0.000 dz=242.490 dx=2.875 mem=0.703 rn=15.067 [3760s]
  task 2 epoch 30/50 (146 it, b_new=64) rec=3.842 lat=0.000 dz=240.518 dx=2.454 mem=0.473 rn=7.659 [4616s]
  task 2 epoch 40/50 (146 it, b_new=64) rec=3.375 lat=0.000 dz=212.625 dx=2.016 mem=0.293 rn=4.984 [5476s]
  task 2 epoch 50/50 (146 it, b_new=64) rec=3.331 lat=0.000 dz=185.013 dx=1.999 mem=0.264 rn=4.763 [6328s]
  memory (frozen codes): 1920 exemplars (480/class), 614,400 scalars, 2,457,600 bytes
  memorisation: 100 decoder epochs (1500 steps) over 1920 exemplars, final loss=1.141
after task 2: acc=95.11 per-task=[93.6, 96.6] memory-PSNR=32.23dB acc(recon test)=95.1 acc(memory)=99.1 [6541s]
  CCE placement (4943 RFA steps): |init spread|=18.154 mean shift=13.676 min/mean CCE distance=20.001/26.955 |p| mean=18.870
  task 3 epoch 1/50 (217 it, b_new=43) rec=4.807 lat=0.000 dz=98.597 dx=2.755 mem=0.942 rn=74.681 [6703s]
  task 3 epoch 10/50 (217 it, b_new=43) rec=4.024 lat=0.000 dz=93.958 dx=2.422 mem=0.637 rn=12.676 [7901s]
  task 3 epoch 20/50 (217 it, b_new=43) rec=3.400 lat=0.000 dz=56.449 dx=2.053 mem=0.471 rn=5.524 [9232s]
  task 3 epoch 30/50 (217 it, b_new=43) rec=3.061 lat=0.000 dz=42.912 dx=1.805 mem=0.314 rn=2.507 [10546s]
  task 3 epoch 40/50 (217 it, b_new=43) rec=2.844 lat=0.000 dz=38.151 dx=1.646 mem=0.172 rn=1.387 [11840s]
  task 3 epoch 50/50 (217 it, b_new=43) rec=2.787 lat=0.000 dz=36.438 dx=1.591 mem=0.152 rn=1.013 [13152s]
  memory (frozen codes): 1920 exemplars (320/class), 614,400 scalars, 2,457,600 bytes
  memorisation: 100 decoder epochs (1500 steps) over 1920 exemplars, final loss=0.563
after task 3: acc=89.99 per-task=[88.2, 88.6, 93.2] memory-PSNR=32.66dB acc(recon test)=90.0 acc(memory)=96.8 [13389s]
  CCE placement (5746 RFA steps): |init spread|=24.298 mean shift=14.742 min/mean CCE distance=20.001/28.706 |p| mean=21.143
  task 4 epoch 1/50 (292 it, b_new=32) rec=3.423 lat=0.000 dz=57.801 dx=1.816 mem=0.607 rn=51.584 [13589s]
