benchmark svhn(5/2) input=(3, 32, 32) method=ahr seed=2
args: {"ahr_epoch": "new", "alpha_kd": 0.0, "alpha_mem": 1.0, "alpha_x": 1.0, "alpha_z": 0.1, "augment": true, "balanced_ft_epochs": 0, "balanced_ft_lr_scale": 0.1, "batch_size": 128, "bf16": true, "class_order": "natural", "cls_dim": 64, "crop_pad": 4, "data_root": "data", "dataset": "svhn", "decoder_in_budget": 0, "decoder_width": 1.0, "distill_norm": "sq", "enc_pool": 4, "epochs": 50, "eval_batch": 1000, "flush_denormal": 1, "herd_space": "class", "hf_sigma": 1.0, "hf_transplant": 0.0, "input_blur": 0.0, "kd_form": "kl", "kd_lambda": 1.0, "kd_scale": 0.25, "kd_temperature": 2.0, "lam": 1.0, "lam_recon_new": 1.0, "lat_real_first": 0, "latent_bits": 32, "latent_dim": 320, "latent_domain": "recon", "latent_kind": "split", "log_every": 10, "lr": 0.001, "lr_schedule": "cosine", "memorize_codes": 0, "memorize_epochs": 20, "memorize_lr": 0.001, "memorize_steps": 1500, "memory_kind": "latent", "memory_mode": "frozen", "method": "ahr", "momentum": 0.9, "n_exemplars": 1920, "n_tasks": null, "out": "results", "pad_mode": "reflect", "raw_exemplars": 200, "recon_latent": "roundtrip", "recon_new_source": "current", "replay_sampling": "union", "resume": null, "rfa_damping": 0.0, "rfa_dt": 0.01, "rfa_jitter": 0.25, "rfa_mass": 1.0, "rfa_softening": 0.001, "rfa_steps": 20000, "rfa_target": 20.0, "rfa_zeta": 1.0, "save_ckpt": 1, "seed": 2, "selection": "herding", "stop_after": null, "tag": "split_rt", "threads": 2, "train_fraction": 1.0, "val_fraction": 0.0, "weight_decay": 0.0}
[AHR] encoder params=470,676 decoder params=1,210,883 memory=latent x 1920 exemplars
  CCE placement (3003 RFA steps): |init spread|=6.262 mean shift=6.871 min/mean CCE distance=20.003/20.003 |p| mean=10.616
  task 1 epoch 1/50 (73 it, b_new=128) rec=41.709 lat=0.000 dz=0.000 dx=0.000 mem=0.000 rn=99.419 [99s]
  task 1 epoch 10/50 (73 it, b_new=128) rec=10.278 lat=0.000 dz=0.000 dx=0.000 mem=0.000 rn=12.504 [560s]
  task 1 epoch 20/50 (73 it, b_new=128) rec=5.784 lat=0.000 dz=0.000 dx=0.000 mem=0.000 rn=6.800 [1072s]
  task 1 epoch 30/50 (73 it, b_new=128) rec=4.887 lat=0.000 dz=0.000 dx=0.000 mem=0.000 rn=3.903 [1583s]
  task 1 epoch 40/50 (73 it, b_new=128) rec=4.488 lat=0.000 dz=0.000 dx=0.000 mem=0.000 rn=1.787 [2093s]
  task 1 epoch 50/50 (73 it, b_new=128) rec=4.186 lat=0.000 dz=0.000 dx=0.000 mem=0.000 rn=1.499 [2595s]
  memory (frozen codes): 1920 exemplars (960/class), 614,400 scalars, 2,457,600 bytes
  memorisation: 100 decoder epochs (1500 steps) over 1920 exemplars, final loss=2.205
after task 1: acc=98.31 per-task=[98.3] memory-PSNR=32.29dB acc(recon test)=98.3 acc(memory)=99.8 [2909s]
  CCE placement (4437 RFA steps): |init spread|=9.254 mean shift=14.283 min/mean CCE distance=20.002/23.757 |p| mean=15.305
  task 2 epoch 1/50 (146 it, b_new=64) rec=7.201 lat=0.000 dz=117.229 dx=5.042 mem=1.441 rn=107.707 [3081s]
  task 2 epoch 10/50 (146 it, b_new=64) rec=4.730 lat=0.000 dz=186.832 dx=2.962 mem=0.692 rn=20.549 [4235s]
  task 2 epoch 20/50 (146 it, b_new=64) rec=4.407 lat=0.000 dz=189.657 dx=2.804 mem=0.707 rn=10.725 [5537s]
  task 2 epoch 30/50 (146 it, b_new=64) rec=3.727 lat=0.000 dz=169.943 dx=2.224 mem=0.405 rn=6.534 [6841s]
  task 2 epoch 40/50 (146 it, b_new=64) rec=3.556 lat=0.000 dz=90.232 dx=2.116 mem=0.272 rn=4.327 [8150s]
  task 2 epoch 50/50 (146 it, b_new=64) rec=3.444 lat=0.000 dz=74.642 dx=2.013 mem=0.235 rn=3.348 [9459s]
  memory (frozen codes): 1920 exemplars (480/class), 614,400 scalars, 2,457,600 bytes
  memorisation: 100 decoder epochs (1500 steps) over 1920 exemplars, final loss=1.224
after task 2: acc=92.88 per-task=[92.7, 93.1] memory-PSNR=32.05dB acc(recon test)=92.9 acc(memory)=95.4 [9800s]
  CCE placement (4905 RFA steps): |init spread|=16.778 mean shift=14.911 min/mean CCE distance=20.001/25.710 |p| mean=18.252
  task 3 epoch 1/50 (217 it, b_new=43) rec=5.086 lat=0.000 dz=107.994 dx=2.863 mem=1.066 rn=72.645 [10044s]
  task 3 epoch 10/50 (217 it, b_new=43) rec=4.310 lat=0.000 dz=52.243 dx=2.626 mem=0.754 rn=11.121 [11899s]
  task 3 epoch 20/50 (217 it, b_new=43) rec=3.683 lat=0.000 dz=41.279 dx=2.184 mem=0.495 rn=4.896 [13949s]
  task 3 epoch 30/50 (217 it, b_new=43) rec=3.184 lat=0.000 dz=36.366 dx=1.766 mem=0.286 rn=2.332 [16084s]
  task 3 epoch 40/50 (217 it, b_new=43) rec=2.934 lat=0.000 dz=31.900 dx=1.528 mem=0.171 rn=1.167 [18257s]
  task 3 epoch 50/50 (217 it, b_new=43) rec=2.975 lat=0.000 dz=31.290 dx=1.595 mem=0.145 rn=1.001 [20412s]
  memory (frozen codes): 1920 exemplars (320/class), 614,400 scalars, 2,457,600 bytes
  memorisation: 100 decoder epochs (1500 steps) over 1920 exemplars, final loss=0.606
after task 3: acc=89.34 per-task=[88.1, 85.0, 95.0] memory-PSNR=32.54dB acc(recon test)=89.3 acc(memory)=97.5 [20808s]
  CCE placement (5116 RFA steps): |init spread|=24.654 mean shift=13.684 min/mean CCE distance=20.001/26.997 |p| mean=19.987
  task 4 epoch 1/50 (292 it, b_new=32) rec=3.689 lat=0.000 dz=36.167 dx=1.846 mem=0.655 rn=42.241 [21148s]
  task 4 epoch 10/50 (292 it, b_new=32) rec=3.382 lat=0.000 dz=27.295 dx=1.901 mem=0.550 rn=7.026 [23806s]
  task 4 epoch 20/50 (292 it, b_new=32) rec=2.909 lat=0.000 dz=21.860 dx=1.531 mem=0.365 rn=3.330 [26862s]
  task 4 epoch 30/50 (292 it, b_new=32) rec=2.642 lat=0.000 dz=18.542 dx=1.290 mem=0.194 rn=1.252 [29865s]
  task 4 epoch 40/50 (292 it, b_new=32) rec=2.392 lat=0.000 dz=15.837 dx=1.045 mem=0.120 rn=0.716 [32810s]
  task 4 epoch 50/50 (292 it, b_new=32) rec=2.439 lat=0.000 dz=15.690 dx=1.108 mem=0.098 rn=0.612 [35765s]
  memory (frozen codes): 1920 exemplars (240/class), 614,400 scalars, 2,457,600 bytes
  memorisation: 100 decoder epochs (1500 steps) over 1920 exemplars, final loss=0.401
after task 4: acc=86.47 per-task=[83.6, 82.9, 83.2, 96.2] memory-PSNR=32.85dB acc(recon test)=86.5 acc(memory)=98.2 [36206s]
  CCE placement (4368 RFA steps): |init spread|=14.160 mean shift=12.091 min/mean CCE distance=20.001/27.522 |p| mean=21.514
  task 5 epoch 1/50 (359 it, b_new=26) rec=3.012 lat=0.000 dz=27.292 dx=1.490 mem=0.452 rn=30.701 [36627s]
  task 5 epoch 10/50 (359 it, b_new=26) rec=2.848 lat=0.000 dz=21.317 dx=1.558 mem=0.418 rn=5.171 [40049s]
  task 5 epoch 20/50 (359 it, b_new=26) rec=2.541 lat=0.000 dz=18.792 dx=1.311 mem=0.285 rn=2.594 [43809s]
  task 5 epoch 30/50 (359 it, b_new=26) rec=2.272 lat=0.000 dz=16.933 dx=1.086 mem=0.168 rn=1.487 [47515s]
  task 5 epoch 40/50 (359 it, b_new=26) rec=2.136 lat=0.000 dz=14.103 dx=0.953 mem=0.098 rn=0.896 [51159s]
  task 5 epoch 50/50 (359 it, b_new=26) rec=2.025 lat=0.000 dz=13.262 dx=0.837 mem=0.080 rn=0.743 [54852s]
  memory (frozen codes): 1920 exemplars (192/class), 614,400 scalars, 2,457,600 bytes
  memorisation: 100 decoder epochs (1500 steps) over 1920 exemplars, final loss=0.320
after task 5: acc=82.90 per-task=[80.6, 76.4, 80.8, 81.5, 95.2] memory-PSNR=33.06dB acc(recon test)=82.9 acc(memory)=98.6 [55310s]
FINAL svhn ahr seed=2: final acc=82.90 avg inc acc=89.98 time=921.8min
