benchmark svhn(5/2) input=(3, 32, 32) method=ft_e seed=2
args: {"ahr_epoch": "new", "alpha_kd": 0.0, "alpha_mem": 1.0, "alpha_x": 1.0, "alpha_z": 0.1, "augment": true, "balanced_ft_epochs": 0, "balanced_ft_lr_scale": 0.1, "batch_size": 128, "bf16": true, "class_order": "natural", "cls_dim": 64, "crop_pad": 4, "data_root": "data", "dataset": "svhn", "decoder_in_budget": 0, "decoder_width": 1.0, "distill_norm": "sq", "enc_pool": 4, "epochs": 50, "eval_batch": 1000, "flush_denormal": 1, "herd_space": "encoder", "hf_sigma": 1.0, "hf_transplant": 0.0, "input_blur": 0.0, "kd_form": "kl", "kd_lambda": 1.0, "kd_scale": 0.25, "kd_temperature": 2.0, "lam": 1.0, "lam_recon_new": 1.0, "lat_real_first": 0, "latent_bits": 32, "latent_dim": 307, "latent_domain": "recon", "latent_kind": "split", "log_every": 10, "lr": 0.001, "lr_schedule": "cosine", "memorize_codes": 0, "memorize_epochs": 20, "memorize_lr": 0.001, "memorize_steps": 1500, "memory_kind": "latent", "memory_mode": "frozen", "method": "ft_e", "momentum": 0.9, "n_exemplars": 200, "n_tasks": null, "out": "results", "pad_mode": "constant", "raw_exemplars": 200, "recon_latent": "split", "recon_new_source": "current", "replay_sampling": "union", "resume": null, "rfa_damping": 0.0, "rfa_dt": 0.01, "rfa_jitter": 0.25, "rfa_mass": 1.0, "rfa_softening": 0.001, "rfa_steps": 20000, "rfa_target": 20.0, "rfa_zeta": 1.0, "save_ckpt": 0, "seed": 2, "selection": "herding", "stop_after": null, "tag": "", "threads": 1, "train_fraction": 1.0, "val_fraction": 0.0, "weight_decay": 0.0}
[ft_e] backbone params=466,256 memory=raw x 200
  task 1 epoch 1/50 (73 it) ce=0.508 kd=0.000 [38s]
  task 1 epoch 10/50 (73 it) ce=0.048 kd=0.000 [417s]
  task 1 epoch 20/50 (73 it) ce=0.019 kd=0.000 [863s]
  task 1 epoch 30/50 (73 it) ce=0.006 kd=0.000 [1272s]
  task 1 epoch 40/50 (73 it) ce=0.002 kd=0.000 [1678s]
  task 1 epoch 50/50 (73 it) ce=0.001 kd=0.000 [2068s]
after task 1: acc=98.18 per-task=[98.2] [2081s]
  task 2 epoch 1/50 (75 it) ce=0.475 kd=0.000 [2118s]
  task 2 epoch 10/50 (75 it) ce=0.050 kd=0.000 [2468s]
  task 2 epoch 20/50 (75 it) ce=0.019 kd=0.000 [2868s]
  task 2 epoch 30/50 (75 it) ce=0.004 kd=0.000 [3269s]
  task 2 epoch 40/50 (75 it) ce=0.001 kd=0.000 [3692s]
  task 2 epoch 50/50 (75 it) ce=0.001 kd=0.000 [4125s]
after task 2: acc=87.12 per-task=[76.3, 97.9] [4152s]
  task 3 epoch 1/50 (75 it) ce=0.965 kd=0.000 [4192s]
  task 3 epoch 10/50 (75 it) ce=0.035 kd=0.000 [4563s]
  task 3 epoch 20/50 (75 it) ce=0.008 kd=0.000 [4984s]
  task 3 epoch 30/50 (75 it) ce=0.002 kd=0.000 [5398s]
  task 3 epoch 40/50 (75 it) ce=0.001 kd=0.000 [5785s]
  task 3 epoch 50/50 (75 it) ce=0.000 kd=0.000 [6162s]
after task 3: acc=72.12 per-task=[63.6, 54.5, 98.2] [6199s]
  task 4 epoch 1/50 (75 it) ce=0.937 kd=0.000 [6237s]
  task 4 epoch 10/50 (75 it) ce=0.024 kd=0.000 [6583s]
  task 4 epoch 20/50 (75 it) ce=0.015 kd=0.000 [6956s]
  task 4 epoch 30/50 (75 it) ce=0.002 kd=0.000 [7308s]
  task 4 epoch 40/50 (75 it) ce=0.000 kd=0.000 [7673s]
  task 4 epoch 50/50 (75 it) ce=0.000 kd=0.000 [8038s]
after task 4: acc=61.13 per-task=[43.5, 51.9, 49.6, 99.4] [8086s]
  task 5 epoch 1/50 (75 it) ce=0.860 kd=0.000 [8122s]
  task 5 epoch 10/50 (75 it) ce=0.045 kd=0.000 [8437s]
  task 5 epoch 20/50 (75 it) ce=0.015 kd=0.000 [8780s]
  task 5 epoch 30/50 (75 it) ce=0.002 kd=0.000 [9127s]
  task 5 epoch 40/50 (75 it) ce=0.001 kd=0.000 [9472s]
  task 5 epoch 50/50 (75 it) ce=0.001 kd=0.000 [9817s]
after task 5: acc=58.58 per-task=[40.9, 45.7, 48.9, 59.2, 98.2] [9874s]
FINAL svhn ft_e seed=2: final acc=58.58 avg inc acc=75.42 time=164.6min
