benchmark svhn(5/2) input=(3, 32, 32) method=ft_e seed=0
args: {"alpha_kd": 0.0, "alpha_mem": 1.0, "alpha_x": 1.0, "alpha_z": 0.1, "augment": true, "balanced_ft_epochs": 30, "balanced_ft_lr_scale": 0.1, "batch_size": 128, "bf16": true, "class_order": "natural", "cls_dim": 64, "crop_pad": 4, "data_root": "data", "dataset": "svhn", "decoder_in_budget": 0, "decoder_width": 1.0, "distill_norm": "sq", "enc_pool": 4, "epochs": 50, "eval_batch": 1000, "flush_denormal": 1, "hf_sigma": 1.0, "hf_transplant": 0.0, "input_blur": 0.0, "kd_lambda": 1.0, "kd_scale": 0.25, "kd_temperature": 2.0, "lam": 0.3, "lam_recon_new": 1.0, "lat_real_first": 0, "latent_bits": 32, "latent_dim": 307, "latent_domain": "recon", "latent_kind": "spatial", "log_every": 10, "lr": 0.001, "lr_schedule": "cosine", "memorize_codes": 0, "memorize_epochs": 20, "memorize_lr": 0.001, "memorize_steps": 1500, "memory_kind": "latent", "memory_mode": "frozen", "method": "ft_e", "momentum": 0.9, "n_exemplars": 200, "n_tasks": null, "out": "results", "raw_exemplars": 200, "recon_new_source": "current", "replay_sampling": "union", "resume": null, "rfa_damping": 0.0, "rfa_dt": 0.01, "rfa_jitter": 0.0, "rfa_mass": 1.0, "rfa_softening": 0.001, "rfa_steps": 20000, "rfa_target": 20.0, "rfa_zeta": 1.0, "save_ckpt": 0, "seed": 0, "selection": "herding", "stop_after": null, "tag": "bft30", "threads": 4, "train_fraction": 1.0, "val_fraction": 0.0, "weight_decay": 0.0}
[ft_e] backbone params=466,256 memory=raw x 200
  task 1 epoch 1/50 (73 it) ce=0.561 kd=0.000 [12s]
  task 1 epoch 10/50 (73 it) ce=0.051 kd=0.000 [112s]
  task 1 epoch 20/50 (73 it) ce=0.019 kd=0.000 [219s]
  task 1 epoch 30/50 (73 it) ce=0.006 kd=0.000 [326s]
  task 1 epoch 40/50 (73 it) ce=0.001 kd=0.000 [434s]
  task 1 epoch 50/50 (73 it) ce=0.001 kd=0.000 [543s]
after task 1: acc=98.12 per-task=[98.1] [547s]
  task 2 epoch 1/50 (75 it) ce=0.473 kd=0.000 [557s]
  task 2 epoch 10/50 (75 it) ce=0.052 kd=0.000 [653s]
  task 2 epoch 20/50 (75 it) ce=0.018 kd=0.000 [761s]
  task 2 epoch 30/50 (75 it) ce=0.005 kd=0.000 [868s]
  task 2 epoch 40/50 (75 it) ce=0.002 kd=0.000 [971s]
  task 2 epoch 50/50 (75 it) ce=0.001 kd=0.000 [1075s]
  task 2 balanced fine-tuning: 30 epochs on 200 exemplars, ce=0.029 [1082s]
after task 2: acc=78.93 per-task=[59.9, 98.0] [1089s]
  task 3 epoch 1/50 (75 it) ce=0.638 kd=0.000 [1099s]
  task 3 epoch 10/50 (75 it) ce=0.036 kd=0.000 [1192s]
  task 3 epoch 20/50 (75 it) ce=0.008 kd=0.000 [1291s]
  task 3 epoch 30/50 (75 it) ce=0.004 kd=0.000 [1388s]
  task 3 epoch 40/50 (75 it) ce=0.001 kd=0.000 [1485s]
  task 3 epoch 50/50 (75 it) ce=0.001 kd=0.000 [1581s]
  task 3 balanced fine-tuning: 30 epochs on 198 exemplars, ce=0.075 [1588s]
after task 3: acc=63.33 per-task=[46.6, 44.4, 99.0] [1598s]
  task 4 epoch 1/50 (75 it) ce=0.737 kd=0.000 [1608s]
  task 4 epoch 10/50 (75 it) ce=0.026 kd=0.000 [1697s]
  task 4 epoch 20/50 (75 it) ce=0.007 kd=0.000 [1799s]
  task 4 epoch 30/50 (75 it) ce=0.001 kd=0.000 [1898s]
  task 4 epoch 40/50 (75 it) ce=0.000 kd=0.000 [1999s]
  task 4 epoch 50/50 (75 it) ce=0.000 kd=0.000 [2097s]
  task 4 balanced fine-tuning: 30 epochs on 200 exemplars, ce=0.034 [2104s]
after task 4: acc=56.12 per-task=[37.2, 41.3, 46.9, 99.1] [2116s]
  task 5 epoch 1/50 (75 it) ce=0.598 kd=0.000 [2126s]
  task 5 epoch 10/50 (75 it) ce=0.038 kd=0.000 [2213s]
  task 5 epoch 20/50 (75 it) ce=0.016 kd=0.000 [2307s]
  task 5 epoch 30/50 (75 it) ce=0.004 kd=0.000 [2402s]
  task 5 epoch 40/50 (75 it) ce=0.001 kd=0.000 [2496s]
  task 5 epoch 50/50 (75 it) ce=0.001 kd=0.000 [2591s]
  task 5 balanced fine-tuning: 30 epochs on 200 exemplars, ce=0.058 [2598s]
after task 5: acc=45.55 per-task=[30.1, 31.5, 26.0, 42.1, 98.1] [2613s]
FINAL svhn ft_e seed=0: final acc=45.55 avg inc acc=68.41 time=43.5min
