benchmark svhn(5/2) input=(3, 32, 32) method=ft_e seed=0
args: {"alpha_kd": 0.0, "alpha_mem": 1.0, "alpha_x": 1.0, "alpha_z": 0.01, "augment": true, "batch_size": 128, "bf16": true, "class_order": "natural", "crop_pad": 4, "data_root": "data", "dataset": "svhn", "decoder_in_budget": 0, "decoder_width": 1.0, "distill_norm": "sq", "enc_pool": 4, "epochs": 50, "eval_batch": 1000, "flush_denormal": 1, "hf_sigma": 1.0, "hf_transplant": 0.0, "input_blur": 0.0, "kd_lambda": 1.0, "kd_scale": 0.25, "kd_temperature": 2.0, "lam": 0.3, "lam_recon_new": 0.0, "latent_bits": 32, "latent_dim": 307, "latent_domain": "input", "latent_kind": "spatial", "log_every": 10, "lr": 0.001, "lr_schedule": "cosine", "memorize_codes": 0, "memorize_epochs": 20, "memorize_lr": 0.001, "memorize_steps": 1500, "memory_kind": "latent", "memory_mode": "frozen", "method": "ft_e", "momentum": 0.9, "n_exemplars": 200, "n_tasks": null, "out": "results", "raw_exemplars": 200, "recon_new_source": "current", "replay_sampling": "union", "rfa_damping": 0.0, "rfa_dt": 0.01, "rfa_mass": 1.0, "rfa_softening": 0.001, "rfa_steps": 20000, "rfa_target": 20.0, "rfa_zeta": 1.0, "seed": 0, "selection": "herding", "stop_after": null, "tag": "", "threads": 1, "train_fraction": 1.0, "weight_decay": 0.0}
[ft_e] backbone params=466,256 memory=raw x 200
  task 1 epoch 1/50 (73 it) ce=0.568 kd=0.000 [41s]
  task 1 epoch 10/50 (73 it) ce=0.052 kd=0.000 [392s]
  task 1 epoch 20/50 (73 it) ce=0.017 kd=0.000 [776s]
  task 1 epoch 30/50 (73 it) ce=0.004 kd=0.000 [1166s]
  task 1 epoch 40/50 (73 it) ce=0.001 kd=0.000 [1543s]
  task 1 epoch 50/50 (73 it) ce=0.001 kd=0.000 [1885s]
after task 1: acc=98.28 per-task=[98.3] [1896s]
  task 2 epoch 1/50 (75 it) ce=0.456 kd=0.000 [1928s]
  task 2 epoch 10/50 (75 it) ce=0.052 kd=0.000 [2220s]
  task 2 epoch 20/50 (75 it) ce=0.013 kd=0.000 [2533s]
  task 2 epoch 30/50 (75 it) ce=0.004 kd=0.000 [2838s]
  task 2 epoch 40/50 (75 it) ce=0.001 kd=0.000 [3145s]
  task 2 epoch 50/50 (75 it) ce=0.001 kd=0.000 [3452s]
after task 2: acc=85.55 per-task=[73.1, 98.0] [3472s]
  task 3 epoch 1/50 (75 it) ce=0.667 kd=0.000 [3503s]
  task 3 epoch 10/50 (75 it) ce=0.037 kd=0.000 [3778s]
  task 3 epoch 20/50 (75 it) ce=0.013 kd=0.000 [4083s]
  task 3 epoch 30/50 (75 it) ce=0.004 kd=0.000 [4388s]
  task 3 epoch 40/50 (75 it) ce=0.001 kd=0.000 [4695s]
  task 3 epoch 50/50 (75 it) ce=0.001 kd=0.000 [4999s]
after task 3: acc=74.43 per-task=[63.3, 61.5, 98.5] [5031s]
  task 4 epoch 1/50 (75 it) ce=0.884 kd=0.000 [5061s]
  task 4 epoch 10/50 (75 it) ce=0.028 kd=0.000 [5337s]
