benchmark svhn(5/2) input=(3, 32, 32) method=ft_e seed=1
args: {"ahr_epoch": "new", "alpha_kd": 0.0, "alpha_mem": 1.0, "alpha_x": 1.0, "alpha_z": 0.1, "augment": true, "balanced_ft_epochs": 0, "balanced_ft_lr_scale": 0.1, "batch_size": 128, "bf16": true, "class_order": "natural", "cls_dim": 64, "crop_pad": 4, "data_root": "data", "dataset": "svhn", "decoder_in_budget": 0, "decoder_width": 1.0, "distill_norm": "sq", "enc_pool": 4, "epochs": 50, "eval_batch": 1000, "flush_denormal": 1, "herd_space": "encoder", "hf_sigma": 1.0, "hf_transplant": 0.0, "input_blur": 0.0, "kd_form": "kl", "kd_lambda": 1.0, "kd_scale": 0.25, "kd_temperature": 2.0, "lam": 1.0, "lam_recon_new": 1.0, "lat_real_first": 0, "latent_bits": 32, "latent_dim": 307, "latent_domain": "recon", "latent_kind": "split", "log_every": 10, "lr": 0.001, "lr_schedule": "cosine", "memorize_codes": 0, "memorize_epochs": 20, "memorize_lr": 0.001, "memorize_steps": 1500, "memory_kind": "latent", "memory_mode": "frozen", "method": "ft_e", "momentum": 0.9, "n_exemplars": 200, "n_tasks": null, "out": "results", "pad_mode": "constant", "raw_exemplars": 200, "recon_latent": "split", "recon_new_source": "current", "replay_sampling": "union", "resume": null, "rfa_damping": 0.0, "rfa_dt": 0.01, "rfa_jitter": 0.25, "rfa_mass": 1.0, "rfa_softening": 0.001, "rfa_steps": 20000, "rfa_target": 20.0, "rfa_zeta": 1.0, "save_ckpt": 0, "seed": 1, "selection": "herding", "stop_after": null, "tag": "", "threads": 1, "train_fraction": 1.0, "val_fraction": 0.0, "weight_decay": 0.0}
[ft_e] backbone params=466,256 memory=raw x 200
  task 1 epoch 1/50 (73 it) ce=0.521 kd=0.000 [32s]
  task 1 epoch 10/50 (73 it) ce=0.052 kd=0.000 [327s]
  task 1 epoch 20/50 (73 it) ce=0.025 kd=0.000 [657s]
  task 1 epoch 30/50 (73 it) ce=0.004 kd=0.000 [985s]
  task 1 epoch 40/50 (73 it) ce=0.002 kd=0.000 [1311s]
  task 1 epoch 50/50 (73 it) ce=0.001 kd=0.000 [1636s]
after task 1: acc=98.28 per-task=[98.3] [1647s]
  task 2 epoch 1/50 (75 it) ce=0.377 kd=0.000 [1679s]
  task 2 epoch 10/50 (75 it) ce=0.051 kd=0.000 [1972s]
  task 2 epoch 20/50 (75 it) ce=0.016 kd=0.000 [2304s]
  task 2 epoch 30/50 (75 it) ce=0.003 kd=0.000 [2631s]
  task 2 epoch 40/50 (75 it) ce=0.001 kd=0.000 [2957s]
  task 2 epoch 50/50 (75 it) ce=0.001 kd=0.000 [3282s]
after task 2: acc=85.67 per-task=[73.9, 97.5] [3303s]
  task 3 epoch 1/50 (75 it) ce=0.702 kd=0.000 [3335s]
  task 3 epoch 10/50 (75 it) ce=0.039 kd=0.000 [3624s]
  task 3 epoch 20/50 (75 it) ce=0.008 kd=0.000 [3940s]
  task 3 epoch 30/50 (75 it) ce=0.002 kd=0.000 [4259s]
  task 3 epoch 40/50 (75 it) ce=0.001 kd=0.000 [4583s]
  task 3 epoch 50/50 (75 it) ce=0.000 kd=0.000 [4905s]
after task 3: acc=71.71 per-task=[62.2, 54.1, 98.8] [4937s]
  task 4 epoch 1/50 (75 it) ce=1.026 kd=0.000 [4968s]
  task 4 epoch 10/50 (75 it) ce=0.028 kd=0.000 [5250s]
  task 4 epoch 20/50 (75 it) ce=0.008 kd=0.000 [5560s]
  task 4 epoch 30/50 (75 it) ce=0.002 kd=0.000 [5871s]
  task 4 epoch 40/50 (75 it) ce=0.000 kd=0.000 [6180s]
  task 4 epoch 50/50 (75 it) ce=0.000 kd=0.000 [6491s]
after task 4: acc=62.41 per-task=[47.2, 51.0, 52.2, 99.2] [6535s]
  task 5 epoch 1/50 (75 it) ce=1.075 kd=0.000 [6567s]
  task 5 epoch 10/50 (75 it) ce=0.040 kd=0.000 [6846s]
  task 5 epoch 20/50 (75 it) ce=0.014 kd=0.000 [7157s]
  task 5 epoch 30/50 (75 it) ce=0.004 kd=0.000 [7465s]
  task 5 epoch 40/50 (75 it) ce=0.001 kd=0.000 [7778s]
  task 5 epoch 50/50 (75 it) ce=0.001 kd=0.000 [8093s]
after task 5: acc=56.01 per-task=[40.7, 45.6, 45.0, 50.6, 98.2] [8146s]
FINAL svhn ft_e seed=1: final acc=56.01 avg inc acc=74.82 time=135.8min
