benchmark svhn(5/2) input=(3, 32, 32) method=ft_e seed=0
args: {"ahr_epoch": "new", "alpha_kd": 0.0, "alpha_mem": 1.0, "alpha_x": 1.0, "alpha_z": 0.1, "augment": true, "balanced_ft_epochs": 0, "balanced_ft_lr_scale": 0.1, "batch_size": 128, "bf16": true, "class_order": "natural", "cls_dim": 64, "crop_pad": 4, "data_root": "data", "dataset": "svhn", "decoder_in_budget": 0, "decoder_width": 1.0, "distill_norm": "sq", "enc_pool": 4, "epochs": 50, "eval_batch": 1000, "flush_denormal": 1, "herd_space": "encoder", "hf_sigma": 1.0, "hf_transplant": 0.0, "input_blur": 0.0, "kd_form": "kl", "kd_lambda": 1.0, "kd_scale": 0.25, "kd_temperature": 2.0, "lam": 1.0, "lam_recon_new": 1.0, "lat_real_first": 0, "latent_bits": 32, "latent_dim": 307, "latent_domain": "recon", "latent_kind": "split", "log_every": 10, "lr": 0.001, "lr_schedule": "cosine", "memorize_codes": 0, "memorize_epochs": 20, "memorize_lr": 0.001, "memorize_steps": 1500, "memory_kind": "latent", "memory_mode": "frozen", "method": "ft_e", "momentum": 0.9, "n_exemplars": 1920, "n_tasks": null, "out": "results", "pad_mode": "constant", "raw_exemplars": 200, "recon_latent": "split", "recon_new_source": "current", "replay_sampling": "union", "resume": null, "rfa_damping": 0.0, "rfa_dt": 0.01, "rfa_jitter": 0.25, "rfa_mass": 1.0, "rfa_softening": 0.001, "rfa_steps": 20000, "rfa_target": 20.0, "rfa_zeta": 1.0, "save_ckpt": 0, "seed": 0, "selection": "herding", "stop_after": null, "tag": "n1920", "threads": 1, "train_fraction": 1.0, "val_fraction": 0.0, "weight_decay": 0.0}
[ft_e] backbone params=466,256 memory=raw x 1920
  task 1 epoch 1/50 (73 it) ce=0.568 kd=0.000 [33s]
  task 1 epoch 10/50 (73 it) ce=0.052 kd=0.000 [306s]
  task 1 epoch 20/50 (73 it) ce=0.017 kd=0.000 [606s]
  task 1 epoch 30/50 (73 it) ce=0.004 kd=0.000 [907s]
  task 1 epoch 40/50 (73 it) ce=0.001 kd=0.000 [1205s]
  task 1 epoch 50/50 (73 it) ce=0.001 kd=0.000 [1501s]
after task 1: acc=98.28 per-task=[98.3] [1512s]
  task 2 epoch 1/50 (88 it) ce=0.433 kd=0.000 [1547s]
  task 2 epoch 10/50 (88 it) ce=0.068 kd=0.000 [1875s]
  task 2 epoch 20/50 (88 it) ce=0.030 kd=0.000 [2238s]
  task 2 epoch 30/50 (88 it) ce=0.006 kd=0.000 [2596s]
  task 2 epoch 40/50 (88 it) ce=0.001 kd=0.000 [2958s]
  task 2 epoch 50/50 (88 it) ce=0.001 kd=0.000 [3319s]
after task 2: acc=95.42 per-task=[93.2, 97.7] [3341s]
  task 3 epoch 1/50 (88 it) ce=0.527 kd=0.000 [3378s]
  task 3 epoch 10/50 (88 it) ce=0.054 kd=0.000 [3724s]
  task 3 epoch 20/50 (88 it) ce=0.015 kd=0.000 [4104s]
  task 3 epoch 30/50 (88 it) ce=0.003 kd=0.000 [4487s]
  task 3 epoch 40/50 (88 it) ce=0.001 kd=0.000 [4866s]
  task 3 epoch 50/50 (88 it) ce=0.001 kd=0.000 [5247s]
after task 3: acc=91.30 per-task=[86.9, 88.4, 98.6] [5281s]
  task 4 epoch 1/50 (88 it) ce=0.704 kd=0.000 [5318s]
  task 4 epoch 10/50 (88 it) ce=0.045 kd=0.000 [5652s]
  task 4 epoch 20/50 (88 it) ce=0.014 kd=0.000 [6025s]
  task 4 epoch 30/50 (88 it) ce=0.003 kd=0.000 [6401s]
  task 4 epoch 40/50 (88 it) ce=0.001 kd=0.000 [6826s]
  task 4 epoch 50/50 (88 it) ce=0.001 kd=0.000 [7229s]
after task 4: acc=88.71 per-task=[83.9, 85.2, 87.0, 98.7] [7271s]
  task 5 epoch 1/50 (88 it) ce=0.711 kd=0.000 [7308s]
  task 5 epoch 10/50 (88 it) ce=0.063 kd=0.000 [7641s]
  task 5 epoch 20/50 (88 it) ce=0.020 kd=0.000 [8013s]
  task 5 epoch 30/50 (88 it) ce=0.004 kd=0.000 [8391s]
  task 5 epoch 40/50 (88 it) ce=0.002 kd=0.000 [8766s]
  task 5 epoch 50/50 (88 it) ce=0.001 kd=0.000 [9133s]
after task 5: acc=85.09 per-task=[77.3, 79.8, 85.3, 85.6, 97.4] [9189s]
FINAL svhn ft_e seed=0: final acc=85.09 avg inc acc=91.76 time=153.1min
