benchmark svhn(5/2) input=(3, 32, 32) method=ft seed=0
args: {"alpha_kd": 0.0, "alpha_mem": 1.0, "alpha_x": 1.0, "alpha_z": 0.1, "augment": true, "batch_size": 128, "bf16": true, "class_order": "natural", "cls_dim": 64, "crop_pad": 4, "data_root": "data", "dataset": "svhn", "decoder_in_budget": 0, "decoder_width": 1.0, "distill_norm": "sq", "enc_pool": 4, "epochs": 50, "eval_batch": 1000, "flush_denormal": 1, "hf_sigma": 1.0, "hf_transplant": 0.0, "input_blur": 0.0, "kd_lambda": 1.0, "kd_scale": 0.25, "kd_temperature": 2.0, "lam": 0.3, "lam_recon_new": 0.0, "latent_bits": 32, "latent_dim": 307, "latent_domain": "input", "latent_kind": "spatial", "log_every": 10, "lr": 0.001, "lr_schedule": "cosine", "memorize_codes": 0, "memorize_epochs": 20, "memorize_lr": 0.001, "memorize_steps": 1500, "memory_kind": "latent", "memory_mode": "frozen", "method": "ft", "momentum": 0.9, "n_exemplars": 0, "n_tasks": null, "out": "results", "raw_exemplars": 200, "recon_new_source": "current", "replay_sampling": "union", "rfa_damping": 0.0, "rfa_dt": 0.01, "rfa_mass": 1.0, "rfa_softening": 0.001, "rfa_steps": 20000, "rfa_target": 20.0, "rfa_zeta": 1.0, "save_ckpt": 0, "seed": 0, "selection": "herding", "stop_after": null, "tag": "", "threads": 1, "train_fraction": 1.0, "weight_decay": 0.0}
[ft] backbone params=466,256
  task 1 epoch 1/50 (73 it) ce=0.568 kd=0.000 [32s]
  task 1 epoch 10/50 (73 it) ce=0.052 kd=0.000 [331s]
  task 1 epoch 20/50 (73 it) ce=0.017 kd=0.000 [673s]
  task 1 epoch 30/50 (73 it) ce=0.004 kd=0.000 [1021s]
  task 1 epoch 40/50 (73 it) ce=0.001 kd=0.000 [1367s]
  task 1 epoch 50/50 (73 it) ce=0.001 kd=0.000 [1708s]
after task 1: acc=98.28 per-task=[98.3] [1719s]
  task 2 epoch 1/50 (73 it) ce=0.540 kd=0.000 [1750s]
  task 2 epoch 10/50 (73 it) ce=0.036 kd=0.000 [2031s]
  task 2 epoch 20/50 (73 it) ce=0.013 kd=0.000 [2351s]
  task 2 epoch 30/50 (73 it) ce=0.003 kd=0.000 [2675s]
  task 2 epoch 40/50 (73 it) ce=0.001 kd=0.000 [2988s]
  task 2 epoch 50/50 (73 it) ce=0.001 kd=0.000 [3303s]
after task 2: acc=49.06 per-task=[0.0, 98.1] [3325s]
  task 3 epoch 1/50 (73 it) ce=0.719 kd=0.000 [3358s]
  task 3 epoch 10/50 (73 it) ce=0.019 kd=0.000 [3654s]
  task 3 epoch 20/50 (73 it) ce=0.010 kd=0.000 [3975s]
  task 3 epoch 30/50 (73 it) ce=0.002 kd=0.000 [4302s]
  task 3 epoch 40/50 (73 it) ce=0.000 kd=0.000 [4626s]
  task 3 epoch 50/50 (73 it) ce=0.000 kd=0.000 [4944s]
after task 3: acc=32.85 per-task=[0.0, 0.0, 98.6] [4977s]
  task 4 epoch 1/50 (73 it) ce=0.874 kd=0.000 [5009s]
  task 4 epoch 10/50 (73 it) ce=0.021 kd=0.000 [5288s]
  task 4 epoch 20/50 (73 it) ce=0.004 kd=0.000 [5596s]
  task 4 epoch 30/50 (73 it) ce=0.001 kd=0.000 [5906s]
  task 4 epoch 40/50 (73 it) ce=0.000 kd=0.000 [6214s]
  task 4 epoch 50/50 (73 it) ce=0.000 kd=0.000 [6525s]
after task 4: acc=24.84 per-task=[0.0, 0.0, 0.0, 99.4] [6568s]
  task 5 epoch 1/50 (73 it) ce=0.996 kd=0.000 [6599s]
  task 5 epoch 10/50 (73 it) ce=0.033 kd=0.000 [6873s]
  task 5 epoch 20/50 (73 it) ce=0.009 kd=0.000 [7179s]
  task 5 epoch 30/50 (73 it) ce=0.005 kd=0.000 [7489s]
  task 5 epoch 40/50 (73 it) ce=0.001 kd=0.000 [7798s]
  task 5 epoch 50/50 (73 it) ce=0.000 kd=0.000 [8103s]
after task 5: acc=19.64 per-task=[0.0, 0.0, 0.0, 0.0, 98.2] [8158s]
FINAL svhn ft seed=0: final acc=19.64 avg inc acc=44.93 time=136.0min
