benchmark svhn(5/2) input=(3, 32, 32) method=ft seed=2
args: {"ahr_epoch": "new", "alpha_kd": 0.0, "alpha_mem": 1.0, "alpha_x": 1.0, "alpha_z": 0.1, "augment": true, "balanced_ft_epochs": 0, "balanced_ft_lr_scale": 0.1, "batch_size": 128, "bf16": true, "class_order": "natural", "cls_dim": 64, "crop_pad": 4, "data_root": "data", "dataset": "svhn", "decoder_in_budget": 0, "decoder_width": 1.0, "distill_norm": "sq", "enc_pool": 4, "epochs": 50, "eval_batch": 1000, "flush_denormal": 1, "herd_space": "encoder", "hf_sigma": 1.0, "hf_transplant": 0.0, "input_blur": 0.0, "kd_form": "kl", "kd_lambda": 1.0, "kd_scale": 0.25, "kd_temperature": 2.0, "lam": 1.0, "lam_recon_new": 1.0, "lat_real_first": 0, "latent_bits": 32, "latent_dim": 307, "latent_domain": "recon", "latent_kind": "split", "log_every": 10, "lr": 0.001, "lr_schedule": "cosine", "memorize_codes": 0, "memorize_epochs": 20, "memorize_lr": 0.001, "memorize_steps": 1500, "memory_kind": "latent", "memory_mode": "frozen", "method": "ft", "momentum": 0.9, "n_exemplars": 0, "n_tasks": null, "out": "results", "pad_mode": "constant", "raw_exemplars": 200, "recon_latent": "split", "recon_new_source": "current", "replay_sampling": "union", "resume": null, "rfa_damping": 0.0, "rfa_dt": 0.01, "rfa_jitter": 0.25, "rfa_mass": 1.0, "rfa_softening": 0.001, "rfa_steps": 20000, "rfa_target": 20.0, "rfa_zeta": 1.0, "save_ckpt": 0, "seed": 2, "selection": "herding", "stop_after": null, "tag": "", "threads": 1, "train_fraction": 1.0, "val_fraction": 0.0, "weight_decay": 0.0}
[ft] backbone params=466,256
  task 1 epoch 1/50 (73 it) ce=0.508 kd=0.000 [31s]
  task 1 epoch 10/50 (73 it) ce=0.048 kd=0.000 [305s]
  task 1 epoch 20/50 (73 it) ce=0.019 kd=0.000 [616s]
  task 1 epoch 30/50 (73 it) ce=0.006 kd=0.000 [933s]
  task 1 epoch 40/50 (73 it) ce=0.002 kd=0.000 [1251s]
  task 1 epoch 50/50 (73 it) ce=0.001 kd=0.000 [1563s]
after task 1: acc=98.18 per-task=[98.2] [1574s]
  task 2 epoch 1/50 (73 it) ce=0.386 kd=0.000 [1604s]
  task 2 epoch 10/50 (73 it) ce=0.039 kd=0.000 [1878s]
  task 2 epoch 20/50 (73 it) ce=0.013 kd=0.000 [2183s]
  task 2 epoch 30/50 (73 it) ce=0.002 kd=0.000 [2494s]
  task 2 epoch 40/50 (73 it) ce=0.001 kd=0.000 [2794s]
  task 2 epoch 50/50 (73 it) ce=0.000 kd=0.000 [3096s]
after task 2: acc=49.11 per-task=[0.0, 98.2] [3118s]
  task 3 epoch 1/50 (73 it) ce=1.163 kd=0.000 [3149s]
  task 3 epoch 10/50 (73 it) ce=0.022 kd=0.000 [3424s]
  task 3 epoch 20/50 (73 it) ce=0.007 kd=0.000 [3730s]
  task 3 epoch 30/50 (73 it) ce=0.004 kd=0.000 [4048s]
  task 3 epoch 40/50 (73 it) ce=0.001 kd=0.000 [4362s]
  task 3 epoch 50/50 (73 it) ce=0.000 kd=0.000 [4676s]
after task 3: acc=32.85 per-task=[0.0, 0.0, 98.6] [4709s]
  task 4 epoch 1/50 (73 it) ce=0.807 kd=0.000 [4743s]
  task 4 epoch 10/50 (73 it) ce=0.017 kd=0.000 [5052s]
  task 4 epoch 20/50 (73 it) ce=0.002 kd=0.000 [5396s]
  task 4 epoch 30/50 (73 it) ce=0.001 kd=0.000 [5729s]
  task 4 epoch 40/50 (73 it) ce=0.000 kd=0.000 [6065s]
  task 4 epoch 50/50 (73 it) ce=0.000 kd=0.000 [6409s]
after task 4: acc=24.83 per-task=[0.0, 0.0, 0.0, 99.3] [6456s]
  task 5 epoch 1/50 (73 it) ce=1.402 kd=0.000 [6487s]
  task 5 epoch 10/50 (73 it) ce=0.033 kd=0.000 [6790s]
  task 5 epoch 20/50 (73 it) ce=0.012 kd=0.000 [7121s]
