benchmark svhn(5/2) input=(3, 32, 32) method=ft seed=1
args: {"ahr_epoch": "new", "alpha_kd": 0.0, "alpha_mem": 1.0, "alpha_x": 1.0, "alpha_z": 0.1, "augment": true, "balanced_ft_epochs": 0, "balanced_ft_lr_scale": 0.1, "batch_size": 128, "bf16": true, "class_order": "natural", "cls_dim": 64, "crop_pad": 4, "data_root": "data", "dataset": "svhn", "decoder_in_budget": 0, "decoder_width": 1.0, "distill_norm": "sq", "enc_pool": 4, "epochs": 50, "eval_batch": 1000, "flush_denormal": 1, "herd_space": "encoder", "hf_sigma": 1.0, "hf_transplant": 0.0, "input_blur": 0.0, "kd_form": "kl", "kd_lambda": 1.0, "kd_scale": 0.25, "kd_temperature": 2.0, "lam": 1.0, "lam_recon_new": 1.0, "lat_real_first": 0, "latent_bits": 32, "latent_dim": 307, "latent_domain": "recon", "latent_kind": "split", "log_every": 10, "lr": 0.001, "lr_schedule": "cosine", "memorize_codes": 0, "memorize_epochs": 20, "memorize_lr": 0.001, "memorize_steps": 1500, "memory_kind": "latent", "memory_mode": "frozen", "method": "ft", "momentum": 0.9, "n_exemplars": 0, "n_tasks": null, "out": "results", "pad_mode": "constant", "raw_exemplars": 200, "recon_latent": "split", "recon_new_source": "current", "replay_sampling": "union", "resume": null, "rfa_damping": 0.0, "rfa_dt": 0.01, "rfa_jitter": 0.25, "rfa_mass": 1.0, "rfa_softening": 0.001, "rfa_steps": 20000, "rfa_target": 20.0, "rfa_zeta": 1.0, "save_ckpt": 0, "seed": 1, "selection": "herding", "stop_after": null, "tag": "", "threads": 1, "train_fraction": 1.0, "val_fraction": 0.0, "weight_decay": 0.0}
[ft] backbone params=466,256
  task 1 epoch 1/50 (73 it) ce=0.521 kd=0.000 [32s]
  task 1 epoch 10/50 (73 it) ce=0.052 kd=0.000 [311s]
  task 1 epoch 20/50 (73 it) ce=0.025 kd=0.000 [631s]
  task 1 epoch 30/50 (73 it) ce=0.004 kd=0.000 [957s]
  task 1 epoch 40/50 (73 it) ce=0.002 kd=0.000 [1285s]
  task 1 epoch 50/50 (73 it) ce=0.001 kd=0.000 [1606s]
after task 1: acc=98.28 per-task=[98.3] [1616s]
  task 2 epoch 1/50 (73 it) ce=0.425 kd=0.000 [1645s]
  task 2 epoch 10/50 (73 it) ce=0.035 kd=0.000 [1914s]
  task 2 epoch 20/50 (73 it) ce=0.016 kd=0.000 [2215s]
  task 2 epoch 30/50 (73 it) ce=0.007 kd=0.000 [2521s]
  task 2 epoch 40/50 (73 it) ce=0.001 kd=0.000 [2819s]
  task 2 epoch 50/50 (73 it) ce=0.001 kd=0.000 [3119s]
after task 2: acc=48.97 per-task=[0.0, 97.9] [3140s]
  task 3 epoch 1/50 (73 it) ce=0.400 kd=0.000 [3172s]
  task 3 epoch 10/50 (73 it) ce=0.017 kd=0.000 [3461s]
  task 3 epoch 20/50 (73 it) ce=0.007 kd=0.000 [3790s]
  task 3 epoch 30/50 (73 it) ce=0.002 kd=0.000 [4119s]
  task 3 epoch 40/50 (73 it) ce=0.000 kd=0.000 [4453s]
  task 3 epoch 50/50 (73 it) ce=0.000 kd=0.000 [4788s]
after task 3: acc=32.90 per-task=[0.0, 0.0, 98.7] [4822s]
  task 4 epoch 1/50 (73 it) ce=1.221 kd=0.000 [4854s]
  task 4 epoch 10/50 (73 it) ce=0.018 kd=0.000 [5148s]
  task 4 epoch 20/50 (73 it) ce=0.011 kd=0.000 [5469s]
