benchmark svhn(5/2) input=(3, 32, 32) method=icarl seed=1
args: {"ahr_epoch": "new", "alpha_kd": 0.0, "alpha_mem": 1.0, "alpha_x": 1.0, "alpha_z": 0.1, "augment": true, "balanced_ft_epochs": 0, "balanced_ft_lr_scale": 0.1, "batch_size": 128, "bf16": true, "class_order": "natural", "cls_dim": 64, "crop_pad": 4, "data_root": "data", "dataset": "svhn", "decoder_in_budget": 0, "decoder_width": 1.0, "distill_norm": "sq", "enc_pool": 4, "epochs": 50, "eval_batch": 1000, "flush_denormal": 1, "herd_space": "encoder", "hf_sigma": 1.0, "hf_transplant": 0.0, "input_blur": 0.0, "kd_form": "kl", "kd_lambda": 1.0, "kd_scale": 0.25, "kd_temperature": 2.0, "lam": 1.0, "lam_recon_new": 1.0, "lat_real_first": 0, "latent_bits": 32, "latent_dim": 307, "latent_domain": "recon", "latent_kind": "split", "log_every": 10, "lr": 0.001, "lr_schedule": "cosine", "memorize_codes": 0, "memorize_epochs": 20, "memorize_lr": 0.001, "memorize_steps": 1500, "memory_kind": "latent", "memory_mode": "frozen", "method": "icarl", "momentum": 0.9, "n_exemplars": 200, "n_tasks": null, "out": "results", "pad_mode": "constant", "raw_exemplars": 200, "recon_latent": "split", "recon_new_source": "current", "replay_sampling": "union", "resume": null, "rfa_damping": 0.0, "rfa_dt": 0.01, "rfa_jitter": 0.25, "rfa_mass": 1.0, "rfa_softening": 0.001, "rfa_steps": 20000, "rfa_target": 20.0, "rfa_zeta": 1.0, "save_ckpt": 0, "seed": 1, "selection": "herding", "stop_after": null, "tag": "", "threads": 1, "train_fraction": 1.0, "val_fraction": 0.0, "weight_decay": 0.0}
[icarl] backbone params=466,256 memory=raw x 200
  task 1 epoch 1/50 (73 it) ce=0.521 kd=0.000 [33s]
  task 1 epoch 10/50 (73 it) ce=0.052 kd=0.000 [334s]
  task 1 epoch 20/50 (73 it) ce=0.025 kd=0.000 [671s]
  task 1 epoch 30/50 (73 it) ce=0.004 kd=0.000 [1007s]
  task 1 epoch 40/50 (73 it) ce=0.002 kd=0.000 [1347s]
  task 1 epoch 50/50 (73 it) ce=0.001 kd=0.000 [1680s]
after task 1: acc=98.28 per-task=[98.3] [1722s]
  task 2 epoch 1/50 (75 it) ce=0.587 kd=0.408 [1764s]
  task 2 epoch 10/50 (75 it) ce=0.079 kd=0.172 [2134s]
  task 2 epoch 20/50 (75 it) ce=0.035 kd=0.123 [2549s]
  task 2 epoch 30/50 (75 it) ce=0.016 kd=0.086 [2968s]
  task 2 epoch 40/50 (75 it) ce=0.007 kd=0.061 [3385s]
  task 2 epoch 50/50 (75 it) ce=0.005 kd=0.052 [3797s]
after task 2: acc=92.51 per-task=[89.2, 95.8] [3851s]
  task 3 epoch 1/50 (75 it) ce=1.170 kd=0.623 [3891s]
  task 3 epoch 10/50 (75 it) ce=0.086 kd=0.151 [4267s]
  task 3 epoch 20/50 (75 it) ce=0.048 kd=0.123 [4688s]
  task 3 epoch 30/50 (75 it) ce=0.023 kd=0.085 [5095s]
  task 3 epoch 40/50 (75 it) ce=0.014 kd=0.062 [5508s]
  task 3 epoch 50/50 (75 it) ce=0.013 kd=0.057 [5921s]
after task 3: acc=82.07 per-task=[79.6, 72.9, 93.6] [5986s]
  task 4 epoch 1/50 (75 it) ce=1.515 kd=0.552 [6027s]
  task 4 epoch 10/50 (75 it) ce=0.065 kd=0.146 [6399s]
  task 4 epoch 20/50 (75 it) ce=0.035 kd=0.103 [6818s]
  task 4 epoch 30/50 (75 it) ce=0.019 kd=0.070 [7232s]
  task 4 epoch 40/50 (75 it) ce=0.012 kd=0.052 [7641s]
  task 4 epoch 50/50 (75 it) ce=0.012 kd=0.045 [8045s]
after task 4: acc=77.08 per-task=[67.0, 65.4, 81.6, 94.3] [8120s]
  task 5 epoch 1/50 (75 it) ce=1.577 kd=0.648 [8161s]
  task 5 epoch 10/50 (75 it) ce=0.086 kd=0.136 [8535s]
  task 5 epoch 20/50 (75 it) ce=0.042 kd=0.106 [8949s]
  task 5 epoch 30/50 (75 it) ce=0.025 kd=0.073 [9365s]
  task 5 epoch 40/50 (75 it) ce=0.017 kd=0.055 [9781s]
  task 5 epoch 50/50 (75 it) ce=0.014 kd=0.051 [10199s]
after task 5: acc=72.43 per-task=[58.6, 59.7, 73.0, 78.4, 92.5] [10285s]
FINAL svhn icarl seed=1: final acc=72.43 avg inc acc=84.47 time=171.4min
