benchmark svhn(5/2) input=(3, 32, 32) method=icarl seed=0
args: {"ahr_epoch": "new", "alpha_kd": 0.0, "alpha_mem": 1.0, "alpha_x": 1.0, "alpha_z": 0.1, "augment": true, "balanced_ft_epochs": 0, "balanced_ft_lr_scale": 0.1, "batch_size": 128, "bf16": true, "class_order": "natural", "cls_dim": 64, "crop_pad": 4, "data_root": "data", "dataset": "svhn", "decoder_in_budget": 0, "decoder_width": 1.0, "distill_norm": "sq", "enc_pool": 4, "epochs": 50, "eval_batch": 1000, "flush_denormal": 1, "herd_space": "encoder", "hf_sigma": 1.0, "hf_transplant": 0.0, "input_blur": 0.0, "kd_form": "kl", "kd_lambda": 1.0, "kd_scale": 0.25, "kd_temperature": 2.0, "lam": 1.0, "lam_recon_new": 1.0, "lat_real_first": 0, "latent_bits": 32, "latent_dim": 307, "latent_domain": "recon", "latent_kind": "split", "log_every": 10, "lr": 0.001, "lr_schedule": "cosine", "memorize_codes": 0, "memorize_epochs": 20, "memorize_lr": 0.001, "memorize_steps": 1500, "memory_kind": "latent", "memory_mode": "frozen", "method": "icarl", "momentum": 0.9, "n_exemplars": 1920, "n_tasks": null, "out": "results", "pad_mode": "constant", "raw_exemplars": 200, "recon_latent": "split", "recon_new_source": "current", "replay_sampling": "union", "resume": null, "rfa_damping": 0.0, "rfa_dt": 0.01, "rfa_jitter": 0.25, "rfa_mass": 1.0, "rfa_softening": 0.001, "rfa_steps": 20000, "rfa_target": 20.0, "rfa_zeta": 1.0, "save_ckpt": 0, "seed": 0, "selection": "herding", "stop_after": null, "tag": "n1920", "threads": 1, "train_fraction": 1.0, "val_fraction": 0.0, "weight_decay": 0.0}
[icarl] backbone params=466,256 memory=raw x 1920
  task 1 epoch 1/50 (73 it) ce=0.568 kd=0.000 [33s]
  task 1 epoch 10/50 (73 it) ce=0.052 kd=0.000 [337s]
  task 1 epoch 20/50 (73 it) ce=0.017 kd=0.000 [675s]
  task 1 epoch 30/50 (73 it) ce=0.004 kd=0.000 [1014s]
  task 1 epoch 40/50 (73 it) ce=0.001 kd=0.000 [1347s]
  task 1 epoch 50/50 (73 it) ce=0.001 kd=0.000 [1684s]
after task 1: acc=98.15 per-task=[98.2] [1733s]
  task 2 epoch 1/50 (88 it) ce=0.595 kd=0.304 [1783s]
  task 2 epoch 10/50 (88 it) ce=0.096 kd=0.151 [2225s]
  task 2 epoch 20/50 (88 it) ce=0.046 kd=0.120 [2716s]
  task 2 epoch 30/50 (88 it) ce=0.021 kd=0.078 [3210s]
  task 2 epoch 40/50 (88 it) ce=0.011 kd=0.059 [3710s]
  task 2 epoch 50/50 (88 it) ce=0.008 kd=0.051 [4206s]
after task 2: acc=94.94 per-task=[95.1, 94.8] [4274s]
  task 3 epoch 1/50 (88 it) ce=0.871 kd=0.450 [4325s]
  task 3 epoch 10/50 (88 it) ce=0.110 kd=0.183 [4774s]
  task 3 epoch 20/50 (88 it) ce=0.063 kd=0.147 [5275s]
  task 3 epoch 30/50 (88 it) ce=0.030 kd=0.106 [5768s]
  task 3 epoch 40/50 (88 it) ce=0.019 kd=0.074 [6264s]
  task 3 epoch 50/50 (88 it) ce=0.016 kd=0.066 [6809s]
after task 3: acc=90.99 per-task=[91.0, 88.2, 93.9] [6898s]
  task 4 epoch 1/50 (88 it) ce=0.903 kd=0.492 [6955s]
  task 4 epoch 10/50 (88 it) ce=0.109 kd=0.177 [7407s]
  task 4 epoch 20/50 (88 it) ce=0.064 kd=0.138 [7902s]
  task 4 epoch 30/50 (88 it) ce=0.037 kd=0.105 [8407s]
  task 4 epoch 40/50 (88 it) ce=0.027 kd=0.080 [8906s]
  task 4 epoch 50/50 (88 it) ce=0.023 kd=0.067 [9403s]
after task 4: acc=89.23 per-task=[88.0, 86.2, 88.7, 94.0] [9494s]
  task 5 epoch 1/50 (88 it) ce=1.026 kd=0.489 [9544s]
  task 5 epoch 10/50 (88 it) ce=0.133 kd=0.173 [10002s]
  task 5 epoch 20/50 (88 it) ce=0.074 kd=0.142 [10518s]
  task 5 epoch 30/50 (88 it) ce=0.049 kd=0.106 [11026s]
  task 5 epoch 40/50 (88 it) ce=0.031 kd=0.080 [11532s]
  task 5 epoch 50/50 (88 it) ce=0.029 kd=0.073 [12031s]
after task 5: acc=86.83 per-task=[84.8, 81.1, 87.2, 89.7, 91.3] [12132s]
FINAL svhn icarl seed=0: final acc=86.83 avg inc acc=92.03 time=202.2min
