benchmark svhn(5/2) input=(3, 32, 32) method=icarl seed=2
args: {"ahr_epoch": "new", "alpha_kd": 0.0, "alpha_mem": 1.0, "alpha_x": 1.0, "alpha_z": 0.1, "augment": true, "balanced_ft_epochs": 0, "balanced_ft_lr_scale": 0.1, "batch_size": 128, "bf16": true, "class_order": "natural", "cls_dim": 64, "crop_pad": 4, "data_root": "data", "dataset": "svhn", "decoder_in_budget": 0, "decoder_width": 1.0, "distill_norm": "sq", "enc_pool": 4, "epochs": 50, "eval_batch": 1000, "flush_denormal": 1, "herd_space": "encoder", "hf_sigma": 1.0, "hf_transplant": 0.0, "input_blur": 0.0, "kd_form": "kl", "kd_lambda": 1.0, "kd_scale": 0.25, "kd_temperature": 2.0, "lam": 1.0, "lam_recon_new": 1.0, "lat_real_first": 0, "latent_bits": 32, "latent_dim": 307, "latent_domain": "recon", "latent_kind": "split", "log_every": 10, "lr": 0.001, "lr_schedule": "cosine", "memorize_codes": 0, "memorize_epochs": 20, "memorize_lr": 0.001, "memorize_steps": 1500, "memory_kind": "latent", "memory_mode": "frozen", "method": "icarl", "momentum": 0.9, "n_exemplars": 200, "n_tasks": null, "out": "results", "pad_mode": "constant", "raw_exemplars": 200, "recon_latent": "split", "recon_new_source": "current", "replay_sampling": "union", "resume": null, "rfa_damping": 0.0, "rfa_dt": 0.01, "rfa_jitter": 0.25, "rfa_mass": 1.0, "rfa_softening": 0.001, "rfa_steps": 20000, "rfa_target": 20.0, "rfa_zeta": 1.0, "save_ckpt": 0, "seed": 2, "selection": "herding", "stop_after": null, "tag": "", "threads": 1, "train_fraction": 1.0, "val_fraction": 0.0, "weight_decay": 0.0}
[icarl] backbone params=466,256 memory=raw x 200
  task 1 epoch 1/50 (73 it) ce=0.508 kd=0.000 [33s]
  task 1 epoch 10/50 (73 it) ce=0.048 kd=0.000 [333s]
  task 1 epoch 20/50 (73 it) ce=0.019 kd=0.000 [663s]
  task 1 epoch 30/50 (73 it) ce=0.006 kd=0.000 [990s]
  task 1 epoch 40/50 (73 it) ce=0.002 kd=0.000 [1317s]
  task 1 epoch 50/50 (73 it) ce=0.001 kd=0.000 [1650s]
after task 1: acc=98.21 per-task=[98.2] [1692s]
  task 2 epoch 1/50 (75 it) ce=0.517 kd=0.351 [1733s]
  task 2 epoch 10/50 (75 it) ce=0.079 kd=0.167 [2121s]
  task 2 epoch 20/50 (75 it) ce=0.039 kd=0.113 [2556s]
  task 2 epoch 30/50 (75 it) ce=0.020 kd=0.080 [2991s]
  task 2 epoch 40/50 (75 it) ce=0.007 kd=0.063 [3423s]
  task 2 epoch 50/50 (75 it) ce=0.006 kd=0.057 [3863s]
after task 2: acc=91.88 per-task=[88.4, 95.4] [3920s]
  task 3 epoch 1/50 (75 it) ce=1.568 kd=0.731 [3965s]
  task 3 epoch 10/50 (75 it) ce=0.093 kd=0.174 [4355s]
  task 3 epoch 20/50 (75 it) ce=0.049 kd=0.131 [4785s]
  task 3 epoch 30/50 (75 it) ce=0.027 kd=0.086 [5233s]
  task 3 epoch 40/50 (75 it) ce=0.017 kd=0.065 [5680s]
  task 3 epoch 50/50 (75 it) ce=0.013 kd=0.058 [6125s]
after task 3: acc=82.51 per-task=[78.3, 78.1, 91.1] [6193s]
  task 4 epoch 1/50 (75 it) ce=1.382 kd=0.570 [6236s]
  task 4 epoch 10/50 (75 it) ce=0.071 kd=0.136 [6627s]
  task 4 epoch 20/50 (75 it) ce=0.032 kd=0.112 [7061s]
  task 4 epoch 30/50 (75 it) ce=0.020 kd=0.080 [7499s]
  task 4 epoch 40/50 (75 it) ce=0.015 kd=0.054 [7935s]
  task 4 epoch 50/50 (75 it) ce=0.012 kd=0.044 [8381s]
after task 4: acc=76.27 per-task=[64.8, 68.6, 78.2, 93.5] [8462s]
  task 5 epoch 1/50 (75 it) ce=1.509 kd=0.628 [8506s]
  task 5 epoch 10/50 (75 it) ce=0.095 kd=0.135 [8914s]
  task 5 epoch 20/50 (75 it) ce=0.052 kd=0.104 [9365s]
  task 5 epoch 30/50 (75 it) ce=0.030 kd=0.077 [9821s]
  task 5 epoch 40/50 (75 it) ce=0.021 kd=0.061 [10272s]
  task 5 epoch 50/50 (75 it) ce=0.018 kd=0.052 [10726s]
after task 5: acc=73.54 per-task=[60.3, 63.1, 70.7, 81.3, 92.3] [10818s]
FINAL svhn icarl seed=2: final acc=73.54 avg inc acc=84.48 time=180.3min
