benchmark cifar10(5/2) input=(3, 32, 32) method=ahr seed=0
args: {"alpha_kd": 0.0, "alpha_mem": 1.0, "alpha_x": 1.0, "alpha_z": 0.1, "augment": true, "balanced_ft_epochs": 0, "balanced_ft_lr_scale": 0.1, "batch_size": 128, "bf16": true, "class_order": "natural", "cls_dim": 64, "crop_pad": 4, "data_root": "data", "dataset": "cifar10", "decoder_in_budget": 0, "decoder_width": 1.0, "distill_norm": "sq", "enc_pool": 4, "epochs": 50, "eval_batch": 1000, "flush_denormal": 1, "hf_sigma": 1.0, "hf_transplant": 0.0, "input_blur": 0.0, "kd_lambda": 1.0, "kd_scale": 0.25, "kd_temperature": 2.0, "lam": 1.0, "lam_recon_new": 1.0, "lat_real_first": 0, "latent_bits": 32, "latent_dim": 320, "latent_domain": "recon", "latent_kind": "split", "log_every": 10, "lr": 0.001, "lr_schedule": "cosine", "memorize_codes": 0, "memorize_epochs": 20, "memorize_lr": 0.001, "memorize_steps": 1500, "memory_kind": "latent", "memory_mode": "frozen", "method": "ahr", "momentum": 0.9, "n_exemplars": 1920, "n_tasks": null, "out": "results", "pad_mode": "reflect", "raw_exemplars": 200, "recon_new_source": "current", "replay_sampling": "union", "resume": null, "rfa_damping": 0.0, "rfa_dt": 0.01, "rfa_jitter": 0.25, "rfa_mass": 1.0, "rfa_softening": 0.001, "rfa_steps": 20000, "rfa_target": 20.0, "rfa_zeta": 1.0, "save_ckpt": 1, "seed": 0, "selection": "herding", "stop_after": null, "tag": "reflect", "threads": 4, "train_fraction": 1.0, "val_fraction": 0.0, "weight_decay": 0.0}
[AHR] encoder params=470,676 decoder params=1,210,883 memory=latent x 1920 exemplars
  CCE placement (3264 RFA steps): |init spread|=7.481 mean shift=6.260 min/mean CCE distance=20.000/20.000 |p| mean=10.544
  task 1 epoch 1/50 (79 it, b_new=128) rec=89.335 lat=0.000 dz=0.000 dx=0.000 mem=0.000 rn=77.867 [215s]
  task 1 epoch 10/50 (79 it, b_new=128) rec=23.307 lat=0.000 dz=0.000 dx=0.000 mem=0.000 rn=22.281 [1729s]
  task 1 epoch 20/50 (79 it, b_new=128) rec=17.742 lat=0.000 dz=0.000 dx=0.000 mem=0.000 rn=13.150 [3415s]
  task 1 epoch 30/50 (79 it, b_new=128) rec=16.223 lat=0.000 dz=0.000 dx=0.000 mem=0.000 rn=8.894 [5086s]
  task 1 epoch 40/50 (79 it, b_new=128) rec=14.902 lat=0.000 dz=0.000 dx=0.000 mem=0.000 rn=6.316 [6761s]
  task 1 epoch 50/50 (79 it, b_new=128) rec=14.420 lat=0.000 dz=0.000 dx=0.000 mem=0.000 rn=5.254 [8417s]
  memory (frozen codes): 1920 exemplars (960/class), 614,400 scalars, 2,457,600 bytes
  memorisation: 100 decoder epochs (1500 steps) over 1920 exemplars, final loss=10.663
after task 1: acc=96.40 per-task=[96.4] memory-PSNR=25.10dB acc(recon test)=96.4 acc(memory)=99.1 [9311s]
  CCE placement (4876 RFA steps): |init spread|=9.194 mean shift=18.004 min/mean CCE distance=20.000/26.759 |p| mean=17.046
  task 2 epoch 1/50 (157 it, b_new=64) rec=12.628 lat=47.978 dz=92.737 dx=5.784 mem=1.867 rn=356.554 [9746s]
  task 2 epoch 10/50 (157 it, b_new=64) rec=12.010 lat=18.357 dz=46.334 dx=6.824 mem=1.619 rn=200.980 [13231s]
  task 2 epoch 20/50 (157 it, b_new=64) rec=10.817 lat=9.672 dz=29.270 dx=6.060 mem=1.236 rn=148.952 [17134s]
  task 2 epoch 30/50 (157 it, b_new=64) rec=9.745 lat=5.973 dz=24.344 dx=5.076 mem=0.896 rn=116.398 [20948s]
  task 2 epoch 40/50 (157 it, b_new=64) rec=9.352 lat=4.114 dz=23.221 dx=4.700 mem=0.674 rn=88.518 [24756s]
  task 2 epoch 50/50 (157 it, b_new=64) rec=9.111 lat=3.908 dz=22.604 dx=4.443 mem=0.590 rn=77.982 [28547s]
  memory (frozen codes): 1920 exemplars (480/class), 614,400 scalars, 2,457,600 bytes
  memorisation: 100 decoder epochs (1500 steps) over 1920 exemplars, final loss=4.702
after task 2: acc=77.75 per-task=[76.3, 79.1] memory-PSNR=25.44dB acc(recon test)=77.7 acc(memory)=90.8 [29451s]
  CCE placement (6594 RFA steps): |init spread|=14.983 mean shift=17.304 min/mean CCE distance=20.000/29.417 |p| mean=21.414
  task 3 epoch 1/50 (233 it, b_new=43) rec=10.401 lat=129.138 dz=93.847 dx=3.932 mem=1.179 rn=221.575 [30045s]
  task 3 epoch 10/50 (233 it, b_new=43) rec=9.580 lat=26.895 dz=112.792 dx=4.840 mem=1.197 rn=107.368 [35023s]
  task 3 epoch 20/50 (233 it, b_new=43) rec=8.655 lat=12.664 dz=110.646 dx=4.375 mem=0.904 rn=77.192 [40643s]
  task 3 epoch 30/50 (233 it, b_new=43) rec=7.829 lat=6.417 dz=111.780 dx=3.745 mem=0.605 rn=57.008 [46323s]
benchmark cifar10(5/2) input=(3, 32, 32) method=ahr seed=0
args: {"alpha_kd": 0.0, "alpha_mem": 1.0, "alpha_x": 1.0, "alpha_z": 0.1, "augment": true, "balanced_ft_epochs": 0, "balanced_ft_lr_scale": 0.1, "batch_size": 128, "bf16": true, "class_order": "natural", "cls_dim": 64, "crop_pad": 4, "data_root": "data", "dataset": "cifar10", "decoder_in_budget": 0, "decoder_width": 1.0, "distill_norm": "sq", "enc_pool": 4, "epochs": 50, "eval_batch": 1000, "flush_denormal": 1, "hf_sigma": 1.0, "hf_transplant": 0.0, "input_blur": 0.0, "kd_lambda": 1.0, "kd_scale": 0.25, "kd_temperature": 2.0, "lam": 1.0, "lam_recon_new": 1.0, "lat_real_first": 0, "latent_bits": 32, "latent_dim": 320, "latent_domain": "recon", "latent_kind": "split", "log_every": 10, "lr": 0.001, "lr_schedule": "cosine", "memorize_codes": 0, "memorize_epochs": 20, "memorize_lr": 0.001, "memorize_steps": 1500, "memory_kind": "latent", "memory_mode": "frozen", "method": "ahr", "momentum": 0.9, "n_exemplars": 1920, "n_tasks": null, "out": "results", "pad_mode": "reflect", "raw_exemplars": 200, "recon_new_source": "current", "replay_sampling": "union", "resume": "results/cifar10/ahr_s0_reflect_ckpt_t2.pt", "rfa_damping": 0.0, "rfa_dt": 0.01, "rfa_jitter": 0.25, "rfa_mass": 1.0, "rfa_softening": 0.001, "rfa_steps": 20000, "rfa_target": 20.0, "rfa_zeta": 1.0, "save_ckpt": 1, "seed": 0, "selection": "herding", "stop_after": null, "tag": "reflect", "threads": 4, "train_fraction": 1.0, "val_fraction": 0.0, "weight_decay": 0.0}
[AHR] encoder params=470,676 decoder params=1,210,883 memory=latent x 1920 exemplars
resumed from results/cifar10/ahr_s0_reflect_ckpt_t2.pt after task 2: accs so far [96.4, 77.75]
  CCE placement (6892 RFA steps): |init spread|=16.490 mean shift=18.624 min/mean CCE distance=20.000/29.708 |p| mean=22.404
  task 3 epoch 1/50 (233 it, b_new=43) rec=10.673 lat=127.805 dz=96.327 dx=4.191 mem=1.188 rn=175.216 [613s]
  task 3 epoch 10/50 (233 it, b_new=43) rec=9.355 lat=22.136 dz=110.828 dx=4.567 mem=1.031 rn=86.361 [5795s]
  task 3 epoch 20/50 (233 it, b_new=43) rec=8.448 lat=9.529 dz=112.462 dx=4.180 mem=0.887 rn=62.553 [11584s]
  task 3 epoch 30/50 (233 it, b_new=43) rec=7.744 lat=5.672 dz=112.070 dx=3.675 mem=0.604 rn=44.536 [17561s]
  task 3 epoch 40/50 (233 it, b_new=43) rec=7.339 lat=3.379 dz=110.194 dx=3.328 mem=0.404 rn=33.339 [23578s]
  task 3 epoch 50/50 (233 it, b_new=43) rec=7.222 lat=2.798 dz=111.487 dx=3.204 mem=0.354 rn=28.054 [29601s]
  memory (frozen codes): 1920 exemplars (320/class), 614,400 scalars, 2,457,600 bytes
  memorisation: 100 decoder epochs (1500 steps) over 1920 exemplars, final loss=3.095
after task 3: acc=59.58 per-task=[70.2, 36.4, 72.0] memory-PSNR=25.50dB acc(recon test)=59.6 acc(memory)=85.2 [30584s]
  CCE placement (4115 RFA steps): |init spread|=8.630 mean shift=10.164 min/mean CCE distance=20.000/28.189 |p| mean=23.833
  task 4 epoch 1/50 (313 it, b_new=32) rec=9.108 lat=99.220 dz=104.528 dx=2.830 mem=0.800 rn=98.578 [31446s]
  task 4 epoch 10/50 (313 it, b_new=32) rec=8.246 lat=15.266 dz=142.901 dx=3.246 mem=0.786 rn=25.401 [38771s]
benchmark cifar10(5/2) input=(3, 32, 32) method=ahr seed=0
args: {"alpha_kd": 0.0, "alpha_mem": 1.0, "alpha_x": 1.0, "alpha_z": 0.1, "augment": true, "balanced_ft_epochs": 0, "balanced_ft_lr_scale": 0.1, "batch_size": 128, "bf16": true, "class_order": "natural", "cls_dim": 64, "crop_pad": 4, "data_root": "data", "dataset": "cifar10", "decoder_in_budget": 0, "decoder_width": 1.0, "distill_norm": "sq", "enc_pool": 4, "epochs": 50, "eval_batch": 1000, "flush_denormal": 1, "hf_sigma": 1.0, "hf_transplant": 0.0, "input_blur": 0.0, "kd_lambda": 1.0, "kd_scale": 0.25, "kd_temperature": 2.0, "lam": 1.0, "lam_recon_new": 1.0, "lat_real_first": 0, "latent_bits": 32, "latent_dim": 320, "latent_domain": "recon", "latent_kind": "split", "log_every": 10, "lr": 0.001, "lr_schedule": "cosine", "memorize_codes": 0, "memorize_epochs": 20, "memorize_lr": 0.001, "memorize_steps": 1500, "memory_kind": "latent", "memory_mode": "frozen", "method": "ahr", "momentum": 0.9, "n_exemplars": 1920, "n_tasks": null, "out": "results", "pad_mode": "reflect", "raw_exemplars": 200, "recon_new_source": "current", "replay_sampling": "union", "resume": "results/cifar10/ahr_s0_reflect_ckpt_t3.pt", "rfa_damping": 0.0, "rfa_dt": 0.01, "rfa_jitter": 0.25, "rfa_mass": 1.0, "rfa_softening": 0.001, "rfa_steps": 20000, "rfa_target": 20.0, "rfa_zeta": 1.0, "save_ckpt": 1, "seed": 0, "selection": "herding", "stop_after": null, "tag": "reflect", "threads": 4, "train_fraction": 1.0, "val_fraction": 0.0, "weight_decay": 0.0}
[AHR] encoder params=470,676 decoder params=1,210,883 memory=latent x 1920 exemplars
resumed from results/cifar10/ahr_s0_reflect_ckpt_t3.pt after task 3: accs so far [96.4, 77.75, 59.58]
  CCE placement (7106 RFA steps): |init spread|=7.601 mean shift=22.517 min/mean CCE distance=20.000/32.693 |p| mean=26.630
  task 4 epoch 1/50 (313 it, b_new=32) rec=9.486 lat=130.980 dz=112.322 dx=3.372 mem=0.972 rn=189.528 [809s]
  task 4 epoch 10/50 (313 it, b_new=32) rec=8.814 lat=29.670 dz=142.347 dx=3.734 mem=0.898 rn=68.233 [7891s]
