benchmark cifar10(5/2) input=(3, 32, 32) method=ahr seed=0
args: {"alpha_kd": 0.0, "alpha_mem": 1.0, "alpha_x": 1.0, "alpha_z": 0.1, "augment": true, "batch_size": 128, "bf16": true, "class_order": "natural", "cls_dim": 64, "crop_pad": 4, "data_root": "data", "dataset": "cifar10", "decoder_in_budget": 0, "decoder_width": 1.0, "distill_norm": "sq", "enc_pool": 4, "epochs": 50, "eval_batch": 1000, "flush_denormal": 1, "hf_sigma": 1.0, "hf_transplant": 0.0, "input_blur": 0.0, "kd_lambda": 1.0, "kd_scale": 0.25, "kd_temperature": 2.0, "lam": 1.0, "lam_recon_new": 1.0, "lat_real_first": 0, "latent_bits": 32, "latent_dim": 320, "latent_domain": "recon", "latent_kind": "split", "log_every": 10, "lr": 0.001, "lr_schedule": "cosine", "memorize_codes": 0, "memorize_epochs": 20, "memorize_lr": 0.001, "memorize_steps": 1500, "memory_kind": "latent", "memory_mode": "frozen", "method": "ahr", "momentum": 0.9, "n_exemplars": 1920, "n_tasks": null, "out": "results", "raw_exemplars": 200, "recon_new_source": "current", "replay_sampling": "union", "resume": null, "rfa_damping": 0.0, "rfa_dt": 0.01, "rfa_jitter": 0.25, "rfa_mass": 1.0, "rfa_softening": 0.001, "rfa_steps": 20000, "rfa_target": 20.0, "rfa_zeta": 1.0, "save_ckpt": 1, "seed": 0, "selection": "herding", "stop_after": null, "tag": "split", "threads": 1, "train_fraction": 1.0, "weight_decay": 0.0}
[AHR] encoder params=470,676 decoder params=1,210,883 memory=latent x 1920 exemplars
  CCE placement (3264 RFA steps): |init spread|=7.481 mean shift=6.260 min/mean CCE distance=20.000/20.000 |p| mean=10.544
  task 1 epoch 1/50 (79 it, b_new=128) rec=115.799 lat=0.000 dz=0.000 dx=0.000 mem=0.000 rn=81.103 [188s]
  task 1 epoch 10/50 (79 it, b_new=128) rec=23.564 lat=0.000 dz=0.000 dx=0.000 mem=0.000 rn=22.290 [1091s]
  task 1 epoch 20/50 (79 it, b_new=128) rec=17.614 lat=0.000 dz=0.000 dx=0.000 mem=0.000 rn=14.394 [2098s]
  task 1 epoch 30/50 (79 it, b_new=128) rec=15.789 lat=0.000 dz=0.000 dx=0.000 mem=0.000 rn=8.842 [3100s]
  task 1 epoch 40/50 (79 it, b_new=128) rec=14.649 lat=0.000 dz=0.000 dx=0.000 mem=0.000 rn=6.098 [4093s]
  task 1 epoch 50/50 (79 it, b_new=128) rec=14.290 lat=0.000 dz=0.000 dx=0.000 mem=0.000 rn=4.857 [5088s]
  memory (frozen codes): 1920 exemplars (960/class), 614,400 scalars, 2,457,600 bytes
  memorisation: 100 decoder epochs (1500 steps) over 1920 exemplars, final loss=11.243
after task 1: acc=96.75 per-task=[96.7] memory-PSNR=24.92dB acc(recon test)=96.7 acc(memory)=99.1 [5597s]
  CCE placement (4728 RFA steps): |init spread|=8.885 mean shift=18.554 min/mean CCE distance=20.000/27.190 |p| mean=17.293
  task 2 epoch 1/50 (157 it, b_new=64) rec=15.173 lat=48.922 dz=94.135 dx=7.636 mem=2.071 rn=384.939 [5898s]
  task 2 epoch 10/50 (157 it, b_new=64) rec=13.114 lat=14.627 dz=41.366 dx=8.168 mem=1.821 rn=206.446 [7818s]
  task 2 epoch 20/50 (157 it, b_new=64) rec=11.785 lat=8.605 dz=30.567 dx=7.077 mem=1.330 rn=164.134 [9953s]
  task 2 epoch 30/50 (157 it, b_new=64) rec=10.879 lat=4.680 dz=26.244 dx=6.227 mem=0.842 rn=122.302 [12091s]
  task 2 epoch 40/50 (157 it, b_new=64) rec=10.482 lat=3.218 dz=25.190 dx=5.861 mem=0.714 rn=94.589 [14218s]
  task 2 epoch 50/50 (157 it, b_new=64) rec=10.316 lat=3.135 dz=25.112 dx=5.654 mem=0.578 rn=82.967 [16344s]
  memory (frozen codes): 1920 exemplars (480/class), 614,400 scalars, 2,457,600 bytes
  memorisation: 100 decoder epochs (1500 steps) over 1920 exemplars, final loss=5.107
after task 2: acc=77.00 per-task=[79.4, 74.7] memory-PSNR=25.14dB acc(recon test)=77.0 acc(memory)=84.3 [16880s]
  CCE placement (6775 RFA steps): |init spread|=14.397 mean shift=17.989 min/mean CCE distance=20.000/30.024 |p| mean=21.820
  task 3 epoch 1/50 (233 it, b_new=43) rec=11.487 lat=148.579 dz=111.294 dx=4.727 mem=1.236 rn=244.513 [17283s]
  task 3 epoch 10/50 (233 it, b_new=43) rec=10.424 lat=26.056 dz=137.909 dx=5.807 mem=1.084 rn=120.173 [20140s]
  task 3 epoch 20/50 (233 it, b_new=43) rec=9.561 lat=14.176 dz=134.877 dx=5.539 mem=1.022 rn=91.876 [23287s]
  task 3 epoch 30/50 (233 it, b_new=43) rec=8.710 lat=7.383 dz=133.305 dx=4.841 mem=0.644 rn=61.728 [26420s]
  task 3 epoch 40/50 (233 it, b_new=43) rec=8.336 lat=4.422 dz=132.916 dx=4.517 mem=0.508 rn=46.207 [29537s]
  task 3 epoch 50/50 (233 it, b_new=43) rec=8.138 lat=3.941 dz=132.766 dx=4.339 mem=0.421 rn=39.058 [32635s]
  memory (frozen codes): 1920 exemplars (320/class), 614,400 scalars, 2,457,600 bytes
  memorisation: 100 decoder epochs (1500 steps) over 1920 exemplars, final loss=3.473
after task 3: acc=61.78 per-task=[75.4, 43.0, 66.9] memory-PSNR=25.12dB acc(recon test)=61.8 acc(memory)=81.6 [33196s]
  CCE placement (3248 RFA steps): |init spread|=7.278 mean shift=7.969 min/mean CCE distance=20.000/27.339 |p| mean=22.100
  task 4 epoch 1/50 (313 it, b_new=32) rec=10.390 lat=94.500 dz=104.426 dx=3.673 mem=0.862 rn=74.685 [33684s]
  task 4 epoch 10/50 (313 it, b_new=32) rec=8.619 lat=11.199 dz=140.966 dx=3.737 mem=0.707 rn=18.754 [37276s]
  task 4 epoch 20/50 (313 it, b_new=32) rec=7.921 lat=5.532 dz=139.198 dx=3.586 mem=0.576 rn=12.059 [41259s]
  task 4 epoch 30/50 (313 it, b_new=32) rec=7.379 lat=2.719 dz=137.776 dx=3.327 mem=0.447 rn=6.695 [45228s]
  task 4 epoch 40/50 (313 it, b_new=32) rec=6.969 lat=1.687 dz=138.656 dx=2.993 mem=0.283 rn=3.810 [49198s]
  task 4 epoch 50/50 (313 it, b_new=32) rec=6.863 lat=1.467 dz=137.002 dx=2.884 mem=0.238 rn=2.477 [53171s]
  memory (frozen codes): 1920 exemplars (240/class), 614,400 scalars, 2,457,600 bytes
  memorisation: 100 decoder epochs (1500 steps) over 1920 exemplars, final loss=2.761
after task 4: acc=59.18 per-task=[79.7, 37.7, 53.3, 66.1] memory-PSNR=25.01dB acc(recon test)=59.2 acc(memory)=89.3 [53767s]
  CCE placement (4630 RFA steps): |init spread|=9.104 mean shift=16.682 min/mean CCE distance=20.000/28.311 |p| mean=22.407
  task 5 epoch 1/50 (385 it, b_new=26) rec=8.182 lat=67.367 dz=91.495 dx=3.073 mem=0.774 rn=142.985 [54327s]
  task 5 epoch 10/50 (385 it, b_new=26) rec=7.361 lat=10.222 dz=84.700 dx=3.341 mem=0.796 rn=41.858 [58682s]
