benchmark cifar10(5/2) input=(3, 32, 32) method=ahr_lossless seed=1
args: {"alpha_kd": 0.0, "alpha_mem": 1.0, "alpha_x": 1.0, "alpha_z": 0.1, "augment": true, "balanced_ft_epochs": 0, "balanced_ft_lr_scale": 0.1, "batch_size": 128, "bf16": true, "class_order": "natural", "cls_dim": 64, "crop_pad": 4, "data_root": "data", "dataset": "cifar10", "decoder_in_budget": 0, "decoder_width": 1.0, "distill_norm": "sq", "enc_pool": 4, "epochs": 50, "eval_batch": 1000, "flush_denormal": 1, "hf_sigma": 1.0, "hf_transplant": 0.0, "input_blur": 0.0, "kd_lambda": 1.0, "kd_scale": 0.25, "kd_temperature": 2.0, "lam": 0.3, "lam_recon_new": 0.0, "lat_real_first": 0, "latent_bits": 32, "latent_dim": 320, "latent_domain": "input", "latent_kind": "spatial", "log_every": 10, "lr": 0.001, "lr_schedule": "cosine", "memorize_codes": 0, "memorize_epochs": 20, "memorize_lr": 0.001, "memorize_steps": 1500, "memory_kind": "raw", "memory_mode": "frozen", "method": "ahr_lossless", "momentum": 0.9, "n_exemplars": 1920, "n_tasks": null, "out": "results", "raw_exemplars": 200, "recon_new_source": "current", "replay_sampling": "union", "resume": null, "rfa_damping": 0.0, "rfa_dt": 0.01, "rfa_jitter": 0.0, "rfa_mass": 1.0, "rfa_softening": 0.001, "rfa_steps": 20000, "rfa_target": 20.0, "rfa_zeta": 1.0, "save_ckpt": 1, "seed": 1, "selection": "herding", "stop_after": null, "tag": "", "threads": 4, "train_fraction": 1.0, "val_fraction": 0.0, "weight_decay": 0.0}
[AHR] encoder params=466,581 decoder params=1,206,723 memory=raw x 1920 exemplars
  CCE placement (449 RFA steps): |init spread|=0.186 mean shift=9.911 min/mean CCE distance=20.008/20.008 |p| mean=10.038
  task 1 epoch 1/50 (79 it, b_new=128) rec=101.482 lat=106.115 dz=0.000 dx=0.000 mem=0.000 [36s]
  task 1 epoch 10/50 (79 it, b_new=128) rec=18.384 lat=79.772 dz=0.000 dx=0.000 mem=0.000 [224s]
  task 1 epoch 20/50 (79 it, b_new=128) rec=16.558 lat=45.910 dz=0.000 dx=0.000 mem=0.000 [433s]
  task 1 epoch 30/50 (79 it, b_new=128) rec=14.051 lat=32.517 dz=0.000 dx=0.000 mem=0.000 [643s]
  task 1 epoch 40/50 (79 it, b_new=128) rec=12.956 lat=25.445 dz=0.000 dx=0.000 mem=0.000 [849s]
  task 1 epoch 50/50 (79 it, b_new=128) rec=12.646 lat=24.093 dz=0.000 dx=0.000 mem=0.000 [1056s]
  memory (frozen codes): 1920 exemplars (960/class), 5,898,240 scalars, 5,898,240 bytes
after task 1: acc=96.95 per-task=[97.0] [1073s]
  CCE placement (5001 RFA steps): |init spread|=2.938 mean shift=31.462 min/mean CCE distance=20.001/36.064 |p| mean=21.294
  task 2 epoch 1/50 (157 it, b_new=64) rec=18.550 lat=494.719 dz=37.278 dx=8.809 mem=0.000 [1136s]
  task 2 epoch 10/50 (157 it, b_new=64) rec=14.817 lat=326.560 dz=125.410 dx=6.492 mem=0.000 [1608s]
  task 2 epoch 20/50 (157 it, b_new=64) rec=14.980 lat=213.845 dz=193.152 dx=6.832 mem=0.000 [2139s]
  task 2 epoch 30/50 (157 it, b_new=64) rec=14.281 lat=165.577 dz=223.567 dx=6.250 mem=0.000 [2667s]
  task 2 epoch 40/50 (157 it, b_new=64) rec=13.414 lat=128.892 dz=243.951 dx=5.489 mem=0.000 [3188s]
  task 2 epoch 50/50 (157 it, b_new=64) rec=13.069 lat=119.537 dz=250.824 dx=5.145 mem=0.000 [3710s]
  memory (frozen codes): 1920 exemplars (480/class), 5,898,240 scalars, 5,898,240 bytes
after task 2: acc=79.75 per-task=[87.8, 71.6] [3728s]
  CCE placement (12779 RFA steps): |init spread|=18.614 mean shift=44.753 min/mean CCE distance=20.001/48.019 |p| mean=32.634
  task 3 epoch 1/50 (233 it, b_new=43) rec=20.100 lat=648.374 dz=190.265 dx=9.217 mem=0.000 [3818s]
  task 3 epoch 10/50 (233 it, b_new=43) rec=18.222 lat=265.514 dz=411.387 dx=8.192 mem=0.000 [4516s]
  task 3 epoch 20/50 (233 it, b_new=43) rec=16.891 lat=182.521 dz=456.814 dx=7.395 mem=0.000 [5288s]
  task 3 epoch 30/50 (233 it, b_new=43) rec=15.465 lat=133.028 dz=487.070 dx=6.381 mem=0.000 [6042s]
  task 3 epoch 40/50 (233 it, b_new=43) rec=14.219 lat=108.330 dz=497.908 dx=5.344 mem=0.000 [6790s]
  task 3 epoch 50/50 (233 it, b_new=43) rec=13.773 lat=103.095 dz=502.373 dx=4.941 mem=0.000 [7528s]
  memory (frozen codes): 1920 exemplars (320/class), 5,898,240 scalars, 5,898,240 bytes
after task 3: acc=73.42 per-task=[83.5, 48.2, 88.6] [7548s]
  CCE placement (3302 RFA steps): |init spread|=7.721 mean shift=6.145 min/mean CCE distance=20.001/41.583 |p| mean=32.294
  task 4 epoch 1/50 (313 it, b_new=32) rec=19.612 lat=179.019 dz=89.123 dx=6.887 mem=0.000 [7658s]
  task 4 epoch 10/50 (313 it, b_new=32) rec=16.967 lat=69.931 dz=127.935 dx=5.553 mem=0.000 [8554s]
  task 4 epoch 20/50 (313 it, b_new=32) rec=15.355 lat=45.721 dz=132.103 dx=4.904 mem=0.000 [9532s]
  task 4 epoch 30/50 (313 it, b_new=32) rec=13.749 lat=35.020 dz=134.318 dx=3.988 mem=0.000 [10524s]
  task 4 epoch 40/50 (313 it, b_new=32) rec=12.974 lat=30.037 dz=132.781 dx=3.521 mem=0.000 [11526s]
  task 4 epoch 50/50 (313 it, b_new=32) rec=12.567 lat=29.056 dz=130.944 dx=3.250 mem=0.000 [12514s]
  memory (frozen codes): 1920 exemplars (240/class), 5,898,240 scalars, 5,898,240 bytes
after task 4: acc=65.45 per-task=[82.2, 33.3, 52.5, 93.8] [12537s]
  CCE placement (6129 RFA steps): |init spread|=7.765 mean shift=20.194 min/mean CCE distance=20.001/39.521 |p| mean=31.407
  task 5 epoch 1/50 (385 it, b_new=26) rec=16.284 lat=114.813 dz=45.558 dx=5.242 mem=0.000 [12675s]
  task 5 epoch 10/50 (385 it, b_new=26) rec=14.689 lat=53.878 dz=80.032 dx=4.465 mem=0.000 [13766s]
  task 5 epoch 20/50 (385 it, b_new=26) rec=13.300 lat=36.161 dz=82.067 dx=3.698 mem=0.000 [14975s]
  task 5 epoch 30/50 (385 it, b_new=26) rec=12.449 lat=27.684 dz=83.687 dx=3.262 mem=0.000 [16167s]
  task 5 epoch 40/50 (385 it, b_new=26) rec=11.756 lat=23.287 dz=84.299 dx=2.837 mem=0.000 [17341s]
  task 5 epoch 50/50 (385 it, b_new=26) rec=11.434 lat=21.735 dz=84.156 dx=2.574 mem=0.000 [18533s]
  memory (frozen codes): 1920 exemplars (192/class), 5,898,240 scalars, 5,898,240 bytes
after task 5: acc=67.45 per-task=[62.8, 38.7, 58.7, 83.6, 93.4] [18554s]
FINAL cifar10 ahr_lossless seed=1: final acc=67.45 avg inc acc=76.60 time=309.2min
