benchmark cifar10(5/2) input=(3, 32, 32) method=ahr seed=0
args: {"alpha_kd": 0.0, "alpha_mem": 1.0, "alpha_x": 1.0, "alpha_z": 0.1, "augment": true, "batch_size": 128, "bf16": true, "class_order": "natural", "cls_dim": 64, "crop_pad": 4, "data_root": "data", "dataset": "cifar10", "decoder_in_budget": 0, "decoder_width": 1.0, "distill_norm": "sq", "enc_pool": 4, "epochs": 50, "eval_batch": 1000, "flush_denormal": 1, "hf_sigma": 1.0, "hf_transplant": 0.0, "input_blur": 0.0, "kd_lambda": 1.0, "kd_scale": 0.25, "kd_temperature": 2.0, "lam": 0.3, "lam_recon_new": 1.0, "latent_bits": 32, "latent_dim": 320, "latent_domain": "recon", "latent_kind": "spatial", "log_every": 10, "lr": 0.001, "lr_schedule": "cosine", "memorize_codes": 0, "memorize_epochs": 20, "memorize_lr": 0.001, "memorize_steps": 1500, "memory_kind": "latent", "memory_mode": "frozen", "method": "ahr", "momentum": 0.9, "n_exemplars": 1920, "n_tasks": null, "out": "results", "raw_exemplars": 200, "recon_new_source": "current", "replay_sampling": "union", "resume": "results/scratch/full_rd/cifar10/ahr_s0_rd_full_ckpt_t2.pt", "rfa_damping": 0.0, "rfa_dt": 0.01, "rfa_mass": 1.0, "rfa_softening": 0.001, "rfa_steps": 20000, "rfa_target": 20.0, "rfa_zeta": 1.0, "save_ckpt": 1, "seed": 0, "selection": "herding", "stop_after": null, "tag": "", "threads": 2, "train_fraction": 1.0, "weight_decay": 0.0}
[AHR] encoder params=466,581 decoder params=1,206,723 memory=latent x 1920 exemplars
resumed from results/scratch/full_rd/cifar10/ahr_s0_rd_full_ckpt_t2.pt after task 2: accs so far [95.9, 80.48]
  CCE placement (9570 RFA steps): |init spread|=11.712 mean shift=24.177 min/mean CCE distance=20.003/31.071 |p| mean=23.454
  task 3 epoch 1/50 (233 it, b_new=43) rec=31.855 lat=199.196 dz=55.991 dx=35.766 mem=0.986 [237s]
  task 3 epoch 10/50 (233 it, b_new=43) rec=25.021 lat=49.328 dz=100.273 dx=31.988 mem=0.751 [1899s]
  task 3 epoch 20/50 (233 it, b_new=43) rec=23.878 lat=32.242 dz=109.344 dx=30.795 mem=0.639 [3728s]
  task 3 epoch 30/50 (233 it, b_new=43) rec=22.746 lat=23.625 dz=112.607 dx=28.437 mem=0.542 [5528s]
  task 3 epoch 40/50 (233 it, b_new=43) rec=22.195 lat=20.067 dz=112.127 dx=26.626 mem=0.473 [7316s]
  task 3 epoch 50/50 (233 it, b_new=43) rec=22.026 lat=19.013 dz=112.398 dx=26.397 mem=0.486 [9094s]
  memory (frozen codes): 1920 exemplars (320/class), 614,400 scalars, 2,457,600 bytes
  memorisation: 100 decoder epochs (1500 steps) over 1920 exemplars, final loss=2.501
after task 3: acc=60.72 per-task=[70.0, 32.3, 79.9] memory-PSNR=26.38dB acc(recon test)=60.7 acc(memory)=80.3 [9390s]
  CCE placement (4617 RFA steps): |init spread|=1.645 mean shift=35.715 min/mean CCE distance=20.002/37.622 |p| mean=28.628
  task 4 epoch 1/50 (313 it, b_new=32) rec=33.228 lat=196.065 dz=88.598 dx=31.090 mem=0.589 [9671s]
  task 4 epoch 10/50 (313 it, b_new=32) rec=27.583 lat=95.785 dz=113.694 dx=27.938 mem=0.622 [11770s]
  task 4 epoch 20/50 (313 it, b_new=32) rec=25.900 lat=62.792 dz=119.033 dx=26.619 mem=0.528 [14089s]
  task 4 epoch 30/50 (313 it, b_new=32) rec=24.464 lat=41.925 dz=122.502 dx=25.068 mem=0.428 [16317s]
  task 4 epoch 40/50 (313 it, b_new=32) rec=23.565 lat=32.070 dz=125.405 dx=23.798 mem=0.379 [18505s]
  task 4 epoch 50/50 (313 it, b_new=32) rec=23.350 lat=29.794 dz=126.768 dx=23.475 mem=0.355 [20723s]
  memory (frozen codes): 1920 exemplars (240/class), 614,400 scalars, 2,457,600 bytes
  memorisation: 100 decoder epochs (1500 steps) over 1920 exemplars, final loss=2.419
after task 4: acc=52.47 per-task=[64.3, 25.6, 38.6, 81.4] memory-PSNR=26.13dB acc(recon test)=52.5 acc(memory)=84.1 [21024s]
  CCE placement (9418 RFA steps): |init spread|=9.363 mean shift=30.253 min/mean CCE distance=20.001/39.278 |p| mean=31.712
  task 5 epoch 1/50 (385 it, b_new=26) rec=31.118 lat=220.779 dz=121.251 dx=27.959 mem=0.424 [21345s]
  task 5 epoch 10/50 (385 it, b_new=26) rec=24.842 lat=60.015 dz=177.613 dx=24.501 mem=0.497 [23742s]
  task 5 epoch 20/50 (385 it, b_new=26) rec=23.278 lat=41.686 dz=183.575 dx=23.297 mem=0.434 [26400s]
  task 5 epoch 30/50 (385 it, b_new=26) rec=21.989 lat=33.196 dz=184.314 dx=22.111 mem=0.364 [29078s]
  task 5 epoch 40/50 (385 it, b_new=26) rec=21.161 lat=28.817 dz=186.825 dx=21.186 mem=0.313 [31766s]
  task 5 epoch 50/50 (385 it, b_new=26) rec=20.842 lat=27.657 dz=189.506 dx=20.988 mem=0.298 [34494s]
  memory (frozen codes): 1920 exemplars (192/class), 614,400 scalars, 2,457,600 bytes
  memorisation: 100 decoder epochs (1500 steps) over 1920 exemplars, final loss=1.885
after task 5: acc=50.72 per-task=[33.9, 27.4, 48.6, 56.0, 87.7] memory-PSNR=25.98dB acc(recon test)=50.7 acc(memory)=95.1 [34817s]
FINAL cifar10 ahr seed=0: final acc=50.72 avg inc acc=68.06 time=580.3min
