benchmark cifar10(5/2) input=(3, 32, 32) method=ahr_lossless seed=0
args: {"alpha_kd": 0.0, "alpha_mem": 1.0, "alpha_x": 1.0, "alpha_z": 0.1, "augment": true, "batch_size": 128, "bf16": true, "class_order": "natural", "cls_dim": 64, "crop_pad": 4, "data_root": "data", "dataset": "cifar10", "decoder_in_budget": 0, "decoder_width": 1.0, "distill_norm": "sq", "enc_pool": 4, "epochs": 50, "eval_batch": 1000, "flush_denormal": 1, "hf_sigma": 1.0, "hf_transplant": 0.0, "input_blur": 0.0, "kd_lambda": 1.0, "kd_scale": 0.25, "kd_temperature": 2.0, "lam": 0.3, "lam_recon_new": 0.0, "latent_bits": 32, "latent_dim": 320, "latent_domain": "input", "latent_kind": "spatial", "log_every": 10, "lr": 0.001, "lr_schedule": "cosine", "memorize_codes": 0, "memorize_epochs": 20, "memorize_lr": 0.001, "memorize_steps": 1500, "memory_kind": "raw", "memory_mode": "frozen", "method": "ahr_lossless", "momentum": 0.9, "n_exemplars": 1920, "n_tasks": null, "out": "results", "raw_exemplars": 200, "recon_new_source": "current", "replay_sampling": "union", "resume": null, "rfa_damping": 0.0, "rfa_dt": 0.01, "rfa_mass": 1.0, "rfa_softening": 0.001, "rfa_steps": 20000, "rfa_target": 20.0, "rfa_zeta": 1.0, "save_ckpt": 0, "seed": 0, "selection": "herding", "stop_after": null, "tag": "", "threads": 1, "train_fraction": 1.0, "weight_decay": 0.0}
[AHR] encoder params=466,581 decoder params=1,206,723 memory=raw x 1920 exemplars
  CCE placement (757 RFA steps): |init spread|=0.513 mean shift=9.748 min/mean CCE distance=20.010/20.010 |p| mean=13.366
  task 1 epoch 1/50 (79 it, b_new=128) rec=112.693 lat=119.854 dz=0.000 dx=0.000 mem=0.000 [90s]
  task 1 epoch 10/50 (79 it, b_new=128) rec=20.244 lat=49.669 dz=0.000 dx=0.000 mem=0.000 [584s]
  task 1 epoch 20/50 (79 it, b_new=128) rec=16.330 lat=28.810 dz=0.000 dx=0.000 mem=0.000 [1132s]
  task 1 epoch 30/50 (79 it, b_new=128) rec=14.836 lat=21.092 dz=0.000 dx=0.000 mem=0.000 [1682s]
  task 1 epoch 40/50 (79 it, b_new=128) rec=13.648 lat=16.466 dz=0.000 dx=0.000 mem=0.000 [2242s]
  task 1 epoch 50/50 (79 it, b_new=128) rec=13.272 lat=15.129 dz=0.000 dx=0.000 mem=0.000 [2795s]
  memory (frozen codes): 1920 exemplars (960/class), 5,898,240 scalars, 5,898,240 bytes
after task 1: acc=96.95 per-task=[97.0] [2839s]
  CCE placement (4689 RFA steps): |init spread|=2.738 mean shift=30.355 min/mean CCE distance=20.002/33.955 |p| mean=22.460
  task 2 epoch 1/50 (157 it, b_new=64) rec=22.273 lat=444.005 dz=37.425 dx=11.485 mem=0.000 [3011s]
  task 2 epoch 10/50 (157 it, b_new=64) rec=16.322 lat=304.401 dz=108.418 dx=7.039 mem=0.000 [4273s]
  task 2 epoch 20/50 (157 it, b_new=64) rec=16.236 lat=195.445 dz=179.424 dx=7.266 mem=0.000 [5676s]
  task 2 epoch 30/50 (157 it, b_new=64) rec=15.177 lat=141.023 dz=212.793 dx=6.362 mem=0.000 [7078s]
  task 2 epoch 40/50 (157 it, b_new=64) rec=14.209 lat=108.994 dz=233.078 dx=5.549 mem=0.000 [8486s]
  task 2 epoch 50/50 (157 it, b_new=64) rec=14.037 lat=102.284 dz=235.960 dx=5.342 mem=0.000 [9836s]
  memory (frozen codes): 1920 exemplars (480/class), 5,898,240 scalars, 5,898,240 bytes
after task 2: acc=82.73 per-task=[89.0, 76.5] [9884s]
  CCE placement (12471 RFA steps): |init spread|=16.920 mean shift=41.022 min/mean CCE distance=20.002/44.106 |p| mean=31.803
  task 3 epoch 1/50 (233 it, b_new=43) rec=21.566 lat=568.754 dz=151.638 dx=9.845 mem=0.000 [10119s]
  task 3 epoch 10/50 (233 it, b_new=43) rec=19.085 lat=219.711 dz=354.951 dx=8.396 mem=0.000 [11924s]
  task 3 epoch 20/50 (233 it, b_new=43) rec=17.559 lat=145.248 dz=397.829 dx=7.604 mem=0.000 [13908s]
  task 3 epoch 30/50 (233 it, b_new=43) rec=15.705 lat=106.969 dz=418.077 dx=6.244 mem=0.000 [15928s]
  task 3 epoch 40/50 (233 it, b_new=43) rec=14.559 lat=86.802 dz=429.348 dx=5.356 mem=0.000 [17942s]
  task 3 epoch 50/50 (233 it, b_new=43) rec=13.992 lat=81.428 dz=432.257 dx=4.932 mem=0.000 [19920s]
  memory (frozen codes): 1920 exemplars (320/class), 5,898,240 scalars, 5,898,240 bytes
after task 3: acc=73.18 per-task=[83.1, 45.8, 90.6] [19972s]
  CCE placement (3044 RFA steps): |init spread|=6.495 mean shift=6.771 min/mean CCE distance=20.002/38.294 |p| mean=31.277
  task 4 epoch 1/50 (313 it, b_new=32) rec=19.995 lat=143.146 dz=69.962 dx=6.977 mem=0.000 [20269s]
  task 4 epoch 10/50 (313 it, b_new=32) rec=17.080 lat=59.757 dz=99.366 dx=5.341 mem=0.000 [22684s]
  task 4 epoch 20/50 (313 it, b_new=32) rec=15.614 lat=40.918 dz=105.013 dx=4.704 mem=0.000 [25385s]
  task 4 epoch 30/50 (313 it, b_new=32) rec=14.385 lat=31.104 dz=105.053 dx=4.128 mem=0.000 [28098s]
  task 4 epoch 40/50 (313 it, b_new=32) rec=13.448 lat=25.166 dz=104.049 dx=3.519 mem=0.000 [30849s]
  task 4 epoch 50/50 (313 it, b_new=32) rec=12.884 lat=24.077 dz=103.737 dx=3.024 mem=0.000 [33669s]
  memory (frozen codes): 1920 exemplars (240/class), 5,898,240 scalars, 5,898,240 bytes
after task 4: acc=65.95 per-task=[81.6, 33.8, 53.9, 94.6] [33729s]
  CCE placement (7115 RFA steps): |init spread|=8.437 mean shift=25.160 min/mean CCE distance=20.002/38.679 |p| mean=31.515
  task 5 epoch 1/50 (385 it, b_new=26) rec=18.862 lat=142.257 dz=57.386 dx=7.581 mem=0.000 [34106s]
  task 5 epoch 10/50 (385 it, b_new=26) rec=15.589 lat=59.120 dz=101.074 dx=5.050 mem=0.000 [37191s]
  task 5 epoch 20/50 (385 it, b_new=26) rec=14.525 lat=42.858 dz=106.651 dx=4.505 mem=0.000 [40603s]
