benchmark cifar10(5/2) input=(3, 32, 32) method=ft_e seed=0
args: {"ahr_epoch": "new", "alpha_kd": 0.0, "alpha_mem": 1.0, "alpha_x": 1.0, "alpha_z": 0.1, "augment": true, "balanced_ft_epochs": 30, "balanced_ft_lr_scale": 0.1, "batch_size": 128, "bf16": true, "class_order": "natural", "cls_dim": 64, "crop_pad": 4, "data_root": "data", "dataset": "cifar10", "decoder_in_budget": 0, "decoder_width": 1.0, "distill_norm": "sq", "enc_pool": 4, "epochs": 50, "eval_batch": 1000, "flush_denormal": 1, "herd_space": "encoder", "hf_sigma": 1.0, "hf_transplant": 0.0, "input_blur": 0.0, "kd_form": "kl", "kd_lambda": 1.0, "kd_scale": 0.25, "kd_temperature": 2.0, "lam": 1.0, "lam_recon_new": 1.0, "lat_real_first": 0, "latent_bits": 32, "latent_dim": 307, "latent_domain": "recon", "latent_kind": "split", "log_every": 10, "lr": 0.001, "lr_schedule": "cosine", "memorize_codes": 0, "memorize_epochs": 20, "memorize_lr": 0.001, "memorize_steps": 1500, "memory_kind": "latent", "memory_mode": "frozen", "method": "ft_e", "momentum": 0.9, "n_exemplars": 1920, "n_tasks": null, "out": "results", "pad_mode": "constant", "raw_exemplars": 200, "recon_latent": "split", "recon_new_source": "current", "replay_sampling": "union", "resume": null, "rfa_damping": 0.0, "rfa_dt": 0.01, "rfa_jitter": 0.25, "rfa_mass": 1.0, "rfa_softening": 0.001, "rfa_steps": 20000, "rfa_target": 20.0, "rfa_zeta": 1.0, "save_ckpt": 0, "seed": 0, "selection": "herding", "stop_after": null, "tag": "n1920_bft30", "threads": 4, "train_fraction": 1.0, "val_fraction": 0.0, "weight_decay": 0.0}
[ft_e] backbone params=466,256 memory=raw x 1920
  task 1 epoch 1/50 (79 it) ce=0.376 kd=0.000 [13s]
  task 1 epoch 10/50 (79 it) ce=0.084 kd=0.000 [121s]
  task 1 epoch 20/50 (79 it) ce=0.042 kd=0.000 [240s]
  task 1 epoch 30/50 (79 it) ce=0.029 kd=0.000 [362s]
  task 1 epoch 40/50 (79 it) ce=0.007 kd=0.000 [483s]
  task 1 epoch 50/50 (79 it) ce=0.007 kd=0.000 [604s]
after task 1: acc=98.50 per-task=[98.5] [607s]
  task 2 epoch 1/50 (94 it) ce=0.750 kd=0.000 [622s]
  task 2 epoch 10/50 (94 it) ce=0.311 kd=0.000 [757s]
  task 2 epoch 20/50 (94 it) ce=0.204 kd=0.000 [904s]
  task 2 epoch 30/50 (94 it) ce=0.122 kd=0.000 [1050s]
  task 2 epoch 40/50 (94 it) ce=0.072 kd=0.000 [1198s]
  task 2 epoch 50/50 (94 it) ce=0.071 kd=0.000 [1348s]
  task 2 balanced fine-tuning: 30 epochs on 1920 exemplars, ce=0.023 [1420s]
after task 2: acc=88.90 per-task=[89.6, 88.2] [1425s]
  task 3 epoch 1/50 (94 it) ce=0.948 kd=0.000 [1440s]
  task 3 epoch 10/50 (94 it) ce=0.316 kd=0.000 [1574s]
  task 3 epoch 20/50 (94 it) ce=0.203 kd=0.000 [1721s]
  task 3 epoch 30/50 (94 it) ce=0.114 kd=0.000 [1870s]
  task 3 epoch 40/50 (94 it) ce=0.060 kd=0.000 [2013s]
  task 3 epoch 50/50 (94 it) ce=0.049 kd=0.000 [2155s]
  task 3 balanced fine-tuning: 30 epochs on 1920 exemplars, ce=0.036 [2225s]
after task 3: acc=78.42 per-task=[88.1, 58.9, 88.2] [2232s]
  task 4 epoch 1/50 (94 it) ce=0.789 kd=0.000 [2247s]
  task 4 epoch 10/50 (94 it) ce=0.198 kd=0.000 [2377s]
  task 4 epoch 20/50 (94 it) ce=0.114 kd=0.000 [2523s]
  task 4 epoch 30/50 (94 it) ce=0.043 kd=0.000 [2668s]
  task 4 epoch 40/50 (94 it) ce=0.024 kd=0.000 [2811s]
  task 4 epoch 50/50 (94 it) ce=0.016 kd=0.000 [2957s]
  task 4 balanced fine-tuning: 30 epochs on 1920 exemplars, ce=0.014 [3027s]
after task 4: acc=74.62 per-task=[85.0, 50.2, 68.2, 95.1] [3037s]
  task 5 epoch 1/50 (94 it) ce=0.755 kd=0.000 [3051s]
  task 5 epoch 10/50 (94 it) ce=0.154 kd=0.000 [3180s]
  task 5 epoch 20/50 (94 it) ce=0.076 kd=0.000 [3322s]
  task 5 epoch 30/50 (94 it) ce=0.046 kd=0.000 [3464s]
  task 5 epoch 40/50 (94 it) ce=0.016 kd=0.000 [3608s]
  task 5 epoch 50/50 (94 it) ce=0.012 kd=0.000 [3753s]
  task 5 balanced fine-tuning: 30 epochs on 1920 exemplars, ce=0.014 [3821s]
after task 5: acc=74.41 per-task=[72.8, 53.0, 68.4, 82.2, 95.6] [3834s]
FINAL cifar10 ft_e seed=0: final acc=74.41 avg inc acc=82.97 time=63.9min
