benchmark cifar10(5/2) input=(3, 32, 32) method=ft_e seed=0
args: {"ahr_epoch": "new", "alpha_kd": 0.0, "alpha_mem": 1.0, "alpha_x": 1.0, "alpha_z": 0.1, "augment": true, "balanced_ft_epochs": 0, "balanced_ft_lr_scale": 0.1, "batch_size": 128, "bf16": true, "class_order": "natural", "cls_dim": 64, "crop_pad": 4, "data_root": "data", "dataset": "cifar10", "decoder_in_budget": 0, "decoder_width": 1.0, "distill_norm": "sq", "enc_pool": 4, "epochs": 50, "eval_batch": 1000, "flush_denormal": 1, "herd_space": "encoder", "hf_sigma": 1.0, "hf_transplant": 0.0, "input_blur": 0.0, "kd_form": "kl", "kd_lambda": 1.0, "kd_scale": 0.25, "kd_temperature": 2.0, "lam": 1.0, "lam_recon_new": 1.0, "lat_real_first": 0, "latent_bits": 32, "latent_dim": 307, "latent_domain": "recon", "latent_kind": "split", "log_every": 10, "lr": 0.001, "lr_schedule": "cosine", "memorize_codes": 0, "memorize_epochs": 20, "memorize_lr": 0.001, "memorize_steps": 1500, "memory_kind": "latent", "memory_mode": "frozen", "method": "ft_e", "momentum": 0.9, "n_exemplars": 1920, "n_tasks": null, "out": "results", "pad_mode": "constant", "raw_exemplars": 200, "recon_latent": "split", "recon_new_source": "current", "replay_sampling": "union", "resume": null, "rfa_damping": 0.0, "rfa_dt": 0.01, "rfa_jitter": 0.25, "rfa_mass": 1.0, "rfa_softening": 0.001, "rfa_steps": 20000, "rfa_target": 20.0, "rfa_zeta": 1.0, "save_ckpt": 0, "seed": 0, "selection": "herding", "stop_after": null, "tag": "n1920", "threads": 4, "train_fraction": 1.0, "val_fraction": 0.0, "weight_decay": 0.0}
[ft_e] backbone params=466,256 memory=raw x 1920
  task 1 epoch 1/50 (79 it) ce=0.382 kd=0.000 [47s]
  task 1 epoch 10/50 (79 it) ce=0.088 kd=0.000 [445s]
  task 1 epoch 20/50 (79 it) ce=0.054 kd=0.000 [888s]
  task 1 epoch 30/50 (79 it) ce=0.018 kd=0.000 [1337s]
  task 1 epoch 40/50 (79 it) ce=0.007 kd=0.000 [1789s]
  task 1 epoch 50/50 (79 it) ce=0.006 kd=0.000 [2240s]
after task 1: acc=98.55 per-task=[98.5] [2244s]
  task 2 epoch 1/50 (94 it) ce=0.737 kd=0.000 [2298s]
  task 2 epoch 10/50 (94 it) ce=0.310 kd=0.000 [2780s]
  task 2 epoch 20/50 (94 it) ce=0.191 kd=0.000 [3319s]
  task 2 epoch 30/50 (94 it) ce=0.128 kd=0.000 [3857s]
  task 2 epoch 40/50 (94 it) ce=0.074 kd=0.000 [4384s]
  task 2 epoch 50/50 (94 it) ce=0.074 kd=0.000 [4909s]
after task 2: acc=89.05 per-task=[88.5, 89.6] [4916s]
  task 3 epoch 1/50 (94 it) ce=1.069 kd=0.000 [4969s]
  task 3 epoch 10/50 (94 it) ce=0.309 kd=0.000 [5447s]
  task 3 epoch 20/50 (94 it) ce=0.192 kd=0.000 [5976s]
  task 3 epoch 30/50 (94 it) ce=0.115 kd=0.000 [6501s]
  task 3 epoch 40/50 (94 it) ce=0.058 kd=0.000 [7026s]
  task 3 epoch 50/50 (94 it) ce=0.043 kd=0.000 [7543s]
after task 3: acc=76.37 per-task=[88.1, 47.6, 93.4] [7551s]
  task 4 epoch 1/50 (94 it) ce=0.798 kd=0.000 [7602s]
  task 4 epoch 10/50 (94 it) ce=0.189 kd=0.000 [8070s]
  task 4 epoch 20/50 (94 it) ce=0.105 kd=0.000 [8604s]
  task 4 epoch 30/50 (94 it) ce=0.050 kd=0.000 [9135s]
  task 4 epoch 40/50 (94 it) ce=0.019 kd=0.000 [9655s]
  task 4 epoch 50/50 (94 it) ce=0.014 kd=0.000 [10178s]
after task 4: acc=73.35 per-task=[87.0, 46.1, 63.2, 97.1] [10191s]
  task 5 epoch 1/50 (94 it) ce=0.856 kd=0.000 [10243s]
  task 5 epoch 10/50 (94 it) ce=0.147 kd=0.000 [10716s]
  task 5 epoch 20/50 (94 it) ce=0.072 kd=0.000 [11242s]
  task 5 epoch 30/50 (94 it) ce=0.029 kd=0.000 [11769s]
  task 5 epoch 40/50 (94 it) ce=0.011 kd=0.000 [12300s]
  task 5 epoch 50/50 (94 it) ce=0.009 kd=0.000 [12830s]
after task 5: acc=73.65 per-task=[64.1, 56.1, 71.1, 80.2, 96.9] [12845s]
FINAL cifar10 ft_e seed=0: final acc=73.65 avg inc acc=82.19 time=214.1min
