benchmark cifar10(5/2) input=(3, 32, 32) method=ft_e seed=0
args: {"alpha_mem": 1.0, "alpha_x": 1.0, "alpha_z": 0.01, "augment": true, "batch_size": 128, "bf16": true, "class_order": "natural", "crop_pad": 4, "data_root": "data", "dataset": "cifar10", "decoder_in_budget": 0, "decoder_width": 1.0, "distill_norm": "sq", "enc_pool": 4, "epochs": 50, "eval_batch": 1000, "flush_denormal": 1, "kd_lambda": 1.0, "kd_temperature": 2.0, "lam": 1.0, "lam_recon_new": 1.0, "latent_bits": 32, "latent_dim": 307, "log_every": 10, "lr": 0.001, "lr_schedule": "cosine", "memorize_epochs": 20, "memorize_lr": 0.001, "memorize_steps": 1500, "memory_kind": "latent", "memory_mode": "frozen", "method": "ft_e", "momentum": 0.9, "n_exemplars": 200, "n_tasks": null, "out": "results", "raw_exemplars": 200, "recon_new_source": "current", "replay_sampling": "union", "rfa_damping": 0.0, "rfa_dt": 0.01, "rfa_mass": 1.0, "rfa_softening": 0.001, "rfa_steps": 20000, "rfa_target": 20.0, "rfa_zeta": 1.0, "seed": 0, "selection": "herding", "stop_after": null, "tag": "", "threads": 1, "train_fraction": 1.0, "weight_decay": 0.0}
[ft_e] backbone params=466,256 memory=raw x 200
  task 1 epoch 1/50 (79 it) ce=0.378 kd=0.000 [34s]
  task 1 epoch 10/50 (79 it) ce=0.086 kd=0.000 [334s]
  task 1 epoch 20/50 (79 it) ce=0.041 kd=0.000 [667s]
  task 1 epoch 30/50 (79 it) ce=0.025 kd=0.000 [998s]
  task 1 epoch 40/50 (79 it) ce=0.008 kd=0.000 [1330s]
  task 1 epoch 50/50 (79 it) ce=0.005 kd=0.000 [1660s]
after task 1: acc=98.10 per-task=[98.1] [1667s]
  task 2 epoch 1/50 (80 it) ce=0.766 kd=0.000 [1700s]
  task 2 epoch 10/50 (80 it) ce=0.266 kd=0.000 [2014s]
  task 2 epoch 20/50 (80 it) ce=0.155 kd=0.000 [2365s]
  task 2 epoch 30/50 (80 it) ce=0.093 kd=0.000 [2717s]
  task 2 epoch 40/50 (80 it) ce=0.051 kd=0.000 [3074s]
  task 2 epoch 50/50 (80 it) ce=0.037 kd=0.000 [3429s]
after task 2: acc=75.42 per-task=[59.6, 91.2] [3443s]
  task 3 epoch 1/50 (80 it) ce=0.783 kd=0.000 [3479s]
  task 3 epoch 10/50 (80 it) ce=0.188 kd=0.000 [3797s]
  task 3 epoch 20/50 (80 it) ce=0.104 kd=0.000 [4151s]
  task 3 epoch 30/50 (80 it) ce=0.057 kd=0.000 [4507s]
  task 3 epoch 40/50 (80 it) ce=0.022 kd=0.000 [4864s]
  task 3 epoch 50/50 (80 it) ce=0.017 kd=0.000 [5222s]
after task 3: acc=53.22 per-task=[53.6, 11.9, 94.2] [5244s]
  task 4 epoch 1/50 (80 it) ce=0.956 kd=0.000 [5278s]
  task 4 epoch 10/50 (80 it) ce=0.087 kd=0.000 [5600s]
  task 4 epoch 20/50 (80 it) ce=0.039 kd=0.000 [5959s]
  task 4 epoch 30/50 (80 it) ce=0.014 kd=0.000 [6318s]
  task 4 epoch 40/50 (80 it) ce=0.006 kd=0.000 [6675s]
  task 4 epoch 50/50 (80 it) ce=0.003 kd=0.000 [7031s]
after task 4: acc=43.56 per-task=[50.4, 9.7, 15.8, 98.4] [7058s]
  task 5 epoch 1/50 (80 it) ce=1.034 kd=0.000 [7092s]
  task 5 epoch 10/50 (80 it) ce=0.090 kd=0.000 [7408s]
  task 5 epoch 20/50 (80 it) ce=0.038 kd=0.000 [7758s]
  task 5 epoch 30/50 (80 it) ce=0.016 kd=0.000 [8103s]
  task 5 epoch 40/50 (80 it) ce=0.007 kd=0.000 [8450s]
  task 5 epoch 50/50 (80 it) ce=0.005 kd=0.000 [8793s]
after task 5: acc=43.95 per-task=[17.3, 21.2, 33.9, 49.8, 97.5] [8826s]
FINAL cifar10 ft_e seed=0: final acc=43.95 avg inc acc=62.85 time=147.1min
