benchmark cifar10(5/2) input=(3, 32, 32) method=ft_e seed=2
args: {"ahr_epoch": "new", "alpha_kd": 0.0, "alpha_mem": 1.0, "alpha_x": 1.0, "alpha_z": 0.1, "augment": true, "balanced_ft_epochs": 0, "balanced_ft_lr_scale": 0.1, "batch_size": 128, "bf16": true, "class_order": "natural", "cls_dim": 64, "crop_pad": 4, "data_root": "data", "dataset": "cifar10", "decoder_in_budget": 0, "decoder_width": 1.0, "distill_norm": "sq", "enc_pool": 4, "epochs": 50, "eval_batch": 1000, "flush_denormal": 1, "herd_space": "encoder", "hf_sigma": 1.0, "hf_transplant": 0.0, "input_blur": 0.0, "kd_form": "kl", "kd_lambda": 1.0, "kd_scale": 0.25, "kd_temperature": 2.0, "lam": 1.0, "lam_recon_new": 1.0, "lat_real_first": 0, "latent_bits": 32, "latent_dim": 307, "latent_domain": "recon", "latent_kind": "split", "log_every": 10, "lr": 0.001, "lr_schedule": "cosine", "memorize_codes": 0, "memorize_epochs": 20, "memorize_lr": 0.001, "memorize_steps": 1500, "memory_kind": "latent", "memory_mode": "frozen", "method": "ft_e", "momentum": 0.9, "n_exemplars": 200, "n_tasks": null, "out": "results", "pad_mode": "constant", "raw_exemplars": 200, "recon_latent": "split", "recon_new_source": "current", "replay_sampling": "union", "resume": null, "rfa_damping": 0.0, "rfa_dt": 0.01, "rfa_jitter": 0.25, "rfa_mass": 1.0, "rfa_softening": 0.001, "rfa_steps": 20000, "rfa_target": 20.0, "rfa_zeta": 1.0, "save_ckpt": 0, "seed": 2, "selection": "herding", "stop_after": null, "tag": "", "threads": 1, "train_fraction": 1.0, "val_fraction": 0.0, "weight_decay": 0.0}
[ft_e] backbone params=466,256 memory=raw x 200
  task 1 epoch 1/50 (79 it) ce=0.404 kd=0.000 [37s]
  task 1 epoch 10/50 (79 it) ce=0.081 kd=0.000 [400s]
  task 1 epoch 20/50 (79 it) ce=0.040 kd=0.000 [844s]
  task 1 epoch 30/50 (79 it) ce=0.024 kd=0.000 [1276s]
  task 1 epoch 40/50 (79 it) ce=0.014 kd=0.000 [1693s]
  task 1 epoch 50/50 (79 it) ce=0.030 kd=0.000 [2096s]
after task 1: acc=98.30 per-task=[98.3] [2104s]
  task 2 epoch 1/50 (80 it) ce=0.814 kd=0.000 [2146s]
  task 2 epoch 10/50 (80 it) ce=0.258 kd=0.000 [2507s]
  task 2 epoch 20/50 (80 it) ce=0.166 kd=0.000 [2931s]
  task 2 epoch 30/50 (80 it) ce=0.091 kd=0.000 [3357s]
  task 2 epoch 40/50 (80 it) ce=0.044 kd=0.000 [3795s]
  task 2 epoch 50/50 (80 it) ce=0.035 kd=0.000 [4261s]
after task 2: acc=75.02 per-task=[59.4, 90.6] [4277s]
  task 3 epoch 1/50 (80 it) ce=0.950 kd=0.000 [4323s]
  task 3 epoch 10/50 (80 it) ce=0.193 kd=0.000 [4727s]
  task 3 epoch 20/50 (80 it) ce=0.121 kd=0.000 [5183s]
  task 3 epoch 30/50 (80 it) ce=0.061 kd=0.000 [5636s]
  task 3 epoch 40/50 (80 it) ce=0.028 kd=0.000 [6054s]
  task 3 epoch 50/50 (80 it) ce=0.021 kd=0.000 [6465s]
after task 3: acc=53.10 per-task=[55.8, 8.0, 95.4] [6488s]
  task 4 epoch 1/50 (80 it) ce=1.036 kd=0.000 [6529s]
  task 4 epoch 10/50 (80 it) ce=0.091 kd=0.000 [6907s]
  task 4 epoch 20/50 (80 it) ce=0.041 kd=0.000 [7308s]
  task 4 epoch 30/50 (80 it) ce=0.012 kd=0.000 [7697s]
  task 4 epoch 40/50 (80 it) ce=0.004 kd=0.000 [8098s]
  task 4 epoch 50/50 (80 it) ce=0.004 kd=0.000 [8493s]
after task 4: acc=45.09 per-task=[55.3, 6.9, 20.1, 98.0] [8522s]
  task 5 epoch 1/50 (80 it) ce=0.912 kd=0.000 [8559s]
  task 5 epoch 10/50 (80 it) ce=0.090 kd=0.000 [8900s]
  task 5 epoch 20/50 (80 it) ce=0.040 kd=0.000 [9277s]
  task 5 epoch 30/50 (80 it) ce=0.014 kd=0.000 [9662s]
  task 5 epoch 40/50 (80 it) ce=0.005 kd=0.000 [10041s]
  task 5 epoch 50/50 (80 it) ce=0.003 kd=0.000 [10419s]
after task 5: acc=43.32 per-task=[15.4, 17.1, 41.4, 44.7, 98.0] [10455s]
FINAL cifar10 ft_e seed=2: final acc=43.32 avg inc acc=62.97 time=174.3min
