benchmark cifar10(5/2) input=(3, 32, 32) method=ft_e seed=0
args: {"alpha_kd": 0.0, "alpha_mem": 1.0, "alpha_x": 1.0, "alpha_z": 0.1, "augment": true, "balanced_ft_epochs": 30, "balanced_ft_lr_scale": 0.1, "batch_size": 128, "bf16": true, "class_order": "natural", "cls_dim": 64, "crop_pad": 4, "data_root": "data", "dataset": "cifar10", "decoder_in_budget": 0, "decoder_width": 1.0, "distill_norm": "sq", "enc_pool": 4, "epochs": 50, "eval_batch": 1000, "flush_denormal": 1, "hf_sigma": 1.0, "hf_transplant": 0.0, "input_blur": 0.0, "kd_lambda": 1.0, "kd_scale": 0.25, "kd_temperature": 2.0, "lam": 1.0, "lam_recon_new": 1.0, "lat_real_first": 0, "latent_bits": 32, "latent_dim": 307, "latent_domain": "recon", "latent_kind": "split", "log_every": 10, "lr": 0.001, "lr_schedule": "cosine", "memorize_codes": 0, "memorize_epochs": 20, "memorize_lr": 0.001, "memorize_steps": 1500, "memory_kind": "latent", "memory_mode": "frozen", "method": "ft_e", "momentum": 0.9, "n_exemplars": 200, "n_tasks": null, "out": "results", "raw_exemplars": 200, "recon_new_source": "current", "replay_sampling": "union", "resume": null, "rfa_damping": 0.0, "rfa_dt": 0.01, "rfa_jitter": 0.25, "rfa_mass": 1.0, "rfa_softening": 0.001, "rfa_steps": 20000, "rfa_target": 20.0, "rfa_zeta": 1.0, "save_ckpt": 0, "seed": 0, "selection": "herding", "stop_after": null, "tag": "bft30", "threads": 4, "train_fraction": 1.0, "val_fraction": 0.0, "weight_decay": 0.0}
[ft_e] backbone params=466,256 memory=raw x 200
  task 1 epoch 1/50 (79 it) ce=0.376 kd=0.000 [14s]
  task 1 epoch 10/50 (79 it) ce=0.084 kd=0.000 [119s]
  task 1 epoch 20/50 (79 it) ce=0.042 kd=0.000 [236s]
  task 1 epoch 30/50 (79 it) ce=0.029 kd=0.000 [357s]
  task 1 epoch 40/50 (79 it) ce=0.007 kd=0.000 [481s]
  task 1 epoch 50/50 (79 it) ce=0.007 kd=0.000 [596s]
after task 1: acc=98.50 per-task=[98.5] [599s]
  task 2 epoch 1/50 (80 it) ce=0.752 kd=0.000 [611s]
  task 2 epoch 10/50 (80 it) ce=0.264 kd=0.000 [719s]
  task 2 epoch 20/50 (80 it) ce=0.156 kd=0.000 [843s]
  task 2 epoch 30/50 (80 it) ce=0.095 kd=0.000 [963s]
  task 2 epoch 40/50 (80 it) ce=0.045 kd=0.000 [1080s]
  task 2 epoch 50/50 (80 it) ce=0.035 kd=0.000 [1195s]
  task 2 balanced fine-tuning: 30 epochs on 200 exemplars, ce=0.148 [1203s]
after task 2: acc=71.25 per-task=[51.8, 90.7] [1207s]
  task 3 epoch 1/50 (80 it) ce=0.695 kd=0.000 [1220s]
  task 3 epoch 10/50 (80 it) ce=0.183 kd=0.000 [1329s]
  task 3 epoch 20/50 (80 it) ce=0.114 kd=0.000 [1453s]
  task 3 epoch 30/50 (80 it) ce=0.051 kd=0.000 [1578s]
  task 3 epoch 40/50 (80 it) ce=0.024 kd=0.000 [1699s]
  task 3 epoch 50/50 (80 it) ce=0.017 kd=0.000 [1818s]
  task 3 balanced fine-tuning: 30 epochs on 198 exemplars, ce=0.250 [1825s]
after task 3: acc=48.32 per-task=[39.8, 10.8, 94.3] [1832s]
  task 4 epoch 1/50 (80 it) ce=0.811 kd=0.000 [1844s]
  task 4 epoch 10/50 (80 it) ce=0.089 kd=0.000 [1957s]
  task 4 epoch 20/50 (80 it) ce=0.040 kd=0.000 [2081s]
  task 4 epoch 30/50 (80 it) ce=0.016 kd=0.000 [2208s]
  task 4 epoch 40/50 (80 it) ce=0.004 kd=0.000 [2334s]
  task 4 epoch 50/50 (80 it) ce=0.003 kd=0.000 [2462s]
  task 4 balanced fine-tuning: 30 epochs on 200 exemplars, ce=0.101 [2470s]
after task 4: acc=40.08 per-task=[37.0, 5.4, 20.0, 97.9] [2479s]
  task 5 epoch 1/50 (80 it) ce=0.748 kd=0.000 [2492s]
  task 5 epoch 10/50 (80 it) ce=0.085 kd=0.000 [2608s]
  task 5 epoch 20/50 (80 it) ce=0.038 kd=0.000 [2736s]
  task 5 epoch 30/50 (80 it) ce=0.014 kd=0.000 [2862s]
  task 5 epoch 40/50 (80 it) ce=0.006 kd=0.000 [2989s]
  task 5 epoch 50/50 (80 it) ce=0.004 kd=0.000 [3115s]
  task 5 balanced fine-tuning: 30 epochs on 200 exemplars, ce=0.295 [3123s]
after task 5: acc=36.03 per-task=[14.3, 8.6, 21.1, 38.7, 97.5] [3134s]
FINAL cifar10 ft_e seed=0: final acc=36.03 avg inc acc=58.83 time=52.2min
