benchmark cifar10(5/2) input=(3, 32, 32) method=ft_e seed=1
args: {"ahr_epoch": "new", "alpha_kd": 0.0, "alpha_mem": 1.0, "alpha_x": 1.0, "alpha_z": 0.1, "augment": true, "balanced_ft_epochs": 0, "balanced_ft_lr_scale": 0.1, "batch_size": 128, "bf16": true, "class_order": "natural", "cls_dim": 64, "crop_pad": 4, "data_root": "data", "dataset": "cifar10", "decoder_in_budget": 0, "decoder_width": 1.0, "distill_norm": "sq", "enc_pool": 4, "epochs": 50, "eval_batch": 1000, "flush_denormal": 1, "herd_space": "encoder", "hf_sigma": 1.0, "hf_transplant": 0.0, "input_blur": 0.0, "kd_form": "kl", "kd_lambda": 1.0, "kd_scale": 0.25, "kd_temperature": 2.0, "lam": 1.0, "lam_recon_new": 1.0, "lat_real_first": 0, "latent_bits": 32, "latent_dim": 307, "latent_domain": "recon", "latent_kind": "split", "log_every": 10, "lr": 0.001, "lr_schedule": "cosine", "memorize_codes": 0, "memorize_epochs": 20, "memorize_lr": 0.001, "memorize_steps": 1500, "memory_kind": "latent", "memory_mode": "frozen", "method": "ft_e", "momentum": 0.9, "n_exemplars": 200, "n_tasks": null, "out": "results", "pad_mode": "constant", "raw_exemplars": 200, "recon_latent": "split", "recon_new_source": "current", "replay_sampling": "union", "resume": null, "rfa_damping": 0.0, "rfa_dt": 0.01, "rfa_jitter": 0.25, "rfa_mass": 1.0, "rfa_softening": 0.001, "rfa_steps": 20000, "rfa_target": 20.0, "rfa_zeta": 1.0, "save_ckpt": 0, "seed": 1, "selection": "herding", "stop_after": null, "tag": "", "threads": 1, "train_fraction": 1.0, "val_fraction": 0.0, "weight_decay": 0.0}
[ft_e] backbone params=466,256 memory=raw x 200
  task 1 epoch 1/50 (79 it) ce=0.395 kd=0.000 [33s]
  task 1 epoch 10/50 (79 it) ce=0.087 kd=0.000 [324s]
  task 1 epoch 20/50 (79 it) ce=0.040 kd=0.000 [645s]
  task 1 epoch 30/50 (79 it) ce=0.023 kd=0.000 [968s]
  task 1 epoch 40/50 (79 it) ce=0.009 kd=0.000 [1293s]
  task 1 epoch 50/50 (79 it) ce=0.006 kd=0.000 [1617s]
after task 1: acc=98.25 per-task=[98.3] [1624s]
  task 2 epoch 1/50 (80 it) ce=0.717 kd=0.000 [1656s]
  task 2 epoch 10/50 (80 it) ce=0.263 kd=0.000 [1951s]
  task 2 epoch 20/50 (80 it) ce=0.156 kd=0.000 [2278s]
  task 2 epoch 30/50 (80 it) ce=0.083 kd=0.000 [2611s]
  task 2 epoch 40/50 (80 it) ce=0.042 kd=0.000 [2948s]
  task 2 epoch 50/50 (80 it) ce=0.033 kd=0.000 [3281s]
after task 2: acc=75.23 per-task=[59.6, 90.8] [3294s]
  task 3 epoch 1/50 (80 it) ce=0.783 kd=0.000 [3329s]
  task 3 epoch 10/50 (80 it) ce=0.180 kd=0.000 [3632s]
  task 3 epoch 20/50 (80 it) ce=0.113 kd=0.000 [3971s]
  task 3 epoch 30/50 (80 it) ce=0.054 kd=0.000 [4306s]
  task 3 epoch 40/50 (80 it) ce=0.022 kd=0.000 [4637s]
  task 3 epoch 50/50 (80 it) ce=0.013 kd=0.000 [4975s]
after task 3: acc=54.22 per-task=[56.8, 10.6, 95.2] [4995s]
  task 4 epoch 1/50 (80 it) ce=1.127 kd=0.000 [5029s]
  task 4 epoch 10/50 (80 it) ce=0.088 kd=0.000 [5333s]
  task 4 epoch 20/50 (80 it) ce=0.045 kd=0.000 [5666s]
  task 4 epoch 30/50 (80 it) ce=0.017 kd=0.000 [6005s]
  task 4 epoch 40/50 (80 it) ce=0.005 kd=0.000 [6344s]
  task 4 epoch 50/50 (80 it) ce=0.003 kd=0.000 [6680s]
after task 4: acc=44.60 per-task=[56.1, 9.1, 14.9, 98.3] [6707s]
  task 5 epoch 1/50 (80 it) ce=1.055 kd=0.000 [6742s]
  task 5 epoch 10/50 (80 it) ce=0.082 kd=0.000 [7059s]
  task 5 epoch 20/50 (80 it) ce=0.033 kd=0.000 [7409s]
  task 5 epoch 30/50 (80 it) ce=0.012 kd=0.000 [7763s]
  task 5 epoch 40/50 (80 it) ce=0.005 kd=0.000 [8114s]
  task 5 epoch 50/50 (80 it) ce=0.003 kd=0.000 [8469s]
after task 5: acc=45.88 per-task=[23.4, 18.4, 36.1, 53.5, 98.0] [8504s]
FINAL cifar10 ft_e seed=1: final acc=45.88 avg inc acc=63.63 time=141.7min
