benchmark cifar10(5/2) input=(3, 32, 32) method=ft seed=0
args: {"alpha_kd": 0.0, "alpha_mem": 1.0, "alpha_x": 1.0, "alpha_z": 0.01, "augment": true, "batch_size": 128, "bf16": true, "class_order": "natural", "crop_pad": 4, "data_root": "data", "dataset": "cifar10", "decoder_in_budget": 0, "decoder_width": 1.0, "distill_norm": "sq", "enc_pool": 4, "epochs": 50, "eval_batch": 1000, "flush_denormal": 1, "input_blur": 0.0, "kd_lambda": 1.0, "kd_scale": 0.25, "kd_temperature": 2.0, "lam": 1.0, "lam_recon_new": 1.0, "latent_bits": 32, "latent_dim": 307, "latent_domain": "input", "log_every": 10, "lr": 0.001, "lr_schedule": "cosine", "memorize_codes": 0, "memorize_epochs": 20, "memorize_lr": 0.001, "memorize_steps": 1500, "memory_kind": "latent", "memory_mode": "frozen", "method": "ft", "momentum": 0.9, "n_exemplars": 0, "n_tasks": null, "out": "results", "raw_exemplars": 200, "recon_new_source": "current", "replay_sampling": "union", "rfa_damping": 0.0, "rfa_dt": 0.01, "rfa_mass": 1.0, "rfa_softening": 0.001, "rfa_steps": 20000, "rfa_target": 20.0, "rfa_zeta": 1.0, "seed": 0, "selection": "herding", "stop_after": null, "tag": "", "threads": 1, "train_fraction": 1.0, "weight_decay": 0.0}
[ft] backbone params=466,256
  task 1 epoch 1/50 (79 it) ce=0.378 kd=0.000 [35s]
  task 1 epoch 10/50 (79 it) ce=0.086 kd=0.000 [333s]
  task 1 epoch 20/50 (79 it) ce=0.041 kd=0.000 [666s]
  task 1 epoch 30/50 (79 it) ce=0.025 kd=0.000 [999s]
  task 1 epoch 40/50 (79 it) ce=0.008 kd=0.000 [1334s]
  task 1 epoch 50/50 (79 it) ce=0.005 kd=0.000 [1668s]
after task 1: acc=98.10 per-task=[98.1] [1675s]
  task 2 epoch 1/50 (79 it) ce=0.814 kd=0.000 [1708s]
  task 2 epoch 10/50 (79 it) ce=0.233 kd=0.000 [2008s]
  task 2 epoch 20/50 (79 it) ce=0.154 kd=0.000 [2344s]
  task 2 epoch 30/50 (79 it) ce=0.088 kd=0.000 [2680s]
  task 2 epoch 40/50 (79 it) ce=0.044 kd=0.000 [3016s]
  task 2 epoch 50/50 (79 it) ce=0.036 kd=0.000 [3354s]
after task 2: acc=45.25 per-task=[0.0, 90.5] [3368s]
  task 3 epoch 1/50 (79 it) ce=0.902 kd=0.000 [3402s]
  task 3 epoch 10/50 (79 it) ce=0.141 kd=0.000 [3707s]
  task 3 epoch 20/50 (79 it) ce=0.075 kd=0.000 [4050s]
  task 3 epoch 30/50 (79 it) ce=0.044 kd=0.000 [4394s]
  task 3 epoch 40/50 (79 it) ce=0.020 kd=0.000 [4735s]
  task 3 epoch 50/50 (79 it) ce=0.013 kd=0.000 [5075s]
after task 3: acc=31.82 per-task=[0.0, 0.0, 95.5] [5096s]
  task 4 epoch 1/50 (79 it) ce=1.342 kd=0.000 [5130s]
  task 4 epoch 10/50 (79 it) ce=0.053 kd=0.000 [5439s]
  task 4 epoch 20/50 (79 it) ce=0.025 kd=0.000 [5778s]
  task 4 epoch 30/50 (79 it) ce=0.018 kd=0.000 [6120s]
  task 4 epoch 40/50 (79 it) ce=0.004 kd=0.000 [6466s]
  task 4 epoch 50/50 (79 it) ce=0.003 kd=0.000 [6810s]
after task 4: acc=24.64 per-task=[0.0, 0.0, 0.0, 98.5] [6837s]
  task 5 epoch 1/50 (79 it) ce=0.868 kd=0.000 [6871s]
  task 5 epoch 10/50 (79 it) ce=0.052 kd=0.000 [7176s]
  task 5 epoch 20/50 (79 it) ce=0.030 kd=0.000 [7515s]
  task 5 epoch 30/50 (79 it) ce=0.027 kd=0.000 [7858s]
  task 5 epoch 40/50 (79 it) ce=0.007 kd=0.000 [8201s]
