benchmark cifar10(5/2) input=(3, 32, 32) method=icarl seed=2
args: {"ahr_epoch": "new", "alpha_kd": 0.0, "alpha_mem": 1.0, "alpha_x": 1.0, "alpha_z": 0.1, "augment": true, "balanced_ft_epochs": 0, "balanced_ft_lr_scale": 0.1, "batch_size": 128, "bf16": true, "class_order": "natural", "cls_dim": 64, "crop_pad": 4, "data_root": "data", "dataset": "cifar10", "decoder_in_budget": 0, "decoder_width": 1.0, "distill_norm": "sq", "enc_pool": 4, "epochs": 50, "eval_batch": 1000, "flush_denormal": 1, "herd_space": "encoder", "hf_sigma": 1.0, "hf_transplant": 0.0, "input_blur": 0.0, "kd_form": "kl", "kd_lambda": 1.0, "kd_scale": 0.25, "kd_temperature": 2.0, "lam": 1.0, "lam_recon_new": 1.0, "lat_real_first": 0, "latent_bits": 32, "latent_dim": 307, "latent_domain": "recon", "latent_kind": "split", "log_every": 10, "lr": 0.001, "lr_schedule": "cosine", "memorize_codes": 0, "memorize_epochs": 20, "memorize_lr": 0.001, "memorize_steps": 1500, "memory_kind": "latent", "memory_mode": "frozen", "method": "icarl", "momentum": 0.9, "n_exemplars": 200, "n_tasks": null, "out": "results", "pad_mode": "constant", "raw_exemplars": 200, "recon_latent": "split", "recon_new_source": "current", "replay_sampling": "union", "resume": null, "rfa_damping": 0.0, "rfa_dt": 0.01, "rfa_jitter": 0.25, "rfa_mass": 1.0, "rfa_softening": 0.001, "rfa_steps": 20000, "rfa_target": 20.0, "rfa_zeta": 1.0, "save_ckpt": 0, "seed": 2, "selection": "herding", "stop_after": null, "tag": "", "threads": 1, "train_fraction": 1.0, "val_fraction": 0.0, "weight_decay": 0.0}
[icarl] backbone params=466,256 memory=raw x 200
  task 1 epoch 1/50 (79 it) ce=0.404 kd=0.000 [34s]
  task 1 epoch 10/50 (79 it) ce=0.081 kd=0.000 [331s]
  task 1 epoch 20/50 (79 it) ce=0.040 kd=0.000 [658s]
  task 1 epoch 30/50 (79 it) ce=0.024 kd=0.000 [983s]
  task 1 epoch 40/50 (79 it) ce=0.014 kd=0.000 [1304s]
  task 1 epoch 50/50 (79 it) ce=0.030 kd=0.000 [1626s]
after task 1: acc=98.45 per-task=[98.4] [1668s]
  task 2 epoch 1/50 (80 it) ce=1.027 kd=0.555 [1710s]
  task 2 epoch 10/50 (80 it) ce=0.333 kd=0.149 [2113s]
  task 2 epoch 20/50 (80 it) ce=0.245 kd=0.126 [2575s]
  task 2 epoch 30/50 (80 it) ce=0.177 kd=0.104 [3035s]
  task 2 epoch 40/50 (80 it) ce=0.130 kd=0.081 [3495s]
  task 2 epoch 50/50 (80 it) ce=0.115 kd=0.078 [3959s]
after task 2: acc=84.28 per-task=[84.9, 83.7] [4011s]
  task 3 epoch 1/50 (80 it) ce=1.461 kd=0.517 [4056s]
  task 3 epoch 10/50 (80 it) ce=0.264 kd=0.159 [4459s]
  task 3 epoch 20/50 (80 it) ce=0.192 kd=0.141 [4905s]
  task 3 epoch 30/50 (80 it) ce=0.131 kd=0.114 [5361s]
  task 3 epoch 40/50 (80 it) ce=0.099 kd=0.088 [5819s]
  task 3 epoch 50/50 (80 it) ce=0.079 kd=0.081 [6279s]
after task 3: acc=70.77 per-task=[79.2, 52.9, 80.3] [6337s]
  task 4 epoch 1/50 (80 it) ce=1.230 kd=0.538 [6383s]
  task 4 epoch 10/50 (80 it) ce=0.146 kd=0.179 [6809s]
  task 4 epoch 20/50 (80 it) ce=0.095 kd=0.143 [7281s]
  task 4 epoch 30/50 (80 it) ce=0.066 kd=0.108 [7755s]
  task 4 epoch 40/50 (80 it) ce=0.047 kd=0.083 [8228s]
  task 4 epoch 50/50 (80 it) ce=0.039 kd=0.075 [8716s]
after task 4: acc=64.86 per-task=[74.7, 31.2, 67.0, 86.6] [8783s]
  task 5 epoch 1/50 (80 it) ce=1.377 kd=1.089 [8831s]
  task 5 epoch 10/50 (80 it) ce=0.153 kd=0.226 [9266s]
  task 5 epoch 20/50 (80 it) ce=0.102 kd=0.185 [9759s]
  task 5 epoch 30/50 (80 it) ce=0.068 kd=0.131 [10249s]
  task 5 epoch 40/50 (80 it) ce=0.057 kd=0.109 [10742s]
  task 5 epoch 50/50 (80 it) ce=0.048 kd=0.095 [11224s]
after task 5: acc=61.94 per-task=[55.7, 28.0, 61.8, 82.7, 81.4] [11295s]
FINAL cifar10 icarl seed=2: final acc=61.94 avg inc acc=76.06 time=188.3min
