benchmark cifar10(5/2) input=(3, 32, 32) method=icarl seed=0
args: {"ahr_epoch": "new", "alpha_kd": 0.0, "alpha_mem": 1.0, "alpha_x": 1.0, "alpha_z": 0.1, "augment": true, "balanced_ft_epochs": 0, "balanced_ft_lr_scale": 0.1, "batch_size": 128, "bf16": true, "class_order": "natural", "cls_dim": 64, "crop_pad": 4, "data_root": "data", "dataset": "cifar10", "decoder_in_budget": 0, "decoder_width": 1.0, "distill_norm": "sq", "enc_pool": 4, "epochs": 50, "eval_batch": 1000, "flush_denormal": 1, "herd_space": "encoder", "hf_sigma": 1.0, "hf_transplant": 0.0, "input_blur": 0.0, "kd_form": "kl", "kd_lambda": 1.0, "kd_scale": 0.25, "kd_temperature": 2.0, "lam": 1.0, "lam_recon_new": 1.0, "lat_real_first": 0, "latent_bits": 32, "latent_dim": 307, "latent_domain": "recon", "latent_kind": "split", "log_every": 10, "lr": 0.001, "lr_schedule": "cosine", "memorize_codes": 0, "memorize_epochs": 20, "memorize_lr": 0.001, "memorize_steps": 1500, "memory_kind": "latent", "memory_mode": "frozen", "method": "icarl", "momentum": 0.9, "n_exemplars": 1920, "n_tasks": null, "out": "results", "pad_mode": "constant", "raw_exemplars": 200, "recon_latent": "split", "recon_new_source": "current", "replay_sampling": "union", "resume": null, "rfa_damping": 0.0, "rfa_dt": 0.01, "rfa_jitter": 0.25, "rfa_mass": 1.0, "rfa_softening": 0.001, "rfa_steps": 20000, "rfa_target": 20.0, "rfa_zeta": 1.0, "save_ckpt": 0, "seed": 0, "selection": "herding", "stop_after": null, "tag": "n1920", "threads": 1, "train_fraction": 1.0, "val_fraction": 0.0, "weight_decay": 0.0}
[icarl] backbone params=466,256 memory=raw x 1920
  task 1 epoch 1/50 (79 it) ce=0.378 kd=0.000 [34s]
  task 1 epoch 10/50 (79 it) ce=0.086 kd=0.000 [328s]
  task 1 epoch 20/50 (79 it) ce=0.041 kd=0.000 [652s]
  task 1 epoch 30/50 (79 it) ce=0.025 kd=0.000 [976s]
  task 1 epoch 40/50 (79 it) ce=0.008 kd=0.000 [1297s]
  task 1 epoch 50/50 (79 it) ce=0.005 kd=0.000 [1618s]
after task 1: acc=98.25 per-task=[98.3] [1671s]
  task 2 epoch 1/50 (94 it) ce=0.904 kd=0.343 [1723s]
  task 2 epoch 10/50 (94 it) ce=0.379 kd=0.151 [2181s]
  task 2 epoch 20/50 (94 it) ce=0.283 kd=0.130 [2690s]
  task 2 epoch 30/50 (94 it) ce=0.194 kd=0.107 [3202s]
  task 2 epoch 40/50 (94 it) ce=0.139 kd=0.091 [3717s]
  task 2 epoch 50/50 (94 it) ce=0.126 kd=0.079 [4230s]
after task 2: acc=88.25 per-task=[91.1, 85.4] [4298s]
  task 3 epoch 1/50 (94 it) ce=1.057 kd=0.368 [4349s]
  task 3 epoch 10/50 (94 it) ce=0.397 kd=0.188 [4811s]
  task 3 epoch 20/50 (94 it) ce=0.309 kd=0.164 [5322s]
  task 3 epoch 30/50 (94 it) ce=0.228 kd=0.131 [5828s]
  task 3 epoch 40/50 (94 it) ce=0.183 kd=0.110 [6339s]
  task 3 epoch 50/50 (94 it) ce=0.153 kd=0.101 [6885s]
after task 3: acc=78.55 per-task=[92.0, 61.9, 81.7] [6968s]
  task 4 epoch 1/50 (94 it) ce=1.038 kd=0.376 [7027s]
  task 4 epoch 10/50 (94 it) ce=0.270 kd=0.230 [7500s]
  task 4 epoch 20/50 (94 it) ce=0.198 kd=0.194 [8009s]
  task 4 epoch 30/50 (94 it) ce=0.144 kd=0.146 [8523s]
  task 4 epoch 40/50 (94 it) ce=0.109 kd=0.117 [9034s]
  task 4 epoch 50/50 (94 it) ce=0.104 kd=0.109 [9541s]
after task 4: acc=75.33 per-task=[90.2, 54.0, 69.5, 87.6] [9623s]
  task 5 epoch 1/50 (94 it) ce=0.996 kd=0.854 [9673s]
  task 5 epoch 10/50 (94 it) ce=0.222 kd=0.226 [10129s]
  task 5 epoch 20/50 (94 it) ce=0.158 kd=0.188 [10640s]
  task 5 epoch 30/50 (94 it) ce=0.117 kd=0.146 [11151s]
  task 5 epoch 40/50 (94 it) ce=0.096 kd=0.125 [11652s]
  task 5 epoch 50/50 (94 it) ce=0.084 kd=0.109 [12152s]
after task 5: acc=74.80 per-task=[77.7, 54.7, 72.6, 83.7, 85.3] [12240s]
FINAL cifar10 icarl seed=0: final acc=74.80 avg inc acc=83.04 time=204.0min
