benchmark cifar10(5/2) input=(3, 32, 32) method=icarl seed=1
args: {"ahr_epoch": "new", "alpha_kd": 0.0, "alpha_mem": 1.0, "alpha_x": 1.0, "alpha_z": 0.1, "augment": true, "balanced_ft_epochs": 0, "balanced_ft_lr_scale": 0.1, "batch_size": 128, "bf16": true, "class_order": "natural", "cls_dim": 64, "crop_pad": 4, "data_root": "data", "dataset": "cifar10", "decoder_in_budget": 0, "decoder_width": 1.0, "distill_norm": "sq", "enc_pool": 4, "epochs": 50, "eval_batch": 1000, "flush_denormal": 1, "herd_space": "encoder", "hf_sigma": 1.0, "hf_transplant": 0.0, "input_blur": 0.0, "kd_form": "kl", "kd_lambda": 1.0, "kd_scale": 0.25, "kd_temperature": 2.0, "lam": 1.0, "lam_recon_new": 1.0, "lat_real_first": 0, "latent_bits": 32, "latent_dim": 307, "latent_domain": "recon", "latent_kind": "split", "log_every": 10, "lr": 0.001, "lr_schedule": "cosine", "memorize_codes": 0, "memorize_epochs": 20, "memorize_lr": 0.001, "memorize_steps": 1500, "memory_kind": "latent", "memory_mode": "frozen", "method": "icarl", "momentum": 0.9, "n_exemplars": 200, "n_tasks": null, "out": "results", "pad_mode": "constant", "raw_exemplars": 200, "recon_latent": "split", "recon_new_source": "current", "replay_sampling": "union", "resume": null, "rfa_damping": 0.0, "rfa_dt": 0.01, "rfa_jitter": 0.25, "rfa_mass": 1.0, "rfa_softening": 0.001, "rfa_steps": 20000, "rfa_target": 20.0, "rfa_zeta": 1.0, "save_ckpt": 0, "seed": 1, "selection": "herding", "stop_after": null, "tag": "", "threads": 1, "train_fraction": 1.0, "val_fraction": 0.0, "weight_decay": 0.0}
[icarl] backbone params=466,256 memory=raw x 200
  task 1 epoch 1/50 (79 it) ce=0.395 kd=0.000 [35s]
  task 1 epoch 10/50 (79 it) ce=0.087 kd=0.000 [326s]
  task 1 epoch 20/50 (79 it) ce=0.040 kd=0.000 [651s]
  task 1 epoch 30/50 (79 it) ce=0.023 kd=0.000 [976s]
  task 1 epoch 40/50 (79 it) ce=0.009 kd=0.000 [1301s]
  task 1 epoch 50/50 (79 it) ce=0.006 kd=0.000 [1622s]
after task 1: acc=98.30 per-task=[98.3] [1663s]
  task 2 epoch 1/50 (80 it) ce=0.880 kd=0.582 [1708s]
  task 2 epoch 10/50 (80 it) ce=0.334 kd=0.129 [2106s]
  task 2 epoch 20/50 (80 it) ce=0.240 kd=0.121 [2552s]
  task 2 epoch 30/50 (80 it) ce=0.166 kd=0.093 [3001s]
  task 2 epoch 40/50 (80 it) ce=0.107 kd=0.073 [3451s]
  task 2 epoch 50/50 (80 it) ce=0.092 kd=0.072 [3895s]
after task 2: acc=83.65 per-task=[82.6, 84.8] [3943s]
  task 3 epoch 1/50 (80 it) ce=1.262 kd=0.507 [3986s]
  task 3 epoch 10/50 (80 it) ce=0.254 kd=0.189 [4393s]
  task 3 epoch 20/50 (80 it) ce=0.186 kd=0.147 [4843s]
  task 3 epoch 30/50 (80 it) ce=0.133 kd=0.114 [5285s]
  task 3 epoch 40/50 (80 it) ce=0.100 kd=0.101 [5734s]
  task 3 epoch 50/50 (80 it) ce=0.082 kd=0.088 [6186s]
after task 3: acc=69.62 per-task=[77.9, 48.7, 82.3] [6242s]
  task 4 epoch 1/50 (80 it) ce=1.548 kd=0.561 [6287s]
  task 4 epoch 10/50 (80 it) ce=0.136 kd=0.192 [6704s]
  task 4 epoch 20/50 (80 it) ce=0.088 kd=0.139 [7167s]
  task 4 epoch 30/50 (80 it) ce=0.066 kd=0.106 [7624s]
  task 4 epoch 40/50 (80 it) ce=0.047 kd=0.082 [8076s]
  task 4 epoch 50/50 (80 it) ce=0.042 kd=0.071 [8530s]
after task 4: acc=65.11 per-task=[73.9, 31.5, 69.0, 86.0] [8591s]
  task 5 epoch 1/50 (80 it) ce=1.006 kd=0.863 [8636s]
  task 5 epoch 10/50 (80 it) ce=0.149 kd=0.215 [9044s]
  task 5 epoch 20/50 (80 it) ce=0.100 kd=0.174 [9496s]
  task 5 epoch 30/50 (80 it) ce=0.069 kd=0.124 [9949s]
  task 5 epoch 40/50 (80 it) ce=0.052 kd=0.097 [10401s]
  task 5 epoch 50/50 (80 it) ce=0.050 kd=0.089 [10852s]
after task 5: acc=63.63 per-task=[57.5, 29.4, 62.6, 83.4, 85.3] [10920s]
FINAL cifar10 icarl seed=1: final acc=63.63 avg inc acc=76.06 time=182.0min
